[    0.000000] Booting Linux on physical CPU 0x0000000000 [0x410fd4f0]
[    0.000000] Linux version 6.2.9-300.fc38.aarch64 (mockbuild@03d7e1fdcc0348aaa34fa7228ecf4533) (gcc (GCC) 13.0.1 20230318 (Red Hat 13.0.1-0), GNU ld version 2.39-9.fc38) #1 SMP PREEMPT_DYNAMIC Thu Mar 30 22:53:50 UTC 2023
[    0.000000] efi: EFI v2.90 by American Megatrends
[    0.000000] efi: RTPROP=0x3c66c6e398 ACPI 2.0=0x3c61bf0018 SMBIOS=0x3c614e0000 SMBIOS 3.0=0xfffc0000 TPMFinalLog=0x3c60dd0000 MEMATTR=0x3c630f5018 ESRT=0x3c63137b98 MOKvar=0x3c60bb0000 TPMEventLog=0x3c60d72018 RNG=0x3c61bf7498 MEMRESERVE=0x3c61440698 
[    0.000000] random: crng init done
[    0.000000] esrt: Reserving ESRT space from 0x0000003c63137b98 to 0x0000003c63137bd0.
[    0.000000] ACPI: Early table checksum verification disabled
[    0.000000] ACPI: RSDP 0x0000003C61BF0018 000024 (v02 NVIDIA)
[    0.000000] ACPI: XSDT 0x0000003C61BFE998 00016C (v01 NVIDIA A M I    00000001 AMI  00000001)
[    0.000000] ACPI: FACP 0x0000003C61BFF818 000114 (v06 NVIDIA A M I    00000001 ARMH 00010000)
[    0.000000] ACPI: DSDT 0x0000003C61BFCE18 001B33 (v02 NVIDIA A M I    00000001 INTL 20220331)
[    0.000000] ACPI: FIDT 0x0000003C61BFFE98 00009C (v01 ALASKA A M I    01072009 AMI  00010013)
[    0.000000] ACPI: SPMI 0x0000003C61BFFF98 000041 (v05 ALASKA A M I    00000000 AMI. 00000000)
[    0.000000] ACPI: SDEI 0x0000003C61BFFA98 000024 (v01 NVIDIA A M I    00000001 NVDA 00000001)
[    0.000000] ACPI: HEST 0x0000003C61BF7518 000D18 (v01 NVIDIA A M I    00000001 NVDA 00000001)
[    0.000000] ACPI: BERT 0x0000003C61BFFD98 000030 (v01 NVIDIA A M I    00000001 NVDA 00000001)
[    0.000000] ACPI: EINJ 0x0000003C61BFFB18 000170 (v01 NVIDIA A M I    00000001 NVDA 00000001)
[    0.000000] ACPI: ERST 0x0000003C61BFF418 000290 (v01 NVIDIA A M I    00000001 NVDA 00000001)
[    0.000000] ACPI: FPDT 0x0000003C61BFFE18 000034 (v01 ALASKA T241c2   00000001 AMI  00000001)
[    0.000000] ACPI: GTDT 0x0000003C61BFF998 000084 (v03 NVIDIA A M I    00000001 ARMH 00010000)
[    0.000000] ACPI: APIC 0x0000003C61BF8618 002D8C (v05 NVIDIA A M I    00000001 ARMH 00010000)
[    0.000000] ACPI: PPTT 0x0000003C61BF0098 0041CC (v03 NVIDIA A M I    00000001 ARMH 00010000)
[    0.000000] ACPI: SSDT 0x0000003C60CF0018 00BDC2 (v02 NVIDIA A M I    00000001 ARMH 00010000)
[    0.000000] ACPI: SPCR 0x0000003C61BF4898 000050 (v02 NVIDIA A M I    00000001 ARMH 00010000)
[    0.000000] ACPI: SSDT 0x0000003C61BF7318 0000CC (v02 NVIDIA A M I    00000001 INTL 20220331)
[    0.000000] ACPI: SSDT 0x0000003C61BF6F18 0000C0 (v02 NVIDIA TH500    00000001 INTL 20220331)
[    0.000000] ACPI: SSDT 0x0000003C61BF6498 00050E (v02 NVIDIA A M I    00000001 INTL 20220331)
[    0.000000] ACPI: SSDT 0x0000003C61BF4918 001747 (v02 NVIDIA BPMP_S0  00000001 INTL 20220331)
[    0.000000] ACPI: SSDT 0x0000003C60CE0018 00175A (v02 NVIDIA BPMP_S1  00000001 INTL 20220331)
[    0.000000] ACPI: MCFG 0x0000003C60CEFE18 00010C (v01 NVIDIA A M I    00000001 ARMH 00010000)
[    0.000000] ACPI: SSDT 0x0000003C61BF6B18 000378 (v02 NVIDIA A M I    00000001 ARMH 00010000)
[    0.000000] ACPI: SSDT 0x0000003C60CEF398 00037A (v02 NVIDIA A M I    00000001 ARMH 00010000)
[    0.000000] ACPI: SSDT 0x0000003C60CEF798 00037A (v02 NVIDIA A M I    00000001 ARMH 00010000)
[    0.000000] ACPI: SSDT 0x0000003C60CED818 00037A (v02 NVIDIA A M I    00000001 ARMH 00010000)
[    0.000000] ACPI: SSDT 0x0000003C60CEED18 00037A (v02 NVIDIA A M I    00000001 ARMH 00010000)
[    0.000000] ACPI: SSDT 0x0000003C60CEDC18 00037A (v02 NVIDIA A M I    00000001 ARMH 00010000)
[    0.000000] ACPI: SSDT 0x0000003C60CEE018 00037A (v02 NVIDIA A M I    00000001 ARMH 00010000)
[    0.000000] ACPI: SSDT 0x0000003C60CEE418 000382 (v02 NVIDIA A M I    00000001 ARMH 00010000)
[    0.000000] ACPI: SSDT 0x0000003C60CE9018 000382 (v02 NVIDIA A M I    00000001 ARMH 00010000)
[    0.000000] ACPI: SSDT 0x0000003C60CED198 000382 (v02 NVIDIA A M I    00000001 ARMH 00010000)
[    0.000000] ACPI: SSDT 0x0000003C60CEC098 000382 (v02 NVIDIA A M I    00000001 ARMH 00010000)
[    0.000000] ACPI: SSDT 0x0000003C60CEC498 000382 (v02 NVIDIA A M I    00000001 ARMH 00010000)
[    0.000000] ACPI: SSDT 0x0000003C60CEC898 000382 (v02 NVIDIA A M I    00000001 ARMH 00010000)
[    0.000000] ACPI: SSDT 0x0000003C60CE9418 000382 (v02 NVIDIA A M I    00000001 ARMH 00010000)
[    0.000000] ACPI: IORT 0x0000003C60CE9818 000EAF (v06 NVIDIA A M I    00000001 ARMH 00010000)
[    0.000000] ACPI: MPAM 0x0000003C60CEBE18 0000E4 (v01 NVIDIA A M I    00000001 ARMH 00010000)
[    0.000000] ACPI: SRAT 0x0000003C60CE1B98 000AB8 (v03 NVIDIA A M I    00000001 ARMH 00010000)
[    0.000000] ACPI: SLIT 0x0000003C60CEFF98 000030 (v01 ALASKA A M I    00000001 AMI  00000001)
[    0.000000] ACPI: HMAT 0x0000003C60CEBF98 0000D0 (v02 NVIDIA A M I    00000001 ARMH 00010000)
[    0.000000] ACPI: APMT 0x0000003C60CECC98 000254 (v00 ALASKA A M I    00000001 AMI  00000001)
[    0.000000] ACPI: TPM2 0x0000003C61BF7298 00004C (v04 ALASKA A M I    00000001 AMI  00000000)
[    0.000000] ACPI: SPCR: console: pl011,mmio32,0xc280000,115200
[    0.000000] ACPI: SRAT: Node 0 PXM 0 [mem 0x80000000-0x3c7fffffff]
[    0.000000] ACPI: SRAT: Node 1 PXM 1 [mem 0x100080000000-0x103c7fffffff]
[    0.000000] NUMA: NODE_DATA [mem 0x3c6ffe9000-0x3c6fffffff]
[    0.000000] NUMA: NODE_DATA [mem 0x103c40b5e000-0x103c40b74fff]
[    0.000000] Zone ranges:
[    0.000000]   DMA      [mem 0x0000000080000000-0x00000000ffffffff]
[    0.000000]   DMA32    empty
[    0.000000]   Normal   [mem 0x0000000100000000-0x0000103c7fffffff]
[    0.000000]   Device   empty
[    0.000000] Movable zone start for each node
[    0.000000] Early memory node ranges
[    0.000000]   node   0: [mem 0x0000000080000000-0x00000000ffbbffff]
[    0.000000]   node   0: [mem 0x00000000ffbc0000-0x00000000ffc0ffff]
[    0.000000]   node   0: [mem 0x00000000ffc10000-0x00000000ffe0ffff]
[    0.000000]   node   0: [mem 0x00000000ffe10000-0x00000000ffffffff]
[    0.000000]   node   0: [mem 0x0000000100000000-0x0000003c60baffff]
[    0.000000]   node   0: [mem 0x0000003c60bb0000-0x0000003c60bbffff]
[    0.000000]   node   0: [mem 0x0000003c60bc0000-0x0000003c60c9ffff]
[    0.000000]   node   0: [mem 0x0000003c60ca0000-0x0000003c60cdffff]
[    0.000000]   node   0: [mem 0x0000003c60ce0000-0x0000003c60d4ffff]
[    0.000000]   node   0: [mem 0x0000003c60d50000-0x0000003c60d6ffff]
[    0.000000]   node   0: [mem 0x0000003c60d70000-0x0000003c60d7bfff]
[    0.000000]   node   0: [mem 0x0000003c60d7c000-0x0000003c60db5fff]
[    0.000000]   node   0: [mem 0x0000003c60db6000-0x0000003c60dcffff]
[    0.000000]   node   0: [mem 0x0000003c60dd0000-0x0000003c60deffff]
[    0.000000]   node   0: [mem 0x0000003c60df0000-0x0000003c60e0ffff]
[    0.000000]   node   0: [mem 0x0000003c60e10000-0x0000003c60f1ffff]
[    0.000000]   node   0: [mem 0x0000003c60f20000-0x0000003c60f2ffff]
[    0.000000]   node   0: [mem 0x0000003c60f30000-0x0000003c60fbffff]
[    0.000000]   node   0: [mem 0x0000003c60fc0000-0x0000003c60ffffff]
[    0.000000]   node   0: [mem 0x0000003c61000000-0x0000003c6101ffff]
[    0.000000]   node   0: [mem 0x0000003c61020000-0x0000003c6131ffff]
[    0.000000]   node   0: [mem 0x0000003c61320000-0x0000003c6133ffff]
[    0.000000]   node   0: [mem 0x0000003c61340000-0x0000003c6136ffff]
[    0.000000]   node   0: [mem 0x0000003c61370000-0x0000003c613fffff]
[    0.000000]   node   0: [mem 0x0000003c61400000-0x0000003c6140ffff]
[    0.000000]   node   0: [mem 0x0000003c61410000-0x0000003c6143ffff]
[    0.000000]   node   0: [mem 0x0000003c61440000-0x0000003c6144ffff]
[    0.000000]   node   0: [mem 0x0000003c61450000-0x0000003c61580fff]
[    0.000000]   node   0: [mem 0x0000003c61581000-0x0000003c6158ffff]
[    0.000000]   node   0: [mem 0x0000003c61590000-0x0000003c615c0fff]
[    0.000000]   node   0: [mem 0x0000003c615c1000-0x0000003c615cffff]
[    0.000000]   node   0: [mem 0x0000003c615d0000-0x0000003c6167ffff]
[    0.000000]   node   0: [mem 0x0000003c61680000-0x0000003c6168ffff]
[    0.000000]   node   0: [mem 0x0000003c61690000-0x0000003c616c1fff]
[    0.000000]   node   0: [mem 0x0000003c616c2000-0x0000003c616cffff]
[    0.000000]   node   0: [mem 0x0000003c616d0000-0x0000003c61700fff]
[    0.000000]   node   0: [mem 0x0000003c61701000-0x0000003c6170ffff]
[    0.000000]   node   0: [mem 0x0000003c61710000-0x0000003c6189ffff]
[    0.000000]   node   0: [mem 0x0000003c618a0000-0x0000003c618affff]
[    0.000000]   node   0: [mem 0x0000003c618b0000-0x0000003c61a0ffff]
[    0.000000]   node   0: [mem 0x0000003c61a10000-0x0000003c61a1ffff]
[    0.000000]   node   0: [mem 0x0000003c61a20000-0x0000003c61ab0fff]
[    0.000000]   node   0: [mem 0x0000003c61ab1000-0x0000003c61abffff]
[    0.000000]   node   0: [mem 0x0000003c61ac0000-0x0000003c61b4ffff]
[    0.000000]   node   0: [mem 0x0000003c61b50000-0x0000003c61b5ffff]
[    0.000000]   node   0: [mem 0x0000003c61b60000-0x0000003c61beffff]
[    0.000000]   node   0: [mem 0x0000003c61bf0000-0x0000003c61bfffff]
[    0.000000]   node   0: [mem 0x0000003c61c00000-0x0000003c61c00fff]
[    0.000000]   node   0: [mem 0x0000003c61c01000-0x0000003c66bcffff]
[    0.000000]   node   0: [mem 0x0000003c66bd0000-0x0000003c66bfffff]
[    0.000000]   node   0: [mem 0x0000003c66c00000-0x0000003c66c1ffff]
[    0.000000]   node   0: [mem 0x0000003c66c20000-0x0000003c66c6ffff]
[    0.000000]   node   0: [mem 0x0000003c66c70000-0x0000003c687fffff]
[    0.000000]   node   0: [mem 0x0000003c69800000-0x0000003c699fffff]
[    0.000000]   node   0: [mem 0x0000003c69f00000-0x0000003c69fdffff]
[    0.000000]   node   0: [mem 0x0000003c6c000000-0x0000003c6fffffff]
[    0.000000]   node   1: [mem 0x0000100080000000-0x0000103c687fffff]
[    0.000000]   node   1: [mem 0x0000103c69800000-0x0000103c699fffff]
[    0.000000]   node   1: [mem 0x0000103c69c00000-0x0000103c69dfffff]
[    0.000000]   node   1: [mem 0x0000103c69f00000-0x0000103c69fdffff]
[    0.000000]   node   1: [mem 0x0000103c6c000000-0x0000103c7fffffff]
[    0.000000] Initmem setup node 0 [mem 0x0000000080000000-0x0000003c6fffffff]
[    0.000000] Initmem setup node 1 [mem 0x0000100080000000-0x0000103c7fffffff]
[    0.000000] On node 0, zone Normal: 4096 pages in unavailable ranges
[    0.000000] On node 0, zone Normal: 1280 pages in unavailable ranges
[    0.000000] On node 0, zone Normal: 8224 pages in unavailable ranges
[    0.000000] On node 1, zone Normal: 4096 pages in unavailable ranges
[    0.000000] On node 1, zone Normal: 512 pages in unavailable ranges
[    0.000000] On node 1, zone Normal: 256 pages in unavailable ranges
[    0.000000] On node 1, zone Normal: 8224 pages in unavailable ranges
[    0.000000] cma: Reserved 64 MiB at 0x00000000fba00000
[    0.000000] psci: probing for conduit method from ACPI.
[    0.000000] psci: PSCIv1.1 detected in firmware.
[    0.000000] psci: Using standard PSCI v0.2 function IDs
[    0.000000] psci: MIGRATE_INFO_TYPE not supported.
[    0.000000] psci: SMC Calling Convention v1.2
[    0.000000] ACPI: NUMA: SRAT: PXM 0 -> MPIDR 0x0 -> Node 0
[    0.000000] ACPI: NUMA: SRAT: PXM 0 -> MPIDR 0x40000 -> Node 0
[    0.000000] ACPI: NUMA: SRAT: PXM 0 -> MPIDR 0x60000 -> Node 0
[    0.000000] ACPI: NUMA: SRAT: PXM 0 -> MPIDR 0x70000 -> Node 0
[    0.000000] ACPI: NUMA: SRAT: PXM 0 -> MPIDR 0x80000 -> Node 0
[    0.000000] ACPI: NUMA: SRAT: PXM 0 -> MPIDR 0x90000 -> Node 0
[    0.000000] ACPI: NUMA: SRAT: PXM 0 -> MPIDR 0xa0000 -> Node 0
[    0.000000] ACPI: NUMA: SRAT: PXM 0 -> MPIDR 0xb0000 -> Node 0
[    0.000000] ACPI: NUMA: SRAT: PXM 0 -> MPIDR 0xc0000 -> Node 0
[    0.000000] ACPI: NUMA: SRAT: PXM 0 -> MPIDR 0xe0000 -> Node 0
[    0.000000] ACPI: NUMA: SRAT: PXM 0 -> MPIDR 0x100000 -> Node 0
[    0.000000] ACPI: NUMA: SRAT: PXM 0 -> MPIDR 0x110000 -> Node 0
[    0.000000] ACPI: NUMA: SRAT: PXM 0 -> MPIDR 0x120000 -> Node 0
[    0.000000] ACPI: NUMA: SRAT: PXM 0 -> MPIDR 0x130000 -> Node 0
[    0.000000] ACPI: NUMA: SRAT: PXM 0 -> MPIDR 0x150000 -> Node 0
[    0.000000] ACPI: NUMA: SRAT: PXM 0 -> MPIDR 0x160000 -> Node 0
[    0.000000] ACPI: NUMA: SRAT: PXM 0 -> MPIDR 0x170000 -> Node 0
[    0.000000] ACPI: NUMA: SRAT: PXM 0 -> MPIDR 0x180000 -> Node 0
[    0.000000] ACPI: NUMA: SRAT: PXM 0 -> MPIDR 0x190000 -> Node 0
[    0.000000] ACPI: NUMA: SRAT: PXM 0 -> MPIDR 0x1a0000 -> Node 0
[    0.000000] ACPI: NUMA: SRAT: PXM 0 -> MPIDR 0x1c0000 -> Node 0
[    0.000000] ACPI: NUMA: SRAT: PXM 0 -> MPIDR 0x1d0000 -> Node 0
[    0.000000] ACPI: NUMA: SRAT: PXM 0 -> MPIDR 0x1e0000 -> Node 0
[    0.000000] ACPI: NUMA: SRAT: PXM 0 -> MPIDR 0x1f0000 -> Node 0
[    0.000000] ACPI: NUMA: SRAT: PXM 0 -> MPIDR 0x200000 -> Node 0
[    0.000000] ACPI: NUMA: SRAT: PXM 0 -> MPIDR 0x210000 -> Node 0
[    0.000000] ACPI: NUMA: SRAT: PXM 0 -> MPIDR 0x220000 -> Node 0
[    0.000000] ACPI: NUMA: SRAT: PXM 0 -> MPIDR 0x230000 -> Node 0
[    0.000000] ACPI: NUMA: SRAT: PXM 0 -> MPIDR 0x240000 -> Node 0
[    0.000000] ACPI: NUMA: SRAT: PXM 0 -> MPIDR 0x250000 -> Node 0
[    0.000000] ACPI: NUMA: SRAT: PXM 0 -> MPIDR 0x260000 -> Node 0
[    0.000000] ACPI: NUMA: SRAT: PXM 0 -> MPIDR 0x270000 -> Node 0
[    0.000000] ACPI: NUMA: SRAT: PXM 0 -> MPIDR 0x280000 -> Node 0
[    0.000000] ACPI: NUMA: SRAT: PXM 0 -> MPIDR 0x290000 -> Node 0
[    0.000000] ACPI: NUMA: SRAT: PXM 0 -> MPIDR 0x2a0000 -> Node 0
[    0.000000] ACPI: NUMA: SRAT: PXM 0 -> MPIDR 0x2b0000 -> Node 0
[    0.000000] ACPI: NUMA: SRAT: PXM 0 -> MPIDR 0x2c0000 -> Node 0
[    0.000000] ACPI: NUMA: SRAT: PXM 0 -> MPIDR 0x2d0000 -> Node 0
[    0.000000] ACPI: NUMA: SRAT: PXM 0 -> MPIDR 0x2e0000 -> Node 0
[    0.000000] ACPI: NUMA: SRAT: PXM 0 -> MPIDR 0x2f0000 -> Node 0
[    0.000000] ACPI: NUMA: SRAT: PXM 0 -> MPIDR 0x300000 -> Node 0
[    0.000000] ACPI: NUMA: SRAT: PXM 0 -> MPIDR 0x310000 -> Node 0
[    0.000000] ACPI: NUMA: SRAT: PXM 0 -> MPIDR 0x320000 -> Node 0
[    0.000000] ACPI: NUMA: SRAT: PXM 0 -> MPIDR 0x330000 -> Node 0
[    0.000000] ACPI: NUMA: SRAT: PXM 0 -> MPIDR 0x340000 -> Node 0
[    0.000000] ACPI: NUMA: SRAT: PXM 0 -> MPIDR 0x350000 -> Node 0
[    0.000000] ACPI: NUMA: SRAT: PXM 0 -> MPIDR 0x360000 -> Node 0
[    0.000000] ACPI: NUMA: SRAT: PXM 0 -> MPIDR 0x370000 -> Node 0
[    0.000000] ACPI: NUMA: SRAT: PXM 0 -> MPIDR 0x380000 -> Node 0
[    0.000000] ACPI: NUMA: SRAT: PXM 0 -> MPIDR 0x3a0000 -> Node 0
[    0.000000] ACPI: NUMA: SRAT: PXM 0 -> MPIDR 0x3b0000 -> Node 0
[    0.000000] ACPI: NUMA: SRAT: PXM 0 -> MPIDR 0x3c0000 -> Node 0
[    0.000000] ACPI: NUMA: SRAT: PXM 0 -> MPIDR 0x3d0000 -> Node 0
[    0.000000] ACPI: NUMA: SRAT: PXM 0 -> MPIDR 0x3e0000 -> Node 0
[    0.000000] ACPI: NUMA: SRAT: PXM 0 -> MPIDR 0x3f0000 -> Node 0
[    0.000000] ACPI: NUMA: SRAT: PXM 0 -> MPIDR 0x400000 -> Node 0
[    0.000000] ACPI: NUMA: SRAT: PXM 0 -> MPIDR 0x410000 -> Node 0
[    0.000000] ACPI: NUMA: SRAT: PXM 0 -> MPIDR 0x420000 -> Node 0
[    0.000000] ACPI: NUMA: SRAT: PXM 0 -> MPIDR 0x430000 -> Node 0
[    0.000000] ACPI: NUMA: SRAT: PXM 0 -> MPIDR 0x440000 -> Node 0
[    0.000000] ACPI: NUMA: SRAT: PXM 0 -> MPIDR 0x460000 -> Node 0
[    0.000000] ACPI: NUMA: SRAT: PXM 0 -> MPIDR 0x480000 -> Node 0
[    0.000000] ACPI: NUMA: SRAT: PXM 0 -> MPIDR 0x490000 -> Node 0
[    0.000000] ACPI: NUMA: SRAT: PXM 0 -> MPIDR 0x4a0000 -> Node 0
[    0.000000] ACPI: NUMA: SRAT: PXM 0 -> MPIDR 0x4b0000 -> Node 0
[    0.000000] ACPI: NUMA: SRAT: PXM 0 -> MPIDR 0x4c0000 -> Node 0
[    0.000000] ACPI: NUMA: SRAT: PXM 0 -> MPIDR 0x4d0000 -> Node 0
[    0.000000] ACPI: NUMA: SRAT: PXM 0 -> MPIDR 0x4e0000 -> Node 0
[    0.000000] ACPI: NUMA: SRAT: PXM 0 -> MPIDR 0x4f0000 -> Node 0
[    0.000000] ACPI: NUMA: SRAT: PXM 0 -> MPIDR 0x500000 -> Node 0
[    0.000000] ACPI: NUMA: SRAT: PXM 0 -> MPIDR 0x510000 -> Node 0
[    0.000000] ACPI: NUMA: SRAT: PXM 0 -> MPIDR 0x520000 -> Node 0
[    0.000000] ACPI: NUMA: SRAT: PXM 1 -> MPIDR 0x100000000 -> Node 1
[    0.000000] ACPI: NUMA: SRAT: PXM 1 -> MPIDR 0x100020000 -> Node 1
[    0.000000] ACPI: NUMA: SRAT: PXM 1 -> MPIDR 0x100040000 -> Node 1
[    0.000000] ACPI: NUMA: SRAT: PXM 1 -> MPIDR 0x100060000 -> Node 1
[    0.000000] ACPI: NUMA: SRAT: PXM 1 -> MPIDR 0x100080000 -> Node 1
[    0.000000] ACPI: NUMA: SRAT: PXM 1 -> MPIDR 0x100090000 -> Node 1
[    0.000000] ACPI: NUMA: SRAT: PXM 1 -> MPIDR 0x1000a0000 -> Node 1
[    0.000000] ACPI: NUMA: SRAT: PXM 1 -> MPIDR 0x1000b0000 -> Node 1
[    0.000000] ACPI: NUMA: SRAT: PXM 1 -> MPIDR 0x1000c0000 -> Node 1
[    0.000000] ACPI: NUMA: SRAT: PXM 1 -> MPIDR 0x1000e0000 -> Node 1
[    0.000000] ACPI: NUMA: SRAT: PXM 1 -> MPIDR 0x100100000 -> Node 1
[    0.000000] ACPI: NUMA: SRAT: PXM 1 -> MPIDR 0x100110000 -> Node 1
[    0.000000] ACPI: NUMA: SRAT: PXM 1 -> MPIDR 0x100120000 -> Node 1
[    0.000000] ACPI: NUMA: SRAT: PXM 1 -> MPIDR 0x100130000 -> Node 1
[    0.000000] ACPI: NUMA: SRAT: PXM 1 -> MPIDR 0x100140000 -> Node 1
[    0.000000] ACPI: NUMA: SRAT: PXM 1 -> MPIDR 0x100150000 -> Node 1
[    0.000000] ACPI: NUMA: SRAT: PXM 1 -> MPIDR 0x100160000 -> Node 1
[    0.000000] ACPI: NUMA: SRAT: PXM 1 -> MPIDR 0x100170000 -> Node 1
[    0.000000] ACPI: NUMA: SRAT: PXM 1 -> MPIDR 0x100180000 -> Node 1
[    0.000000] ACPI: NUMA: SRAT: PXM 1 -> MPIDR 0x100190000 -> Node 1
[    0.000000] ACPI: NUMA: SRAT: PXM 1 -> MPIDR 0x1001a0000 -> Node 1
[    0.000000] ACPI: NUMA: SRAT: PXM 1 -> MPIDR 0x1001c0000 -> Node 1
[    0.000000] ACPI: NUMA: SRAT: PXM 1 -> MPIDR 0x1001d0000 -> Node 1
[    0.000000] ACPI: NUMA: SRAT: PXM 1 -> MPIDR 0x1001e0000 -> Node 1
[    0.000000] ACPI: NUMA: SRAT: PXM 1 -> MPIDR 0x1001f0000 -> Node 1
[    0.000000] ACPI: NUMA: SRAT: PXM 1 -> MPIDR 0x100200000 -> Node 1
[    0.000000] ACPI: NUMA: SRAT: PXM 1 -> MPIDR 0x100210000 -> Node 1
[    0.000000] ACPI: NUMA: SRAT: PXM 1 -> MPIDR 0x100220000 -> Node 1
[    0.000000] ACPI: NUMA: SRAT: PXM 1 -> MPIDR 0x100230000 -> Node 1
[    0.000000] ACPI: NUMA: SRAT: PXM 1 -> MPIDR 0x100240000 -> Node 1
[    0.000000] ACPI: NUMA: SRAT: PXM 1 -> MPIDR 0x100250000 -> Node 1
[    0.000000] ACPI: NUMA: SRAT: PXM 1 -> MPIDR 0x100260000 -> Node 1
[    0.000000] ACPI: NUMA: SRAT: PXM 1 -> MPIDR 0x100270000 -> Node 1
[    0.000000] ACPI: NUMA: SRAT: PXM 1 -> MPIDR 0x100280000 -> Node 1
[    0.000000] ACPI: NUMA: SRAT: PXM 1 -> MPIDR 0x100290000 -> Node 1
[    0.000000] ACPI: NUMA: SRAT: PXM 1 -> MPIDR 0x1002a0000 -> Node 1
[    0.000000] ACPI: NUMA: SRAT: PXM 1 -> MPIDR 0x1002b0000 -> Node 1
[    0.000000] ACPI: NUMA: SRAT: PXM 1 -> MPIDR 0x1002c0000 -> Node 1
[    0.000000] ACPI: NUMA: SRAT: PXM 1 -> MPIDR 0x1002d0000 -> Node 1
[    0.000000] ACPI: NUMA: SRAT: PXM 1 -> MPIDR 0x1002e0000 -> Node 1
[    0.000000] ACPI: NUMA: SRAT: PXM 1 -> MPIDR 0x1002f0000 -> Node 1
[    0.000000] ACPI: NUMA: SRAT: PXM 1 -> MPIDR 0x100300000 -> Node 1
[    0.000000] ACPI: NUMA: SRAT: PXM 1 -> MPIDR 0x100310000 -> Node 1
[    0.000000] ACPI: NUMA: SRAT: PXM 1 -> MPIDR 0x100320000 -> Node 1
[    0.000000] ACPI: NUMA: SRAT: PXM 1 -> MPIDR 0x100330000 -> Node 1
[    0.000000] ACPI: NUMA: SRAT: PXM 1 -> MPIDR 0x100340000 -> Node 1
[    0.000000] ACPI: NUMA: SRAT: PXM 1 -> MPIDR 0x100350000 -> Node 1
[    0.000000] ACPI: NUMA: SRAT: PXM 1 -> MPIDR 0x100360000 -> Node 1
[    0.000000] ACPI: NUMA: SRAT: PXM 1 -> MPIDR 0x100370000 -> Node 1
[    0.000000] ACPI: NUMA: SRAT: PXM 1 -> MPIDR 0x100380000 -> Node 1
[    0.000000] ACPI: NUMA: SRAT: PXM 1 -> MPIDR 0x1003a0000 -> Node 1
[    0.000000] ACPI: NUMA: SRAT: PXM 1 -> MPIDR 0x1003b0000 -> Node 1
[    0.000000] ACPI: NUMA: SRAT: PXM 1 -> MPIDR 0x1003c0000 -> Node 1
[    0.000000] ACPI: NUMA: SRAT: PXM 1 -> MPIDR 0x1003d0000 -> Node 1
[    0.000000] ACPI: NUMA: SRAT: PXM 1 -> MPIDR 0x1003e0000 -> Node 1
[    0.000000] ACPI: NUMA: SRAT: PXM 1 -> MPIDR 0x1003f0000 -> Node 1
[    0.000000] ACPI: NUMA: SRAT: PXM 1 -> MPIDR 0x100400000 -> Node 1
[    0.000000] ACPI: NUMA: SRAT: PXM 1 -> MPIDR 0x100410000 -> Node 1
[    0.000000] ACPI: NUMA: SRAT: PXM 1 -> MPIDR 0x100420000 -> Node 1
[    0.000000] ACPI: NUMA: SRAT: PXM 1 -> MPIDR 0x100430000 -> Node 1
[    0.000000] ACPI: NUMA: SRAT: PXM 1 -> MPIDR 0x100440000 -> Node 1
[    0.000000] ACPI: NUMA: SRAT: PXM 1 -> MPIDR 0x100460000 -> Node 1
[    0.000000] ACPI: NUMA: SRAT: PXM 1 -> MPIDR 0x100480000 -> Node 1
[    0.000000] ACPI: NUMA: SRAT: PXM 1 -> MPIDR 0x100490000 -> Node 1
[    0.000000] ACPI: NUMA: SRAT: PXM 1 -> MPIDR 0x1004a0000 -> Node 1
[    0.000000] ACPI: NUMA: SRAT: PXM 1 -> MPIDR 0x1004b0000 -> Node 1
[    0.000000] ACPI: NUMA: SRAT: PXM 1 -> MPIDR 0x1004c0000 -> Node 1
[    0.000000] ACPI: NUMA: SRAT: PXM 1 -> MPIDR 0x1004d0000 -> Node 1
[    0.000000] ACPI: NUMA: SRAT: PXM 1 -> MPIDR 0x1004e0000 -> Node 1
[    0.000000] ACPI: NUMA: SRAT: PXM 1 -> MPIDR 0x1004f0000 -> Node 1
[    0.000000] ACPI: NUMA: SRAT: PXM 1 -> MPIDR 0x100500000 -> Node 1
[    0.000000] ACPI: NUMA: SRAT: PXM 1 -> MPIDR 0x100510000 -> Node 1
[    0.000000] percpu: Embedded 32 pages/cpu s90408 r8192 d32472 u131072
[    0.000000] pcpu-alloc: s90408 r8192 d32472 u131072 alloc=32*4096
[    0.000000] pcpu-alloc: [0] 000 [0] 001 [0] 002 [0] 003 
[    0.000000] pcpu-alloc: [0] 004 [0] 005 [0] 006 [0] 007 
[    0.000000] pcpu-alloc: [0] 008 [0] 009 [0] 010 [0] 011 
[    0.000000] pcpu-alloc: [0] 012 [0] 013 [0] 014 [0] 015 
[    0.000000] pcpu-alloc: [0] 016 [0] 017 [0] 018 [0] 019 
[    0.000000] pcpu-alloc: [0] 020 [0] 021 [0] 022 [0] 023 
[    0.000000] pcpu-alloc: [0] 024 [0] 025 [0] 026 [0] 027 
[    0.000000] pcpu-alloc: [0] 028 [0] 029 [0] 030 [0] 031 
[    0.000000] pcpu-alloc: [0] 032 [0] 033 [0] 034 [0] 035 
[    0.000000] pcpu-alloc: [0] 036 [0] 037 [0] 038 [0] 039 
[    0.000000] pcpu-alloc: [0] 040 [0] 041 [0] 042 [0] 043 
[    0.000000] pcpu-alloc: [0] 044 [0] 045 [0] 046 [0] 047 
[    0.000000] pcpu-alloc: [0] 048 [0] 049 [0] 050 [0] 051 
[    0.000000] pcpu-alloc: [0] 052 [0] 053 [0] 054 [0] 055 
[    0.000000] pcpu-alloc: [0] 056 [0] 057 [0] 058 [0] 059 
[    0.000000] pcpu-alloc: [0] 060 [0] 061 [0] 062 [0] 063 
[    0.000000] pcpu-alloc: [0] 064 [0] 065 [0] 066 [0] 067 
[    0.000000] pcpu-alloc: [0] 068 [0] 069 [0] 070 [0] 071 
[    0.000000] pcpu-alloc: [1] 072 [1] 073 [1] 074 [1] 075 
[    0.000000] pcpu-alloc: [1] 076 [1] 077 [1] 078 [1] 079 
[    0.000000] pcpu-alloc: [1] 080 [1] 081 [1] 082 [1] 083 
[    0.000000] pcpu-alloc: [1] 084 [1] 085 [1] 086 [1] 087 
[    0.000000] pcpu-alloc: [1] 088 [1] 089 [1] 090 [1] 091 
[    0.000000] pcpu-alloc: [1] 092 [1] 093 [1] 094 [1] 095 
[    0.000000] pcpu-alloc: [1] 096 [1] 097 [1] 098 [1] 099 
[    0.000000] pcpu-alloc: [1] 100 [1] 101 [1] 102 [1] 103 
[    0.000000] pcpu-alloc: [1] 104 [1] 105 [1] 106 [1] 107 
[    0.000000] pcpu-alloc: [1] 108 [1] 109 [1] 110 [1] 111 
[    0.000000] pcpu-alloc: [1] 112 [1] 113 [1] 114 [1] 115 
[    0.000000] pcpu-alloc: [1] 116 [1] 117 [1] 118 [1] 119 
[    0.000000] pcpu-alloc: [1] 120 [1] 121 [1] 122 [1] 123 
[    0.000000] pcpu-alloc: [1] 124 [1] 125 [1] 126 [1] 127 
[    0.000000] pcpu-alloc: [1] 128 [1] 129 [1] 130 [1] 131 
[    0.000000] pcpu-alloc: [1] 132 [1] 133 [1] 134 [1] 135 
[    0.000000] pcpu-alloc: [1] 136 [1] 137 [1] 138 [1] 139 
[    0.000000] pcpu-alloc: [1] 140 [1] 141 [1] 142 [1] 143 
[    0.000000] Detected PIPT I-cache on CPU0
[    0.000000] CPU features: detected: Address authentication (architected QARMA5 algorithm)
[    0.000000] CPU features: detected: GIC system register CPU interface
[    0.000000] CPU features: detected: Virtualization Host Extensions
[    0.000000] CPU features: detected: Hardware dirty bit management
[    0.000000] CPU features: detected: Spectre-v4
[    0.000000] alternatives: applying boot alternatives
[    0.000000] Fallback order for Node 0: 0 1 
[    0.000000] Fallback order for Node 1: 1 0 
[    0.000000] Built 2 zonelists, mobility grouping on.  Total pages: 123771840
[    0.000000] Policy zone: Normal
[    0.000000] Kernel command line: BOOT_IMAGE=(hd1,gpt2)/vmlinuz-6.2.9-300.fc38.aarch64 root=/dev/mapper/fedora-root ro rd.lvm.lv=fedora/root
[    0.000000] Unknown kernel command line parameters "BOOT_IMAGE=(hd1,gpt2)/vmlinuz-6.2.9-300.fc38.aarch64", will be passed to user space.
[    0.000000] printk: log_buf_len individual max cpu contribution: 4096 bytes
[    0.000000] printk: log_buf_len total cpu_extra contributions: 585728 bytes
[    0.000000] printk: log_buf_len min size: 262144 bytes
[    0.000000] printk: log_buf_len: 1048576 bytes
[    0.000000] printk: early log buf free: 239360(91%)
[    0.000000] mem auto-init: stack:all(zero), heap alloc:off, heap free:off
[    0.000000] software IO TLB: area num 256.
[    0.000000] software IO TLB: mapped [mem 0x00000000f7a00000-0x00000000fba00000] (64MB)
[    0.000000] Memory: 493839088K/502947584K available (17472K kernel code, 4270K rwdata, 15060K rodata, 9600K init, 10716K bss, 9042960K reserved, 65536K cma-reserved)
[    0.000000] SLUB: HWalign=64, Order=0-3, MinObjects=0, CPUs=144, Nodes=2
[    0.000000] ftrace: allocating 58645 entries in 230 pages
[    0.000000] ftrace: allocated 230 pages with 5 groups
[    0.000000] trace event string verifier disabled
[    0.000000] Dynamic Preempt: voluntary
[    0.000000] rcu: Preemptible hierarchical RCU implementation.
[    0.000000] rcu: 	RCU restricting CPUs from NR_CPUS=4096 to nr_cpu_ids=144.
[    0.000000] 	Trampoline variant of Tasks RCU enabled.
[    0.000000] 	Rude variant of Tasks RCU enabled.
[    0.000000] 	Tracing variant of Tasks RCU enabled.
[    0.000000] rcu: RCU calculated value of scheduler-enlistment delay is 10 jiffies.
[    0.000000] rcu: Adjusting geometry for rcu_fanout_leaf=16, nr_cpu_ids=144
[    0.000000] NR_IRQS: 64, nr_irqs: 64, preallocated irqs: 0
[    0.000000] GICv3: GIC: Using split EOI/Deactivate mode
[    0.000000] GICv3: 960 SPIs implemented
[    0.000000] GICv3: 320 Extended SPIs implemented
[    0.000000] Root IRQ handler: gic_handle_irq
[    0.000000] GICv3: GICv3 features: 16 PPIs, DirectLPI
[    0.000000] GICv3: GICv4 features: DirectLPI RVPEID Valid+Dirty 
[    0.000000] GICv3: CPU0: found redistributor 0 region 0:0x0000000022080000
[    0.000000] SRAT: PXM 0 -> ITS 0 -> Node 0
[    0.000000] SRAT: PXM 1 -> ITS 1 -> Node 1
[    0.000000] ITS [mem 0x22040000-0x2205ffff]
[    0.000000] ITS@0x0000000022040000: Single VMOVP capable
[    0.000000] ITS@0x0000000022040000: Using GICv4.1 mode 00000000 00000001
[    0.000000] ITS@0x0000000022040000: allocated 8192 Devices @1003b0000 (indirect, esz 8, psz 64K, shr 1)
[    0.000000] ITS@0x0000000022040000: allocated 32768 Interrupt Collections @1003c0000 (flat, esz 2, psz 64K, shr 1)
[    0.000000] ITS@0x0000000022040000: allocated 16384 Virtual CPUs @1003e0000 (flat, esz 8, psz 64K, shr 1)
[    0.000000] ITS [mem 0x100022040000-0x10002205ffff]
[    0.000000] ITS@0x0000100022040000: Single VMOVP capable
[    0.000000] ITS@0x0000100022040000: Using GICv4.1 mode 01000000 00000001
[    0.000000] ITS@0x0000100022040000: allocated 8192 Devices @100080020000 (indirect, esz 8, psz 64K, shr 1)
[    0.000000] ITS@0x0000100022040000: allocated 32768 Interrupt Collections @100080030000 (flat, esz 2, psz 64K, shr 1)
[    0.000000] ITS@0x0000100022040000: allocated 16384 Virtual CPUs @100080040000 (flat, esz 8, psz 64K, shr 1)
[    0.000000] GICv3: using LPI property table @0x00000001003d0000
[    0.000000] ITS: Using DirectLPI for VPE invalidation
[    0.000000] ITS: Enabling GICv4 support
[    0.000000] GICv3: CPU0: using allocated LPI pending table @0x0000000100400000
[    0.000000] rcu: srcu_init: Setting srcu_struct sizes to big.
[    0.000000] arch_timer: cp15 timer(s) running at 1000.00MHz (phys).
[    0.000000] clocksource: arch_sys_counter: mask: 0x1fffffffffffffff max_cycles: 0x1cd42e4dffb, max_idle_ns: 881590591483 ns
[    0.000000] sched_clock: 61 bits at 1000MHz, resolution 1ns, wraps every 4398046511103ns
[    0.000378] kfence: initialized - using 2097152 bytes for 255 objects at 0x(____ptrval____)-0x(____ptrval____)
[    0.000508] Console: colour dummy device 80x25
[    0.000554] mempolicy: Enabling automatic NUMA balancing. Configure with numa_balancing= or the kernel.numa_balancing sysctl
[    0.000560] ACPI: Core revision 20221020
[    0.000717] Calibrating delay loop (skipped), value calculated using timer frequency.. 2000.00 BogoMIPS (lpj=10000000)
[    0.000719] pid_max: default: 147456 minimum: 1152
[    0.000759] LSM: initializing lsm=lockdown,capability,yama,integrity,selinux,bpf,landlock
[    0.000776] Yama: becoming mindful.
[    0.000783] SELinux:  Initializing.
[    0.000826] LSM support for eBPF active
[    0.000827] landlock: Up and running.
[    0.007024] Dentry cache hash table entries: 16777216 (order: 15, 134217728 bytes, vmalloc hugepage)
[    0.010156] Inode-cache hash table entries: 8388608 (order: 14, 67108864 bytes, vmalloc hugepage)
[    0.010406] Mount-cache hash table entries: 262144 (order: 9, 2097152 bytes, vmalloc)
[    0.010607] Mountpoint-cache hash table entries: 262144 (order: 9, 2097152 bytes, vmalloc)
[    0.011358] cblist_init_generic: Setting adjustable number of callback queues.
[    0.011394] cblist_init_generic: Setting shift to 8 and lim to 1.
[    0.011417] cblist_init_generic: Setting shift to 8 and lim to 1.
[    0.011438] cblist_init_generic: Setting shift to 8 and lim to 1.
[    0.011494] rcu: Hierarchical SRCU implementation.
[    0.011495] rcu: 	Max phase no-delay instances is 1000.
[    0.011747] Platform MSI: ITS@0x22040000 domain created
[    0.011749] Platform MSI: ITS@0x100022040000 domain created
[    0.011755] PCI/MSI: ITS@0x22040000 domain created
[    0.011756] PCI/MSI: ITS@0x100022040000 domain created
[    0.011758] fsl-mc MSI: ITS@0x22040000 domain created
[    0.011759] fsl-mc MSI: ITS@0x100022040000 domain created
[    0.011771] Remapping and enabling EFI services.
[    0.013453] smp: Bringing up secondary CPUs ...
[    0.021145] Detected PIPT I-cache on CPU1
[    0.021355] GICv3: CPU1: found redistributor 40000 region 0:0x0000000022180000
[    0.021437] GICv3: CPU1: using allocated LPI pending table @0x0000000100410000
[    0.021599] CPU1: Booted secondary processor 0x0000040000 [0x410fd4f0]
[    0.030261] Detected PIPT I-cache on CPU2
[    0.030613] GICv3: CPU2: found redistributor 60000 region 0:0x0000000022200000
[    0.030711] GICv3: CPU2: using allocated LPI pending table @0x0000000100420000
[    0.030912] CPU2: Booted secondary processor 0x0000060000 [0x410fd4f0]
[    0.039619] Detected PIPT I-cache on CPU3
[    0.039968] GICv3: CPU3: found redistributor 70000 region 0:0x0000000022240000
[    0.040063] GICv3: CPU3: using allocated LPI pending table @0x0000000100430000
[    0.040263] CPU3: Booted secondary processor 0x0000070000 [0x410fd4f0]
[    0.048833] Detected PIPT I-cache on CPU4
[    0.049140] GICv3: CPU4: found redistributor 80000 region 0:0x0000000022280000
[    0.049224] GICv3: CPU4: using allocated LPI pending table @0x0000000100440000
[    0.049399] CPU4: Booted secondary processor 0x0000080000 [0x410fd4f0]
[    0.057918] Detected PIPT I-cache on CPU5
[    0.058225] GICv3: CPU5: found redistributor 90000 region 0:0x00000000222c0000
[    0.058310] GICv3: CPU5: using allocated LPI pending table @0x0000000100450000
[    0.058486] CPU5: Booted secondary processor 0x0000090000 [0x410fd4f0]
[    0.066993] Detected PIPT I-cache on CPU6
[    0.067304] GICv3: CPU6: found redistributor a0000 region 0:0x0000000022300000
[    0.067389] GICv3: CPU6: using allocated LPI pending table @0x0000000100460000
[    0.067564] CPU6: Booted secondary processor 0x00000a0000 [0x410fd4f0]
[    0.076065] Detected PIPT I-cache on CPU7
[    0.076390] GICv3: CPU7: found redistributor b0000 region 0:0x0000000022340000
[    0.076475] GICv3: CPU7: using allocated LPI pending table @0x0000000100470000
[    0.076652] CPU7: Booted secondary processor 0x00000b0000 [0x410fd4f0]
[    0.085139] Detected PIPT I-cache on CPU8
[    0.085468] GICv3: CPU8: found redistributor c0000 region 0:0x0000000022380000
[    0.085552] GICv3: CPU8: using allocated LPI pending table @0x0000000100480000
[    0.085726] CPU8: Booted secondary processor 0x00000c0000 [0x410fd4f0]
[    0.094311] Detected PIPT I-cache on CPU9
[    0.094650] GICv3: CPU9: found redistributor e0000 region 0:0x0000000022400000
[    0.094736] GICv3: CPU9: using allocated LPI pending table @0x0000000100490000
[    0.094911] CPU9: Booted secondary processor 0x00000e0000 [0x410fd4f0]
[    0.103532] Detected PIPT I-cache on CPU10
[    0.103878] GICv3: CPU10: found redistributor 100000 region 0:0x0000000022480000
[    0.103966] GICv3: CPU10: using allocated LPI pending table @0x00000001004a0000
[    0.104136] CPU10: Booted secondary processor 0x0000100000 [0x410fd4f0]
[    0.112753] Detected PIPT I-cache on CPU11
[    0.113101] GICv3: CPU11: found redistributor 110000 region 0:0x00000000224c0000
[    0.113185] GICv3: CPU11: using allocated LPI pending table @0x00000001004b0000
[    0.113358] CPU11: Booted secondary processor 0x0000110000 [0x410fd4f0]
[    0.121899] Detected PIPT I-cache on CPU12
[    0.122253] GICv3: CPU12: found redistributor 120000 region 0:0x0000000022500000
[    0.122343] GICv3: CPU12: using allocated LPI pending table @0x00000001004c0000
[    0.122522] CPU12: Booted secondary processor 0x0000120000 [0x410fd4f0]
[    0.131076] Detected PIPT I-cache on CPU13
[    0.131444] GICv3: CPU13: found redistributor 130000 region 0:0x0000000022540000
[    0.131535] GICv3: CPU13: using allocated LPI pending table @0x00000001004d0000
[    0.131710] CPU13: Booted secondary processor 0x0000130000 [0x410fd4f0]
[    0.140249] Detected PIPT I-cache on CPU14
[    0.140634] GICv3: CPU14: found redistributor 150000 region 0:0x00000000225c0000
[    0.140725] GICv3: CPU14: using allocated LPI pending table @0x00000001004e0000
[    0.140896] CPU14: Booted secondary processor 0x0000150000 [0x410fd4f0]
[    0.149330] Detected PIPT I-cache on CPU15
[    0.149723] GICv3: CPU15: found redistributor 160000 region 0:0x0000000022600000
[    0.149811] GICv3: CPU15: using allocated LPI pending table @0x00000001004f0000
[    0.149977] CPU15: Booted secondary processor 0x0000160000 [0x410fd4f0]
[    0.158471] Detected PIPT I-cache on CPU16
[    0.158860] GICv3: CPU16: found redistributor 170000 region 0:0x0000000022640000
[    0.158949] GICv3: CPU16: using allocated LPI pending table @0x0000000100500000
[    0.159119] CPU16: Booted secondary processor 0x0000170000 [0x410fd4f0]
[    0.167663] Detected PIPT I-cache on CPU17
[    0.168072] GICv3: CPU17: found redistributor 180000 region 0:0x0000000022680000
[    0.168159] GICv3: CPU17: using allocated LPI pending table @0x0000000100510000
[    0.168333] CPU17: Booted secondary processor 0x0000180000 [0x410fd4f0]
[    0.176825] Detected PIPT I-cache on CPU18
[    0.177235] GICv3: CPU18: found redistributor 190000 region 0:0x00000000226c0000
[    0.177323] GICv3: CPU18: using allocated LPI pending table @0x0000000100520000
[    0.177493] CPU18: Booted secondary processor 0x0000190000 [0x410fd4f0]
[    0.185995] Detected PIPT I-cache on CPU19
[    0.186421] GICv3: CPU19: found redistributor 1a0000 region 0:0x0000000022700000
[    0.186510] GICv3: CPU19: using allocated LPI pending table @0x0000000100530000
[    0.186682] CPU19: Booted secondary processor 0x00001a0000 [0x410fd4f0]
[    0.195329] Detected PIPT I-cache on CPU20
[    0.195755] GICv3: CPU20: found redistributor 1c0000 region 0:0x0000000022780000
[    0.195841] GICv3: CPU20: using allocated LPI pending table @0x0000000100540000
[    0.196018] CPU20: Booted secondary processor 0x00001c0000 [0x410fd4f0]
[    0.204727] Detected PIPT I-cache on CPU21
[    0.205167] GICv3: CPU21: found redistributor 1d0000 region 0:0x00000000227c0000
[    0.205256] GICv3: CPU21: using allocated LPI pending table @0x0000000100550000
[    0.205429] CPU21: Booted secondary processor 0x00001d0000 [0x410fd4f0]
[    0.214066] Detected PIPT I-cache on CPU22
[    0.214507] GICv3: CPU22: found redistributor 1e0000 region 0:0x0000000022800000
[    0.214595] GICv3: CPU22: using allocated LPI pending table @0x0000000100560000
[    0.214768] CPU22: Booted secondary processor 0x00001e0000 [0x410fd4f0]
[    0.223423] Detected PIPT I-cache on CPU23
[    0.223878] GICv3: CPU23: found redistributor 1f0000 region 0:0x0000000022840000
[    0.223966] GICv3: CPU23: using allocated LPI pending table @0x0000000100570000
[    0.224139] CPU23: Booted secondary processor 0x00001f0000 [0x410fd4f0]
[    0.232710] Detected PIPT I-cache on CPU24
[    0.233169] GICv3: CPU24: found redistributor 200000 region 0:0x0000000022880000
[    0.233258] GICv3: CPU24: using allocated LPI pending table @0x0000000100580000
[    0.233434] CPU24: Booted secondary processor 0x0000200000 [0x410fd4f0]
[    0.242071] Detected PIPT I-cache on CPU25
[    0.242542] GICv3: CPU25: found redistributor 210000 region 0:0x00000000228c0000
[    0.242630] GICv3: CPU25: using allocated LPI pending table @0x0000000100590000
[    0.242802] CPU25: Booted secondary processor 0x0000210000 [0x410fd4f0]
[    0.251428] Detected PIPT I-cache on CPU26
[    0.251897] GICv3: CPU26: found redistributor 220000 region 0:0x0000000022900000
[    0.251985] GICv3: CPU26: using allocated LPI pending table @0x00000001005a0000
[    0.252157] CPU26: Booted secondary processor 0x0000220000 [0x410fd4f0]
[    0.260772] Detected PIPT I-cache on CPU27
[    0.261265] GICv3: CPU27: found redistributor 230000 region 0:0x0000000022940000
[    0.261357] GICv3: CPU27: using allocated LPI pending table @0x00000001005b0000
[    0.261532] CPU27: Booted secondary processor 0x0000230000 [0x410fd4f0]
[    0.270037] Detected PIPT I-cache on CPU28
[    0.270533] GICv3: CPU28: found redistributor 240000 region 0:0x0000000022980000
[    0.270625] GICv3: CPU28: using allocated LPI pending table @0x00000001005c0000
[    0.270802] CPU28: Booted secondary processor 0x0000240000 [0x410fd4f0]
[    0.279369] Detected PIPT I-cache on CPU29
[    0.279884] GICv3: CPU29: found redistributor 250000 region 0:0x00000000229c0000
[    0.279977] GICv3: CPU29: using allocated LPI pending table @0x00000001005d0000
[    0.280152] CPU29: Booted secondary processor 0x0000250000 [0x410fd4f0]
[    0.288728] Detected PIPT I-cache on CPU30
[    0.289249] GICv3: CPU30: found redistributor 260000 region 0:0x0000000022a00000
[    0.289342] GICv3: CPU30: using allocated LPI pending table @0x00000001005e0000
[    0.289515] CPU30: Booted secondary processor 0x0000260000 [0x410fd4f0]
[    0.298085] Detected PIPT I-cache on CPU31
[    0.298589] GICv3: CPU31: found redistributor 270000 region 0:0x0000000022a40000
[    0.298682] GICv3: CPU31: using allocated LPI pending table @0x00000001005f0000
[    0.298857] CPU31: Booted secondary processor 0x0000270000 [0x410fd4f0]
[    0.307392] Detected PIPT I-cache on CPU32
[    0.307925] GICv3: CPU32: found redistributor 280000 region 0:0x0000000022a80000
[    0.308020] GICv3: CPU32: using allocated LPI pending table @0x0000000100600000
[    0.308194] CPU32: Booted secondary processor 0x0000280000 [0x410fd4f0]
[    0.316767] Detected PIPT I-cache on CPU33
[    0.317293] GICv3: CPU33: found redistributor 290000 region 0:0x0000000022ac0000
[    0.317388] GICv3: CPU33: using allocated LPI pending table @0x0000000100610000
[    0.317565] CPU33: Booted secondary processor 0x0000290000 [0x410fd4f0]
[    0.326359] Detected PIPT I-cache on CPU34
[    0.326918] GICv3: CPU34: found redistributor 2a0000 region 0:0x0000000022b00000
[    0.327010] GICv3: CPU34: using allocated LPI pending table @0x0000000100620000
[    0.327180] CPU34: Booted secondary processor 0x00002a0000 [0x410fd4f0]
[    0.336017] Detected PIPT I-cache on CPU35
[    0.336575] GICv3: CPU35: found redistributor 2b0000 region 0:0x0000000022b40000
[    0.336668] GICv3: CPU35: using allocated LPI pending table @0x0000000100630000
[    0.336844] CPU35: Booted secondary processor 0x00002b0000 [0x410fd4f0]
[    0.345619] Detected PIPT I-cache on CPU36
[    0.346181] GICv3: CPU36: found redistributor 2c0000 region 0:0x0000000022b80000
[    0.346275] GICv3: CPU36: using allocated LPI pending table @0x0000000100640000
[    0.346454] CPU36: Booted secondary processor 0x00002c0000 [0x410fd4f0]
[    0.355338] Detected PIPT I-cache on CPU37
[    0.355908] GICv3: CPU37: found redistributor 2d0000 region 0:0x0000000022bc0000
[    0.356001] GICv3: CPU37: using allocated LPI pending table @0x0000000100650000
[    0.356177] CPU37: Booted secondary processor 0x00002d0000 [0x410fd4f0]
[    0.364942] Detected PIPT I-cache on CPU38
[    0.365525] GICv3: CPU38: found redistributor 2e0000 region 0:0x0000000022c00000
[    0.365618] GICv3: CPU38: using allocated LPI pending table @0x0000000100660000
[    0.365790] CPU38: Booted secondary processor 0x00002e0000 [0x410fd4f0]
[    0.374589] Detected PIPT I-cache on CPU39
[    0.375173] GICv3: CPU39: found redistributor 2f0000 region 0:0x0000000022c40000
[    0.375265] GICv3: CPU39: using allocated LPI pending table @0x0000000100670000
[    0.375440] CPU39: Booted secondary processor 0x00002f0000 [0x410fd4f0]
[    0.384205] Detected PIPT I-cache on CPU40
[    0.384808] GICv3: CPU40: found redistributor 300000 region 0:0x0000000022c80000
[    0.384902] GICv3: CPU40: using allocated LPI pending table @0x0000000100680000
[    0.385076] CPU40: Booted secondary processor 0x0000300000 [0x410fd4f0]
[    0.393813] Detected PIPT I-cache on CPU41
[    0.394414] GICv3: CPU41: found redistributor 310000 region 0:0x0000000022cc0000
[    0.394507] GICv3: CPU41: using allocated LPI pending table @0x0000000100690000
[    0.394681] CPU41: Booted secondary processor 0x0000310000 [0x410fd4f0]
[    0.403407] Detected PIPT I-cache on CPU42
[    0.404027] GICv3: CPU42: found redistributor 320000 region 0:0x0000000022d00000
[    0.404119] GICv3: CPU42: using allocated LPI pending table @0x00000001006a0000
[    0.404298] CPU42: Booted secondary processor 0x0000320000 [0x410fd4f0]
[    0.412962] Detected PIPT I-cache on CPU43
[    0.413574] GICv3: CPU43: found redistributor 330000 region 0:0x0000000022d40000
[    0.413670] GICv3: CPU43: using allocated LPI pending table @0x00000001006b0000
[    0.413844] CPU43: Booted secondary processor 0x0000330000 [0x410fd4f0]
[    0.422600] Detected PIPT I-cache on CPU44
[    0.423231] GICv3: CPU44: found redistributor 340000 region 0:0x0000000022d80000
[    0.423329] GICv3: CPU44: using allocated LPI pending table @0x00000001006c0000
[    0.423503] CPU44: Booted secondary processor 0x0000340000 [0x410fd4f0]
[    0.432285] Detected PIPT I-cache on CPU45
[    0.432933] GICv3: CPU45: found redistributor 350000 region 0:0x0000000022dc0000
[    0.433028] GICv3: CPU45: using allocated LPI pending table @0x00000001006d0000
[    0.433204] CPU45: Booted secondary processor 0x0000350000 [0x410fd4f0]
[    0.441957] Detected PIPT I-cache on CPU46
[    0.442602] GICv3: CPU46: found redistributor 360000 region 0:0x0000000022e00000
[    0.442699] GICv3: CPU46: using allocated LPI pending table @0x00000001006e0000
[    0.442875] CPU46: Booted secondary processor 0x0000360000 [0x410fd4f0]
[    0.451608] Detected PIPT I-cache on CPU47
[    0.452277] GICv3: CPU47: found redistributor 370000 region 0:0x0000000022e40000
[    0.452371] GICv3: CPU47: using allocated LPI pending table @0x00000001006f0000
[    0.452551] CPU47: Booted secondary processor 0x0000370000 [0x410fd4f0]
[    0.461492] Detected PIPT I-cache on CPU48
[    0.462164] GICv3: CPU48: found redistributor 380000 region 0:0x0000000022e80000
[    0.462263] GICv3: CPU48: using allocated LPI pending table @0x0000000100700000
[    0.462440] CPU48: Booted secondary processor 0x0000380000 [0x410fd4f0]
[    0.471333] Detected PIPT I-cache on CPU49
[    0.471998] GICv3: CPU49: found redistributor 3a0000 region 0:0x0000000022f00000
[    0.472095] GICv3: CPU49: using allocated LPI pending table @0x0000000100710000
[    0.472276] CPU49: Booted secondary processor 0x00003a0000 [0x410fd4f0]
[    0.481161] Detected PIPT I-cache on CPU50
[    0.481848] GICv3: CPU50: found redistributor 3b0000 region 0:0x0000000022f40000
[    0.481944] GICv3: CPU50: using allocated LPI pending table @0x0000000100720000
[    0.482118] CPU50: Booted secondary processor 0x00003b0000 [0x410fd4f0]
[    0.490987] Detected PIPT I-cache on CPU51
[    0.491680] GICv3: CPU51: found redistributor 3c0000 region 0:0x0000000022f80000
[    0.491779] GICv3: CPU51: using allocated LPI pending table @0x0000000100730000
[    0.491960] CPU51: Booted secondary processor 0x00003c0000 [0x410fd4f0]
[    0.500818] Detected PIPT I-cache on CPU52
[    0.501505] GICv3: CPU52: found redistributor 3d0000 region 0:0x0000000022fc0000
[    0.501601] GICv3: CPU52: using allocated LPI pending table @0x0000000100740000
[    0.501777] CPU52: Booted secondary processor 0x00003d0000 [0x410fd4f0]
[    0.510649] Detected PIPT I-cache on CPU53
[    0.511351] GICv3: CPU53: found redistributor 3e0000 region 0:0x0000000023000000
[    0.511446] GICv3: CPU53: using allocated LPI pending table @0x0000000100750000
[    0.511620] CPU53: Booted secondary processor 0x00003e0000 [0x410fd4f0]
[    0.520670] Detected PIPT I-cache on CPU54
[    0.521379] GICv3: CPU54: found redistributor 3f0000 region 0:0x0000000023040000
[    0.521474] GICv3: CPU54: using allocated LPI pending table @0x0000000100760000
[    0.521640] CPU54: Booted secondary processor 0x00003f0000 [0x410fd4f0]
[    0.530437] Detected PIPT I-cache on CPU55
[    0.531177] GICv3: CPU55: found redistributor 400000 region 0:0x0000000023080000
[    0.531274] GICv3: CPU55: using allocated LPI pending table @0x0000000100770000
[    0.531453] CPU55: Booted secondary processor 0x0000400000 [0x410fd4f0]
[    0.540391] Detected PIPT I-cache on CPU56
[    0.541132] GICv3: CPU56: found redistributor 410000 region 0:0x00000000230c0000
[    0.541228] GICv3: CPU56: using allocated LPI pending table @0x0000000100780000
[    0.541400] CPU56: Booted secondary processor 0x0000410000 [0x410fd4f0]
[    0.550244] Detected PIPT I-cache on CPU57
[    0.551000] GICv3: CPU57: found redistributor 420000 region 0:0x0000000023100000
[    0.551098] GICv3: CPU57: using allocated LPI pending table @0x0000000100790000
[    0.551276] CPU57: Booted secondary processor 0x0000420000 [0x410fd4f0]
[    0.560113] Detected PIPT I-cache on CPU58
[    0.560841] GICv3: CPU58: found redistributor 430000 region 0:0x0000000023140000
[    0.560934] GICv3: CPU58: using allocated LPI pending table @0x00000001007a0000
[    0.561107] CPU58: Booted secondary processor 0x0000430000 [0x410fd4f0]
[    0.570029] Detected PIPT I-cache on CPU59
[    0.570776] GICv3: CPU59: found redistributor 440000 region 0:0x0000000023180000
[    0.570871] GICv3: CPU59: using allocated LPI pending table @0x00000001007b0000
[    0.571047] CPU59: Booted secondary processor 0x0000440000 [0x410fd4f0]
[    0.580146] Detected PIPT I-cache on CPU60
[    0.580922] GICv3: CPU60: found redistributor 460000 region 0:0x0000000023200000
[    0.581018] GICv3: CPU60: using allocated LPI pending table @0x00000001007c0000
[    0.581191] CPU60: Booted secondary processor 0x0000460000 [0x410fd4f0]
[    0.590128] Detected PIPT I-cache on CPU61
[    0.590891] GICv3: CPU61: found redistributor 480000 region 0:0x0000000023280000
[    0.590986] GICv3: CPU61: using allocated LPI pending table @0x00000001007d0000
[    0.591156] CPU61: Booted secondary processor 0x0000480000 [0x410fd4f0]
[    0.600083] Detected PIPT I-cache on CPU62
[    0.600879] GICv3: CPU62: found redistributor 490000 region 0:0x00000000232c0000
[    0.600974] GICv3: CPU62: using allocated LPI pending table @0x00000001007e0000
[    0.601149] CPU62: Booted secondary processor 0x0000490000 [0x410fd4f0]
[    0.610103] Detected PIPT I-cache on CPU63
[    0.610874] GICv3: CPU63: found redistributor 4a0000 region 0:0x0000000023300000
[    0.610969] GICv3: CPU63: using allocated LPI pending table @0x00000001007f0000
[    0.611141] CPU63: Booted secondary processor 0x00004a0000 [0x410fd4f0]
[    0.620098] Detected PIPT I-cache on CPU64
[    0.620891] GICv3: CPU64: found redistributor 4b0000 region 0:0x0000000023340000
[    0.620985] GICv3: CPU64: using allocated LPI pending table @0x0000000100800000
[    0.621159] CPU64: Booted secondary processor 0x00004b0000 [0x410fd4f0]
[    0.630095] Detected PIPT I-cache on CPU65
[    0.630921] GICv3: CPU65: found redistributor 4c0000 region 0:0x0000000023380000
[    0.631017] GICv3: CPU65: using allocated LPI pending table @0x0000000100810000
[    0.631189] CPU65: Booted secondary processor 0x00004c0000 [0x410fd4f0]
[    0.640149] Detected PIPT I-cache on CPU66
[    0.640968] GICv3: CPU66: found redistributor 4d0000 region 0:0x00000000233c0000
[    0.641065] GICv3: CPU66: using allocated LPI pending table @0x0000000100820000
[    0.641237] CPU66: Booted secondary processor 0x00004d0000 [0x410fd4f0]
[    0.650319] Detected PIPT I-cache on CPU67
[    0.651140] GICv3: CPU67: found redistributor 4e0000 region 0:0x0000000023400000
[    0.651239] GICv3: CPU67: using allocated LPI pending table @0x0000000100830000
[    0.651415] CPU67: Booted secondary processor 0x00004e0000 [0x410fd4f0]
[    0.660451] Detected PIPT I-cache on CPU68
[    0.661287] GICv3: CPU68: found redistributor 4f0000 region 0:0x0000000023440000
[    0.661379] GICv3: CPU68: using allocated LPI pending table @0x0000000100840000
[    0.661553] CPU68: Booted secondary processor 0x00004f0000 [0x410fd4f0]
[    0.670673] Detected PIPT I-cache on CPU69
[    0.671498] GICv3: CPU69: found redistributor 500000 region 0:0x0000000023480000
[    0.671593] GICv3: CPU69: using allocated LPI pending table @0x0000000100850000
[    0.671770] CPU69: Booted secondary processor 0x0000500000 [0x410fd4f0]
[    0.680771] Detected PIPT I-cache on CPU70
[    0.681632] GICv3: CPU70: found redistributor 510000 region 0:0x00000000234c0000
[    0.681723] GICv3: CPU70: using allocated LPI pending table @0x0000000100860000
[    0.681897] CPU70: Booted secondary processor 0x0000510000 [0x410fd4f0]
[    0.690896] Detected PIPT I-cache on CPU71
[    0.691751] GICv3: CPU71: found redistributor 520000 region 0:0x0000000023500000
[    0.691846] GICv3: CPU71: using allocated LPI pending table @0x0000000100870000
[    0.692019] CPU71: Booted secondary processor 0x0000520000 [0x410fd4f0]
[    0.704716] Detected PIPT I-cache on CPU72
[    0.705358] GICv3: CPU72: found redistributor 100000000 region 1:0x0000100022080000
[    0.705579] GICv3: CPU72: using allocated LPI pending table @0x0000000100880000
[    0.705760] CPU72: Booted secondary processor 0x0100000000 [0x410fd4f0]
[    0.718999] Detected PIPT I-cache on CPU73
[    0.719754] GICv3: CPU73: found redistributor 100020000 region 1:0x0000100022100000
[    0.719928] GICv3: CPU73: using allocated LPI pending table @0x0000000100890000
[    0.720140] CPU73: Booted secondary processor 0x0100020000 [0x410fd4f0]
[    0.733145] Detected PIPT I-cache on CPU74
[    0.733879] GICv3: CPU74: found redistributor 100040000 region 1:0x0000100022180000
[    0.734056] GICv3: CPU74: using allocated LPI pending table @0x00000001008a0000
[    0.734266] CPU74: Booted secondary processor 0x0100040000 [0x410fd4f0]
[    0.746995] Detected PIPT I-cache on CPU75
[    0.747608] GICv3: CPU75: found redistributor 100060000 region 1:0x0000100022200000
[    0.747777] GICv3: CPU75: using allocated LPI pending table @0x00000001008b0000
[    0.747961] CPU75: Booted secondary processor 0x0100060000 [0x410fd4f0]
[    0.760651] Detected PIPT I-cache on CPU76
[    0.761259] GICv3: CPU76: found redistributor 100080000 region 1:0x0000100022280000
[    0.761427] GICv3: CPU76: using allocated LPI pending table @0x00000001008c0000
[    0.761607] CPU76: Booted secondary processor 0x0100080000 [0x410fd4f0]
[    0.774277] Detected PIPT I-cache on CPU77
[    0.774887] GICv3: CPU77: found redistributor 100090000 region 1:0x00001000222c0000
[    0.775056] GICv3: CPU77: using allocated LPI pending table @0x00000001008d0000
[    0.775240] CPU77: Booted secondary processor 0x0100090000 [0x410fd4f0]
[    0.787908] Detected PIPT I-cache on CPU78
[    0.788518] GICv3: CPU78: found redistributor 1000a0000 region 1:0x0000100022300000
[    0.788684] GICv3: CPU78: using allocated LPI pending table @0x00000001008e0000
[    0.788861] CPU78: Booted secondary processor 0x01000a0000 [0x410fd4f0]
[    0.801616] Detected PIPT I-cache on CPU79
[    0.802250] GICv3: CPU79: found redistributor 1000b0000 region 1:0x0000100022340000
[    0.802417] GICv3: CPU79: using allocated LPI pending table @0x00000001008f0000
[    0.802596] CPU79: Booted secondary processor 0x01000b0000 [0x410fd4f0]
[    0.815397] Detected PIPT I-cache on CPU80
[    0.816028] GICv3: CPU80: found redistributor 1000c0000 region 1:0x0000100022380000
[    0.816196] GICv3: CPU80: using allocated LPI pending table @0x0000000100900000
[    0.816368] CPU80: Booted secondary processor 0x01000c0000 [0x410fd4f0]
[    0.829035] Detected PIPT I-cache on CPU81
[    0.829678] GICv3: CPU81: found redistributor 1000e0000 region 1:0x0000100022400000
[    0.829844] GICv3: CPU81: using allocated LPI pending table @0x0000000100910000
[    0.830022] CPU81: Booted secondary processor 0x01000e0000 [0x410fd4f0]
[    0.842677] Detected PIPT I-cache on CPU82
[    0.843318] GICv3: CPU82: found redistributor 100100000 region 1:0x0000100022480000
[    0.843484] GICv3: CPU82: using allocated LPI pending table @0x0000000100920000
[    0.843663] CPU82: Booted secondary processor 0x0100100000 [0x410fd4f0]
[    0.856291] Detected PIPT I-cache on CPU83
[    0.856940] GICv3: CPU83: found redistributor 100110000 region 1:0x00001000224c0000
[    0.857107] GICv3: CPU83: using allocated LPI pending table @0x0000000100930000
[    0.857285] CPU83: Booted secondary processor 0x0100110000 [0x410fd4f0]
[    0.869863] Detected PIPT I-cache on CPU84
[    0.870517] GICv3: CPU84: found redistributor 100120000 region 1:0x0000100022500000
[    0.870685] GICv3: CPU84: using allocated LPI pending table @0x0000000100940000
[    0.870860] CPU84: Booted secondary processor 0x0100120000 [0x410fd4f0]
[    0.883599] Detected PIPT I-cache on CPU85
[    0.884261] GICv3: CPU85: found redistributor 100130000 region 1:0x0000100022540000
[    0.884431] GICv3: CPU85: using allocated LPI pending table @0x0000000100950000
[    0.884610] CPU85: Booted secondary processor 0x0100130000 [0x410fd4f0]
[    0.897161] Detected PIPT I-cache on CPU86
[    0.897826] GICv3: CPU86: found redistributor 100140000 region 1:0x0000100022580000
[    0.897995] GICv3: CPU86: using allocated LPI pending table @0x0000000100960000
[    0.898173] CPU86: Booted secondary processor 0x0100140000 [0x410fd4f0]
[    0.910704] Detected PIPT I-cache on CPU87
[    0.911384] GICv3: CPU87: found redistributor 100150000 region 1:0x00001000225c0000
[    0.911553] GICv3: CPU87: using allocated LPI pending table @0x0000000100970000
[    0.911715] CPU87: Booted secondary processor 0x0100150000 [0x410fd4f0]
[    0.924351] Detected PIPT I-cache on CPU88
[    0.925035] GICv3: CPU88: found redistributor 100160000 region 1:0x0000100022600000
[    0.925205] GICv3: CPU88: using allocated LPI pending table @0x0000000100980000
[    0.925382] CPU88: Booted secondary processor 0x0100160000 [0x410fd4f0]
[    0.938141] Detected PIPT I-cache on CPU89
[    0.938826] GICv3: CPU89: found redistributor 100170000 region 1:0x0000100022640000
[    0.938995] GICv3: CPU89: using allocated LPI pending table @0x0000000100990000
[    0.939172] CPU89: Booted secondary processor 0x0100170000 [0x410fd4f0]
[    0.951892] Detected PIPT I-cache on CPU90
[    0.952595] GICv3: CPU90: found redistributor 100180000 region 1:0x0000100022680000
[    0.952765] GICv3: CPU90: using allocated LPI pending table @0x00000001009a0000
[    0.952943] CPU90: Booted secondary processor 0x0100180000 [0x410fd4f0]
[    0.965716] Detected PIPT I-cache on CPU91
[    0.966411] GICv3: CPU91: found redistributor 100190000 region 1:0x00001000226c0000
[    0.966581] GICv3: CPU91: using allocated LPI pending table @0x00000001009b0000
[    0.966758] CPU91: Booted secondary processor 0x0100190000 [0x410fd4f0]
[    0.979518] Detected PIPT I-cache on CPU92
[    0.980245] GICv3: CPU92: found redistributor 1001a0000 region 1:0x0000100022700000
[    0.980416] GICv3: CPU92: using allocated LPI pending table @0x00000001009c0000
[    0.980594] CPU92: Booted secondary processor 0x01001a0000 [0x410fd4f0]
[    0.993315] Detected PIPT I-cache on CPU93
[    0.994033] GICv3: CPU93: found redistributor 1001c0000 region 1:0x0000100022780000
[    0.994202] GICv3: CPU93: using allocated LPI pending table @0x00000001009d0000
[    0.994380] CPU93: Booted secondary processor 0x01001c0000 [0x410fd4f0]
[    1.007064] Detected PIPT I-cache on CPU94
[    1.007795] GICv3: CPU94: found redistributor 1001d0000 region 1:0x00001000227c0000
[    1.007964] GICv3: CPU94: using allocated LPI pending table @0x00000001009e0000
[    1.008132] CPU94: Booted secondary processor 0x01001d0000 [0x410fd4f0]
[    1.020827] Detected PIPT I-cache on CPU95
[    1.021549] GICv3: CPU95: found redistributor 1001e0000 region 1:0x0000100022800000
[    1.021722] GICv3: CPU95: using allocated LPI pending table @0x00000001009f0000
[    1.021900] CPU95: Booted secondary processor 0x01001e0000 [0x410fd4f0]
[    1.034557] Detected PIPT I-cache on CPU96
[    1.035293] GICv3: CPU96: found redistributor 1001f0000 region 1:0x0000100022840000
[    1.035467] GICv3: CPU96: using allocated LPI pending table @0x0000000100a00000
[    1.035646] CPU96: Booted secondary processor 0x01001f0000 [0x410fd4f0]
[    1.048191] Detected PIPT I-cache on CPU97
[    1.048937] GICv3: CPU97: found redistributor 100200000 region 1:0x0000100022880000
[    1.049110] GICv3: CPU97: using allocated LPI pending table @0x0000000100a10000
[    1.049292] CPU97: Booted secondary processor 0x0100200000 [0x410fd4f0]
[    1.062065] Detected PIPT I-cache on CPU98
[    1.062827] GICv3: CPU98: found redistributor 100210000 region 1:0x00001000228c0000
[    1.062997] GICv3: CPU98: using allocated LPI pending table @0x0000000100a20000
[    1.063174] CPU98: Booted secondary processor 0x0100210000 [0x410fd4f0]
[    1.075796] Detected PIPT I-cache on CPU99
[    1.076550] GICv3: CPU99: found redistributor 100220000 region 1:0x0000100022900000
[    1.076717] GICv3: CPU99: using allocated LPI pending table @0x0000000100a30000
[    1.076886] CPU99: Booted secondary processor 0x0100220000 [0x410fd4f0]
[    1.089523] Detected PIPT I-cache on CPU100
[    1.090294] GICv3: CPU100: found redistributor 100230000 region 1:0x0000100022940000
[    1.090464] GICv3: CPU100: using allocated LPI pending table @0x0000000100a40000
[    1.090636] CPU100: Booted secondary processor 0x0100230000 [0x410fd4f0]
[    1.103249] Detected PIPT I-cache on CPU101
[    1.104030] GICv3: CPU101: found redistributor 100240000 region 1:0x0000100022980000
[    1.104201] GICv3: CPU101: using allocated LPI pending table @0x0000000100a50000
[    1.104381] CPU101: Booted secondary processor 0x0100240000 [0x410fd4f0]
[    1.117013] Detected PIPT I-cache on CPU102
[    1.117796] GICv3: CPU102: found redistributor 100250000 region 1:0x00001000229c0000
[    1.117968] GICv3: CPU102: using allocated LPI pending table @0x0000000100a60000
[    1.118148] CPU102: Booted secondary processor 0x0100250000 [0x410fd4f0]
[    1.130940] Detected PIPT I-cache on CPU103
[    1.131737] GICv3: CPU103: found redistributor 100260000 region 1:0x0000100022a00000
[    1.131910] GICv3: CPU103: using allocated LPI pending table @0x0000000100a70000
[    1.132091] CPU103: Booted secondary processor 0x0100260000 [0x410fd4f0]
[    1.144893] Detected PIPT I-cache on CPU104
[    1.145698] GICv3: CPU104: found redistributor 100270000 region 1:0x0000100022a40000
[    1.145870] GICv3: CPU104: using allocated LPI pending table @0x0000000100a80000
[    1.146045] CPU104: Booted secondary processor 0x0100270000 [0x410fd4f0]
[    1.158871] Detected PIPT I-cache on CPU105
[    1.159690] GICv3: CPU105: found redistributor 100280000 region 1:0x0000100022a80000
[    1.159864] GICv3: CPU105: using allocated LPI pending table @0x0000000100a90000
[    1.160047] CPU105: Booted secondary processor 0x0100280000 [0x410fd4f0]
[    1.172809] Detected PIPT I-cache on CPU106
[    1.173623] GICv3: CPU106: found redistributor 100290000 region 1:0x0000100022ac0000
[    1.173794] GICv3: CPU106: using allocated LPI pending table @0x0000000100aa0000
[    1.173971] CPU106: Booted secondary processor 0x0100290000 [0x410fd4f0]
[    1.186773] Detected PIPT I-cache on CPU107
[    1.187583] GICv3: CPU107: found redistributor 1002a0000 region 1:0x0000100022b00000
[    1.187757] GICv3: CPU107: using allocated LPI pending table @0x0000000100ab0000
[    1.187939] CPU107: Booted secondary processor 0x01002a0000 [0x410fd4f0]
[    1.200705] Detected PIPT I-cache on CPU108
[    1.201537] GICv3: CPU108: found redistributor 1002b0000 region 1:0x0000100022b40000
[    1.201710] GICv3: CPU108: using allocated LPI pending table @0x0000000100ac0000
[    1.201885] CPU108: Booted secondary processor 0x01002b0000 [0x410fd4f0]
[    1.214662] Detected PIPT I-cache on CPU109
[    1.215507] GICv3: CPU109: found redistributor 1002c0000 region 1:0x0000100022b80000
[    1.215679] GICv3: CPU109: using allocated LPI pending table @0x0000000100ad0000
[    1.215856] CPU109: Booted secondary processor 0x01002c0000 [0x410fd4f0]
[    1.228572] Detected PIPT I-cache on CPU110
[    1.229436] GICv3: CPU110: found redistributor 1002d0000 region 1:0x0000100022bc0000
[    1.229606] GICv3: CPU110: using allocated LPI pending table @0x0000000100ae0000
[    1.229784] CPU110: Booted secondary processor 0x01002d0000 [0x410fd4f0]
[    1.242513] Detected PIPT I-cache on CPU111
[    1.243367] GICv3: CPU111: found redistributor 1002e0000 region 1:0x0000100022c00000
[    1.243540] GICv3: CPU111: using allocated LPI pending table @0x0000000100af0000
[    1.243716] CPU111: Booted secondary processor 0x01002e0000 [0x410fd4f0]
[    1.256497] Detected PIPT I-cache on CPU112
[    1.257375] GICv3: CPU112: found redistributor 1002f0000 region 1:0x0000100022c40000
[    1.257550] GICv3: CPU112: using allocated LPI pending table @0x0000000100b00000
[    1.257726] CPU112: Booted secondary processor 0x01002f0000 [0x410fd4f0]
[    1.270280] Detected PIPT I-cache on CPU113
[    1.271151] GICv3: CPU113: found redistributor 100300000 region 1:0x0000100022c80000
[    1.271327] GICv3: CPU113: using allocated LPI pending table @0x0000000100b10000
[    1.271501] CPU113: Booted secondary processor 0x0100300000 [0x410fd4f0]
[    1.284150] Detected PIPT I-cache on CPU114
[    1.285023] GICv3: CPU114: found redistributor 100310000 region 1:0x0000100022cc0000
[    1.285197] GICv3: CPU114: using allocated LPI pending table @0x0000000100b20000
[    1.285373] CPU114: Booted secondary processor 0x0100310000 [0x410fd4f0]
[    1.298095] Detected PIPT I-cache on CPU115
[    1.298966] GICv3: CPU115: found redistributor 100320000 region 1:0x0000100022d00000
[    1.299143] GICv3: CPU115: using allocated LPI pending table @0x0000000100b30000
[    1.299316] CPU115: Booted secondary processor 0x0100320000 [0x410fd4f0]
[    1.312050] Detected PIPT I-cache on CPU116
[    1.312943] GICv3: CPU116: found redistributor 100330000 region 1:0x0000100022d40000
[    1.313118] GICv3: CPU116: using allocated LPI pending table @0x0000000100b40000
[    1.313294] CPU116: Booted secondary processor 0x0100330000 [0x410fd4f0]
[    1.326259] Detected PIPT I-cache on CPU117
[    1.327154] GICv3: CPU117: found redistributor 100340000 region 1:0x0000100022d80000
[    1.327329] GICv3: CPU117: using allocated LPI pending table @0x0000000100b50000
[    1.327495] CPU117: Booted secondary processor 0x0100340000 [0x410fd4f0]
[    1.340354] Detected PIPT I-cache on CPU118
[    1.341253] GICv3: CPU118: found redistributor 100350000 region 1:0x0000100022dc0000
[    1.341427] GICv3: CPU118: using allocated LPI pending table @0x0000000100b60000
[    1.341606] CPU118: Booted secondary processor 0x0100350000 [0x410fd4f0]
[    1.354525] Detected PIPT I-cache on CPU119
[    1.355445] GICv3: CPU119: found redistributor 100360000 region 1:0x0000100022e00000
[    1.355620] GICv3: CPU119: using allocated LPI pending table @0x0000000100b70000
[    1.355799] CPU119: Booted secondary processor 0x0100360000 [0x410fd4f0]
[    1.368634] Detected PIPT I-cache on CPU120
[    1.369570] GICv3: CPU120: found redistributor 100370000 region 1:0x0000100022e40000
[    1.369746] GICv3: CPU120: using allocated LPI pending table @0x0000000100b80000
[    1.369923] CPU120: Booted secondary processor 0x0100370000 [0x410fd4f0]
[    1.382790] Detected PIPT I-cache on CPU121
[    1.383735] GICv3: CPU121: found redistributor 100380000 region 1:0x0000100022e80000
[    1.383912] GICv3: CPU121: using allocated LPI pending table @0x0000000100b90000
[    1.384095] CPU121: Booted secondary processor 0x0100380000 [0x410fd4f0]
[    1.396853] Detected PIPT I-cache on CPU122
[    1.397789] GICv3: CPU122: found redistributor 1003a0000 region 1:0x0000100022f00000
[    1.397963] GICv3: CPU122: using allocated LPI pending table @0x0000000100ba0000
[    1.398135] CPU122: Booted secondary processor 0x01003a0000 [0x410fd4f0]
[    1.410937] Detected PIPT I-cache on CPU123
[    1.411869] GICv3: CPU123: found redistributor 1003b0000 region 1:0x0000100022f40000
[    1.412045] GICv3: CPU123: using allocated LPI pending table @0x0000000100bb0000
[    1.412219] CPU123: Booted secondary processor 0x01003b0000 [0x410fd4f0]
[    1.424942] Detected PIPT I-cache on CPU124
[    1.425898] GICv3: CPU124: found redistributor 1003c0000 region 1:0x0000100022f80000
[    1.426073] GICv3: CPU124: using allocated LPI pending table @0x0000000100bc0000
[    1.426250] CPU124: Booted secondary processor 0x01003c0000 [0x410fd4f0]
[    1.439029] Detected PIPT I-cache on CPU125
[    1.439977] GICv3: CPU125: found redistributor 1003d0000 region 1:0x0000100022fc0000
[    1.440154] GICv3: CPU125: using allocated LPI pending table @0x0000000100bd0000
[    1.440332] CPU125: Booted secondary processor 0x01003d0000 [0x410fd4f0]
[    1.452974] Detected PIPT I-cache on CPU126
[    1.453949] GICv3: CPU126: found redistributor 1003e0000 region 1:0x0000100023000000
[    1.454126] GICv3: CPU126: using allocated LPI pending table @0x0000000100be0000
[    1.454305] CPU126: Booted secondary processor 0x01003e0000 [0x410fd4f0]
[    1.467032] Detected PIPT I-cache on CPU127
[    1.468010] GICv3: CPU127: found redistributor 1003f0000 region 1:0x0000100023040000
[    1.468191] GICv3: CPU127: using allocated LPI pending table @0x0000000100bf0000
[    1.468372] CPU127: Booted secondary processor 0x01003f0000 [0x410fd4f0]
[    1.481212] Detected PIPT I-cache on CPU128
[    1.482192] GICv3: CPU128: found redistributor 100400000 region 1:0x0000100023080000
[    1.482370] GICv3: CPU128: using allocated LPI pending table @0x0000000100c00000
[    1.482545] CPU128: Booted secondary processor 0x0100400000 [0x410fd4f0]
[    1.495341] Detected PIPT I-cache on CPU129
[    1.496315] GICv3: CPU129: found redistributor 100410000 region 1:0x00001000230c0000
[    1.496495] GICv3: CPU129: using allocated LPI pending table @0x0000000100c10000
[    1.496670] CPU129: Booted secondary processor 0x0100410000 [0x410fd4f0]
[    1.509705] Detected PIPT I-cache on CPU130
[    1.510716] GICv3: CPU130: found redistributor 100420000 region 1:0x0000100023100000
[    1.510895] GICv3: CPU130: using allocated LPI pending table @0x0000000100c20000
[    1.511074] CPU130: Booted secondary processor 0x0100420000 [0x410fd4f0]
[    1.524189] Detected PIPT I-cache on CPU131
[    1.525205] GICv3: CPU131: found redistributor 100430000 region 1:0x0000100023140000
[    1.525385] GICv3: CPU131: using allocated LPI pending table @0x0000000100c30000
[    1.525554] CPU131: Booted secondary processor 0x0100430000 [0x410fd4f0]
[    1.538586] Detected PIPT I-cache on CPU132
[    1.539599] GICv3: CPU132: found redistributor 100440000 region 1:0x0000100023180000
[    1.539780] GICv3: CPU132: using allocated LPI pending table @0x0000000100c40000
[    1.539961] CPU132: Booted secondary processor 0x0100440000 [0x410fd4f0]
[    1.552984] Detected PIPT I-cache on CPU133
[    1.554032] GICv3: CPU133: found redistributor 100460000 region 1:0x0000100023200000
[    1.554212] GICv3: CPU133: using allocated LPI pending table @0x0000000100c50000
[    1.554394] CPU133: Booted secondary processor 0x0100460000 [0x410fd4f0]
[    1.567328] Detected PIPT I-cache on CPU134
[    1.568365] GICv3: CPU134: found redistributor 100480000 region 1:0x0000100023280000
[    1.568543] GICv3: CPU134: using allocated LPI pending table @0x0000000100c60000
[    1.568711] CPU134: Booted secondary processor 0x0100480000 [0x410fd4f0]
[    1.581667] Detected PIPT I-cache on CPU135
[    1.582716] GICv3: CPU135: found redistributor 100490000 region 1:0x00001000232c0000
[    1.582895] GICv3: CPU135: using allocated LPI pending table @0x0000000100c70000
[    1.583077] CPU135: Booted secondary processor 0x0100490000 [0x410fd4f0]
[    1.596051] Detected PIPT I-cache on CPU136
[    1.597104] GICv3: CPU136: found redistributor 1004a0000 region 1:0x0000100023300000
[    1.597282] GICv3: CPU136: using allocated LPI pending table @0x0000000100c80000
[    1.597463] CPU136: Booted secondary processor 0x01004a0000 [0x410fd4f0]
[    1.610357] Detected PIPT I-cache on CPU137
[    1.611425] GICv3: CPU137: found redistributor 1004b0000 region 1:0x0000100023340000
[    1.611603] GICv3: CPU137: using allocated LPI pending table @0x0000000100c90000
[    1.611784] CPU137: Booted secondary processor 0x01004b0000 [0x410fd4f0]
[    1.624603] Detected PIPT I-cache on CPU138
[    1.625669] GICv3: CPU138: found redistributor 1004c0000 region 1:0x0000100023380000
[    1.625850] GICv3: CPU138: using allocated LPI pending table @0x0000000100ca0000
[    1.626033] CPU138: Booted secondary processor 0x01004c0000 [0x410fd4f0]
[    1.638763] Detected PIPT I-cache on CPU139
[    1.639852] GICv3: CPU139: found redistributor 1004d0000 region 1:0x00001000233c0000
[    1.640035] GICv3: CPU139: using allocated LPI pending table @0x0000000100cb0000
[    1.640219] CPU139: Booted secondary processor 0x01004d0000 [0x410fd4f0]
[    1.653185] Detected PIPT I-cache on CPU140
[    1.654250] GICv3: CPU140: found redistributor 1004e0000 region 1:0x0000100023400000
[    1.654437] GICv3: CPU140: using allocated LPI pending table @0x0000000100cc0000
[    1.654622] CPU140: Booted secondary processor 0x01004e0000 [0x410fd4f0]
[    1.667620] Detected PIPT I-cache on CPU141
[    1.668697] GICv3: CPU141: found redistributor 1004f0000 region 1:0x0000100023440000
[    1.668879] GICv3: CPU141: using allocated LPI pending table @0x0000000100cd0000
[    1.669064] CPU141: Booted secondary processor 0x01004f0000 [0x410fd4f0]
[    1.682047] Detected PIPT I-cache on CPU142
[    1.683138] GICv3: CPU142: found redistributor 100500000 region 1:0x0000100023480000
[    1.683320] GICv3: CPU142: using allocated LPI pending table @0x0000000100ce0000
[    1.683501] CPU142: Booted secondary processor 0x0100500000 [0x410fd4f0]
[    1.696550] Detected PIPT I-cache on CPU143
[    1.697639] GICv3: CPU143: found redistributor 100510000 region 1:0x00001000234c0000
[    1.697822] GICv3: CPU143: using allocated LPI pending table @0x0000000100cf0000
[    1.697999] CPU143: Booted secondary processor 0x0100510000 [0x410fd4f0]
[    1.699295] smp: Brought up 2 nodes, 144 CPUs
[    1.699308] SMP: Total of 144 processors activated.
[    1.699315] CPU features: detected: Branch Target Identification
[    1.699321] CPU features: detected: ARMv8.4 Translation Table Level
[    1.699324] CPU features: detected: Instruction cache invalidation not required for I/D coherence
[    1.699325] CPU features: detected: Data cache clean to the PoU not required for I/D coherence
[    1.699327] CPU features: detected: Common not Private translations
[    1.699330] CPU features: detected: CRC32 instructions
[    1.699330] CPU features: detected: Data cache clean to Point of Deep Persistence
[    1.699332] CPU features: detected: Data cache clean to Point of Persistence
[    1.699332] CPU features: detected: Data independent timing control (DIT)
[    1.699333] CPU features: detected: E0PD
[    1.699334] CPU features: detected: Enhanced Privileged Access Never
[    1.699335] CPU features: detected: Generic authentication (architected QARMA5 algorithm)
[    1.699336] CPU features: detected: RCpc load-acquire (LDAPR)
[    1.699336] CPU features: detected: LSE atomic instructions
[    1.699336] CPU features: detected: Privileged Access Never
[    1.699337] CPU features: detected: RAS Extension Support
[    1.699337] CPU features: detected: Speculation barrier (SB)
[    1.699338] CPU features: detected: Stage-2 Force Write-Back
[    1.699339] CPU features: detected: TLB range maintenance instructions
[    1.699342] CPU features: detected: Speculative Store Bypassing Safe (SSBS)
[    1.699342] CPU features: detected: Scalable Vector Extension
[    1.700628] CPU features: detected CPU0: Activity Monitors Unit (AMU)
[    1.700635] CPU features: detected CPU34: Activity Monitors Unit (AMU)
[    1.700636] CPU features: detected CPU43: Activity Monitors Unit (AMU)
[    1.700637] CPU features: detected CPU5: Activity Monitors Unit (AMU)
[    1.700636] CPU features: detected CPU19: Activity Monitors Unit (AMU)
[    1.700637] CPU features: detected CPU27: Activity Monitors Unit (AMU)
[    1.700637] CPU features: detected CPU11: Activity Monitors Unit (AMU)
[    1.700636] CPU features: detected CPU29: Activity Monitors Unit (AMU)
[    1.700637] CPU features: detected CPU16: Activity Monitors Unit (AMU)
[    1.700637] CPU features: detected CPU31: Activity Monitors Unit (AMU)
[    1.700637] CPU features: detected CPU32: Activity Monitors Unit (AMU)
[    1.700638] CPU features: detected CPU54: Activity Monitors Unit (AMU)
[    1.700636] CPU features: detected CPU26: Activity Monitors Unit (AMU)
[    1.700637] CPU features: detected CPU2: Activity Monitors Unit (AMU)
[    1.700637] CPU features: detected CPU21: Activity Monitors Unit (AMU)
[    1.700637] CPU features: detected CPU59: Activity Monitors Unit (AMU)
[    1.700637] CPU features: detected CPU4: Activity Monitors Unit (AMU)
[    1.700635] CPU features: detected CPU8: Activity Monitors Unit (AMU)
[    1.700636] CPU features: detected CPU41: Activity Monitors Unit (AMU)
[    1.700637] CPU features: detected CPU58: Activity Monitors Unit (AMU)
[    1.700636] CPU features: detected CPU6: Activity Monitors Unit (AMU)
[    1.700637] CPU features: detected CPU13: Activity Monitors Unit (AMU)
[    1.700637] CPU features: detected CPU57: Activity Monitors Unit (AMU)
[    1.700637] CPU features: detected CPU52: Activity Monitors Unit (AMU)
[    1.700638] CPU features: detected CPU42: Activity Monitors Unit (AMU)
[    1.700637] CPU features: detected CPU25: Activity Monitors Unit (AMU)
[    1.700637] CPU features: detected CPU17: Activity Monitors Unit (AMU)
[    1.700636] CPU features: detected CPU30: Activity Monitors Unit (AMU)
[    1.700637] CPU features: detected CPU71: Activity Monitors Unit (AMU)
[    1.700636] CPU features: detected CPU9: Activity Monitors Unit (AMU)
[    1.700637] CPU features: detected CPU1: Activity Monitors Unit (AMU)
[    1.700637] CPU features: detected CPU39: Activity Monitors Unit (AMU)
[    1.700637] CPU features: detected CPU33: Activity Monitors Unit (AMU)
[    1.700637] CPU features: detected CPU15: Activity Monitors Unit (AMU)
[    1.700637] CPU features: detected CPU28: Activity Monitors Unit (AMU)
[    1.700637] CPU features: detected CPU70: Activity Monitors Unit (AMU)
[    1.700637] CPU features: detected CPU18: Activity Monitors Unit (AMU)
[    1.700637] CPU features: detected CPU47: Activity Monitors Unit (AMU)
[    1.700638] CPU features: detected CPU24: Activity Monitors Unit (AMU)
[    1.700637] CPU features: detected CPU14: Activity Monitors Unit (AMU)
[    1.700637] CPU features: detected CPU40: Activity Monitors Unit (AMU)
[    1.700637] CPU features: detected CPU50: Activity Monitors Unit (AMU)
[    1.700638] CPU features: detected CPU55: Activity Monitors Unit (AMU)
[    1.700636] CPU features: detected CPU22: Activity Monitors Unit (AMU)
[    1.700636] CPU features: detected CPU7: Activity Monitors Unit (AMU)
[    1.700637] CPU features: detected CPU23: Activity Monitors Unit (AMU)
[    1.700637] CPU features: detected CPU49: Activity Monitors Unit (AMU)
[    1.700637] CPU features: detected CPU60: Activity Monitors Unit (AMU)
[    1.700637] CPU features: detected CPU63: Activity Monitors Unit (AMU)
[    1.700637] CPU features: detected CPU61: Activity Monitors Unit (AMU)
[    1.700636] CPU features: detected CPU53: Activity Monitors Unit (AMU)
[    1.700635] CPU features: detected CPU64: Activity Monitors Unit (AMU)
[    1.700637] CPU features: detected CPU10: Activity Monitors Unit (AMU)
[    1.700637] CPU features: detected CPU65: Activity Monitors Unit (AMU)
[    1.700636] CPU features: detected CPU35: Activity Monitors Unit (AMU)
[    1.700637] CPU features: detected CPU20: Activity Monitors Unit (AMU)
[    1.700637] CPU features: detected CPU66: Activity Monitors Unit (AMU)
[    1.700637] CPU features: detected CPU3: Activity Monitors Unit (AMU)
[    1.700636] CPU features: detected CPU45: Activity Monitors Unit (AMU)
[    1.700637] CPU features: detected CPU51: Activity Monitors Unit (AMU)
[    1.700637] CPU features: detected CPU46: Activity Monitors Unit (AMU)
[    1.700636] CPU features: detected CPU44: Activity Monitors Unit (AMU)
[    1.700636] CPU features: detected CPU38: Activity Monitors Unit (AMU)
[    1.700637] CPU features: detected CPU56: Activity Monitors Unit (AMU)
[    1.700637] CPU features: detected CPU12: Activity Monitors Unit (AMU)
[    1.700638] CPU features: detected CPU69: Activity Monitors Unit (AMU)
[    1.700637] CPU features: detected CPU36: Activity Monitors Unit (AMU)
[    1.700637] CPU features: detected CPU67: Activity Monitors Unit (AMU)
[    1.700637] CPU features: detected CPU68: Activity Monitors Unit (AMU)
[    1.700637] CPU features: detected CPU37: Activity Monitors Unit (AMU)
[    1.700637] CPU features: detected CPU48: Activity Monitors Unit (AMU)
[    1.700637] CPU features: detected CPU143: Activity Monitors Unit (AMU)
[    1.700637] CPU features: detected CPU62: Activity Monitors Unit (AMU)
[    1.700636] CPU features: detected CPU105: Activity Monitors Unit (AMU)
[    1.700637] CPU features: detected CPU141: Activity Monitors Unit (AMU)
[    1.700635] CPU features: detected CPU93: Activity Monitors Unit (AMU)
[    1.700636] CPU features: detected CPU103: Activity Monitors Unit (AMU)
[    1.700636] CPU features: detected CPU91: Activity Monitors Unit (AMU)
[    1.700637] CPU features: detected CPU80: Activity Monitors Unit (AMU)
[    1.700637] CPU features: detected CPU87: Activity Monitors Unit (AMU)
[    1.700636] CPU features: detected CPU78: Activity Monitors Unit (AMU)
[    1.700637] CPU features: detected CPU77: Activity Monitors Unit (AMU)
[    1.700637] CPU features: detected CPU90: Activity Monitors Unit (AMU)
[    1.700636] CPU features: detected CPU130: Activity Monitors Unit (AMU)
[    1.700638] CPU features: detected CPU76: Activity Monitors Unit (AMU)
[    1.700636] CPU features: detected CPU75: Activity Monitors Unit (AMU)
[    1.700637] CPU features: detected CPU102: Activity Monitors Unit (AMU)
[    1.700636] CPU features: detected CPU124: Activity Monitors Unit (AMU)
[    1.700637] CPU features: detected CPU128: Activity Monitors Unit (AMU)
[    1.700636] CPU features: detected CPU97: Activity Monitors Unit (AMU)
[    1.700637] CPU features: detected CPU74: Activity Monitors Unit (AMU)
[    1.700637] CPU features: detected CPU72: Activity Monitors Unit (AMU)
[    1.700636] CPU features: detected CPU79: Activity Monitors Unit (AMU)
[    1.700637] CPU features: detected CPU92: Activity Monitors Unit (AMU)
[    1.700637] CPU features: detected CPU73: Activity Monitors Unit (AMU)
[    1.700635] CPU features: detected CPU101: Activity Monitors Unit (AMU)
[    1.700637] CPU features: detected CPU100: Activity Monitors Unit (AMU)
[    1.700636] CPU features: detected CPU84: Activity Monitors Unit (AMU)
[    1.700636] CPU features: detected CPU120: Activity Monitors Unit (AMU)
[    1.700637] CPU features: detected CPU99: Activity Monitors Unit (AMU)
[    1.700635] CPU features: detected CPU132: Activity Monitors Unit (AMU)
[    1.700637] CPU features: detected CPU129: Activity Monitors Unit (AMU)
[    1.700636] CPU features: detected CPU85: Activity Monitors Unit (AMU)
[    1.700636] CPU features: detected CPU88: Activity Monitors Unit (AMU)
[    1.700636] CPU features: detected CPU104: Activity Monitors Unit (AMU)
[    1.700636] CPU features: detected CPU89: Activity Monitors Unit (AMU)
[    1.700636] CPU features: detected CPU117: Activity Monitors Unit (AMU)
[    1.700636] CPU features: detected CPU106: Activity Monitors Unit (AMU)
[    1.700637] CPU features: detected CPU134: Activity Monitors Unit (AMU)
[    1.700637] CPU features: detected CPU121: Activity Monitors Unit (AMU)
[    1.700637] CPU features: detected CPU131: Activity Monitors Unit (AMU)
[    1.700636] CPU features: detected CPU123: Activity Monitors Unit (AMU)
[    1.700636] CPU features: detected CPU112: Activity Monitors Unit (AMU)
[    1.700638] CPU features: detected CPU83: Activity Monitors Unit (AMU)
[    1.700637] CPU features: detected CPU142: Activity Monitors Unit (AMU)
[    1.700636] CPU features: detected CPU111: Activity Monitors Unit (AMU)
[    1.700636] CPU features: detected CPU110: Activity Monitors Unit (AMU)
[    1.700637] CPU features: detected CPU82: Activity Monitors Unit (AMU)
[    1.700636] CPU features: detected CPU114: Activity Monitors Unit (AMU)
[    1.700636] CPU features: detected CPU109: Activity Monitors Unit (AMU)
[    1.700637] CPU features: detected CPU115: Activity Monitors Unit (AMU)
[    1.700637] CPU features: detected CPU137: Activity Monitors Unit (AMU)
[    1.700636] CPU features: detected CPU107: Activity Monitors Unit (AMU)
[    1.700636] CPU features: detected CPU94: Activity Monitors Unit (AMU)
[    1.700636] CPU features: detected CPU125: Activity Monitors Unit (AMU)
[    1.700637] CPU features: detected CPU98: Activity Monitors Unit (AMU)
[    1.700636] CPU features: detected CPU86: Activity Monitors Unit (AMU)
[    1.700636] CPU features: detected CPU96: Activity Monitors Unit (AMU)
[    1.700636] CPU features: detected CPU116: Activity Monitors Unit (AMU)
[    1.700637] CPU features: detected CPU140: Activity Monitors Unit (AMU)
[    1.700636] CPU features: detected CPU126: Activity Monitors Unit (AMU)
[    1.700638] CPU features: detected CPU81: Activity Monitors Unit (AMU)
[    1.700636] CPU features: detected CPU108: Activity Monitors Unit (AMU)
[    1.700636] CPU features: detected CPU118: Activity Monitors Unit (AMU)
[    1.700636] CPU features: detected CPU122: Activity Monitors Unit (AMU)
[    1.700635] CPU features: detected CPU113: Activity Monitors Unit (AMU)
[    1.700637] CPU features: detected CPU133: Activity Monitors Unit (AMU)
[    1.700637] CPU features: detected CPU139: Activity Monitors Unit (AMU)
[    1.700637] CPU features: detected CPU127: Activity Monitors Unit (AMU)
[    1.700636] CPU features: detected CPU95: Activity Monitors Unit (AMU)
[    1.700636] CPU features: detected CPU138: Activity Monitors Unit (AMU)
[    1.700637] CPU features: detected CPU119: Activity Monitors Unit (AMU)
[    1.700636] CPU features: detected CPU136: Activity Monitors Unit (AMU)
[    1.700637] CPU features: detected CPU135: Activity Monitors Unit (AMU)
[    1.701986] SVE: maximum available vector length 16 bytes per vector
[    1.701999] SVE: default vector length 16 bytes per vector
[    1.702033] CPU: All CPU(s) started at EL2
[    1.702034] alternatives: applying system-wide alternatives
[    1.719795] devtmpfs: initialized
[    1.743988] clocksource: jiffies: mask: 0xffffffff max_cycles: 0xffffffff, max_idle_ns: 19112604462750000 ns
[    1.744032] futex hash table entries: 65536 (order: 10, 4194304 bytes, vmalloc hugepage)
[    1.745097] pinctrl core: initialized pinctrl subsystem
[    1.745306] SMBIOS 3.6.0 present.
[    1.745310] DMI: To be filled by O.E.M. To be filled by O.E.M./P4352, BIOS 5.31 09/05/2023
[    1.745709] NET: Registered PF_NETLINK/PF_ROUTE protocol family
[    1.767820] DMA: preallocated 16384 KiB GFP_KERNEL pool for atomic allocations
[    1.776557] DMA: preallocated 16384 KiB GFP_KERNEL|GFP_DMA pool for atomic allocations
[    1.785529] DMA: preallocated 16384 KiB GFP_KERNEL|GFP_DMA32 pool for atomic allocations
[    1.786049] audit: initializing netlink subsys (disabled)
[    1.786676] audit: type=2000 audit(1.780:1): state=initialized audit_enabled=0 res=1
[    1.789519] thermal_sys: Registered thermal governor 'fair_share'
[    1.789551] thermal_sys: Registered thermal governor 'step_wise'
[    1.789565] thermal_sys: Registered thermal governor 'user_space'
[    1.789987] cpuidle: using governor menu
[    1.792109] hw-breakpoint: found 6 breakpoint and 4 watchpoint registers.
[    1.811691] ASID allocator initialised with 65536 entries
[    1.812448] acpiphp: ACPI Hot Plug PCI Controller Driver version: 0.5
[    1.813900] Serial: AMBA PL011 UART driver
[    1.850187] KASLR enabled
[    1.855129] HugeTLB: registered 1.00 GiB page size, pre-allocated 0 pages
[    1.855157] HugeTLB: 0 KiB vmemmap can be freed for a 1.00 GiB page
[    1.855189] HugeTLB: registered 32.0 MiB page size, pre-allocated 0 pages
[    1.855208] HugeTLB: 0 KiB vmemmap can be freed for a 32.0 MiB page
[    1.855232] HugeTLB: registered 2.00 MiB page size, pre-allocated 0 pages
[    1.855246] HugeTLB: 0 KiB vmemmap can be freed for a 2.00 MiB page
[    1.855265] HugeTLB: registered 64.0 KiB page size, pre-allocated 0 pages
[    1.855279] HugeTLB: 0 KiB vmemmap can be freed for a 64.0 KiB page
[    1.860326] cryptd: max_cpu_qlen set to 1000
[    1.864947] raid6: skipped pq benchmark and selected neonx8
[    1.864966] raid6: using neon recovery algorithm
[    1.867903] ACPI: Added _OSI(Module Device)
[    1.867938] ACPI: Added _OSI(Processor Device)
[    1.867965] ACPI: Added _OSI(3.0 _SCP Extensions)
[    1.867991] ACPI: Added _OSI(Processor Aggregator Device)
[    1.958785] ACPI: 21 ACPI AML tables successfully acquired and loaded
[    2.000771] ACPI: Interpreter enabled
[    2.000789] ACPI: Using GIC for interrupt routing
[    2.020636] ACPI: MCFG table detected, 14 entries
[    2.020693] ACPI: IORT: SMMU-v3[11000000] Mapped to Proximity domain 0
[    2.021467] ACPI: IORT: SMMU-v3[12000000] Mapped to Proximity domain 0
[    2.022078] ACPI: IORT: SMMU-v3[15000000] Mapped to Proximity domain 0
[    2.022649] ACPI: IORT: SMMU-v3[16000000] Mapped to Proximity domain 0
[    2.023219] ACPI: IORT: SMMU-v3[5000000] Mapped to Proximity domain 0
[    2.023751] ACPI: IORT: SMMU-v3[100011000000] Mapped to Proximity domain 1
[    2.024337] ACPI: IORT: SMMU-v3[100012000000] Mapped to Proximity domain 1
[    2.024887] ACPI: IORT: SMMU-v3[100015000000] Mapped to Proximity domain 1
[    2.025447] ACPI: IORT: SMMU-v3[100016000000] Mapped to Proximity domain 1
[    2.026002] ACPI: IORT: SMMU-v3[100005000000] Mapped to Proximity domain 1
[    2.048486] HEST: Table parsing has been initialized.
[    2.049150] sdei: SDEIv1.0 (0x0) detected in firmware.
[    2.082231] {1}[Hardware Error]: Hardware error from APEI Generic Hardware Error Source: 2561
[    2.082265] {1}[Hardware Error]: It has been corrected by h/w and requires no further action
[    2.082284] {1}[Hardware Error]: event severity: corrected
[    2.082305] {1}[Hardware Error]:  Error 0, type: corrected
[    2.082330] {1}[Hardware Error]:   section type: unknown, 6d5244f2-2712-11ec-bea7-cb3fdb95c786
[    2.082363] {1}[Hardware Error]:   section length: 0x30
[    2.082404] {1}[Hardware Error]:   00000000: 5f4d5348 455f5753 00005252 00000000  HSM_SW_ERR......
[    2.082441] {1}[Hardware Error]:   00000010: 00000000 00010100 0d000000 00000000  ................
[    2.082474] {1}[Hardware Error]:   00000020: 0d650010 00001000 c0e04310 00000000  ..e......C......
[    2.100130] GHES: APEI firmware first mode is enabled by APEI bit and WHEA _OSC.
[    2.327907] ARMH0011:00: ttyAMA0 at MMIO 0xc280000 (irq = 76, base_baud = 0) is a SBSA
[    2.328019] printk: console [ttyAMA0] enabled
[   10.147020] ACPI: PCI Root Bridge [PCI0] (domain 0000 [bus 00-ff])
[   10.153740] acpi PNP0A08:00: _OSC: OS supports [ExtendedConfig ASPM ClockPM Segments MSI EDR HPX-Type3]
[   10.164329] acpi PNP0A08:00: _OSC: platform does not support [PME AER DPC]
[   10.172515] acpi PNP0A08:00: _OSC: OS now controls [PCIeHotplug PCIeCapability LTR]
[   10.188348] acpi PNP0A08:00: ECAM area [mem 0x600010000000-0x60001fffffff] reserved by PNP0C02:02
[   10.197761] acpi PNP0A08:00: ECAM at [mem 0x600010000000-0x60001fffffff] for [bus 00-ff]
[   10.206301] ACPI: Remapped I/O 0x0000600020000000 to [io  0x0000-0xffff window]
[   10.214629] PCI host bridge to bus 0000:00
[   10.218865] pci_bus 0000:00: root bus resource [mem 0x600040000000-0x6000bfffffff window] (bus address [0x40000000-0xbfffffff])
[   10.230694] pci_bus 0000:00: root bus resource [mem 0x6000c0000000-0x607fffffffff window]
[   10.239096] pci_bus 0000:00: root bus resource [io  0x0000-0xffff window]
[   10.246112] pci_bus 0000:00: root bus resource [bus 00-ff]
[   10.251905] pci 0000:00:00.0: [10de:22b2] type 01 class 0x060400
[   10.258237] pci 0000:00:00.0: enabling Extended Tags
[   10.263849] pci 0000:00:00.0: PME# supported from D0 D3hot
[   10.273335] pci_bus 0000:00: on NUMA node 0
[   10.273380] pci 0000:00:00.0: bridge window [io  0x1000-0x0fff] to [bus 01] add_size 1000
[   10.281838] pci 0000:00:00.0: bridge window [mem 0x00100000-0x000fffff 64bit pref] to [bus 01] add_size 200000 add_align 100000
[   10.293671] pci 0000:00:00.0: bridge window [mem 0x00100000-0x000fffff] to [bus 01] add_size 200000 add_align 100000
[   10.304539] pci 0000:00:00.0: BAR 14: assigned [mem 0x600040000000-0x6000401fffff]
[   10.312342] pci 0000:00:00.0: BAR 15: assigned [mem 0x6000c0000000-0x6000c01fffff 64bit pref]
[   10.321133] pci 0000:00:00.0: BAR 13: assigned [io  0x1000-0x1fff]
[   10.327506] pci 0000:00:00.0: PCI bridge to [bus 01]
[   10.332642] pci 0000:00:00.0:   bridge window [io  0x1000-0x1fff]
[   10.338913] pci 0000:00:00.0:   bridge window [mem 0x600040000000-0x6000401fffff]
[   10.346631] pci 0000:00:00.0:   bridge window [mem 0x6000c0000000-0x6000c01fffff 64bit pref]
[   10.355305] pci_bus 0000:00: resource 4 [mem 0x600040000000-0x6000bfffffff window]
[   10.363112] pci_bus 0000:00: resource 5 [mem 0x6000c0000000-0x607fffffffff window]
[   10.370890] pci_bus 0000:00: resource 6 [io  0x0000-0xffff window]
[   10.377269] pci_bus 0000:01: resource 0 [io  0x1000-0x1fff]
[   10.383000] pci_bus 0000:01: resource 1 [mem 0x600040000000-0x6000401fffff]
[   10.390180] pci_bus 0000:01: resource 2 [mem 0x6000c0000000-0x6000c01fffff 64bit pref]
[   10.398881] ACPI: PCI Root Bridge [PCI2] (domain 0002 [bus 00-ff])
[   10.405297] acpi PNP0A08:01: _OSC: OS supports [ExtendedConfig ASPM ClockPM Segments MSI EDR HPX-Type3]
[   10.415597] acpi PNP0A08:01: _OSC: platform does not support [PME AER DPC]
[   10.423676] acpi PNP0A08:01: _OSC: OS now controls [PCIeHotplug PCIeCapability LTR]
[   10.439470] acpi PNP0A08:01: ECAM area [mem 0x610010000000-0x61001fffffff] reserved by PNP0C02:03
[   10.448819] acpi PNP0A08:01: ECAM at [mem 0x610010000000-0x61001fffffff] for [bus 00-ff]
[   10.457293] ACPI: Remapped I/O 0x0000610020000000 to [io  0x10000-0x1ffff window]
[   10.465826] PCI host bridge to bus 0002:00
[   10.470056] pci_bus 0002:00: root bus resource [mem 0x610040000000-0x6100bfffffff window] (bus address [0x40000000-0xbfffffff])
[   10.481972] pci_bus 0002:00: root bus resource [mem 0x6100c0000000-0x617fffffffff window]
[   10.490383] pci_bus 0002:00: root bus resource [io  0x10000-0x1ffff window] (bus address [0x0000-0xffff])
[   10.500241] pci_bus 0002:00: root bus resource [bus 00-ff]
[   10.506001] pci 0002:00:00.0: [10de:22b2] type 01 class 0x060400
[   10.512295] pci 0002:00:00.0: enabling Extended Tags
[   10.517661] pci 0002:00:00.0: PME# supported from D0 D3hot
[   10.526913] pci 0002:01:00.0: [144d:a80a] type 00 class 0x010802
[   10.533134] pci 0002:01:00.0: reg 0x10: [mem 0x610040010000-0x610040013fff 64bit]
[   10.540935] pci 0002:01:00.0: reg 0x30: [mem 0x610040000000-0x61004000ffff pref]
[   10.548555] pci 0002:01:00.0: enabling Extended Tags
[   10.554801] pci_bus 0002:00: on NUMA node 0
[   10.554835] pci 0002:00:00.0: bridge window [io  0x1000-0x0fff] to [bus 01] add_size 1000
[   10.563260] pci 0002:00:00.0: bridge window [mem 0x00100000-0x000fffff 64bit pref] to [bus 01] add_size 200000 add_align 100000
[   10.575110] pci 0002:00:00.0: bridge window [mem 0x00100000-0x001fffff] to [bus 01] add_size 100000 add_align 100000
[   10.585968] pci 0002:00:00.0: BAR 14: assigned [mem 0x610040000000-0x6100401fffff]
[   10.593756] pci 0002:00:00.0: BAR 15: assigned [mem 0x6100c0000000-0x6100c01fffff 64bit pref]
[   10.602546] pci 0002:00:00.0: BAR 13: assigned [io  0x10000-0x10fff]
[   10.609187] pci 0002:01:00.0: BAR 6: assigned [mem 0x610040000000-0x61004000ffff pref]
[   10.617363] pci 0002:01:00.0: BAR 0: assigned [mem 0x610040010000-0x610040013fff 64bit]
[   10.625696] pci 0002:00:00.0: PCI bridge to [bus 01]
[   10.630832] pci 0002:00:00.0:   bridge window [io  0x10000-0x10fff]
[   10.637279] pci 0002:00:00.0:   bridge window [mem 0x610040000000-0x6100401fffff]
[   10.644995] pci 0002:00:00.0:   bridge window [mem 0x6100c0000000-0x6100c01fffff 64bit pref]
[   10.653669] pci_bus 0002:00: resource 4 [mem 0x610040000000-0x6100bfffffff window]
[   10.661475] pci_bus 0002:00: resource 5 [mem 0x6100c0000000-0x617fffffffff window]
[   10.669249] pci_bus 0002:00: resource 6 [io  0x10000-0x1ffff window]
[   10.675803] pci_bus 0002:01: resource 0 [io  0x10000-0x10fff]
[   10.681710] pci_bus 0002:01: resource 1 [mem 0x610040000000-0x6100401fffff]
[   10.688886] pci_bus 0002:01: resource 2 [mem 0x6100c0000000-0x6100c01fffff 64bit pref]
[   10.697487] ACPI: PCI Root Bridge [PCI3] (domain 0003 [bus 00-ff])
[   10.704066] acpi PNP0A08:02: _OSC: OS supports [ExtendedConfig ASPM ClockPM Segments MSI EDR HPX-Type3]
[   10.714335] acpi PNP0A08:02: _OSC: platform does not support [PME AER DPC]
[   10.722403] acpi PNP0A08:02: _OSC: OS now controls [PCIeHotplug PCIeCapability LTR]
[   10.738347] acpi PNP0A08:02: ECAM area [mem 0x618010000000-0x61801fffffff] reserved by PNP0C02:04
[   10.747660] acpi PNP0A08:02: ECAM at [mem 0x618010000000-0x61801fffffff] for [bus 00-ff]
[   10.756101] ACPI: Remapped I/O 0x0000618020000000 to [io  0x20000-0x2ffff window]
[   10.764518] PCI host bridge to bus 0003:00
[   10.768740] pci_bus 0003:00: root bus resource [mem 0x618040000000-0x6180bfffffff window] (bus address [0x40000000-0xbfffffff])
[   10.780557] pci_bus 0003:00: root bus resource [mem 0x6180c0000000-0x61ffffffffff window]
[   10.788961] pci_bus 0003:00: root bus resource [io  0x20000-0x2ffff window] (bus address [0x0000-0xffff])
[   10.798817] pci_bus 0003:00: root bus resource [bus 00-ff]
[   10.804565] pci 0003:00:00.0: [10de:22b8] type 01 class 0x060400
[   10.810854] pci 0003:00:00.0: enabling Extended Tags
[   10.816396] pci 0003:00:00.0: PME# supported from D0 D3hot
[   10.825434] pci 0003:01:00.0: [144d:a808] type 00 class 0x010802
[   10.831654] pci 0003:01:00.0: reg 0x10: [mem 0x618040010000-0x618040013fff 64bit]
[   10.839452] pci 0003:01:00.0: reg 0x30: [mem 0x618040000000-0x61804000ffff pref]
[   10.848107] pci_bus 0003:00: on NUMA node 0
[   10.848139] pci 0003:00:00.0: bridge window [io  0x1000-0x0fff] to [bus 01] add_size 1000
[   10.856574] pci 0003:00:00.0: bridge window [mem 0x00100000-0x000fffff 64bit pref] to [bus 01] add_size 200000 add_align 100000
[   10.868389] pci 0003:00:00.0: bridge window [mem 0x00100000-0x001fffff] to [bus 01] add_size 100000 add_align 100000
[   10.879239] pci 0003:00:00.0: BAR 14: assigned [mem 0x618040000000-0x6180401fffff]
[   10.887025] pci 0003:00:00.0: BAR 15: assigned [mem 0x6180c0000000-0x6180c01fffff 64bit pref]
[   10.895812] pci 0003:00:00.0: BAR 13: assigned [io  0x20000-0x20fff]
[   10.902362] pci 0003:01:00.0: BAR 6: assigned [mem 0x618040000000-0x61804000ffff pref]
[   10.910530] pci 0003:01:00.0: BAR 0: assigned [mem 0x618040010000-0x618040013fff 64bit]
[   10.918770] pci 0003:00:00.0: PCI bridge to [bus 01]
[   10.923903] pci 0003:00:00.0:   bridge window [io  0x20000-0x20fff]
[   10.930349] pci 0003:00:00.0:   bridge window [mem 0x618040000000-0x6180401fffff]
[   10.938067] pci 0003:00:00.0:   bridge window [mem 0x6180c0000000-0x6180c01fffff 64bit pref]
[   10.946740] pci_bus 0003:00: resource 4 [mem 0x618040000000-0x6180bfffffff window]
[   10.954543] pci_bus 0003:00: resource 5 [mem 0x6180c0000000-0x61ffffffffff window]
[   10.962318] pci_bus 0003:00: resource 6 [io  0x20000-0x2ffff window]
[   10.968875] pci_bus 0003:01: resource 0 [io  0x20000-0x20fff]
[   10.974782] pci_bus 0003:01: resource 1 [mem 0x618040000000-0x6180401fffff]
[   10.981957] pci_bus 0003:01: resource 2 [mem 0x6180c0000000-0x6180c01fffff 64bit pref]
[   10.990684] ACPI: PCI Root Bridge [PCI4] (domain 0004 [bus 00-ff])
[   10.997091] acpi PNP0A08:03: _OSC: OS supports [ExtendedConfig ASPM ClockPM Segments MSI EDR HPX-Type3]
[   11.007352] acpi PNP0A08:03: _OSC: platform does not support [PME AER DPC]
[   11.015411] acpi PNP0A08:03: _OSC: OS now controls [PCIeHotplug PCIeCapability LTR]
[   11.031735] acpi PNP0A08:03: ECAM area [mem 0x620010000000-0x62001fffffff] reserved by PNP0C02:05
[   11.041073] acpi PNP0A08:03: ECAM at [mem 0x620010000000-0x62001fffffff] for [bus 00-ff]
[   11.049518] ACPI: Remapped I/O 0x0000620020000000 to [io  0x30000-0x3ffff window]
[   11.057900] PCI host bridge to bus 0004:00
[   11.062118] pci_bus 0004:00: root bus resource [mem 0x620040000000-0x6200bfffffff window] (bus address [0x40000000-0xbfffffff])
[   11.073931] pci_bus 0004:00: root bus resource [mem 0x6200c0000000-0x627fffffffff window]
[   11.082335] pci_bus 0004:00: root bus resource [io  0x30000-0x3ffff window] (bus address [0x0000-0xffff])
[   11.092189] pci_bus 0004:00: root bus resource [bus 00-ff]
[   11.097950] pci 0004:00:00.0: [10de:22b2] type 01 class 0x060400
[   11.104282] pci 0004:00:00.0: enabling Extended Tags
[   11.109779] pci 0004:00:00.0: PME# supported from D0 D3hot
[   11.119012] pci_bus 0004:00: on NUMA node 0
[   11.119038] pci 0004:00:00.0: bridge window [io  0x1000-0x0fff] to [bus 01] add_size 1000
[   11.127478] pci 0004:00:00.0: bridge window [mem 0x00100000-0x000fffff 64bit pref] to [bus 01] add_size 200000 add_align 100000
[   11.139526] pci 0004:00:00.0: bridge window [mem 0x00100000-0x000fffff] to [bus 01] add_size 200000 add_align 100000
[   11.150624] pci 0004:00:00.0: BAR 14: assigned [mem 0x620040000000-0x6200401fffff]
[   11.158412] pci 0004:00:00.0: BAR 15: assigned [mem 0x6200c0000000-0x6200c01fffff 64bit pref]
[   11.167199] pci 0004:00:00.0: BAR 13: assigned [io  0x30000-0x30fff]
[   11.173743] pci 0004:00:00.0: PCI bridge to [bus 01]
[   11.178897] pci 0004:00:00.0:   bridge window [io  0x30000-0x30fff]
[   11.185344] pci 0004:00:00.0:   bridge window [mem 0x620040000000-0x6200401fffff]
[   11.193060] pci 0004:00:00.0:   bridge window [mem 0x6200c0000000-0x6200c01fffff 64bit pref]
[   11.201733] pci_bus 0004:00: resource 4 [mem 0x620040000000-0x6200bfffffff window]
[   11.209534] pci_bus 0004:00: resource 5 [mem 0x6200c0000000-0x627fffffffff window]
[   11.217308] pci_bus 0004:00: resource 6 [io  0x30000-0x3ffff window]
[   11.223863] pci_bus 0004:01: resource 0 [io  0x30000-0x30fff]
[   11.229766] pci_bus 0004:01: resource 1 [mem 0x620040000000-0x6200401fffff]
[   11.236945] pci_bus 0004:01: resource 2 [mem 0x6200c0000000-0x6200c01fffff 64bit pref]
