[    0.000000] Booting Linux on physical CPU 0x0000000000 [0x410fd490]
[    0.000000] Linux version 5.14.21-150400.22-default (geeko@buildhost) (gcc (SUSE Linux) 7.5.0, GNU ld (GNU Binutils; SUSE Linux Enterprise 15) 2.37.20211103-150100.7.29) #1 SMP PREEMPT_DYNAMIC Wed May 11 06:57:18 UTC 2022 (49db222)
[    0.000000] efi: EFI v2.80 by EDK II
[    0.000000] efi: SMBIOS=0xffff0000 SMBIOS 3.0=0x9f8d40000 ACPI 2.0=0x9f9770018 MEMATTR=0x9f8662018 MOKvar=0x9f74c2000 MEMRESERVE=0x9f761e518 
[    0.000000] ACPI: Early table checksum verification disabled
[    0.000000] ACPI: RSDP 0x00000009F9770018 000024 (v02 MRVL  )
[    0.000000] ACPI: XSDT 0x00000009F977FE98 00007C (v01 MRVL   CN10K    00000001      01000013)
[    0.000000] ACPI: FACP 0x00000009F977FB98 000114 (v06 MRVL   CN10K    00000001 INTL 20210604)
[    0.000000] ACPI: DSDT 0x00000009F9777518 001F4A (v02 MRVL   CN10K    00000001 INTL 20210604)
[    0.000000] ACPI: APIC 0x00000009F977E998 0007E8 (v05 MRVL   CN10K    00000001 INTL 20210604)
[    0.000000] ACPI: DBG2 0x00000009F977FA98 00008E (v00 MRVL   CN10K    00000001 INTL 20210604)
[    0.000000] ACPI: GTDT 0x00000009F977FD18 000084 (v03 MRVL   CN10K    00000001 INTL 20210604)
[    0.000000] ACPI: HEST 0x00000009F977A198 0006E8 (v01 MRVL   CN10KA   00000001 INTL 20210604)
[    0.000000] ACPI: IORT 0x00000009F977F418 000408 (v03 MRVL   CN10K    00000001 INTL 20210604)
[    0.000000] ACPI: MCFG 0x00000009F977D898 0000BC (v01 MRVL   CN10K    00000003 INTL 20210604)
[    0.000000] ACPI: PPTT 0x00000009F977E418 000324 (v02 MRVL   CN10K    00000001 INTL 20210604)
[    0.000000] ACPI: SDEI 0x00000009F977FE18 000024 (v01 MRVL   CN10KA   00000001 INTL 20210604)
[    0.000000] ACPI: SPCR 0x00000009F977FF98 000050 (v02 MRVL   CN10K    00000001 INTL 20210604)
[    0.000000] ACPI: SSDT 0x00000009F977D998 0003FB (v02 MRVL   crb-106  00000001 INTL 20210604)
[    0.000000] ACPI: SPCR: console: pl011,mmio32,0x87e028000000,115200
[    0.000000] NUMA: Failed to initialise from firmware
[    0.000000] NUMA: Faking a node at [mem 0x0000000004000000-0x00000009faefffff]
[    0.000000] NUMA: NODE_DATA [mem 0x9f5169400-0x9f516dfff]
[    0.000000] Zone ranges:
[    0.000000]   DMA      [mem 0x0000000004000000-0x00000000ffffffff]
[    0.000000]   DMA32    empty
[    0.000000]   Normal   [mem 0x0000000100000000-0x00000009faefffff]
[    0.000000]   Device   empty
[    0.000000] Movable zone start for each node
[    0.000000] Early memory node ranges
[    0.000000]   node   0: [mem 0x0000000004000000-0x00000000fffdffff]
[    0.000000]   node   0: [mem 0x00000000fffe0000-0x00000000ffffffff]
[    0.000000]   node   0: [mem 0x0000000100000000-0x00000009f5d29fff]
[    0.000000]   node   0: [mem 0x00000009f5d2a000-0x00000009f62e9fff]
[    0.000000]   node   0: [mem 0x00000009f62ea000-0x00000009f744ffff]
[    0.000000]   node   0: [mem 0x00000009f7450000-0x00000009f74bffff]
[    0.000000]   node   0: [mem 0x00000009f74c0000-0x00000009f8aeffff]
[    0.000000]   node   0: [mem 0x00000009f8af0000-0x00000009f8c4ffff]
[    0.000000]   node   0: [mem 0x00000009f8c50000-0x00000009f8ceffff]
[    0.000000]   node   0: [mem 0x00000009f8cf0000-0x00000009f8d4ffff]
[    0.000000]   node   0: [mem 0x00000009f8d50000-0x00000009f916ffff]
[    0.000000]   node   0: [mem 0x00000009f9170000-0x00000009f920ffff]
[    0.000000]   node   0: [mem 0x00000009f9210000-0x00000009f926ffff]
[    0.000000]   node   0: [mem 0x00000009f9270000-0x00000009f938ffff]
[    0.000000]   node   0: [mem 0x00000009f9390000-0x00000009f9393fff]
[    0.000000]   node   0: [mem 0x00000009f9394000-0x00000009f9394fff]
[    0.000000]   node   0: [mem 0x00000009f9395000-0x00000009f939ffff]
[    0.000000]   node   0: [mem 0x00000009f93a0000-0x00000009f976ffff]
[    0.000000]   node   0: [mem 0x00000009f9770000-0x00000009fa09ffff]
[    0.000000]   node   0: [mem 0x00000009fa0a0000-0x00000009fa0affff]
[    0.000000]   node   0: [mem 0x00000009fa0b0000-0x00000009faefffff]
[    0.000000] Initmem setup node 0 [mem 0x0000000004000000-0x00000009faefffff]
[    0.000000] On node 0, zone Normal: 256 pages in unavailable ranges
[    0.000000] psci: probing for conduit method from ACPI.
[    0.000000] psci: PSCIv1.1 detected in firmware.
[    0.000000] psci: Using standard PSCI v0.2 function IDs
[    0.000000] psci: Trusted OS resident on physical CPU 0x0
[    0.000000] psci: SMC Calling Convention v1.2
[    0.000000] ACPI: SRAT not present
[    0.000000] percpu: Embedded 30 pages/cpu s83992 r8192 d30696 u122880
[    0.000000] pcpu-alloc: s83992 r8192 d30696 u122880 alloc=30*4096
[    0.000000] pcpu-alloc: [0] 00 [0] 01 [0] 02 [0] 03 [0] 04 [0] 05 [0] 06 [0] 07 
[    0.000000] pcpu-alloc: [0] 08 [0] 09 [0] 10 [0] 11 [0] 12 [0] 13 [0] 14 [0] 15 
[    0.000000] pcpu-alloc: [0] 16 [0] 17 [0] 18 [0] 19 [0] 20 [0] 21 [0] 22 [0] 23 
[    0.000000] Detected PIPT I-cache on CPU0
[    0.000000] CPU features: detected: Address authentication (architected algorithm)
[    0.000000] CPU features: detected: GIC system register CPU interface
[    0.000000] CPU features: detected: Virtualization Host Extensions
[    0.000000] CPU features: detected: Hardware dirty bit management
[    0.000000] CPU features: detected: Spectre-v4
[    0.000000] CPU features: detected: Spectre-BHB
[    0.000000] CPU features: detected: ARM erratum 2119858 or 2139208
[    0.000000] CPU features: detected: ARM erratum 2067961 or 2054223
[    0.000000] CPU features: detected: ARM erratum 2253138 or 2224489
[    0.000000] alternatives: patching kernel code
[    0.000000] Fallback order for Node 0: 0 
[    0.000000] Built 1 zonelists, mobility grouping on.  Total pages: 10285380
[    0.000000] Policy zone: Normal
[    0.000000] Kernel command line: BOOT_IMAGE=/boot/Image-5.14.21-150400.22-default root=UUID=1cc20e1f-e858-4e7c-87cd-b549af4d881e splash=silent preempt=full mitigations=auto quiet security=apparmor
[    0.000000] Dynamic Preempt: full
[    0.000000] Unknown kernel command line parameters "BOOT_IMAGE=/boot/Image-5.14.21-150400.22-default splash=silent", will be passed to user space.
[    0.000000] printk: log_buf_len individual max cpu contribution: 32768 bytes
[    0.000000] printk: log_buf_len total cpu_extra contributions: 753664 bytes
[    0.000000] printk: log_buf_len min size: 262144 bytes
[    0.000000] printk: log_buf_len: 1048576 bytes
[    0.000000] printk: early log buf free: 256264(97%)
[    0.000000] Dentry cache hash table entries: 8388608 (order: 14, 67108864 bytes, linear)
[    0.000000] Inode-cache hash table entries: 4194304 (order: 13, 33554432 bytes, linear)
[    0.000000] mem auto-init: stack:off, heap alloc:off, heap free:off
[    0.000000] software IO TLB: mapped [mem 0x00000000fbfe0000-0x00000000fffe0000] (64MB)
[    0.000000] Memory: 4194176K/41794560K available (14272K kernel code, 3332K rwdata, 11092K rodata, 6720K init, 1861K bss, 985620K reserved, 0K cma-reserved)
[    0.000000] random: get_random_u64 called from __kmem_cache_create+0x34/0x540 with crng_init=0
[    0.000000] SLUB: HWalign=64, Order=0-3, MinObjects=0, CPUs=24, Nodes=1
[    0.000000] ftrace: allocating 44695 entries in 175 pages
[    0.000000] ftrace: allocated 175 pages with 6 groups
[    0.000000] trace event string verifier disabled
[    0.000000] rcu: Preemptible hierarchical RCU implementation.
[    0.000000] rcu: 	RCU event tracing is enabled.
[    0.000000] rcu: 	RCU restricting CPUs from NR_CPUS=768 to nr_cpu_ids=24.
[    0.000000] 	Trampoline variant of Tasks RCU enabled.
[    0.000000] 	Rude variant of Tasks RCU enabled.
[    0.000000] 	Tracing variant of Tasks RCU enabled.
[    0.000000] rcu: RCU calculated value of scheduler-enlistment delay is 10 jiffies.
[    0.000000] rcu: Adjusting geometry for rcu_fanout_leaf=16, nr_cpu_ids=24
[    0.000000] NR_IRQS: 64, nr_irqs: 64, preallocated irqs: 0
[    0.000000] GICv3: GIC: Using split EOI/Deactivate mode
[    0.000000] GICv3: 512 SPIs implemented
[    0.000000] GICv3: 0 Extended SPIs implemented
[    0.000000] GICv3: Distributor has no Range Selector support
[    0.000000] Root IRQ handler: gic_handle_irq
[    0.000000] GICv3: 48 PPIs implemented
[    0.000000] GICv3: GICv4 features: DirectLPI RVPEID Valid+Dirty 
[    0.000000] GICv3: CPU0: found redistributor 0 region 0:0x0000801000300000
[    0.000000] ACPI: SRAT not present
[    0.000000] ITS [mem 0x801000040000-0x80100005ffff]
[    0.000000] ITS@0x0000801000040000: Single VMOVP capable
[    0.000000] ITS@0x0000801000040000: Using GICv4.1 mode 00000000 00000001
[    0.000000] ITS@0x0000801000040000: allocated 8192 Devices @100200000 (indirect, esz 8, psz 64K, shr 1)
[    0.000000] ITS@0x0000801000040000: allocated 32768 Interrupt Collections @100210000 (flat, esz 2, psz 64K, shr 1)
[    0.000000] ITS@0x0000801000040000: allocated 8192 Virtual CPUs @100220000 (flat, esz 8, psz 64K, shr 1)
[    0.000000] GICv3: using LPI property table @0x0000000100230000
[    0.000000] ITS: Using DirectLPI for VPE invalidation
[    0.000000] ITS: Enabling GICv4 support
[    0.000000] GICv3: CPU0: using allocated LPI pending table @0x0000000100240000
[    0.000000] random: crng done (trusting CPU's manufacturer)
[    0.000000] arch_timer: cp15 timer(s) running at 1000.00MHz (phys).
[    0.000000] clocksource: arch_sys_counter: mask: 0xffffffffffffff max_cycles: 0x1cd42e4dffb, max_idle_ns: 881590591483 ns
[    0.000000] sched_clock: 56 bits at 1000MHz, resolution 1ns, wraps every 4398046511103ns
[    0.000046] Console: colour dummy device 80x25
[    0.000066] ACPI: Core revision 20210730
[    0.000114] Calibrating delay loop (skipped), value calculated using timer frequency.. 2000.00 BogoMIPS (lpj=10000000)
[    0.000118] pid_max: default: 32768 minimum: 301
[    0.000148] LSM: Security Framework initializing
[    0.000175] AppArmor: AppArmor initialized
[    0.000229] Mount-cache hash table entries: 131072 (order: 8, 1048576 bytes, linear)
[    0.000261] Mountpoint-cache hash table entries: 131072 (order: 8, 1048576 bytes, linear)
[    0.000713] rcu: Hierarchical SRCU implementation.
[    0.000893] Platform MSI: ITS@0x801000040000 domain created
[    0.000899] PCI/MSI: ITS@0x801000040000 domain created
[    0.000902] fsl-mc MSI: ITS@0x801000040000 domain created
[    0.000908] Remapping and enabling EFI services.
[    0.001292] smp: Bringing up secondary CPUs ...
[    0.001437] Detected PIPT I-cache on CPU1
[    0.001457] GICv3: CPU1: found redistributor 10000 region 0:0x0000801000400000
[    0.001475] GICv3: CPU1: using allocated LPI pending table @0x0000000100250000
[    0.001490] CPU1: Booted secondary processor 0x0000010000 [0x410fd490]
[    0.001658] Detected PIPT I-cache on CPU2
[    0.001674] GICv3: CPU2: found redistributor 20000 region 0:0x00008010002c0000
[    0.001694] GICv3: CPU2: using allocated LPI pending table @0x0000000100260000
[    0.001712] CPU2: Booted secondary processor 0x0000020000 [0x410fd490]
[    0.001870] Detected PIPT I-cache on CPU3
[    0.001885] GICv3: CPU3: found redistributor 30000 region 0:0x00008010003c0000
[    0.001903] GICv3: CPU3: using allocated LPI pending table @0x0000000100270000
[    0.001919] CPU3: Booted secondary processor 0x0000030000 [0x410fd490]
[    0.002070] Detected PIPT I-cache on CPU4
[    0.002084] GICv3: CPU4: found redistributor 40000 region 0:0x0000801000200000
[    0.002102] GICv3: CPU4: using allocated LPI pending table @0x0000000100280000
[    0.002118] CPU4: Booted secondary processor 0x0000040000 [0x410fd490]
[    0.002280] Detected PIPT I-cache on CPU5
[    0.002297] GICv3: CPU5: found redistributor 50000 region 0:0x0000801000500000
[    0.002315] GICv3: CPU5: using allocated LPI pending table @0x0000000100290000
[    0.002332] CPU5: Booted secondary processor 0x0000050000 [0x410fd490]
[    0.002492] Detected PIPT I-cache on CPU6
[    0.002506] GICv3: CPU6: found redistributor 60000 region 0:0x00008010001c0000
[    0.002524] GICv3: CPU6: using allocated LPI pending table @0x00000001002a0000
[    0.002540] CPU6: Booted secondary processor 0x0000060000 [0x410fd490]
[    0.002693] Detected PIPT I-cache on CPU7
[    0.002709] GICv3: CPU7: found redistributor 70000 region 0:0x00008010004c0000
[    0.002727] GICv3: CPU7: using allocated LPI pending table @0x00000001002b0000
[    0.002744] CPU7: Booted secondary processor 0x0000070000 [0x410fd490]
[    0.002897] Detected PIPT I-cache on CPU8
[    0.002912] GICv3: CPU8: found redistributor 80000 region 0:0x0000801000340000
[    0.002929] GICv3: CPU8: using allocated LPI pending table @0x00000001002c0000
[    0.002945] CPU8: Booted secondary processor 0x0000080000 [0x410fd490]
[    0.003096] Detected PIPT I-cache on CPU9
[    0.003112] GICv3: CPU9: found redistributor 90000 region 0:0x0000801000440000
[    0.003130] GICv3: CPU9: using allocated LPI pending table @0x00000001002d0000
[    0.003147] CPU9: Booted secondary processor 0x0000090000 [0x410fd490]
[    0.003311] Detected PIPT I-cache on CPU10
[    0.003325] GICv3: CPU10: found redistributor a0000 region 0:0x0000801000280000
[    0.003344] GICv3: CPU10: using allocated LPI pending table @0x00000001002e0000
[    0.003362] CPU10: Booted secondary processor 0x00000a0000 [0x410fd490]
[    0.003516] Detected PIPT I-cache on CPU11
[    0.003531] GICv3: CPU11: found redistributor b0000 region 0:0x0000801000380000
[    0.003550] GICv3: CPU11: using allocated LPI pending table @0x00000001002f0000
[    0.003567] CPU11: Booted secondary processor 0x00000b0000 [0x410fd490]
[    0.003723] Detected PIPT I-cache on CPU12
[    0.003737] GICv3: CPU12: found redistributor c0000 region 0:0x0000801000240000
[    0.003756] GICv3: CPU12: using allocated LPI pending table @0x0000000100300000
[    0.003773] CPU12: Booted secondary processor 0x00000c0000 [0x410fd490]
[    0.003923] Detected PIPT I-cache on CPU13
[    0.003940] GICv3: CPU13: found redistributor d0000 region 0:0x0000801000540000
[    0.003958] GICv3: CPU13: using allocated LPI pending table @0x0000000100310000
[    0.003975] CPU13: Booted secondary processor 0x00000d0000 [0x410fd490]
[    0.004132] Detected PIPT I-cache on CPU14
[    0.004146] GICv3: CPU14: found redistributor e0000 region 0:0x0000801000180000
[    0.004167] GICv3: CPU14: using allocated LPI pending table @0x0000000100320000
[    0.004186] CPU14: Booted secondary processor 0x00000e0000 [0x410fd490]
[    0.004346] Detected PIPT I-cache on CPU15
[    0.004362] GICv3: CPU15: found redistributor f0000 region 0:0x0000801000480000
[    0.004383] GICv3: CPU15: using allocated LPI pending table @0x0000000100330000
[    0.004401] CPU15: Booted secondary processor 0x00000f0000 [0x410fd490]
[    0.004556] Detected PIPT I-cache on CPU16
[    0.004570] GICv3: CPU16: found redistributor 100000 region 0:0x0000801000100000
[    0.004590] GICv3: CPU16: using allocated LPI pending table @0x0000000100340000
[    0.004607] CPU16: Booted secondary processor 0x0000100000 [0x410fd490]
[    0.004764] Detected PIPT I-cache on CPU17
[    0.004782] GICv3: CPU17: found redistributor 110000 region 0:0x0000801000600000
[    0.004802] GICv3: CPU17: using allocated LPI pending table @0x0000000100350000
[    0.004819] CPU17: Booted secondary processor 0x0000110000 [0x410fd490]
[    0.004979] Detected PIPT I-cache on CPU18
[    0.004992] GICv3: CPU18: found redistributor 120000 region 0:0x00008010000c0000
[    0.005013] GICv3: CPU18: using allocated LPI pending table @0x0000000100360000
[    0.005030] CPU18: Booted secondary processor 0x0000120000 [0x410fd490]
[    0.005186] Detected PIPT I-cache on CPU19
[    0.005206] GICv3: CPU19: found redistributor 130000 region 0:0x00008010005c0000
[    0.005229] GICv3: CPU19: using allocated LPI pending table @0x0000000100370000
[    0.005248] CPU19: Booted secondary processor 0x0000130000 [0x410fd490]
[    0.005407] Detected PIPT I-cache on CPU20
[    0.005420] GICv3: CPU20: found redistributor 140000 region 0:0x0000801000140000
[    0.005440] GICv3: CPU20: using allocated LPI pending table @0x0000000100380000
[    0.005457] CPU20: Booted secondary processor 0x0000140000 [0x410fd490]
[    0.005616] Detected PIPT I-cache on CPU21
[    0.005635] GICv3: CPU21: found redistributor 150000 region 0:0x0000801000640000
[    0.005655] GICv3: CPU21: using allocated LPI pending table @0x0000000100390000
[    0.005673] CPU21: Booted secondary processor 0x0000150000 [0x410fd490]
[    0.005833] Detected PIPT I-cache on CPU22
[    0.005846] GICv3: CPU22: found redistributor 160000 region 0:0x0000801000080000
[    0.005868] GICv3: CPU22: using allocated LPI pending table @0x00000001003a0000
[    0.005886] CPU22: Booted secondary processor 0x0000160000 [0x410fd490]
[    0.006045] Detected PIPT I-cache on CPU23
[    0.006063] GICv3: CPU23: found redistributor 170000 region 0:0x0000801000580000
[    0.006084] GICv3: CPU23: using allocated LPI pending table @0x00000001003b0000
[    0.006102] CPU23: Booted secondary processor 0x0000170000 [0x410fd490]
[    0.006145] smp: Brought up 1 node, 24 CPUs
[    0.006155] SMP: Total of 24 processors activated.
[    0.006157] CPU features: detected: Branch Target Identification
[    0.006159] CPU features: detected: 32-bit EL0 Support
[    0.006160] CPU features: detected: ARMv8.4 Translation Table Level
[    0.006162] CPU features: detected: Instruction cache invalidation not required for I/D coherence
[    0.006163] CPU features: detected: Data cache clean to the PoU not required for I/D coherence
[    0.006164] CPU features: detected: Common not Private translations
[    0.006165] CPU features: detected: CRC32 instructions
[    0.006166] CPU features: detected: Data cache clean to Point of Deep Persistence
[    0.006167] CPU features: detected: Data cache clean to Point of Persistence
[    0.006169] CPU features: detected: E0PD
[    0.006170] CPU features: detected: Generic authentication (architected algorithm)
[    0.006171] CPU features: detected: RCpc load-acquire (LDAPR)
[    0.006172] CPU features: detected: LSE atomic instructions
[    0.006173] CPU features: detected: Privileged Access Never
[    0.006174] CPU features: detected: RAS Extension Support
[    0.006175] CPU features: detected: Random Number Generator
[    0.006176] CPU features: detected: Speculation barrier (SB)
[    0.006177] CPU features: detected: Stage-2 Force Write-Back
[    0.006178] CPU features: detected: TLB range maintenance instructions
[    0.006179] CPU features: detected: Speculative Store Bypassing Safe (SSBS)
[    0.006180] CPU features: detected: Scalable Vector Extension
[    0.009603] CPU features: detected CPU20: Activity Monitors Unit (AMU)
[    0.009603] CPU features: detected CPU16: Activity Monitors Unit (AMU)
[    0.009603] CPU features: detected CPU23: Activity Monitors Unit (AMU)
[    0.009603] CPU features: detected CPU2: Activity Monitors Unit (AMU)
[    0.009603] CPU features: detected CPU10: Activity Monitors Unit (AMU)
[    0.009604] CPU features: detected CPU13: Activity Monitors Unit (AMU)
[    0.009605] CPU features: detected CPU18: Activity Monitors Unit (AMU)
[    0.009603] CPU features: detected CPU19: Activity Monitors Unit (AMU)
[    0.009605] CPU features: detected CPU22: Activity Monitors Unit (AMU)
[    0.009604] CPU features: detected CPU11: Activity Monitors Unit (AMU)
[    0.009604] CPU features: detected CPU5: Activity Monitors Unit (AMU)
[    0.009604] CPU features: detected CPU15: Activity Monitors Unit (AMU)
[    0.009603] CPU features: detected CPU17: Activity Monitors Unit (AMU)
[    0.009603] CPU features: detected CPU3: Activity Monitors Unit (AMU)
[    0.009605] CPU features: detected CPU6: Activity Monitors Unit (AMU)
[    0.009605] CPU features: detected CPU14: Activity Monitors Unit (AMU)
[    0.009603] CPU features: detected CPU21: Activity Monitors Unit (AMU)
[    0.009604] CPU features: detected CPU12: Activity Monitors Unit (AMU)
[    0.009604] CPU features: detected CPU9: Activity Monitors Unit (AMU)
[    0.009604] CPU features: detected CPU7: Activity Monitors Unit (AMU)
[    0.009604] CPU features: detected CPU1: Activity Monitors Unit (AMU)
[    0.009604] CPU features: detected CPU4: Activity Monitors Unit (AMU)
[    0.009604] CPU features: detected CPU8: Activity Monitors Unit (AMU)
[    0.009605] CPU features: detected CPU0: Activity Monitors Unit (AMU)
[    0.009637] SVE: maximum available vector length 16 bytes per vector
[    0.009639] SVE: default vector length 16 bytes per vector
[    0.013098] CPU: All CPU(s) started at EL2
[    0.115845] node 0 deferred pages initialised in 100ms
[    0.116889] devtmpfs: initialized
[    0.119612] Registered cp15_barrier emulation handler
[    0.119622] Registered setend emulation handler
[    0.119624] KASLR enabled
[    0.119667] clocksource: jiffies: mask: 0xffffffff max_cycles: 0xffffffff, max_idle_ns: 19112604462750000 ns
[    0.119672] futex hash table entries: 8192 (order: 7, 524288 bytes, linear)
[    0.119788] pinctrl core: initialized pinctrl subsystem
[    0.119950] SMBIOS 3.3.0 present.
[    0.119956] DMI: Marvell crb106-pcie/crb106-pcie, BIOS SDK11.23.02 2023-02-21
[    0.120113] NET: Registered PF_NETLINK/PF_ROUTE protocol family
[    0.120432] DMA: preallocated 4096 KiB GFP_KERNEL pool for atomic allocations
[    0.120530] DMA: preallocated 4096 KiB GFP_KERNEL|GFP_DMA pool for atomic allocations
[    0.120625] DMA: preallocated 4096 KiB GFP_KERNEL|GFP_DMA32 pool for atomic allocations
[    0.120635] audit: initializing netlink subsys (disabled)
[    0.120672] audit: type=2000 audit(0.120:1): state=initialized audit_enabled=0 res=1
[    0.120802] thermal_sys: Registered thermal governor 'fair_share'
[    0.120804] thermal_sys: Registered thermal governor 'bang_bang'
[    0.120805] thermal_sys: Registered thermal governor 'step_wise'
[    0.120806] thermal_sys: Registered thermal governor 'user_space'
[    0.120852] cpuidle: using governor ladder
[    0.120859] cpuidle: using governor menu
[    0.120893] hw-breakpoint: found 6 breakpoint and 4 watchpoint registers.
[    0.121024] ASID allocator initialised with 65536 entries
[    0.121099] acpiphp: ACPI Hot Plug PCI Controller Driver version: 0.5
[    0.121152] Serial: AMBA PL011 UART driver
[    0.122788] HugeTLB registered 1.00 GiB page size, pre-allocated 0 pages
[    0.122790] HugeTLB registered 32.0 MiB page size, pre-allocated 0 pages
[    0.122792] HugeTLB registered 2.00 MiB page size, pre-allocated 0 pages
[    0.122793] HugeTLB registered 64.0 KiB page size, pre-allocated 0 pages
[    0.189127] ACPI: Added _OSI(Module Device)
[    0.189130] ACPI: Added _OSI(Processor Device)
[    0.189132] ACPI: Added _OSI(3.0 _SCP Extensions)
[    0.189133] ACPI: Added _OSI(Processor Aggregator Device)
[    0.189135] ACPI: Added _OSI(Linux-Dell-Video)
[    0.189137] ACPI: Added _OSI(Linux-Lenovo-NV-HDMI-Audio)
[    0.189139] ACPI: Added _OSI(Linux-HPI-Hybrid-Graphics)
[    0.189730] ACPI: 2 ACPI AML tables successfully acquired and loaded
[    0.190066] ACPI: Interpreter enabled
[    0.190067] ACPI: Using GIC for interrupt routing
[    0.190074] ACPI: MCFG table detected, 9 entries
[    0.190447] HEST: Table parsing has been initialized.
[    0.191399] ACPI: \_SB_.PCI0.P2P0.MDIO.SMI0: PRP0001 requires 'compatible' property
[    0.191434] ACPI: \_SB_.PCI0.P2P0.MDIO.SMI1: PRP0001 requires 'compatible' property
[    0.192657] ACPI: PCI Root Bridge [PCI0] (domain 0000 [bus 00-ff])
[    0.192666] acpi PNP0A08:00: _OSC: OS supports [ExtendedConfig ASPM ClockPM Segments MSI EDR HPX-Type3]
[    0.192689] acpi PNP0A08:00: _OSC: platform does not support [PCIeHotplug SHPCHotplug PME AER LTR DPC]
[    0.192722] acpi PNP0A08:00: _OSC: OS now controls [PCIeCapability]
[    0.192766] acpi PNP0A08:00: ECAM area [mem 0x878000000000-0x87800fffffff] reserved by PNP0A08:00
[    0.192776] acpi PNP0A08:00: ECAM at [mem 0x878000000000-0x87800fffffff] for [bus 00-ff]
[    0.192835] PCI host bridge to bus 0000:00
[    0.192837] pci_bus 0000:00: root bus resource [mem 0x878000000000-0x87800fffffff window]
[    0.192839] pci_bus 0000:00: root bus resource [mem 0x802000000000-0x80f0008fffff window]
[    0.192840] pci_bus 0000:00: root bus resource [mem 0x828000000000-0x8281001fffff window]
[    0.192842] pci_bus 0000:00: root bus resource [mem 0x82c000000000-0x82c0001fffff window]
[    0.192843] pci_bus 0000:00: root bus resource [mem 0x86d000000000-0x86d0000fffff window]
[    0.192844] pci_bus 0000:00: root bus resource [mem 0x86e000000000-0x86e22fffffff window]
[    0.192846] pci_bus 0000:00: root bus resource [mem 0x87e002000000-0x87e027ffffff window]
[    0.192847] pci_bus 0000:00: root bus resource [mem 0x87e03c000000-0x87e0525fffff window]
[    0.192848] pci_bus 0000:00: root bus resource [mem 0x87e087000000-0x87e0fcffffff window]
[    0.192850] pci_bus 0000:00: root bus resource [mem 0x87e100000000-0x87e10bffffff window]
[    0.192851] pci_bus 0000:00: root bus resource [bus 00-ff]
[    0.192870] pci 0000:00:01.0: [177d:a002] type 01 class 0x060401
[    0.192964] pci 0000:00:03.0: [177d:a062] type 00 class 0x088000
[    0.192980] pci 0000:00:03.0: BAR 0: [mem 0x830000000000-0x8300001fffff 64bit] (from Enhanced Allocation, properties 0x0)
[    0.193024] pci 0000:00:05.0: [177d:a017] type 00 class 0x088000
[    0.193040] pci 0000:00:05.0: BAR 0: [mem 0x802000000000-0x8020000fffff 64bit] (from Enhanced Allocation, properties 0x0)
[    0.193042] pci 0000:00:05.0: BAR 4: [mem 0x80200f000000-0x80200f0fffff 64bit] (from Enhanced Allocation, properties 0x0)
[    0.193083] pci 0000:00:08.0: [177d:a09e] type 00 class 0x088000
[    0.193097] pci 0000:00:08.0: BAR 0: [mem 0x807000000000-0x80700000ffff 64bit] (from Enhanced Allocation, properties 0x0)
[    0.193100] pci 0000:00:08.0: BAR 4: [mem 0x807000f00000-0x807000ffffff 64bit] (from Enhanced Allocation, properties 0x0)
[    0.193141] pci 0000:00:0a.0: [177d:a09d] type 00 class 0x088000
[    0.193157] pci 0000:00:0a.0: BAR 0: [mem 0x87a400000000-0x87a47fffffff 64bit] (from Enhanced Allocation, properties 0x0)
[    0.193161] pci 0000:00:0a.0: BAR 4: [mem 0x87a480000000-0x87a4ffffffff 64bit] (from Enhanced Allocation, properties 0x0)
[    0.193210] pci 0000:00:0c.0: [177d:a002] type 01 class 0x060401
[    0.193260] pci 0000:00:0d.0: [177d:a002] type 01 class 0x060401
[    0.193307] pci 0000:00:0e.0: [177d:a002] type 01 class 0x060401
[    0.193360] pci 0000:00:0f.0: [177d:a002] type 01 class 0x060401
[    0.193408] pci 0000:00:10.0: [177d:a092] type 00 class 0x088000
[    0.193428] pci 0000:00:10.0: BAR 0: [mem 0x828000000000-0x82803fffffff 64bit] (from Enhanced Allocation, properties 0x0)
[    0.193431] pci 0000:00:10.0: BAR 4: [mem 0x828100000000-0x8281000fffff 64bit] (from Enhanced Allocation, properties 0x0)
[    0.193478] pci 0000:00:11.0: [177d:a00a] type 00 class 0x088000
[    0.193494] pci 0000:00:11.0: BAR 0: [mem 0x803000000000-0x80300000ffff 64bit] (from Enhanced Allocation, properties 0x0)
[    0.193497] pci 0000:00:11.0: BAR 4: [mem 0x803000f00000-0x803000ffffff 64bit] (from Enhanced Allocation, properties 0x0)
[    0.193567] pci 0000:00:14.0: [177d:a002] type 01 class 0x060401
[    0.193636] pci 0000:00:1a.0: [177d:a068] type 00 class 0x088000
[    0.193651] pci 0000:00:1a.0: BAR 0: [mem 0x86d000000000-0x86d0000fffff 64bit] (from Enhanced Allocation, properties 0x0)
[    0.193694] pci 0000:00:1c.0: [177d:a067] type 00 class 0x088000
[    0.193709] pci 0000:00:1c.0: BAR 0: [mem 0x82c000000000-0x82c0000fffff 64bit] (from Enhanced Allocation, properties 0x0)
[    0.193713] pci 0000:00:1c.0: BAR 4: [mem 0x82c000100000-0x82c0001fffff 64bit] (from Enhanced Allocation, properties 0x0)
[    0.193754] pci 0000:00:1d.0: [177d:a067] type 00 class 0x088000
[    0.193771] pci 0000:00:1d.0: BAR 0: [mem 0x82d000000000-0x82d0000fffff 64bit] (from Enhanced Allocation, properties 0x0)
[    0.193774] pci 0000:00:1d.0: BAR 4: [mem 0x82d000100000-0x82d0001fffff 64bit] (from Enhanced Allocation, properties 0x0)
[    0.193813] pci 0000:00:1e.0: [177d:a067] type 00 class 0x088000
[    0.193832] pci 0000:00:1e.0: BAR 0: [mem 0x82e000000000-0x82e0000fffff 64bit] (from Enhanced Allocation, properties 0x0)
[    0.193835] pci 0000:00:1e.0: BAR 4: [mem 0x82e000100000-0x82e0001fffff 64bit] (from Enhanced Allocation, properties 0x0)
[    0.193909] pci 0000:01:00.0: [177d:a075] type 00 class 0x088000
[    0.193929] pci 0000:01:00.0: BAR 0: [mem 0x87e0fc000000-0x87e0fc03ffff 64bit] (from Enhanced Allocation, properties 0x0)
[    0.193932] pci 0000:01:00.0: BAR 4: [mem 0x87e0fcf00000-0x87e0fcffffff 64bit] (from Enhanced Allocation, properties 0x0)
[    0.193983] pci 0000:01:01.3: [177d:a02b] type 00 class 0x0c8000
[    0.193998] pci 0000:01:01.3: BAR 0: [mem 0x87e005000000-0x87e0050fffff 64bit] (from Enhanced Allocation, properties 0x0)
[    0.194060] pci 0000:01:01.7: [177d:a035] type 00 class 0x088000
[    0.194076] pci 0000:01:01.7: BAR 0: [mem 0x87e001000000-0x87e0010fffff 64bit] (from Enhanced Allocation, properties 0x0)
[    0.194078] pci 0000:01:01.7: BAR 2: [mem 0x800000000000-0x8000ffffffff 64bit] (from Enhanced Allocation, properties 0x0)
[    0.194081] pci 0000:01:01.7: BAR 4: [mem 0x87e001f00000-0x87e001ffffff 64bit] (from Enhanced Allocation, properties 0x0)
[    0.194125] pci 0000:01:0a.0: [177d:a094] type 00 class 0x088000
[    0.194141] pci 0000:01:0a.0: BAR 0: [mem 0x87e120000000-0x87e1200fffff 64bit] (from Enhanced Allocation, properties 0x0)
[    0.194143] pci 0000:01:0a.0: BAR 4: [mem 0x87e120f00000-0x87e120ffffff 64bit] (from Enhanced Allocation, properties 0x0)
[    0.194190] pci 0000:01:0a.1: [177d:a094] type 00 class 0x088000
[    0.194209] pci 0000:01:0a.1: BAR 0: [mem 0x87e121000000-0x87e1210fffff 64bit] (from Enhanced Allocation, properties 0x0)
[    0.194212] pci 0000:01:0a.1: BAR 4: [mem 0x87e121f00000-0x87e121ffffff 64bit] (from Enhanced Allocation, properties 0x0)
[    0.194260] pci 0000:01:0a.2: [177d:a094] type 00 class 0x088000
[    0.194276] pci 0000:01:0a.2: BAR 0: [mem 0x87e122000000-0x87e1220fffff 64bit] (from Enhanced Allocation, properties 0x0)
[    0.194279] pci 0000:01:0a.2: BAR 4: [mem 0x87e122f00000-0x87e122ffffff 64bit] (from Enhanced Allocation, properties 0x0)
[    0.194323] pci 0000:01:0c.0: [177d:a073] type 00 class 0x088000
[    0.194338] pci 0000:01:0c.0: BAR 0: [mem 0x87e010000000-0x87e0100fffff 64bit] (from Enhanced Allocation, properties 0x0)
[    0.194341] pci 0000:01:0c.0: BAR 2: [mem 0x87e1bf000000-0x87e1bfffffff 64bit] (from Enhanced Allocation, properties 0x0)
[    0.194343] pci 0000:01:0c.0: BAR 4: [mem 0x87e010100000-0x87e0101fffff 64bit] (from Enhanced Allocation, properties 0x0)
[    0.194392] pci 0000:01:0f.0: [177d:a061] type 00 class 0x088000
[    0.194411] pci 0000:01:0f.0: BAR 0: [mem 0x87e018000000-0x87e01800ffff 64bit] (from Enhanced Allocation, properties 0x0)
[    0.194455] pci 0000:01:10.0: [177d:a060] type 00 class 0x028000
[    0.194476] pci 0000:01:10.0: BAR 0: [mem 0x87e0e0000000-0x87e0e07fffff 64bit] (from Enhanced Allocation, properties 0x0)
[    0.194479] pci 0000:01:10.0: BAR 4: [mem 0x87e0e0800000-0x87e0e0ffffff 64bit] (from Enhanced Allocation, properties 0x0)
[    0.194530] pci 0000:01:10.1: [177d:a060] type 00 class 0x028000
[    0.194549] pci 0000:01:10.1: BAR 0: [mem 0x87e0e1000000-0x87e0e17fffff 64bit] (from Enhanced Allocation, properties 0x0)
[    0.194553] pci 0000:01:10.1: BAR 4: [mem 0x87e0e1800000-0x87e0e1ffffff 64bit] (from Enhanced Allocation, properties 0x0)
[    0.194597] pci 0000:01:14.0: [177d:a097] type 00 class 0x088000
[    0.194618] pci 0000:01:14.0: BAR 0: [mem 0x87e140000000-0x87e1400fffff 64bit] (from Enhanced Allocation, properties 0x0)
[    0.194665] pci 0000:01:14.1: [177d:a097] type 00 class 0x088000
[    0.194682] pci 0000:01:14.1: BAR 0: [mem 0x87e141000000-0x87e1410fffff 64bit] (from Enhanced Allocation, properties 0x0)
[    0.194732] pci 0000:01:14.2: [177d:a097] type 00 class 0x088000
[    0.194751] pci 0000:01:14.2: BAR 0: [mem 0x87e142000000-0x87e1420fffff 64bit] (from Enhanced Allocation, properties 0x0)
[    0.194795] pci 0000:01:14.3: [177d:a097] type 00 class 0x088000
[    0.194815] pci 0000:01:14.3: BAR 0: [mem 0x87e143000000-0x87e1430fffff 64bit] (from Enhanced Allocation, properties 0x0)
[    0.194857] pci 0000:01:14.4: [177d:a097] type 00 class 0x088000
[    0.194879] pci 0000:01:14.4: BAR 0: [mem 0x87e144000000-0x87e1440fffff 64bit] (from Enhanced Allocation, properties 0x0)
[    0.194925] pci 0000:01:18.0: [177d:a012] type 00 class 0x0c8000
[    0.194941] pci 0000:01:18.0: BAR 0: [mem 0x87e100000000-0x87e10000ffff 64bit] (from Enhanced Allocation, properties 0x0)
[    0.194944] pci 0000:01:18.0: BAR 4: [mem 0x87e100f00000-0x87e100ffffff 64bit] (from Enhanced Allocation, properties 0x0)
[    0.194987] pci 0000:01:18.1: [177d:a012] type 00 class 0x0c8000
[    0.195003] pci 0000:01:18.1: BAR 0: [mem 0x87e101000000-0x87e10100ffff 64bit] (from Enhanced Allocation, properties 0x0)
[    0.195006] pci 0000:01:18.1: BAR 4: [mem 0x87e101f00000-0x87e101ffffff 64bit] (from Enhanced Allocation, properties 0x0)
[    0.195053] pci 0000:01:18.2: [177d:a012] type 00 class 0x0c8000
[    0.195069] pci 0000:01:18.2: BAR 0: [mem 0x87e102000000-0x87e10200ffff 64bit] (from Enhanced Allocation, properties 0x0)
[    0.195071] pci 0000:01:18.2: BAR 4: [mem 0x87e102f00000-0x87e102ffffff 64bit] (from Enhanced Allocation, properties 0x0)
[    0.195136] pci 0000:01:18.4: [177d:a012] type 00 class 0x0c8000
[    0.195152] pci 0000:01:18.4: BAR 0: [mem 0x87e104000000-0x87e10400ffff 64bit] (from Enhanced Allocation, properties 0x0)
[    0.195154] pci 0000:01:18.4: BAR 4: [mem 0x87e104f00000-0x87e104ffffff 64bit] (from Enhanced Allocation, properties 0x0)
[    0.195223] pci 0000:01:18.5: [177d:a012] type 00 class 0x0c8000
[    0.195242] pci 0000:01:18.5: BAR 0: [mem 0x87e105000000-0x87e10500ffff 64bit] (from Enhanced Allocation, properties 0x0)
[    0.195245] pci 0000:01:18.5: BAR 4: [mem 0x87e105f00000-0x87e105ffffff 64bit] (from Enhanced Allocation, properties 0x0)
[    0.195287] pci 0000:01:18.6: [177d:a012] type 00 class 0x0c8000
[    0.195303] pci 0000:01:18.6: BAR 0: [mem 0x87e106000000-0x87e10600ffff 64bit] (from Enhanced Allocation, properties 0x0)
[    0.195306] pci 0000:01:18.6: BAR 4: [mem 0x87e106f00000-0x87e106ffffff 64bit] (from Enhanced Allocation, properties 0x0)
[    0.195347] pci 0000:01:18.7: [177d:a012] type 00 class 0x0c8000
[    0.195369] pci 0000:01:18.7: BAR 0: [mem 0x87e107000000-0x87e10700ffff 64bit] (from Enhanced Allocation, properties 0x0)
[    0.195371] pci 0000:01:18.7: BAR 4: [mem 0x87e107f00000-0x87e107ffffff 64bit] (from Enhanced Allocation, properties 0x0)
[    0.195419] pci 0000:01:19.0: [177d:a012] type 00 class 0x0c8000
[    0.195435] pci 0000:01:19.0: BAR 0: [mem 0x87e108000000-0x87e10800ffff 64bit] (from Enhanced Allocation, properties 0x0)
[    0.195437] pci 0000:01:19.0: BAR 4: [mem 0x87e108f00000-0x87e108ffffff 64bit] (from Enhanced Allocation, properties 0x0)
[    0.195490] pci 0000:01:19.1: [177d:a012] type 00 class 0x0c8000
[    0.195511] pci 0000:01:19.1: BAR 0: [mem 0x87e109000000-0x87e10900ffff 64bit] (from Enhanced Allocation, properties 0x0)
[    0.195514] pci 0000:01:19.1: BAR 4: [mem 0x87e109f00000-0x87e109ffffff 64bit] (from Enhanced Allocation, properties 0x0)
[    0.195562] pci 0000:01:19.2: [177d:a012] type 00 class 0x0c8000
[    0.195579] pci 0000:01:19.2: BAR 0: [mem 0x87e10a000000-0x87e10a00ffff 64bit] (from Enhanced Allocation, properties 0x0)
[    0.195581] pci 0000:01:19.2: BAR 4: [mem 0x87e10af00000-0x87e10affffff 64bit] (from Enhanced Allocation, properties 0x0)
[    0.195630] pci 0000:01:19.3: [177d:a012] type 00 class 0x0c8000
[    0.195650] pci 0000:01:19.3: BAR 0: [mem 0x87e10b000000-0x87e10b00ffff 64bit] (from Enhanced Allocation, properties 0x0)
[    0.195653] pci 0000:01:19.3: BAR 4: [mem 0x87e10bf00000-0x87e10bffffff 64bit] (from Enhanced Allocation, properties 0x0)
[    0.195731] pci 0000:02:00.0: [177d:a075] type 00 class 0x088000
[    0.195747] pci 0000:02:00.0: BAR 0: [mem 0x87e0f9000000-0x87e0f903ffff 64bit] (from Enhanced Allocation, properties 0x0)
[    0.195810] pci 0000:03:00.0: [177d:a075] type 00 class 0x088000
[    0.195830] pci 0000:03:00.0: BAR 0: [mem 0x87e0fa000000-0x87e0fa03ffff 64bit] (from Enhanced Allocation, properties 0x0)
[    0.195893] pci 0000:04:00.0: [177d:a075] type 00 class 0x088000
[    0.195914] pci 0000:04:00.0: BAR 0: [mem 0x87e0fb000000-0x87e0fb03ffff 64bit] (from Enhanced Allocation, properties 0x0)
[    0.195974] pci 0000:05:00.0: [177d:a098] type 00 class 0x120000
[    0.195989] pci 0000:05:00.0: BAR 0: [mem 0x87e00f000000-0x87e00f0fffff 64bit] (from Enhanced Allocation, properties 0x0)
[    0.195992] pci 0000:05:00.0: VF BAR 0: [mem 0x80f000800000-0x80f0008fffff 64bit] (from Enhanced Allocation, properties 0x4)
[    0.196006] pci 0000:05:00.0: VF(n) BAR0 space: [mem 0x80f000800000-0x80f0008fffff 64bit] (contains BAR0 for 1 VFs)
[    0.196064] pci 0000:06:00.0: [177d:a080] type 00 class 0x088000
[    0.196081] pci 0000:06:00.0: BAR 0: [mem 0x86e000000000-0x86e0ffffffff 64bit] (from Enhanced Allocation, properties 0x0)
[    0.196083] pci 0000:06:00.0: BAR 4: [mem 0x86e100000000-0x86e1000fffff 64bit] (from Enhanced Allocation, properties 0x0)
[    0.196086] pci 0000:06:00.0: VF BAR 0: [mem 0x86e200000000-0x86e2000fffff 64bit] (from Enhanced Allocation, properties 0x4)
[    0.196089] pci 0000:06:00.0: VF BAR 4: [mem 0x86e210000000-0x86e2100fffff 64bit] (from Enhanced Allocation, properties 0x4)
[    1.280187] pci 0000:06:00.0: VF(n) BAR0 space: [mem 0x86e200000000-0x86e201ffffff 64bit] (contains BAR0 for 32 VFs)
[    1.280192] pci 0000:06:00.0: VF(n) BAR4 space: [mem 0x86e210000000-0x86e211ffffff 64bit] (contains BAR4 for 32 VFs)
[    1.280303] pci 0000:00:01.0: PCI bridge to [bus 01]
[    1.280308] pci 0000:00:0c.0: PCI bridge to [bus 02]
[    1.280310] pci 0000:00:0d.0: PCI bridge to [bus 03]
[    1.280312] pci 0000:00:0e.0: PCI bridge to [bus 04]
[    1.280314] pci 0000:00:0f.0: PCI bridge to [bus 05]
[    1.280318] pci 0000:00:14.0: PCI bridge to [bus 06]
[    1.280321] pci_bus 0000:00: resource 4 [mem 0x878000000000-0x87800fffffff window]
[    1.280323] pci_bus 0000:00: resource 5 [mem 0x802000000000-0x80f0008fffff window]
[    1.280325] pci_bus 0000:00: resource 6 [mem 0x828000000000-0x8281001fffff window]
[    1.280326] pci_bus 0000:00: resource 7 [mem 0x82c000000000-0x82c0001fffff window]
[    1.280327] pci_bus 0000:00: resource 8 [mem 0x86d000000000-0x86d0000fffff window]
[    1.280329] pci_bus 0000:00: resource 9 [mem 0x86e000000000-0x86e22fffffff window]
[    1.280330] pci_bus 0000:00: resource 10 [mem 0x87e002000000-0x87e027ffffff window]
[    1.280332] pci_bus 0000:00: resource 11 [mem 0x87e03c000000-0x87e0525fffff window]
[    1.280333] pci_bus 0000:00: resource 12 [mem 0x87e087000000-0x87e0fcffffff window]
[    1.280334] pci_bus 0000:00: resource 13 [mem 0x87e100000000-0x87e10bffffff window]
[    1.280437] ACPI: PCI Root Bridge [PCI1] (domain 0001 [bus 00-ff])
[    1.280444] acpi PNP0A08:01: _OSC: OS supports [ExtendedConfig ASPM ClockPM Segments MSI EDR HPX-Type3]
[    1.280468] acpi PNP0A08:01: _OSC: platform does not support [PCIeHotplug SHPCHotplug PME AER LTR DPC]
[    1.280502] acpi PNP0A08:01: _OSC: OS now controls [PCIeCapability]
[    1.280597] acpi PNP0A08:01: ECAM area [mem 0x878010000000-0x87801fffffff] reserved by PNP0A08:01
[    1.280608] acpi PNP0A08:01: ECAM at [mem 0x878010000000-0x87801fffffff] for [bus 00-ff]
[    1.280645] PCI host bridge to bus 0001:00
[    1.280646] pci_bus 0001:00: root bus resource [mem 0x878010000000-0x87801fffffff window]
[    1.280648] pci_bus 0001:00: root bus resource [mem 0x868000000000-0x869fffffffff window]
[    1.280649] pci_bus 0001:00: root bus resource [bus 00-ff]
[    1.280686] pci 0001:00:0c.0: [177d:a01b] type 00 class 0x0c0330
[    1.280704] pci 0001:00:0c.0: BAR 0: [mem 0x868000000000-0x8680001fffff 64bit] (from Enhanced Allocation, properties 0x0)
[    1.280707] pci 0001:00:0c.0: BAR 4: [mem 0x868000200000-0x8680002fffff 64bit] (from Enhanced Allocation, properties 0x0)
[    1.280751] pci 0001:00:0d.0: [177d:a01b] type 00 class 0x0c0330
[    1.280767] pci 0001:00:0d.0: BAR 0: [mem 0x869000000000-0x8690001fffff 64bit] (from Enhanced Allocation, properties 0x0)
[    1.280769] pci 0001:00:0d.0: BAR 4: [mem 0x869000200000-0x8690002fffff 64bit] (from Enhanced Allocation, properties 0x0)
[    1.280832] pci_bus 0001:00: resource 4 [mem 0x878010000000-0x87801fffffff window]
[    1.280834] pci_bus 0001:00: resource 5 [mem 0x868000000000-0x869fffffffff window]
[    1.280892] ACPI: PCI Root Bridge [PCI2] (domain 0002 [bus 00-ff])
[    1.280899] acpi PNP0A08:02: _OSC: OS supports [ExtendedConfig ASPM ClockPM Segments MSI EDR HPX-Type3]
[    1.280917] acpi PNP0A08:02: _OSC: platform does not support [PCIeHotplug SHPCHotplug PME AER LTR DPC]
[    1.280949] acpi PNP0A08:02: _OSC: OS now controls [PCIeCapability]
[    1.281078] acpi PNP0A08:02: ECAM area [mem 0x878020000000-0x87802fffffff] reserved by PNP0A08:02
[    1.281086] acpi PNP0A08:02: ECAM at [mem 0x878020000000-0x87802fffffff] for [bus 00-ff]
[    1.281142] PCI host bridge to bus 0002:00
[    1.281143] pci_bus 0002:00: root bus resource [mem 0x878020000000-0x87802fffffff window]
[    1.281145] pci_bus 0002:00: root bus resource [mem 0x840000000000-0x85f4ffffffff window]
[    1.281146] pci_bus 0002:00: root bus resource [mem 0x01000000-0x037fffff window]
[    1.281148] pci_bus 0002:00: root bus resource [mem 0x9fc000000-0x9feffffff window]
[    1.281149] pci_bus 0002:00: root bus resource [bus 00-ff]
[    1.281160] pci 0002:00:00.0: [177d:a002] type 01 class 0x060401
[    1.281210] pci 0002:00:01.0: [177d:a002] type 01 class 0x060401
[    1.281258] pci 0002:00:02.0: [177d:a002] type 01 class 0x060401
[    1.281308] pci 0002:00:03.0: [177d:a002] type 01 class 0x060401
[    1.281359] pci 0002:00:04.0: [177d:a002] type 01 class 0x060401
[    1.281405] pci 0002:00:05.0: [177d:a002] type 01 class 0x060401
[    1.281453] pci 0002:00:06.0: [177d:a002] type 01 class 0x060401
[    1.281496] pci 0002:00:07.0: [177d:a002] type 01 class 0x060401
[    1.281541] pci 0002:00:08.0: [177d:a002] type 01 class 0x060401
[    1.281588] pci 0002:00:09.0: [177d:a002] type 01 class 0x060401
[    1.281632] pci 0002:00:0a.0: [177d:a002] type 01 class 0x060401
[    1.281675] pci 0002:00:0b.0: [177d:a002] type 01 class 0x060401
[    1.281727] pci 0002:00:0c.0: [177d:a002] type 01 class 0x060401
[    1.281771] pci 0002:00:0d.0: [177d:a002] type 01 class 0x060401
[    1.281814] pci 0002:00:0e.0: [177d:a002] type 01 class 0x060401
[    1.281858] pci 0002:00:0f.0: [177d:a002] type 01 class 0x060401
[    1.281906] pci 0002:00:10.0: [177d:a002] type 01 class 0x060401
[    1.281954] pci 0002:00:11.0: [177d:a002] type 01 class 0x060401
[    1.282003] pci 0002:00:12.0: [177d:a002] type 01 class 0x060401
[    1.282052] pci 0002:00:13.0: [177d:a002] type 01 class 0x060401
[    1.282097] pci 0002:00:14.0: [177d:a002] type 01 class 0x060401
[    1.282147] pci 0002:00:15.0: [177d:a002] type 01 class 0x060401
[    1.282196] pci 0002:00:16.0: [177d:a002] type 01 class 0x060401
[    1.282242] pci 0002:00:17.0: [177d:a002] type 01 class 0x060401
[    1.282294] pci 0002:00:18.0: [177d:a002] type 01 class 0x060401
[    1.282346] pci 0002:00:19.0: [177d:a002] type 01 class 0x060401
[    1.282394] pci 0002:00:1a.0: [177d:a002] type 01 class 0x060401
[    1.282441] pci 0002:00:1b.0: [177d:a002] type 01 class 0x060401
[    1.282484] pci 0002:00:1c.0: [177d:a002] type 01 class 0x060401
[    1.282527] pci 0002:00:1d.0: [177d:a002] type 01 class 0x060401
[    1.282572] pci 0002:00:1e.0: [177d:a002] type 01 class 0x060401
[    1.282615] pci 0002:00:1f.0: [177d:a002] type 01 class 0x060401
[    1.282672] pci 0002:01:00.0: [177d:a065] type 00 class 0x020000
[    1.282687] pci 0002:01:00.0: BAR 0: [mem 0x840000000000-0x8401ffffffff 64bit] (from Enhanced Allocation, properties 0x0)
[    1.282690] pci 0002:01:00.0: BAR 2: [mem 0x840200000000-0x840201ffffff 64bit] (from Enhanced Allocation, properties 0x0)
[    1.282693] pci 0002:01:00.0: BAR 4: [mem 0x9fc000000-0x9fc1fffff 64bit] (from Enhanced Allocation, properties 0x0)
[    1.282696] pci 0002:01:00.0: VF BAR 2: [mem 0x840202000000-0x840203ffffff 64bit] (from Enhanced Allocation, properties 0x4)
[    1.282699] pci 0002:01:00.0: VF BAR 4: [mem 0x9fc200000-0x9fc23ffff 64bit] (from Enhanced Allocation, properties 0x4)
[    1.282718] pci 0002:01:00.0: VF(n) BAR2 space: [mem 0x840202000000-0x840221ffffff 64bit] (contains BAR2 for 16 VFs)
[    1.282720] pci 0002:01:00.0: VF(n) BAR4 space: [mem 0x9fc200000-0x9fc5fffff 64bit] (contains BAR4 for 16 VFs)
[    1.282786] pci 0002:02:00.0: [177d:a063] type 00 class 0x020000
[    1.282801] pci 0002:02:00.0: BAR 2: [mem 0x841200000000-0x841201ffffff 64bit] (from Enhanced Allocation, properties 0x0)
[    1.282804] pci 0002:02:00.0: BAR 4: [mem 0x9fc600000-0x9fc67ffff 64bit] (from Enhanced Allocation, properties 0x0)
[    1.282807] pci 0002:02:00.0: VF BAR 2: [mem 0x841202000000-0x841203ffffff 64bit] (from Enhanced Allocation, properties 0x4)
[    1.282809] pci 0002:02:00.0: VF BAR 4: [mem 0x9fc680000-0x9fc6bffff 64bit] (from Enhanced Allocation, properties 0x4)
[    1.282825] pci 0002:02:00.0: VF(n) BAR2 space: [mem 0x841202000000-0x841207ffffff 64bit] (contains BAR2 for 3 VFs)
[    1.282826] pci 0002:02:00.0: VF(n) BAR4 space: [mem 0x9fc680000-0x9fc73ffff 64bit] (contains BAR4 for 3 VFs)
[    1.282882] pci 0002:03:00.0: [177d:a063] type 00 class 0x020000
[    1.282903] pci 0002:03:00.0: BAR 2: [mem 0x842200000000-0x842201ffffff 64bit] (from Enhanced Allocation, properties 0x0)
[    1.282905] pci 0002:03:00.0: BAR 4: [mem 0x9fc740000-0x9fc7bffff 64bit] (from Enhanced Allocation, properties 0x0)
[    1.282908] pci 0002:03:00.0: VF BAR 2: [mem 0x842202000000-0x842203ffffff 64bit] (from Enhanced Allocation, properties 0x4)
[    1.282911] pci 0002:03:00.0: VF BAR 4: [mem 0x9fc7c0000-0x9fc7fffff 64bit] (from Enhanced Allocation, properties 0x4)
[    1.282932] pci 0002:03:00.0: VF(n) BAR2 space: [mem 0x842202000000-0x842207ffffff 64bit] (contains BAR2 for 3 VFs)
[    1.282934] pci 0002:03:00.0: VF(n) BAR4 space: [mem 0x9fc7c0000-0x9fc87ffff 64bit] (contains BAR4 for 3 VFs)
[    1.282992] pci 0002:04:00.0: [177d:a063] type 00 class 0x020000
[    1.283014] pci 0002:04:00.0: BAR 2: [mem 0x843200000000-0x843201ffffff 64bit] (from Enhanced Allocation, properties 0x0)
[    1.283017] pci 0002:04:00.0: BAR 4: [mem 0x9fc880000-0x9fc8fffff 64bit] (from Enhanced Allocation, properties 0x0)
[    1.283019] pci 0002:04:00.0: VF BAR 2: [mem 0x843202000000-0x843203ffffff 64bit] (from Enhanced Allocation, properties 0x4)
[    1.283022] pci 0002:04:00.0: VF BAR 4: [mem 0x9fc900000-0x9fc93ffff 64bit] (from Enhanced Allocation, properties 0x4)
[    1.283043] pci 0002:04:00.0: VF(n) BAR2 space: [mem 0x843202000000-0x843207ffffff 64bit] (contains BAR2 for 3 VFs)
[    1.283045] pci 0002:04:00.0: VF(n) BAR4 space: [mem 0x9fc900000-0x9fc9bffff 64bit] (contains BAR4 for 3 VFs)
[    1.283101] pci 0002:05:00.0: [177d:a063] type 00 class 0x020000
[    1.283120] pci 0002:05:00.0: BAR 2: [mem 0x844200000000-0x844201ffffff 64bit] (from Enhanced Allocation, properties 0x0)
[    1.283123] pci 0002:05:00.0: BAR 4: [mem 0x9fc9c0000-0x9fca3ffff 64bit] (from Enhanced Allocation, properties 0x0)
[    1.283126] pci 0002:05:00.0: VF BAR 2: [mem 0x844202000000-0x844203ffffff 64bit] (from Enhanced Allocation, properties 0x4)
[    1.283128] pci 0002:05:00.0: VF BAR 4: [mem 0x9fca40000-0x9fca7ffff 64bit] (from Enhanced Allocation, properties 0x4)
[    1.283148] pci 0002:05:00.0: VF(n) BAR2 space: [mem 0x844202000000-0x844207ffffff 64bit] (contains BAR2 for 3 VFs)
[    1.283150] pci 0002:05:00.0: VF(n) BAR4 space: [mem 0x9fca40000-0x9fcafffff 64bit] (contains BAR4 for 3 VFs)
[    1.283205] pci 0002:06:00.0: [177d:a063] type 00 class 0x020000
[    1.283220] pci 0002:06:00.0: BAR 2: [mem 0x845200000000-0x845201ffffff 64bit] (from Enhanced Allocation, properties 0x0)
[    1.283223] pci 0002:06:00.0: BAR 4: [mem 0x9fcb00000-0x9fcb7ffff 64bit] (from Enhanced Allocation, properties 0x0)
[    1.283225] pci 0002:06:00.0: VF BAR 2: [mem 0x845202000000-0x845203ffffff 64bit] (from Enhanced Allocation, properties 0x4)
[    1.283228] pci 0002:06:00.0: VF BAR 4: [mem 0x9fcb80000-0x9fcbbffff 64bit] (from Enhanced Allocation, properties 0x4)
[    1.283248] pci 0002:06:00.0: VF(n) BAR2 space: [mem 0x845202000000-0x845207ffffff 64bit] (contains BAR2 for 3 VFs)
[    1.283250] pci 0002:06:00.0: VF(n) BAR4 space: [mem 0x9fcb80000-0x9fcc3ffff 64bit] (contains BAR4 for 3 VFs)
[    1.283308] pci 0002:07:00.0: [177d:a0f9] type 00 class 0x088000
[    1.283329] pci 0002:07:00.0: BAR 2: [mem 0x846200000000-0x846201ffffff 64bit] (from Enhanced Allocation, properties 0x0)
[    1.283332] pci 0002:07:00.0: BAR 4: [mem 0x9fcc40000-0x9fccbffff 64bit] (from Enhanced Allocation, properties 0x0)
[    1.283334] pci 0002:07:00.0: VF BAR 2: [mem 0x846202000000-0x846203ffffff 64bit] (from Enhanced Allocation, properties 0x4)
[    1.283400] pci 0002:08:00.0: [177d:a0f9] type 00 class 0x088000
[    1.283418] pci 0002:08:00.0: BAR 2: [mem 0x847200000000-0x847201ffffff 64bit] (from Enhanced Allocation, properties 0x0)
[    1.283421] pci 0002:08:00.0: BAR 4: [mem 0x9fccc0000-0x9fcd3ffff 64bit] (from Enhanced Allocation, properties 0x0)
[    1.283423] pci 0002:08:00.0: VF BAR 2: [mem 0x847202000000-0x847203ffffff 64bit] (from Enhanced Allocation, properties 0x4)
[    1.283488] pci 0002:09:00.0: [177d:a0f9] type 00 class 0x088000
[    1.283504] pci 0002:09:00.0: BAR 2: [mem 0x848200000000-0x848201ffffff 64bit] (from Enhanced Allocation, properties 0x0)
[    1.283507] pci 0002:09:00.0: BAR 4: [mem 0x9fcd40000-0x9fcdbffff 64bit] (from Enhanced Allocation, properties 0x0)
[    1.283509] pci 0002:09:00.0: VF BAR 2: [mem 0x848202000000-0x848203ffffff 64bit] (from Enhanced Allocation, properties 0x4)
[    1.283569] pci 0002:0a:00.0: [177d:a0f9] type 00 class 0x088000
[    1.283584] pci 0002:0a:00.0: BAR 2: [mem 0x849200000000-0x849201ffffff 64bit] (from Enhanced Allocation, properties 0x0)
[    1.283586] pci 0002:0a:00.0: BAR 4: [mem 0x9fcdc0000-0x9fce3ffff 64bit] (from Enhanced Allocation, properties 0x0)
[    1.283589] pci 0002:0a:00.0: VF BAR 2: [mem 0x849202000000-0x849203ffffff 64bit] (from Enhanced Allocation, properties 0x4)
[    1.283650] pci 0002:0b:00.0: [177d:a0f9] type 00 class 0x088000
[    1.283665] pci 0002:0b:00.0: BAR 2: [mem 0x84a200000000-0x84a201ffffff 64bit] (from Enhanced Allocation, properties 0x0)
[    1.283668] pci 0002:0b:00.0: BAR 4: [mem 0x9fce40000-0x9fcebffff 64bit] (from Enhanced Allocation, properties 0x0)
[    1.283670] pci 0002:0b:00.0: VF BAR 2: [mem 0x84a202000000-0x84a203ffffff 64bit] (from Enhanced Allocation, properties 0x4)
[    1.283737] pci 0002:0c:00.0: [177d:a0f9] type 00 class 0x088000
[    1.283754] pci 0002:0c:00.0: BAR 2: [mem 0x84b200000000-0x84b201ffffff 64bit] (from Enhanced Allocation, properties 0x0)
[    1.283757] pci 0002:0c:00.0: BAR 4: [mem 0x9fcec0000-0x9fcf3ffff 64bit] (from Enhanced Allocation, properties 0x0)
[    1.283760] pci 0002:0c:00.0: VF BAR 2: [mem 0x84b202000000-0x84b203ffffff 64bit] (from Enhanced Allocation, properties 0x4)
[    1.283818] pci 0002:0d:00.0: [177d:a0f9] type 00 class 0x088000
[    1.283833] pci 0002:0d:00.0: BAR 2: [mem 0x84c200000000-0x84c201ffffff 64bit] (from Enhanced Allocation, properties 0x0)
[    1.283836] pci 0002:0d:00.0: BAR 4: [mem 0x9fcf40000-0x9fcfbffff 64bit] (from Enhanced Allocation, properties 0x0)
[    1.283838] pci 0002:0d:00.0: VF BAR 2: [mem 0x84c202000000-0x84c203ffffff 64bit] (from Enhanced Allocation, properties 0x4)
[    1.283899] pci 0002:0e:00.0: [177d:a0f9] type 00 class 0x088000
[    1.283914] pci 0002:0e:00.0: BAR 2: [mem 0x84d200000000-0x84d201ffffff 64bit] (from Enhanced Allocation, properties 0x0)
[    1.283917] pci 0002:0e:00.0: BAR 4: [mem 0x9fcfc0000-0x9fd03ffff 64bit] (from Enhanced Allocation, properties 0x0)
[    1.283921] pci 0002:0e:00.0: VF BAR 2: [mem 0x84d202000000-0x84d203ffffff 64bit] (from Enhanced Allocation, properties 0x4)
[    1.283985] pci 0002:0f:00.0: [177d:a0f9] type 00 class 0x088000
[    1.284002] pci 0002:0f:00.0: BAR 2: [mem 0x84e200000000-0x84e201ffffff 64bit] (from Enhanced Allocation, properties 0x0)
[    1.284004] pci 0002:0f:00.0: BAR 4: [mem 0x9fd040000-0x9fd0bffff 64bit] (from Enhanced Allocation, properties 0x0)
[    1.284008] pci 0002:0f:00.0: VF BAR 2: [mem 0x84e202000000-0x84e203ffffff 64bit] (from Enhanced Allocation, properties 0x4)
[    1.284071] pci 0002:10:00.0: [177d:a0f0] type 00 class 0x088000
[    1.284087] pci 0002:10:00.0: BAR 2: [mem 0x84f200000000-0x84f201ffffff 64bit] (from Enhanced Allocation, properties 0x0)
[    1.284089] pci 0002:10:00.0: BAR 4: [mem 0x9fd0c0000-0x9fd13ffff 64bit] (from Enhanced Allocation, properties 0x0)
[    1.284093] pci 0002:10:00.0: VF BAR 2: [mem 0x84f202000000-0x84f203ffffff 64bit] (from Enhanced Allocation, properties 0x4)
[    1.284158] pci 0002:11:00.0: [177d:a0f0] type 00 class 0x088000
[    1.284174] pci 0002:11:00.0: BAR 2: [mem 0x850200000000-0x850201ffffff 64bit] (from Enhanced Allocation, properties 0x0)
[    1.284176] pci 0002:11:00.0: BAR 4: [mem 0x9fd140000-0x9fd1bffff 64bit] (from Enhanced Allocation, properties 0x0)
[    1.284179] pci 0002:11:00.0: VF BAR 2: [mem 0x850202000000-0x850203ffffff 64bit] (from Enhanced Allocation, properties 0x4)
[    1.284244] pci 0002:12:00.0: [177d:a0f0] type 00 class 0x088000
[    1.284260] pci 0002:12:00.0: BAR 2: [mem 0x851200000000-0x851201ffffff 64bit] (from Enhanced Allocation, properties 0x0)
[    1.284263] pci 0002:12:00.0: BAR 4: [mem 0x9fd1c0000-0x9fd23ffff 64bit] (from Enhanced Allocation, properties 0x0)
[    1.284266] pci 0002:12:00.0: VF BAR 2: [mem 0x851202000000-0x851203ffffff 64bit] (from Enhanced Allocation, properties 0x4)
[    1.284331] pci 0002:13:00.0: [177d:a0f0] type 00 class 0x088000
[    1.284347] pci 0002:13:00.0: BAR 2: [mem 0x852200000000-0x852201ffffff 64bit] (from Enhanced Allocation, properties 0x0)
[    1.284350] pci 0002:13:00.0: BAR 4: [mem 0x9fd240000-0x9fd2bffff 64bit] (from Enhanced Allocation, properties 0x0)
[    1.284353] pci 0002:13:00.0: VF BAR 2: [mem 0x852202000000-0x852203ffffff 64bit] (from Enhanced Allocation, properties 0x4)
[    1.284419] pci 0002:14:00.0: [177d:a0f0] type 00 class 0x088000
[    1.284434] pci 0002:14:00.0: BAR 2: [mem 0x853200000000-0x853201ffffff 64bit] (from Enhanced Allocation, properties 0x0)
[    1.284438] pci 0002:14:00.0: BAR 4: [mem 0x9fd2c0000-0x9fd33ffff 64bit] (from Enhanced Allocation, properties 0x0)
[    1.284441] pci 0002:14:00.0: VF BAR 2: [mem 0x853202000000-0x853203ffffff 64bit] (from Enhanced Allocation, properties 0x4)
[    1.284502] pci 0002:15:00.0: [177d:a0f0] type 00 class 0x088000
[    1.284518] pci 0002:15:00.0: BAR 2: [mem 0x854200000000-0x854201ffffff 64bit] (from Enhanced Allocation, properties 0x0)
[    1.284521] pci 0002:15:00.0: BAR 4: [mem 0x9fd340000-0x9fd3bffff 64bit] (from Enhanced Allocation, properties 0x0)
[    1.284523] pci 0002:15:00.0: VF BAR 2: [mem 0x854202000000-0x854203ffffff 64bit] (from Enhanced Allocation, properties 0x4)
[    1.284583] pci 0002:16:00.0: [177d:a0f0] type 00 class 0x088000
[    1.284598] pci 0002:16:00.0: BAR 2: [mem 0x855200000000-0x855201ffffff 64bit] (from Enhanced Allocation, properties 0x0)
[    1.284600] pci 0002:16:00.0: BAR 4: [mem 0x9fd3c0000-0x9fd43ffff 64bit] (from Enhanced Allocation, properties 0x0)
[    1.284603] pci 0002:16:00.0: VF BAR 2: [mem 0x855202000000-0x855203ffffff 64bit] (from Enhanced Allocation, properties 0x4)
[    1.284661] pci 0002:17:00.0: [177d:a0f0] type 00 class 0x088000
[    1.284676] pci 0002:17:00.0: BAR 2: [mem 0x856200000000-0x856201ffffff 64bit] (from Enhanced Allocation, properties 0x0)
[    1.284678] pci 0002:17:00.0: BAR 4: [mem 0x9fd440000-0x9fd4bffff 64bit] (from Enhanced Allocation, properties 0x0)
[    1.284681] pci 0002:17:00.0: VF BAR 2: [mem 0x856202000000-0x856203ffffff 64bit] (from Enhanced Allocation, properties 0x4)
[    1.284748] pci 0002:18:00.0: [177d:a0f0] type 00 class 0x088000
[    1.284765] pci 0002:18:00.0: BAR 2: [mem 0x857200000000-0x857201ffffff 64bit] (from Enhanced Allocation, properties 0x0)
[    1.284768] pci 0002:18:00.0: BAR 4: [mem 0x9fd4c0000-0x9fd53ffff 64bit] (from Enhanced Allocation, properties 0x0)
[    1.284770] pci 0002:18:00.0: VF BAR 2: [mem 0x857202000000-0x857203ffffff 64bit] (from Enhanced Allocation, properties 0x4)
[    1.284829] pci 0002:19:00.0: [177d:a0fb] type 00 class 0x088000
[    1.284845] pci 0002:19:00.0: BAR 2: [mem 0x858200000000-0x858201ffffff 64bit] (from Enhanced Allocation, properties 0x0)
[    1.284847] pci 0002:19:00.0: BAR 4: [mem 0x9fd540000-0x9fd5bffff 64bit] (from Enhanced Allocation, properties 0x0)
[    1.284850] pci 0002:19:00.0: VF BAR 2: [mem 0x858202000000-0x858203ffffff 64bit] (from Enhanced Allocation, properties 0x4)
[    1.284910] pci 0002:1a:00.0: [177d:a0fb] type 00 class 0x088000
[    1.284926] pci 0002:1a:00.0: BAR 2: [mem 0x859200000000-0x859201ffffff 64bit] (from Enhanced Allocation, properties 0x0)
[    1.284930] pci 0002:1a:00.0: BAR 4: [mem 0x9fd5c0000-0x9fd63ffff 64bit] (from Enhanced Allocation, properties 0x0)
[    1.284933] pci 0002:1a:00.0: VF BAR 2: [mem 0x859202000000-0x859203ffffff 64bit] (from Enhanced Allocation, properties 0x4)
[    1.284996] pci 0002:1b:00.0: [177d:a0fb] type 00 class 0x088000
[    1.285012] pci 0002:1b:00.0: BAR 2: [mem 0x85a200000000-0x85a201ffffff 64bit] (from Enhanced Allocation, properties 0x0)
[    1.285016] pci 0002:1b:00.0: BAR 4: [mem 0x9fd640000-0x9fd6bffff 64bit] (from Enhanced Allocation, properties 0x0)
[    1.285019] pci 0002:1b:00.0: VF BAR 2: [mem 0x85a202000000-0x85a203ffffff 64bit] (from Enhanced Allocation, properties 0x4)
[    1.285082] pci 0002:1c:00.0: [177d:a0fb] type 00 class 0x088000
[    1.285098] pci 0002:1c:00.0: BAR 2: [mem 0x85b200000000-0x85b201ffffff 64bit] (from Enhanced Allocation, properties 0x0)
[    1.285101] pci 0002:1c:00.0: BAR 4: [mem 0x9fd6c0000-0x9fd73ffff 64bit] (from Enhanced Allocation, properties 0x0)
[    1.285105] pci 0002:1c:00.0: VF BAR 2: [mem 0x85b202000000-0x85b203ffffff 64bit] (from Enhanced Allocation, properties 0x4)
[    1.285169] pci 0002:1d:00.0: [177d:a0f0] type 00 class 0x088000
[    1.285184] pci 0002:1d:00.0: BAR 2: [mem 0x85c200000000-0x85c201ffffff 64bit] (from Enhanced Allocation, properties 0x0)
[    1.285188] pci 0002:1d:00.0: BAR 4: [mem 0x9fd740000-0x9fd7bffff 64bit] (from Enhanced Allocation, properties 0x0)
[    1.285191] pci 0002:1d:00.0: VF BAR 2: [mem 0x85c202000000-0x85c203ffffff 64bit] (from Enhanced Allocation, properties 0x4)
[    1.285255] pci 0002:1e:00.0: [177d:a0f9] type 00 class 0x088000
[    1.285271] pci 0002:1e:00.0: BAR 2: [mem 0x85d200000000-0x85d201ffffff 64bit] (from Enhanced Allocation, properties 0x0)
[    1.285274] pci 0002:1e:00.0: BAR 4: [mem 0x9fd7c0000-0x9fd8bffff 64bit] (from Enhanced Allocation, properties 0x0)
[    1.285278] pci 0002:1e:00.0: VF BAR 2: [mem 0x85d202000000-0x85d203ffffff 64bit] (from Enhanced Allocation, properties 0x4)
[    1.285281] pci 0002:1e:00.0: VF BAR 4: [mem 0x9fd8c0000-0x9fd8fffff 64bit] (from Enhanced Allocation, properties 0x4)
[    1.285298] pci 0002:1e:00.0: VF(n) BAR2 space: [mem 0x85d202000000-0x85d209ffffff 64bit] (contains BAR2 for 4 VFs)
[    1.285300] pci 0002:1e:00.0: VF(n) BAR4 space: [mem 0x9fd8c0000-0x9fd9bffff 64bit] (contains BAR4 for 4 VFs)
[    1.285359] pci 0002:1f:00.0: [177d:a0f6] type 00 class 0x020000
[    1.285378] pci 0002:1f:00.0: BAR 2: [mem 0x85e200000000-0x85e201ffffff 64bit] (from Enhanced Allocation, properties 0x0)
[    1.285381] pci 0002:1f:00.0: BAR 4: [mem 0x9fd9c0000-0x9fdabffff 64bit] (from Enhanced Allocation, properties 0x0)
[    1.285383] pci 0002:1f:00.0: VF BAR 2: [mem 0x85e202000000-0x85e203ffffff 64bit] (from Enhanced Allocation, properties 0x4)
[    1.285386] pci 0002:1f:00.0: VF BAR 4: [mem 0x9fdac0000-0x9fdafffff 64bit] (from Enhanced Allocation, properties 0x4)
[    1.285407] pci 0002:1f:00.0: VF(n) BAR2 space: [mem 0x85e202000000-0x85e213ffffff 64bit] (contains BAR2 for 9 VFs)
[    1.285408] pci 0002:1f:00.0: VF(n) BAR4 space: [mem 0x9fdac0000-0x9fdcfffff 64bit] (contains BAR4 for 9 VFs)
[    1.285472] pci 0002:20:00.0: [177d:a0f2] type 00 class 0x108000
[    1.285488] pci 0002:20:00.0: BAR 2: [mem 0x85f200000000-0x85f201ffffff 64bit] (from Enhanced Allocation, properties 0x0)
[    1.285491] pci 0002:20:00.0: BAR 4: [mem 0x9fdd00000-0x9fe4fffff 64bit] (from Enhanced Allocation, properties 0x0)
[    1.285493] pci 0002:20:00.0: VF BAR 2: [mem 0x85f202000000-0x85f203ffffff 64bit] (from Enhanced Allocation, properties 0x4)
[    1.285496] pci 0002:20:00.0: VF BAR 4: [mem 0x9fe500000-0x9fe53ffff 64bit] (from Enhanced Allocation, properties 0x4)
[    1.285511] pci 0002:20:00.0: VF(n) BAR2 space: [mem 0x85f202000000-0x85f281ffffff 64bit] (contains BAR2 for 64 VFs)
[    1.285513] pci 0002:20:00.0: VF(n) BAR4 space: [mem 0x9fe500000-0x9ff4fffff 64bit] (contains BAR4 for 64 VFs)
[    1.285619] pci 0002:00:00.0: PCI bridge to [bus 01]
[    1.285622] pci 0002:00:01.0: PCI bridge to [bus 02]
[    1.285625] pci 0002:00:02.0: PCI bridge to [bus 03]
[    1.285627] pci 0002:00:03.0: PCI bridge to [bus 04]
[    1.285630] pci 0002:00:04.0: PCI bridge to [bus 05]
[    1.285632] pci 0002:00:05.0: PCI bridge to [bus 06]
[    1.285634] pci 0002:00:06.0: PCI bridge to [bus 07]
[    1.285636] pci 0002:00:07.0: PCI bridge to [bus 08]
[    1.285638] pci 0002:00:08.0: PCI bridge to [bus 09]
[    1.285640] pci 0002:00:09.0: PCI bridge to [bus 0a]
[    1.285643] pci 0002:00:0a.0: PCI bridge to [bus 0b]
[    1.285645] pci 0002:00:0b.0: PCI bridge to [bus 0c]
[    1.285647] pci 0002:00:0c.0: PCI bridge to [bus 0d]
[    1.285649] pci 0002:00:0d.0: PCI bridge to [bus 0e]
[    1.285652] pci 0002:00:0e.0: PCI bridge to [bus 0f]
[    1.285654] pci 0002:00:0f.0: PCI bridge to [bus 10]
[    1.285657] pci 0002:00:10.0: PCI bridge to [bus 11]
[    1.285659] pci 0002:00:11.0: PCI bridge to [bus 12]
[    1.285662] pci 0002:00:12.0: PCI bridge to [bus 13]
[    1.285665] pci 0002:00:13.0: PCI bridge to [bus 14]
[    1.285667] pci 0002:00:14.0: PCI bridge to [bus 15]
[    1.285670] pci 0002:00:15.0: PCI bridge to [bus 16]
[    1.285673] pci 0002:00:16.0: PCI bridge to [bus 17]
[    1.285676] pci 0002:00:17.0: PCI bridge to [bus 18]
[    1.285679] pci 0002:00:18.0: PCI bridge to [bus 19]
[    1.285682] pci 0002:00:19.0: PCI bridge to [bus 1a]
[    1.285685] pci 0002:00:1a.0: PCI bridge to [bus 1b]
[    1.285688] pci 0002:00:1b.0: PCI bridge to [bus 1c]
[    1.285691] pci 0002:00:1c.0: PCI bridge to [bus 1d]
[    1.285695] pci 0002:00:1d.0: PCI bridge to [bus 1e]
[    1.285699] pci 0002:00:1e.0: PCI bridge to [bus 1f]
[    1.285702] pci 0002:00:1f.0: PCI bridge to [bus 20]
[    1.285704] pci_bus 0002:00: resource 4 [mem 0x878020000000-0x87802fffffff window]
[    1.285706] pci_bus 0002:00: resource 5 [mem 0x840000000000-0x85f4ffffffff window]
[    1.285707] pci_bus 0002:00: resource 6 [mem 0x01000000-0x037fffff window]
[    1.285709] pci_bus 0002:00: resource 7 [mem 0x9fc000000-0x9feffffff window]
[    1.285823] ACPI: PCI Root Bridge [PEM0] (domain 0003 [bus 00-ff])
[    1.285830] acpi PNP0A08:03: _OSC: OS supports [ExtendedConfig ASPM ClockPM Segments MSI EDR HPX-Type3]
[    1.285847] acpi PNP0A08:03: _OSC: platform does not support [PCIeHotplug SHPCHotplug PME AER LTR DPC]
[    1.285873] acpi PNP0A08:03: _OSC: OS now controls [PCIeCapability]
[    1.286058] acpi PNP0A08:03: ECAM area [mem 0x878030000000-0x87803fffffff] reserved by PNP0A08:03
[    1.286069] acpi PNP0A08:03: ECAM at [mem 0x878030000000-0x87803fffffff] for [bus 00-ff]
[    1.286151] PCI host bridge to bus 0003:00
[    1.286153] pci_bus 0003:00: root bus resource [mem 0x878030000000-0x87803fffffff window]
[    1.286154] pci_bus 0003:00: root bus resource [mem 0x8e0e00000000-0x8e0e000fffff window]
[    1.286156] pci_bus 0003:00: root bus resource [mem 0x882001000000-0x882fffffffff window] (bus address [0x01000000-0xfffffffff])
[    1.286158] pci_bus 0003:00: root bus resource [mem 0x884000000000-0x884fffffffff pref window] (bus address [0x00000000-0xfffffffff])
[    1.286160] pci_bus 0003:00: root bus resource [mem 0x886000000000-0x8860000fffff window] (bus address [0x00000000-0x000fffff])
[    1.286161] pci_bus 0003:00: root bus resource [bus 00-ff]
[    1.286172] pci_bus 0003:00: resource 4 [mem 0x878030000000-0x87803fffffff window]
[    1.286174] pci_bus 0003:00: resource 5 [mem 0x8e0e00000000-0x8e0e000fffff window]
[    1.286175] pci_bus 0003:00: resource 6 [mem 0x882001000000-0x882fffffffff window]
[    1.286176] pci_bus 0003:00: resource 7 [mem 0x884000000000-0x884fffffffff pref window]
[    1.286178] pci_bus 0003:00: resource 8 [mem 0x886000000000-0x8860000fffff window]
[    1.286249] ACPI: PCI Root Bridge [PEM1] (domain 0004 [bus 00-ff])
[    1.286255] acpi PNP0A08:04: _OSC: OS supports [ExtendedConfig ASPM ClockPM Segments MSI EDR HPX-Type3]
[    1.286271] acpi PNP0A08:04: _OSC: platform does not support [PCIeHotplug SHPCHotplug PME AER LTR DPC]
[    1.286298] acpi PNP0A08:04: _OSC: OS now controls [PCIeCapability]
[    1.286531] acpi PNP0A08:04: ECAM area [mem 0x878040000000-0x87804fffffff] reserved by PNP0A08:04
[    1.286538] acpi PNP0A08:04: ECAM at [mem 0x878040000000-0x87804fffffff] for [bus 00-ff]
[    1.286617] PCI host bridge to bus 0004:00
[    1.286618] pci_bus 0004:00: root bus resource [mem 0x878040000000-0x87804fffffff window]
[    1.286619] pci_bus 0004:00: root bus resource [mem 0x8e1e00000000-0x8e1e000fffff window]
[    1.286621] pci_bus 0004:00: root bus resource [mem 0x88a001000000-0x88afffffffff window] (bus address [0x01000000-0xfffffffff])
[    1.286623] pci_bus 0004:00: root bus resource [mem 0x88c000000000-0x88cfffffffff pref window] (bus address [0x00000000-0xfffffffff])
[    1.286624] pci_bus 0004:00: root bus resource [mem 0x88e000000000-0x88e0000fffff window] (bus address [0x00000000-0x000fffff])
[    1.286626] pci_bus 0004:00: root bus resource [bus 00-ff]
[    1.286636] pci_bus 0004:00: resource 4 [mem 0x878040000000-0x87804fffffff window]
[    1.286638] pci_bus 0004:00: resource 5 [mem 0x8e1e00000000-0x8e1e000fffff window]
[    1.286639] pci_bus 0004:00: resource 6 [mem 0x88a001000000-0x88afffffffff window]
[    1.286641] pci_bus 0004:00: resource 7 [mem 0x88c000000000-0x88cfffffffff pref window]
[    1.286642] pci_bus 0004:00: resource 8 [mem 0x88e000000000-0x88e0000fffff window]
[    1.286711] ACPI: PCI Root Bridge [PEM2] (domain 0005 [bus 00-ff])
[    1.286716] acpi PNP0A08:05: _OSC: OS supports [ExtendedConfig ASPM ClockPM Segments MSI EDR HPX-Type3]
[    1.286734] acpi PNP0A08:05: _OSC: platform does not support [PCIeHotplug SHPCHotplug PME AER LTR DPC]
[    1.286770] acpi PNP0A08:05: _OSC: OS now controls [PCIeCapability]
[    1.287059] acpi PNP0A08:05: ECAM area [mem 0x878050000000-0x87805fffffff] reserved by PNP0A08:05
[    1.287067] acpi PNP0A08:05: ECAM at [mem 0x878050000000-0x87805fffffff] for [bus 00-ff]
[    1.287146] PCI host bridge to bus 0005:00
[    1.287147] pci_bus 0005:00: root bus resource [mem 0x878050000000-0x87805fffffff window]
[    1.287148] pci_bus 0005:00: root bus resource [mem 0x8e2e00000000-0x8e2e000fffff window]
[    1.287150] pci_bus 0005:00: root bus resource [mem 0x892001000000-0x892fffffffff window] (bus address [0x01000000-0xfffffffff])
[    1.287152] pci_bus 0005:00: root bus resource [mem 0x894000000000-0x894fffffffff pref window] (bus address [0x00000000-0xfffffffff])
[    1.287153] pci_bus 0005:00: root bus resource [mem 0x896000000000-0x8960000fffff window] (bus address [0x00000000-0x000fffff])
[    1.287155] pci_bus 0005:00: root bus resource [bus 00-ff]
[    1.287167] pci 0005:00:00.0: [177d:a02d] type 01 class 0x060400
[    1.287173] pci 0005:00:00.0: reg 0x38: [mem 0x8920fffff800-0x8920ffffffff pref]
[    1.287185] pci 0005:00:00.0: BAR 0: [mem 0x8e2e00000000-0x8e2e000fffff 64bit] (from Enhanced Allocation, properties 0x0)
[    1.287230] pci 0005:00:00.0: PTM enabled (root), 16ns granularity
[    1.287302] pci 0005:01:00.0: [1987:5013] type 00 class 0x010802
[    1.287316] pci 0005:01:00.0: reg 0x10: [mem 0x892001000000-0x892001003fff 64bit]
[    1.287468] pci 0005:01:00.0: 15.752 Gb/s available PCIe bandwidth, limited by 8.0 GT/s PCIe x2 link at 0005:00:00.0 (capable of 31.504 Gb/s with 8.0 GT/s PCIe x4 link)
[    1.310217] pci 0005:00:00.0: BAR 14: assigned [mem 0x892001000000-0x8920010fffff]
[    1.310219] pci 0005:00:00.0: BAR 6: assigned [mem 0x894000000000-0x8940000007ff pref]
[    1.310222] pci 0005:01:00.0: BAR 0: assigned [mem 0x892001000000-0x892001003fff 64bit]
[    1.310228] pci 0005:00:00.0: PCI bridge to [bus 01]
[    1.310230] pci 0005:00:00.0:   bridge window [mem 0x892001000000-0x8920010fffff]
[    1.310232] pci_bus 0005:00: resource 4 [mem 0x878050000000-0x87805fffffff window]
[    1.310233] pci_bus 0005:00: resource 5 [mem 0x8e2e00000000-0x8e2e000fffff window]
[    1.310234] pci_bus 0005:00: resource 6 [mem 0x892001000000-0x892fffffffff window]
[    1.310236] pci_bus 0005:00: resource 7 [mem 0x894000000000-0x894fffffffff pref window]
[    1.310237] pci_bus 0005:00: resource 8 [mem 0x896000000000-0x8960000fffff window]
[    1.310239] pci_bus 0005:01: resource 1 [mem 0x892001000000-0x8920010fffff]
[    1.310316] ACPI: PCI Root Bridge [PEM3] (domain 0006 [bus 00-ff])
[    1.310322] acpi PNP0A08:06: _OSC: OS supports [ExtendedConfig ASPM ClockPM Segments MSI EDR HPX-Type3]
[    1.310340] acpi PNP0A08:06: _OSC: platform does not support [PCIeHotplug SHPCHotplug PME AER LTR DPC]
[    1.310367] acpi PNP0A08:06: _OSC: OS now controls [PCIeCapability]
[    1.310714] acpi PNP0A08:06: ECAM area [mem 0x878060000000-0x87806fffffff] reserved by PNP0A08:06
[    1.310722] acpi PNP0A08:06: ECAM at [mem 0x878060000000-0x87806fffffff] for [bus 00-ff]
[    1.310802] PCI host bridge to bus 0006:00
[    1.310803] pci_bus 0006:00: root bus resource [mem 0x878060000000-0x87806fffffff window]
[    1.310805] pci_bus 0006:00: root bus resource [mem 0x8e3e00000000-0x8e3e000fffff window]
[    1.310806] pci_bus 0006:00: root bus resource [mem 0x89a001000000-0x89afffffffff window] (bus address [0x01000000-0xfffffffff])
[    1.310808] pci_bus 0006:00: root bus resource [mem 0x89c000000000-0x89cfffffffff pref window] (bus address [0x00000000-0xfffffffff])
[    1.310810] pci_bus 0006:00: root bus resource [mem 0x89e000000000-0x89e0000fffff window] (bus address [0x00000000-0x000fffff])
[    1.310811] pci_bus 0006:00: root bus resource [bus 00-ff]
[    1.310821] pci_bus 0006:00: resource 4 [mem 0x878060000000-0x87806fffffff window]
[    1.310823] pci_bus 0006:00: resource 5 [mem 0x8e3e00000000-0x8e3e000fffff window]
[    1.310824] pci_bus 0006:00: resource 6 [mem 0x89a001000000-0x89afffffffff window]
[    1.310825] pci_bus 0006:00: resource 7 [mem 0x89c000000000-0x89cfffffffff pref window]
[    1.310827] pci_bus 0006:00: resource 8 [mem 0x89e000000000-0x89e0000fffff window]
[    1.310897] ACPI: PCI Root Bridge [PEM4] (domain 0007 [bus 00-ff])
[    1.310903] acpi PNP0A08:07: _OSC: OS supports [ExtendedConfig ASPM ClockPM Segments MSI EDR HPX-Type3]
[    1.310920] acpi PNP0A08:07: _OSC: platform does not support [PCIeHotplug SHPCHotplug PME AER LTR DPC]
[    1.310951] acpi PNP0A08:07: _OSC: OS now controls [PCIeCapability]
[    1.311359] acpi PNP0A08:07: ECAM area [mem 0x878070000000-0x87807fffffff] reserved by PNP0A08:07
[    1.311367] acpi PNP0A08:07: ECAM at [mem 0x878070000000-0x87807fffffff] for [bus 00-ff]
[    1.311444] PCI host bridge to bus 0007:00
[    1.311445] pci_bus 0007:00: root bus resource [mem 0x878070000000-0x87807fffffff window]
[    1.311447] pci_bus 0007:00: root bus resource [mem 0x8e4e00000000-0x8e4e000fffff window]
[    1.311448] pci_bus 0007:00: root bus resource [mem 0x8a2001000000-0x8a2fffffffff window] (bus address [0x01000000-0xfffffffff])
[    1.311450] pci_bus 0007:00: root bus resource [mem 0x8a4000000000-0x8a4fffffffff pref window] (bus address [0x00000000-0xfffffffff])
[    1.311451] pci_bus 0007:00: root bus resource [mem 0x8a6000000000-0x8a60000fffff window] (bus address [0x00000000-0x000fffff])
[    1.311453] pci_bus 0007:00: root bus resource [bus 00-ff]
[    1.311463] pci_bus 0007:00: resource 4 [mem 0x878070000000-0x87807fffffff window]
[    1.311465] pci_bus 0007:00: resource 5 [mem 0x8e4e00000000-0x8e4e000fffff window]
[    1.311466] pci_bus 0007:00: resource 6 [mem 0x8a2001000000-0x8a2fffffffff window]
[    1.311467] pci_bus 0007:00: resource 7 [mem 0x8a4000000000-0x8a4fffffffff pref window]
[    1.311469] pci_bus 0007:00: resource 8 [mem 0x8a6000000000-0x8a60000fffff window]
[    1.311541] ACPI: PCI Root Bridge [PEM5] (domain 0008 [bus 00-ff])
[    1.311547] acpi PNP0A08:08: _OSC: OS supports [ExtendedConfig ASPM ClockPM Segments MSI EDR HPX-Type3]
[    1.311563] acpi PNP0A08:08: _OSC: platform does not support [PCIeHotplug SHPCHotplug PME AER LTR DPC]
[    1.311589] acpi PNP0A08:08: _OSC: OS now controls [PCIeCapability]
[    1.312049] acpi PNP0A08:08: ECAM area [mem 0x878080000000-0x87808fffffff] reserved by PNP0A08:08
[    1.312056] acpi PNP0A08:08: ECAM at [mem 0x878080000000-0x87808fffffff] for [bus 00-ff]
[    1.312132] PCI host bridge to bus 0008:00
[    1.312133] pci_bus 0008:00: root bus resource [mem 0x878080000000-0x87808fffffff window]
[    1.312134] pci_bus 0008:00: root bus resource [mem 0x8e5e00000000-0x8e5e000fffff window]
[    1.312136] pci_bus 0008:00: root bus resource [mem 0x8aa001000000-0x8aafffffffff window] (bus address [0x01000000-0xfffffffff])
[    1.312137] pci_bus 0008:00: root bus resource [mem 0x8ac000000000-0x8acfffffffff pref window] (bus address [0x00000000-0xfffffffff])
[    1.312139] pci_bus 0008:00: root bus resource [mem 0x8ae000000000-0x8ae0000fffff window] (bus address [0x00000000-0x000fffff])
[    1.312140] pci_bus 0008:00: root bus resource [bus 00-ff]
[    1.312150] pci_bus 0008:00: resource 4 [mem 0x878080000000-0x87808fffffff window]
[    1.312152] pci_bus 0008:00: resource 5 [mem 0x8e5e00000000-0x8e5e000fffff window]
[    1.312153] pci_bus 0008:00: resource 6 [mem 0x8aa001000000-0x8aafffffffff window]
[    1.312154] pci_bus 0008:00: resource 7 [mem 0x8ac000000000-0x8acfffffffff pref window]
[    1.312156] pci_bus 0008:00: resource 8 [mem 0x8ae000000000-0x8ae0000fffff window]
[    1.312235] ARMH0011:00: ttyAMA0 at MMIO 0x87e028000000 (irq = 13, base_baud = 0) is a SBSA
[    1.312289] printk: console [ttyAMA0] enabled
[    1.312472] ARMH0011:01: ttyAMA1 at MMIO 0x87e029000000 (irq = 14, base_baud = 0) is a SBSA
[    1.312837] iommu: Default domain type: Passthrough 
[    1.312884] vgaarb: loaded
[    1.312968] pps_core: LinuxPPS API ver. 1 registered
[    1.312969] pps_core: Software ver. 5.3.6 - Copyright 2005-2007 Rodolfo Giometti <giometti@linux.it>
[    1.312974] PTP clock support registered
[    1.312991] EDAC MC: Ver: 3.0.0
[    1.313163] Registered efivars operations
[    1.313240] ima: secureboot mode disabled
[    1.313605] NetLabel: Initializing
[    1.313607] NetLabel:  domain hash size = 128
[    1.313608] NetLabel:  protocols = UNLABELED CIPSOv4 CALIPSO
[    1.313619] NetLabel:  unlabeled traffic allowed by default
[    1.315686] sdei: SDEIv1.0 (0x0) detected in firmware.
[    1.316044] clocksource: Switched to clocksource arch_sys_counter
[    1.328040] VFS: Disk quotas dquot_6.6.0
[    1.328054] VFS: Dquot-cache hash table entries: 512 (order 0, 4096 bytes)
[    1.328195] AppArmor: AppArmor Filesystem Enabled
[    1.328209] pnp: PnP ACPI init
[    1.328333] pnp: PnP ACPI: found 0 devices
[    1.329529] NET: Registered PF_INET protocol family
[    1.329603] IP idents hash table entries: 262144 (order: 9, 2097152 bytes, linear)
[    1.331701] tcp_listen_portaddr_hash hash table entries: 32768 (order: 7, 524288 bytes, linear)
[    1.331769] TCP established hash table entries: 524288 (order: 10, 4194304 bytes, linear)
[    1.332314] TCP bind hash table entries: 65536 (order: 8, 1048576 bytes, linear)
[    1.332461] TCP: Hash tables configured (established 524288 bind 65536)
[    1.332585] MPTCP token hash table entries: 65536 (order: 8, 1572864 bytes, linear)
[    1.332723] UDP hash table entries: 32768 (order: 8, 1048576 bytes, linear)
[    1.332828] UDP-Lite hash table entries: 32768 (order: 8, 1048576 bytes, linear)
[    1.333042] NET: Registered PF_UNIX/PF_LOCAL protocol family
[    1.333047] NET: Registered PF_XDP protocol family
[    1.333162] PCI: CLS 0 bytes, default 64
[    1.333213] Trying to unpack rootfs image as initramfs...
[    1.356613] hw perfevents: enabled with armv8_pmuv3_0 PMU driver, 7 counters available
[    1.356661] kvm [1]: IPA Size Limit: 48 bits
[    1.356671] kvm [1]: GICv4 support disabled
[    1.356673] kvm [1]: GICv3: no GICV resource entry
[    1.356674] kvm [1]: disabling GICv2 emulation
[    1.356679] kvm [1]: GIC system register CPU interface enabled
[    1.356815] kvm [1]: vgic interrupt IRQ9
[    1.356980] kvm [1]: VHE mode initialized successfully
[    1.357486] Initialise system trusted keyrings
[    1.357492] Key type blacklist registered
[    1.357525] workingset: timestamp_bits=40 max_order=24 bucket_order=0
[    1.358496] zbud: loaded
[    1.358664] integrity: Platform Keyring initialized
[    1.410186] Freeing initrd memory: 16488K
[    1.884807] Key type asymmetric registered
[    1.884808] Asymmetric key parser 'x509' registered
[    1.884817] Block layer SCSI generic (bsg) driver version 0.4 loaded (major 244)
[    1.884859] io scheduler mq-deadline registered
[    1.884860] io scheduler kyber registered
[    1.884889] io scheduler bfq registered
[    1.885603] shpchp: Standard Hot Plug PCI Controller Driver version: 0.4
[    1.886164] EDAC MC0: Giving out device to module ghes_edac.c controller ghes_edac: DEV ghes (INTERRUPT)
[    1.886998] GHES: Failed to enable APEI firmware first mode.
[    1.887053] ACPI GTDT: found 1 SBSA generic Watchdog(s).
[    1.887820] Serial: 8250/16550 driver, 4 ports, IRQ sharing enabled
[    1.888173] Serial: AMBA driver
[    1.888213] msm_serial: driver initialized
[    1.888354] arm-smmu-v3 arm-smmu-v3.0.auto: option mask 0x0
[    1.888377] arm-smmu-v3 arm-smmu-v3.0.auto: ias 52-bit, oas 52-bit (features 0x0006d78d)
[    1.888399] arm-smmu-v3 arm-smmu-v3.0.auto: allocated 65536 entries for cmdq
[    1.888403] arm-smmu-v3 arm-smmu-v3.0.auto: allocated 128 entries for evtq
[    1.889814] libphy: Fixed MDIO Bus: probed
[    1.889897] mousedev: PS/2 mouse device common for all mice
[    1.894664] rtc-efi rtc-efi.0: registered as rtc0
[    1.897029] rtc-efi rtc-efi.0: setting system clock to 2023-04-20T20:26:44 UTC (1682022404)
[    1.897418] ledtrig-cpu: registered to indicate activity on CPUs
[    1.897512] SMCCC: SOC_ID: ID = jep106:0369:00b9 Revision = 0x00000001
[    1.897534] hid: raw HID events driver (C) Jiri Kosina
[    1.897845] drop_monitor: Initializing network drop monitor service
[    1.897979] NET: Registered PF_INET6 protocol family
[    1.901176] Segment Routing with IPv6
[    1.901179] RPL Segment Routing with IPv6
[    1.901594] registered taskstats version 1
[    1.901748] Loading compiled-in X.509 certificates
[    1.901781] Loaded X.509 cert 'SUSE Linux Enterprise Secure Boot Signkey: 5a240449d29fd0d8a7a187e6fc0e26b95d1aa87b'
[    1.901935] zswap: loaded using pool lzo/zbud
[    1.901977] page_owner is disabled
[    1.902017] Key type ._fscrypt registered
[    1.902018] Key type .fscrypt registered
[    1.902019] Key type fscrypt-provisioning registered
[    1.932908] cryptd: max_cpu_qlen set to 1000
[    1.952464] Key type encrypted registered
[    1.952469] AppArmor: AppArmor sha1 policy hashing enabled
[    1.952538] ima: No TPM chip found, activating TPM-bypass!
[    1.952540] Loading compiled-in module X.509 certificates
[    1.952567] Loaded X.509 cert 'SUSE Linux Enterprise Secure Boot Signkey: 5a240449d29fd0d8a7a187e6fc0e26b95d1aa87b'
[    1.952569] ima: Allocated hash algorithm: sha256
[    1.952579] ima: No architecture policies found
[    1.952594] evm: Initialising EVM extended attributes:
[    1.952595] evm: security.selinux
[    1.952596] evm: security.SMACK64 (disabled)
[    1.952597] evm: security.SMACK64EXEC (disabled)
[    1.952597] evm: security.SMACK64TRANSMUTE (disabled)
[    1.952598] evm: security.SMACK64MMAP (disabled)
[    1.952599] evm: security.apparmor
[    1.952600] evm: security.ima
[    1.952600] evm: security.capability
[    1.952601] evm: HMAC attrs: 0x1
[    1.952990] pcieport 0000:00:01.0: Adding to iommu group 0
[    1.953054] pcieport 0000:00:0c.0: Adding to iommu group 1
[    1.953098] pcieport 0000:00:0d.0: Adding to iommu group 2
[    1.953142] pcieport 0000:00:0e.0: Adding to iommu group 3
[    1.953181] pcieport 0000:00:0f.0: Adding to iommu group 4
[    1.953217] pcieport 0000:00:14.0: Adding to iommu group 5
[    1.953262] pcieport 0002:00:00.0: Adding to iommu group 6
[    1.953299] pcieport 0002:00:01.0: Adding to iommu group 7
[    1.953336] pcieport 0002:00:02.0: Adding to iommu group 8
[    1.953376] pcieport 0002:00:03.0: Adding to iommu group 9
[    1.953411] pcieport 0002:00:04.0: Adding to iommu group 10
[    1.953449] pcieport 0002:00:05.0: Adding to iommu group 11
[    1.953489] pcieport 0002:00:06.0: Adding to iommu group 12
[    1.953525] pcieport 0002:00:07.0: Adding to iommu group 13
[    1.953559] pcieport 0002:00:08.0: Adding to iommu group 14
[    1.953595] pcieport 0002:00:09.0: Adding to iommu group 15
[    1.953631] pcieport 0002:00:0a.0: Adding to iommu group 16
[    1.953666] pcieport 0002:00:0b.0: Adding to iommu group 17
[    1.953701] pcieport 0002:00:0c.0: Adding to iommu group 18
[    1.953737] pcieport 0002:00:0d.0: Adding to iommu group 19
[    1.953780] pcieport 0002:00:0e.0: Adding to iommu group 20
[    1.953820] pcieport 0002:00:0f.0: Adding to iommu group 21
[    1.953855] pcieport 0002:00:10.0: Adding to iommu group 22
[    1.953890] pcieport 0002:00:11.0: Adding to iommu group 23
[    1.953925] pcieport 0002:00:12.0: Adding to iommu group 24
[    1.953962] pcieport 0002:00:13.0: Adding to iommu group 25
[    1.954002] pcieport 0002:00:14.0: Adding to iommu group 26
[    1.954038] pcieport 0002:00:15.0: Adding to iommu group 27
[    1.954074] pcieport 0002:00:16.0: Adding to iommu group 28
[    1.954114] pcieport 0002:00:17.0: Adding to iommu group 29
[    1.954150] pcieport 0002:00:18.0: Adding to iommu group 30
[    1.954186] pcieport 0002:00:19.0: Adding to iommu group 31
[    1.954226] pcieport 0002:00:1a.0: Adding to iommu group 32
[    1.954262] pcieport 0002:00:1b.0: Adding to iommu group 33
[    1.954297] pcieport 0002:00:1c.0: Adding to iommu group 34
[    1.954338] pcieport 0002:00:1d.0: Adding to iommu group 35
[    1.954373] pcieport 0002:00:1e.0: Adding to iommu group 36
[    1.954408] pcieport 0002:00:1f.0: Adding to iommu group 37
[    1.954453] pcieport 0005:00:00.0: Adding to iommu group 38
[    1.956151] Freeing unused kernel memory: 6720K
[    2.016121] Run /init as init process
[    2.016123]   with arguments:
[    2.016124]     /init
[    2.016125]   with environment:
[    2.016126]     HOME=/
[    2.016127]     TERM=linux
[    2.016128]     BOOT_IMAGE=/boot/Image-5.14.21-150400.22-default
[    2.016129]     splash=silent
[    2.030462] systemd[1]: systemd 249.11+suse.124.g2bc0b2c447 running in system mode (+PAM +AUDIT +SELINUX +APPARMOR -IMA -SMACK +SECCOMP +GCRYPT +GNUTLS +OPENSSL +ACL +BLKID +CURL +ELFUTILS +FIDO2 +IDN2 -IDN +IPTC +KMOD +LIBCRYPTSETUP +LIBFDISK +PCRE2 +PWQUALITY +P11KIT +QRENCODE +TPM2 +BZIP2 +LZ4 +XZ +ZLIB +ZSTD -XKBCOMMON +UTMP +SYSVINIT default-hierarchy=hybrid)
[    2.031019] systemd[1]: Detected architecture arm64.
[    2.031022] systemd[1]: Running in initial RAM disk.
[    2.096330] systemd[1]: No hostname configured, using default hostname.
[    2.096387] systemd[1]: Hostname set to <localhost>.
[    2.096437] systemd[1]: Initializing machine ID from random generator.
[    2.153657] systemd[1]: /usr/lib/systemd/system/plymouth-start.service:15: Unit configured to use KillMode=none. Support for KillMode=none is deprecated and will be eventually removed in future SLE versions. Please see SUSE TID https://www.suse.com/support/kb/doc/?id=000020394 for more details.
[    2.161846] systemd[1]: Queued start job for default target Initrd Default Target.
[    2.161983] systemd[1]: Reached target Initrd /usr File System.
[    2.162030] systemd[1]: Reached target Local File Systems.
[    2.162046] systemd[1]: Reached target Slice Units.
[    2.162059] systemd[1]: Reached target Swaps.
[    2.162070] systemd[1]: Reached target Timer Units.
[    2.162164] systemd[1]: Listening on Journal Socket (/dev/log).
[    2.162239] systemd[1]: Listening on Journal Socket.
[    2.162316] systemd[1]: Listening on udev Control Socket.
[    2.162370] systemd[1]: Listening on udev Kernel Socket.
[    2.162380] systemd[1]: Reached target Socket Units.
[    2.172542] systemd[1]: Started Entropy Daemon based on the HAVEGE algorithm.
[    2.173394] systemd[1]: Starting Create List of Static Device Nodes...
[    2.174514] systemd[1]: Starting Journal Service...
[    2.175456] systemd[1]: Starting Load Kernel Modules...
[    2.176325] systemd[1]: Starting Setup Virtual Console...
[    2.177185] systemd[1]: Finished Create List of Static Device Nodes.
[    2.177959] systemd[1]: Starting Create Static Device Nodes in /dev...
[    2.182438] systemd[1]: Finished Create Static Device Nodes in /dev.
[    2.187219] SCSI subsystem initialized
[    2.188327] alua: device handler registered
[    2.188993] emc: device handler registered
[    2.189637] rdac: device handler registered
[    2.194821] device-mapper: uevent: version 1.0.3
[    2.194878] device-mapper: ioctl: 4.45.0-ioctl (2021-03-22) initialised: dm-devel@redhat.com
[    2.199098] systemd[1]: Finished Load Kernel Modules.
[    2.199858] systemd[1]: Starting Apply Kernel Variables...
[    2.204118] systemd[1]: Finished Apply Kernel Variables.
[    2.220235] systemd[1]: Finished Setup Virtual Console.
[    2.221022] systemd[1]: Starting dracut ask for additional cmdline parameters...
[    2.234748] systemd[1]: Started Journal Service.
[    2.506041] raid6: neonx8   gen()  9412 MB/s
[    2.676046] raid6: neonx8   xor()  7666 MB/s
[    2.846052] raid6: neonx4   gen()  9252 MB/s
[    3.016038] raid6: neonx4   xor()  7645 MB/s
[    3.186050] raid6: neonx2   gen()  9291 MB/s
[    3.356038] raid6: neonx2   xor()  8264 MB/s
[    3.526040] raid6: neonx1   gen()  8855 MB/s
[    3.696038] raid6: neonx1   xor()  7833 MB/s
[    3.866040] raid6: int64x8  gen()  5738 MB/s
[    4.036041] raid6: int64x8  xor()  3438 MB/s
[    4.206040] raid6: int64x4  gen()  6236 MB/s
[    4.376039] raid6: int64x4  xor()  3358 MB/s
[    4.546041] raid6: int64x2  gen()  5350 MB/s
[    4.716038] raid6: int64x2  xor()  2866 MB/s
[    4.886038] raid6: int64x1  gen()  4158 MB/s
[    5.056036] raid6: int64x1  xor()  2266 MB/s
[    5.056038] raid6: using algorithm neonx8 gen() 9412 MB/s
[    5.056039] raid6: .... xor() 7666 MB/s, rmw enabled
[    5.056040] raid6: using neon recovery algorithm
[    5.057201] xor: measuring software checksum speed
[    5.057880]    8regs           : 14880 MB/sec
[    5.058441]    32regs          : 17655 MB/sec
[    5.058886]    arm64_neon      : 22865 MB/sec
[    5.058887] xor: using function: arm64_neon (22865 MB/sec)
[    5.108217] Btrfs loaded, crc32c=crc32c-generic, assert=on, zoned=yes
[    5.225739] i2c-thunderx 0000:01:18.0: Adding to iommu group 39
[    5.225915] i2c-thunderx 0000:01:18.0: Probed. Set system clock to 700000000
[    5.225917] i2c-thunderx 0000:01:18.0: SMBUS alert not active on this bus
[    5.225958] i2c-thunderx 0000:01:18.1: Adding to iommu group 39
[    5.226070] i2c-thunderx 0000:01:18.1: Probed. Set system clock to 700000000
[    5.226073] i2c-thunderx 0000:01:18.1: SMBUS alert not active on this bus
[    5.226111] i2c-thunderx 0000:01:18.2: Adding to iommu group 39
[    5.226227] i2c-thunderx 0000:01:18.2: Probed. Set system clock to 700000000
[    5.226228] i2c-thunderx 0000:01:18.2: SMBUS alert not active on this bus
[    5.226263] i2c-thunderx 0000:01:18.4: Adding to iommu group 39
[    5.226361] i2c-thunderx 0000:01:18.4: Probed. Set system clock to 700000000
[    5.226363] i2c-thunderx 0000:01:18.4: SMBUS alert not active on this bus
[    5.226395] i2c-thunderx 0000:01:18.5: Adding to iommu group 39
[    5.226480] i2c-thunderx 0000:01:18.5: Probed. Set system clock to 700000000
[    5.226482] i2c-thunderx 0000:01:18.5: SMBUS alert not active on this bus
[    5.226513] i2c-thunderx 0000:01:18.6: Adding to iommu group 39
[    5.226586] i2c-thunderx 0000:01:18.6: Probed. Set system clock to 700000000
[    5.226588] i2c-thunderx 0000:01:18.6: SMBUS alert not active on this bus
[    5.226617] i2c-thunderx 0000:01:18.7: Adding to iommu group 39
[    5.226713] i2c-thunderx 0000:01:18.7: Probed. Set system clock to 700000000
[    5.226715] i2c-thunderx 0000:01:18.7: SMBUS alert not active on this bus
[    5.226799] i2c-thunderx 0000:01:19.0: Adding to iommu group 40
[    5.226876] i2c-thunderx 0000:01:19.0: Probed. Set system clock to 700000000
[    5.226878] i2c-thunderx 0000:01:19.0: SMBUS alert not active on this bus
[    5.226909] i2c-thunderx 0000:01:19.1: Adding to iommu group 40
[    5.226987] i2c-thunderx 0000:01:19.1: Probed. Set system clock to 700000000
[    5.226989] i2c-thunderx 0000:01:19.1: SMBUS alert not active on this bus
[    5.227019] i2c-thunderx 0000:01:19.2: Adding to iommu group 40
[    5.227097] i2c-thunderx 0000:01:19.2: Probed. Set system clock to 700000000
[    5.227098] i2c-thunderx 0000:01:19.2: SMBUS alert not active on this bus
[    5.227129] i2c-thunderx 0000:01:19.3: Adding to iommu group 40
[    5.227202] i2c-thunderx 0000:01:19.3: Probed. Set system clock to 700000000
[    5.227203] i2c-thunderx 0000:01:19.3: SMBUS alert not active on this bus
[    5.229239] gpio_thunderx 0000:00:11.0: Adding to iommu group 41
[    5.230831] gpio gpiochip0: (gpio_thunderx): missing irqdomain vital data
[    5.238312] gpiochip_add_data_with_key: GPIOs 436..511 (gpio_thunderx) failed to register, -22
[    5.238315] gpio_thunderx: probe of 0000:00:11.0 failed with error -22
[    5.239376] sbsa-gwdt sbsa-gwdt.0: Initialized with 10s timeout @ 1000000000 Hz, action=0.
[    5.248745] rvu_cptpf 0002:20:00.0: Adding to iommu group 42
[    5.248907] rvu_cptpf 0002:20:00.0: AF is not initialized, deferring probe
[    5.249290] ACPI: bus type USB registered
[    5.249319] usbcore: registered new interface driver usbfs
[    5.249329] usbcore: registered new interface driver hub
[    5.249345] usbcore: registered new device driver usb
[    5.253150] nvme 0005:01:00.0: Adding to iommu group 43
[    5.253375] nvme nvme0: pci function 0005:01:00.0
[    5.253521] rvu_cptpf 0002:20:00.0: AF is not initialized, deferring probe
[    5.258778] xhci_hcd 0001:00:0c.0: Adding to iommu group 44
[    5.258837] xhci_hcd 0001:00:0c.0: xHCI Host Controller
[    5.258842] xhci_hcd 0001:00:0c.0: new USB bus registered, assigned bus number 1
[    5.258926] xhci_hcd 0001:00:0c.0: hcc params 0x0110ffcd hci version 0x110 quirks 0x0000000000000010
[    5.259944] usb usb1: New USB device found, idVendor=1d6b, idProduct=0002, bcdDevice= 5.14
[    5.259949] usb usb1: New USB device strings: Mfr=3, Product=2, SerialNumber=1
[    5.259951] usb usb1: Product: xHCI Host Controller
[    5.259953] usb usb1: Manufacturer: Linux 5.14.21-150400.22-default xhci-hcd
[    5.259954] usb usb1: SerialNumber: 0001:00:0c.0
[    5.260247] hub 1-0:1.0: USB hub found
[    5.260257] hub 1-0:1.0: 1 port detected
[    5.260345] rvu_cptpf 0002:20:00.0: AF is not initialized, deferring probe
[    5.260372] rvu_cptpf 0002:20:00.0: AF is not initialized, deferring probe
[    5.260375] xhci_hcd 0001:00:0c.0: xHCI Host Controller
[    5.260378] xhci_hcd 0001:00:0c.0: new USB bus registered, assigned bus number 2
[    5.260382] xhci_hcd 0001:00:0c.0: Host supports USB 3.1 Enhanced SuperSpeed
[    5.260394] usb usb2: We don't know the algorithms for LPM for this host, disabling LPM.
[    5.260414] usb usb2: New USB device found, idVendor=1d6b, idProduct=0003, bcdDevice= 5.14
[    5.260416] usb usb2: New USB device strings: Mfr=3, Product=2, SerialNumber=1
[    5.260418] usb usb2: Product: xHCI Host Controller
[    5.260419] usb usb2: Manufacturer: Linux 5.14.21-150400.22-default xhci-hcd
[    5.260420] usb usb2: SerialNumber: 0001:00:0c.0
[    5.260506] hub 2-0:1.0: USB hub found
[    5.260511] hub 2-0:1.0: 1 port detected
[    5.260557] rvu_cptpf 0002:20:00.0: AF is not initialized, deferring probe
[    5.260575] rvu_cptpf 0002:20:00.0: AF is not initialized, deferring probe
[    5.260592] rvu_cptpf 0002:20:00.0: AF is not initialized, deferring probe
[    5.260616] xhci_hcd 0001:00:0d.0: Adding to iommu group 45
[    5.260655] xhci_hcd 0001:00:0d.0: xHCI Host Controller
[    5.260658] xhci_hcd 0001:00:0d.0: new USB bus registered, assigned bus number 3
[    5.260740] xhci_hcd 0001:00:0d.0: hcc params 0x0110ffc5 hci version 0x110 quirks 0x0000000000000010
[    5.260860] usb usb3: New USB device found, idVendor=1d6b, idProduct=0002, bcdDevice= 5.14
[    5.260863] usb usb3: New USB device strings: Mfr=3, Product=2, SerialNumber=1
[    5.260864] usb usb3: Product: xHCI Host Controller
[    5.260865] usb usb3: Manufacturer: Linux 5.14.21-150400.22-default xhci-hcd
[    5.260866] usb usb3: SerialNumber: 0001:00:0d.0
[    5.261111] hub 3-0:1.0: USB hub found
[    5.261118] hub 3-0:1.0: 1 port detected
[    5.261208] rvu_cptpf 0002:20:00.0: AF is not initialized, deferring probe
[    5.261227] xhci_hcd 0001:00:0d.0: xHCI Host Controller
[    5.261230] xhci_hcd 0001:00:0d.0: new USB bus registered, assigned bus number 4
[    5.261234] xhci_hcd 0001:00:0d.0: Host supports USB 3.1 Enhanced SuperSpeed
[    5.261235] rvu_cptpf 0002:20:00.0: AF is not initialized, deferring probe
[    5.261245] usb usb4: We don't know the algorithms for LPM for this host, disabling LPM.
[    5.261268] usb usb4: New USB device found, idVendor=1d6b, idProduct=0003, bcdDevice= 5.14
[    5.261270] usb usb4: New USB device strings: Mfr=3, Product=2, SerialNumber=1
[    5.261271] usb usb4: Product: xHCI Host Controller
[    5.261273] usb usb4: Manufacturer: Linux 5.14.21-150400.22-default xhci-hcd
[    5.261274] usb usb4: SerialNumber: 0001:00:0d.0
[    5.261362] hub 4-0:1.0: USB hub found
[    5.261367] hub 4-0:1.0: 1 port detected
[    5.261425] rvu_cptpf 0002:20:00.0: AF is not initialized, deferring probe
[    5.261445] rvu_cptpf 0002:20:00.0: AF is not initialized, deferring probe
[    5.261464] rvu_cptpf 0002:20:00.0: AF is not initialized, deferring probe
[    5.267378] nvme nvme0: missing or invalid SUBNQN field.
[    5.289750] nvme nvme0: allocated 128 MiB host memory buffer.
[    5.294140] nvme nvme0: 8/0/0 default/read/poll queues
[    5.295028]  nvme0n1: p1 p2 p3 p4
[    5.312639] BTRFS: device fsid 1cc20e1f-e858-4e7c-87cd-b549af4d881e devid 1 transid 58 /dev/nvme0n1p3 scanned by systemd-udevd (560)
[    5.364358] BTRFS info (device nvme0n1p3): flagging fs with big metadata feature
[    5.364363] BTRFS info (device nvme0n1p3): disk space caching is enabled
[    5.364365] BTRFS info (device nvme0n1p3): has skinny extents
[    5.366651] BTRFS info (device nvme0n1p3): enabling ssd optimizations
[    5.679101] systemd-journald[340]: Received SIGTERM from PID 1 (systemd).
[    5.840355] systemd[1]: systemd 249.11+suse.124.g2bc0b2c447 running in system mode (+PAM +AUDIT +SELINUX +APPARMOR -IMA -SMACK +SECCOMP +GCRYPT +GNUTLS +OPENSSL +ACL +BLKID +CURL +ELFUTILS +FIDO2 +IDN2 -IDN +IPTC +KMOD +LIBCRYPTSETUP +LIBFDISK +PCRE2 +PWQUALITY +P11KIT +QRENCODE +TPM2 +BZIP2 +LZ4 +XZ +ZLIB +ZSTD -XKBCOMMON +UTMP +SYSVINIT default-hierarchy=hybrid)
[    5.840912] systemd[1]: Detected architecture arm64.
[    5.841500] systemd[1]: Initializing machine ID from random generator.
[    5.841537] systemd[1]: Installed transient /etc/machine-id file.
[    5.887961] systemd[1]: /usr/lib/systemd/system/plymouth-start.service:15: Unit configured to use KillMode=none. Support for KillMode=none is deprecated and will be eventually removed in future SLE versions. Please see SUSE TID https://www.suse.com/support/kb/doc/?id=000020394 for more details.
[    5.961443] systemd[1]: initrd-switch-root.service: Deactivated successfully.
[    5.961661] systemd[1]: Stopped Switch Root.
[    5.961952] systemd[1]: haveged.service: Scheduled restart job, restart counter is at 1.
[    5.962110] systemd[1]: systemd-journald.service: Scheduled restart job, restart counter is at 1.
[    5.962525] systemd[1]: Created slice Slice /system/getty.
[    5.962922] systemd[1]: Created slice Slice /system/modprobe.
[    5.963281] systemd[1]: Created slice Slice /system/serial-getty.
[    5.963637] systemd[1]: Created slice Slice /system/systemd-fsck.
[    5.963831] systemd[1]: Created slice User and Session Slice.
[    5.964029] systemd[1]: Set up automount Arbitrary Executable File Formats File System Automount Point.
[    5.964086] systemd[1]: Stopped target Switch Root.
[    5.964109] systemd[1]: Stopped target Initrd File Systems.
[    5.964124] systemd[1]: Stopped target Initrd Root File System.
[    5.964179] systemd[1]: Reached target Remote File Systems.
[    5.964199] systemd[1]: Reached target Slice Units.
[    5.964230] systemd[1]: Reached target System Time Set.
[    5.964285] systemd[1]: Reached target Local Verity Protected Volumes.
[    5.964373] systemd[1]: Listening on Device-mapper event daemon FIFOs.
[    5.964423] systemd[1]: Listening on initctl Compatibility Named Pipe.
[    5.964897] systemd[1]: Listening on udev Control Socket.
[    5.964988] systemd[1]: Listening on udev Kernel Socket.
[    5.965780] systemd[1]: Activating swap /dev/disk/by-uuid/5a8380ad-5abc-4419-bb11-51b77b82f0d1...
[    5.966770] systemd[1]: Mounting Huge Pages File System...
[    5.967846] systemd[1]: Mounting POSIX Message Queue File System...
[    5.968616] systemd[1]: Mounting Kernel Debug File System...
[    5.969379] systemd[1]: Mounting Kernel Trace File System...
[    5.970411] Adding 2097472k swap on /dev/nvme0n1p4.  Priority:-2 extents:1 across:2097472k SSFS
[    5.970520] systemd[1]: Starting Create List of Static Device Nodes...
[    5.971436] systemd[1]: Starting Load Kernel Module configfs...
[    5.972343] systemd[1]: Starting Load Kernel Module drm...
[    5.973227] systemd[1]: Starting Load Kernel Module fuse...
[    5.973319] systemd[1]: plymouth-start.service: Deactivated successfully.
[    5.973360] systemd[1]: plymouth-start.service: Unit process 496 (plymouthd) remains running after unit stopped.
[    5.973475] systemd[1]: Stopped Show Plymouth Boot Screen.
[    5.973595] systemd[1]: Condition check resulted in Dispatch Password Requests to Console Directory Watch being skipped.
[    5.973620] systemd[1]: Reached target Local Encrypted Volumes.
[    5.973689] systemd[1]: plymouth-switch-root.service: Deactivated successfully.
[    5.973767] systemd[1]: Stopped Plymouth switch root service.
[    5.973857] systemd[1]: systemd-fsck-root.service: Deactivated successfully.
[    5.973926] systemd[1]: Stopped File System Check on Root Device.
[    5.974005] systemd[1]: Stopped Journal Service.
[    5.974437] systemd[1]: Listening on Syslog Socket.
[    5.974477] systemd[1]: Stopped Entropy Daemon based on the HAVEGE algorithm.
[    5.975323] systemd[1]: Started Entropy Daemon based on the HAVEGE algorithm.
[    5.976745] systemd[1]: Starting Journal Service...
[    5.978017] systemd[1]: Starting Load Kernel Modules...
[    5.978892] systemd[1]: Starting Remount Root and Kernel File Systems...
[    5.979791] fuse: init (API version 7.34)
[    5.979802] systemd[1]: Starting Coldplug All udev Devices...
[    5.981747] systemd[1]: Activated swap /dev/disk/by-uuid/5a8380ad-5abc-4419-bb11-51b77b82f0d1.
