[    0.000000] Booting Linux on physical CPU 0x0000000000 [0x410fd490]
[    0.000000] Linux version 5.14.0-299.el9.aarch64 (mockbuild@aarch64-01.stream.rdu2.redhat.com) (gcc (GCC) 11.3.1 20221121 (Red Hat 11.3.1-4), GNU ld version 2.35.2-39.el9) #1 SMP PREEMPT_DYNAMIC Thu Apr 13 10:49:45 UTC 2023
[    0.000000] The list of certified hardware and cloud instances for Red Hat Enterprise Linux 9 can be viewed at the Red Hat Ecosystem Catalog, https://catalog.redhat.com.
[    0.000000] efi: EFI v2.80 by EDK II
[    0.000000] efi: SMBIOS=0xffff0000 SMBIOS 3.0=0x9f8d40000 ACPI 2.0=0x9f9770018 MEMATTR=0x9f7aa6018 MEMRESERVE=0x9f7a0f518 
[    0.000000] ACPI: Early table checksum verification disabled
[    0.000000] ACPI: RSDP 0x00000009F9770018 000024 (v02 MRVL  )
[    0.000000] ACPI: XSDT 0x00000009F977FE98 000084 (v01 MRVL   CN10K    00000001      01000013)
[    0.000000] ACPI: FACP 0x00000009F977FB98 000114 (v06 MRVL   CN10K    00000001 INTL 20210604)
[    0.000000] ACPI: DSDT 0x00000009F9777518 001F4A (v02 MRVL   CN10K    00000001 INTL 20210604)
[    0.000000] ACPI: APIC 0x00000009F977E998 0007E8 (v05 MRVL   CN10K    00000001 INTL 20210604)
[    0.000000] ACPI: DBG2 0x00000009F977FA98 00008E (v00 MRVL   CN10K    00000001 INTL 20210604)
[    0.000000] ACPI: GTDT 0x00000009F977FD18 000084 (v03 MRVL   CN10K    00000001 INTL 20210604)
[    0.000000] ACPI: HEST 0x00000009F977A198 0006E8 (v01 MRVL   CN10KA   00000001 INTL 20210604)
[    0.000000] ACPI: IORT 0x00000009F977F418 000408 (v03 MRVL   CN10K    00000001 INTL 20210604)
[    0.000000] ACPI: MCFG 0x00000009F977D898 0000BC (v01 MRVL   CN10K    00000003 INTL 20210604)
[    0.000000] ACPI: PPTT 0x00000009F977E418 000324 (v02 MRVL   CN10K    00000001 INTL 20210604)
[    0.000000] ACPI: SDEI 0x00000009F977FE18 000024 (v01 MRVL   CN10KA   00000001 INTL 20210604)
[    0.000000] ACPI: SPCR 0x00000009F977FF98 000050 (v02 MRVL   CN10K    00000001 INTL 20210604)
[    0.000000] ACPI: SSDT 0x00000009F977D998 0003FB (v02 MRVL   crb-106  00000001 INTL 20210604)
[    0.000000] ACPI: FPDT 0x00000009F977E818 000044 (v01 INTEL  EDK2     00000002      01000013)
[    0.000000] ACPI: SPCR: console: pl011,mmio32,0x87e028000000,115200
[    0.000000] NUMA: Failed to initialise from firmware
[    0.000000] NUMA: Faking a node at [mem 0x0000000004000000-0x00000009faefffff]
[    0.000000] NUMA: NODE_DATA [mem 0x9f51a4ec0-0x9f51a9fff]
[    0.000000] Zone ranges:
[    0.000000]   DMA      [mem 0x0000000004000000-0x00000000ffffffff]
[    0.000000]   DMA32    empty
[    0.000000]   Normal   [mem 0x0000000100000000-0x00000009faefffff]
[    0.000000]   Device   empty
[    0.000000] Movable zone start for each node
[    0.000000] Early memory node ranges
[    0.000000]   node   0: [mem 0x0000000004000000-0x00000000fffdffff]
[    0.000000]   node   0: [mem 0x00000000fffe0000-0x00000000ffffffff]
[    0.000000]   node   0: [mem 0x0000000100000000-0x00000009f5d29fff]
[    0.000000]   node   0: [mem 0x00000009f5d2a000-0x00000009f62dcfff]
[    0.000000]   node   0: [mem 0x00000009f62dd000-0x00000009f796ffff]
[    0.000000]   node   0: [mem 0x00000009f7970000-0x00000009f798ffff]
[    0.000000]   node   0: [mem 0x00000009f7990000-0x00000009f79cffff]
[    0.000000]   node   0: [mem 0x00000009f79d0000-0x00000009f79effff]
[    0.000000]   node   0: [mem 0x00000009f79f0000-0x00000009f8aeffff]
[    0.000000]   node   0: [mem 0x00000009f8af0000-0x00000009f8c4ffff]
[    0.000000]   node   0: [mem 0x00000009f8c50000-0x00000009f8ceffff]
[    0.000000]   node   0: [mem 0x00000009f8cf0000-0x00000009f8d4ffff]
[    0.000000]   node   0: [mem 0x00000009f8d50000-0x00000009f916ffff]
[    0.000000]   node   0: [mem 0x00000009f9170000-0x00000009f920ffff]
[    0.000000]   node   0: [mem 0x00000009f9210000-0x00000009f926ffff]
[    0.000000]   node   0: [mem 0x00000009f9270000-0x00000009f938ffff]
[    0.000000]   node   0: [mem 0x00000009f9390000-0x00000009f9393fff]
[    0.000000]   node   0: [mem 0x00000009f9394000-0x00000009f9394fff]
[    0.000000]   node   0: [mem 0x00000009f9395000-0x00000009f939ffff]
[    0.000000]   node   0: [mem 0x00000009f93a0000-0x00000009f976ffff]
[    0.000000]   node   0: [mem 0x00000009f9770000-0x00000009fa09ffff]
[    0.000000]   node   0: [mem 0x00000009fa0a0000-0x00000009fa0affff]
[    0.000000]   node   0: [mem 0x00000009fa0b0000-0x00000009faefffff]
[    0.000000] Initmem setup node 0 [mem 0x0000000004000000-0x00000009faefffff]
[    0.000000] On node 0, zone DMA: 16384 pages in unavailable ranges
[    0.000000] On node 0, zone Normal: 20736 pages in unavailable ranges
[    0.000000] crashkernel reserved: 0x00000000ebe00000 - 0x00000000ffe00000 (320 MB)
[    0.000000] psci: probing for conduit method from ACPI.
[    0.000000] psci: PSCIv1.1 detected in firmware.
[    0.000000] psci: Using standard PSCI v0.2 function IDs
[    0.000000] psci: Trusted OS resident on physical CPU 0x0
[    0.000000] psci: SMC Calling Convention v1.2
[    0.000000] percpu: Embedded 31 pages/cpu s88552 r8192 d30232 u126976
[    0.000000] pcpu-alloc: s88552 r8192 d30232 u126976 alloc=31*4096
[    0.000000] pcpu-alloc: [0] 00 [0] 01 [0] 02 [0] 03 [0] 04 [0] 05 [0] 06 [0] 07 
[    0.000000] pcpu-alloc: [0] 08 [0] 09 [0] 10 [0] 11 [0] 12 [0] 13 [0] 14 [0] 15 
[    0.000000] pcpu-alloc: [0] 16 [0] 17 [0] 18 [0] 19 [0] 20 [0] 21 [0] 22 [0] 23 
[    0.000000] Detected VPIPT I-cache on CPU0
[    0.000000] CPU features: detected: GIC system register CPU interface
[    0.000000] CPU features: detected: Virtualization Host Extensions
[    0.000000] CPU features: detected: Hardware dirty bit management
[    0.000000] CPU features: detected: Spectre-v4
[    0.000000] CPU features: detected: Spectre-BHB
[    0.000000] CPU features: detected: ARM erratum 2119858 or 2139208
[    0.000000] CPU features: detected: ARM erratum 2067961 or 2054223
[    0.000000] CPU features: detected: ARM erratum 2253138 or 2224489
[    0.000000] alternatives: patching kernel code
[    0.000000] Fallback order for Node 0: 0 
[    0.000000] Built 1 zonelists, mobility grouping on.  Total pages: 10285380
[    0.000000] Policy zone: Normal
[    0.000000] Kernel command line: BOOT_IMAGE=(hd0,gpt2)/vmlinuz-5.14.0-299.el9.aarch64 root=/dev/mapper/cs-root ro crashkernel=1G-4G:256M,4G-64G:320M,64G-:576M rd.lvm.lv=cs/root rd.lvm.lv=cs/swap
[    0.000000] Unknown kernel command line parameters "BOOT_IMAGE=(hd0,gpt2)/vmlinuz-5.14.0-299.el9.aarch64", will be passed to user space.
[    0.000000] Dentry cache hash table entries: 8388608 (order: 14, 67108864 bytes, linear)
[    0.000000] Inode-cache hash table entries: 4194304 (order: 13, 33554432 bytes, linear)
[    0.000000] mem auto-init: stack:off, heap alloc:off, heap free:off
[    0.000000] software IO TLB: area num 32.
[    0.000000] software IO TLB: mapped [mem 0x00000000e7e00000-0x00000000ebe00000] (64MB)
[    0.000000] Memory: 40446592K/41794560K available (12672K kernel code, 5424K rwdata, 10620K rodata, 5568K init, 11288K bss, 1347968K reserved, 0K cma-reserved)
[    0.000000] random: get_random_u64 called from kmem_cache_open+0x2c/0x374 with crng_init=0
[    0.000000] SLUB: HWalign=64, Order=0-3, MinObjects=0, CPUs=24, Nodes=1
[    0.000000] ftrace: allocating 45455 entries in 178 pages
[    0.000000] ftrace: allocated 178 pages with 4 groups
[    0.000000] trace event string verifier disabled
[    0.000000] Dynamic Preempt: voluntary
[    0.000000] rcu: Preemptible hierarchical RCU implementation.
[    0.000000] rcu: 	RCU restricting CPUs from NR_CPUS=4096 to nr_cpu_ids=24.
[    0.000000] 	Trampoline variant of Tasks RCU enabled.
[    0.000000] 	Rude variant of Tasks RCU enabled.
[    0.000000] 	Tracing variant of Tasks RCU enabled.
[    0.000000] rcu: RCU calculated value of scheduler-enlistment delay is 10 jiffies.
[    0.000000] rcu: Adjusting geometry for rcu_fanout_leaf=16, nr_cpu_ids=24
[    0.000000] NR_IRQS: 64, nr_irqs: 64, preallocated irqs: 0
[    0.000000] GICv3: GIC: Using split EOI/Deactivate mode
[    0.000000] GICv3: 512 SPIs implemented
[    0.000000] GICv3: 0 Extended SPIs implemented
[    0.000000] Root IRQ handler: gic_handle_irq
[    0.000000] GICv3: GICv3 features: 48 PPIs, DirectLPI
[    0.000000] GICv3: GICv4 features: DirectLPI RVPEID Valid+Dirty 
[    0.000000] GICv3: CPU0: found redistributor 0 region 0:0x0000801000300000
[    0.000000] ITS [mem 0x801000040000-0x80100005ffff]
[    0.000000] ITS@0x0000801000040000: Single VMOVP capable
[    0.000000] ITS@0x0000801000040000: Using GICv4.1 mode 00000000 00000001
[    0.000000] ITS@0x0000801000040000: allocated 8192 Devices @100200000 (indirect, esz 8, psz 64K, shr 1)
[    0.000000] ITS@0x0000801000040000: allocated 32768 Interrupt Collections @100210000 (flat, esz 2, psz 64K, shr 1)
[    0.000000] ITS@0x0000801000040000: allocated 8192 Virtual CPUs @100220000 (flat, esz 8, psz 64K, shr 1)
[    0.000000] GICv3: using LPI property table @0x0000000100230000
[    0.000000] ITS: Using DirectLPI for VPE invalidation
[    0.000000] ITS: Enabling GICv4 support
[    0.000000] GICv3: CPU0: using allocated LPI pending table @0x0000000100240000
[    0.000000] rcu: srcu_init: Setting srcu_struct sizes based on contention.
[    0.000000] kfence: initialized - using 2097152 bytes for 255 objects at 0x(____ptrval____)-0x(____ptrval____)
[    0.000000] random: crng init done (trusting CPU's manufacturer)
[    0.000000] arch_timer: cp15 timer(s) running at 1000.00MHz (phys).
[    0.000000] clocksource: arch_sys_counter: mask: 0xffffffffffffff max_cycles: 0x1cd42e4dffb, max_idle_ns: 881590591483 ns
[    0.000000] sched_clock: 56 bits at 1000MHz, resolution 1ns, wraps every 4398046511103ns
[    0.000044] Console: colour dummy device 80x25
[    0.000067] ACPI: Core revision 20211217
[    0.000122] Calibrating delay loop (skipped), value calculated using timer frequency.. 2000.00 BogoMIPS (lpj=10000000)
[    0.000125] pid_max: default: 32768 minimum: 301
[    0.000156] LSM: Security Framework initializing
[    0.000167] Yama: becoming mindful.
[    0.000173] SELinux:  Initializing.
[    0.000203] LSM support for eBPF active
[    0.000265] Mount-cache hash table entries: 131072 (order: 8, 1048576 bytes, linear)
[    0.000292] Mountpoint-cache hash table entries: 131072 (order: 8, 1048576 bytes, linear)
[    0.000700] cblist_init_generic: Setting adjustable number of callback queues.
[    0.000705] cblist_init_generic: Setting shift to 5 and lim to 1.
[    0.000718] cblist_init_generic: Setting shift to 5 and lim to 1.
[    0.000732] cblist_init_generic: Setting shift to 5 and lim to 1.
[    0.000758] rcu: Hierarchical SRCU implementation.
[    0.000758] rcu: 	Max phase no-delay instances is 1000.
[    0.000967] Platform MSI: ITS@0x801000040000 domain created
[    0.000971] PCI/MSI: ITS@0x801000040000 domain created
[    0.000976] Remapping and enabling EFI services.
[    0.001359] smp: Bringing up secondary CPUs ...
[    0.001504] Detected VPIPT I-cache on CPU1
[    0.001536] GICv3: CPU1: found redistributor 10000 region 0:0x0000801000400000
[    0.001543] GICv3: CPU1: using allocated LPI pending table @0x0000000100250000
[    0.001557] CPU1: Booted secondary processor 0x0000010000 [0x410fd490]
[    0.001728] Detected VPIPT I-cache on CPU2
[    0.001755] GICv3: CPU2: found redistributor 20000 region 0:0x00008010002c0000
[    0.001763] GICv3: CPU2: using allocated LPI pending table @0x0000000100260000
[    0.001780] CPU2: Booted secondary processor 0x0000020000 [0x410fd490]
[    0.001947] Detected VPIPT I-cache on CPU3
[    0.001973] GICv3: CPU3: found redistributor 30000 region 0:0x00008010003c0000
[    0.001981] GICv3: CPU3: using allocated LPI pending table @0x0000000100270000
[    0.001996] CPU3: Booted secondary processor 0x0000030000 [0x410fd490]
[    0.002152] Detected VPIPT I-cache on CPU4
[    0.002178] GICv3: CPU4: found redistributor 40000 region 0:0x0000801000200000
[    0.002185] GICv3: CPU4: using allocated LPI pending table @0x0000000100280000
[    0.002200] CPU4: Booted secondary processor 0x0000040000 [0x410fd490]
[    0.002368] Detected VPIPT I-cache on CPU5
[    0.002395] GICv3: CPU5: found redistributor 50000 region 0:0x0000801000500000
[    0.002402] GICv3: CPU5: using allocated LPI pending table @0x0000000100290000
[    0.002418] CPU5: Booted secondary processor 0x0000050000 [0x410fd490]
[    0.002574] Detected VPIPT I-cache on CPU6
[    0.002599] GICv3: CPU6: found redistributor 60000 region 0:0x00008010001c0000
[    0.002606] GICv3: CPU6: using allocated LPI pending table @0x00000001002a0000
[    0.002621] CPU6: Booted secondary processor 0x0000060000 [0x410fd490]
[    0.002781] Detected VPIPT I-cache on CPU7
[    0.002808] GICv3: CPU7: found redistributor 70000 region 0:0x00008010004c0000
[    0.002816] GICv3: CPU7: using allocated LPI pending table @0x00000001002b0000
[    0.002832] CPU7: Booted secondary processor 0x0000070000 [0x410fd490]
[    0.002992] Detected VPIPT I-cache on CPU8
[    0.003019] GICv3: CPU8: found redistributor 80000 region 0:0x0000801000340000
[    0.003025] GICv3: CPU8: using allocated LPI pending table @0x00000001002c0000
[    0.003041] CPU8: Booted secondary processor 0x0000080000 [0x410fd490]
[    0.003199] Detected VPIPT I-cache on CPU9
[    0.003226] GICv3: CPU9: found redistributor 90000 region 0:0x0000801000440000
[    0.003233] GICv3: CPU9: using allocated LPI pending table @0x00000001002d0000
[    0.003248] CPU9: Booted secondary processor 0x0000090000 [0x410fd490]
[    0.003424] Detected VPIPT I-cache on CPU10
[    0.003450] GICv3: CPU10: found redistributor a0000 region 0:0x0000801000280000
[    0.003459] GICv3: CPU10: using allocated LPI pending table @0x00000001002e0000
[    0.003475] CPU10: Booted secondary processor 0x00000a0000 [0x410fd490]
[    0.003637] Detected VPIPT I-cache on CPU11
[    0.003665] GICv3: CPU11: found redistributor b0000 region 0:0x0000801000380000
[    0.003673] GICv3: CPU11: using allocated LPI pending table @0x00000001002f0000
[    0.003689] CPU11: Booted secondary processor 0x00000b0000 [0x410fd490]
[    0.003847] Detected VPIPT I-cache on CPU12
[    0.003874] GICv3: CPU12: found redistributor c0000 region 0:0x0000801000240000
[    0.003881] GICv3: CPU12: using allocated LPI pending table @0x0000000100300000
[    0.003896] CPU12: Booted secondary processor 0x00000c0000 [0x410fd490]
[    0.004060] Detected VPIPT I-cache on CPU13
[    0.004089] GICv3: CPU13: found redistributor d0000 region 0:0x0000801000540000
[    0.004096] GICv3: CPU13: using allocated LPI pending table @0x0000000100310000
[    0.004112] CPU13: Booted secondary processor 0x00000d0000 [0x410fd490]
[    0.004277] Detected VPIPT I-cache on CPU14
[    0.004303] GICv3: CPU14: found redistributor e0000 region 0:0x0000801000180000
[    0.004311] GICv3: CPU14: using allocated LPI pending table @0x0000000100320000
[    0.004327] CPU14: Booted secondary processor 0x00000e0000 [0x410fd490]
[    0.004494] Detected VPIPT I-cache on CPU15
[    0.004523] GICv3: CPU15: found redistributor f0000 region 0:0x0000801000480000
[    0.004531] GICv3: CPU15: using allocated LPI pending table @0x0000000100330000
[    0.004547] CPU15: Booted secondary processor 0x00000f0000 [0x410fd490]
[    0.004713] Detected VPIPT I-cache on CPU16
[    0.004740] GICv3: CPU16: found redistributor 100000 region 0:0x0000801000100000
[    0.004748] GICv3: CPU16: using allocated LPI pending table @0x0000000100340000
[    0.004764] CPU16: Booted secondary processor 0x0000100000 [0x410fd490]
[    0.004925] Detected VPIPT I-cache on CPU17
[    0.004956] GICv3: CPU17: found redistributor 110000 region 0:0x0000801000600000
[    0.004964] GICv3: CPU17: using allocated LPI pending table @0x0000000100350000
[    0.004980] CPU17: Booted secondary processor 0x0000110000 [0x410fd490]
[    0.005144] Detected VPIPT I-cache on CPU18
[    0.005171] GICv3: CPU18: found redistributor 120000 region 0:0x00008010000c0000
[    0.005179] GICv3: CPU18: using allocated LPI pending table @0x0000000100360000
[    0.005195] CPU18: Booted secondary processor 0x0000120000 [0x410fd490]
[    0.005357] Detected VPIPT I-cache on CPU19
[    0.005392] GICv3: CPU19: found redistributor 130000 region 0:0x00008010005c0000
[    0.005401] GICv3: CPU19: using allocated LPI pending table @0x0000000100370000
[    0.005420] CPU19: Booted secondary processor 0x0000130000 [0x410fd490]
[    0.005585] Detected VPIPT I-cache on CPU20
[    0.005612] GICv3: CPU20: found redistributor 140000 region 0:0x0000801000140000
[    0.005619] GICv3: CPU20: using allocated LPI pending table @0x0000000100380000
[    0.005635] CPU20: Booted secondary processor 0x0000140000 [0x410fd490]
[    0.005796] Detected VPIPT I-cache on CPU21
[    0.005827] GICv3: CPU21: found redistributor 150000 region 0:0x0000801000640000
[    0.005834] GICv3: CPU21: using allocated LPI pending table @0x0000000100390000
[    0.005851] CPU21: Booted secondary processor 0x0000150000 [0x410fd490]
[    0.006019] Detected VPIPT I-cache on CPU22
[    0.006046] GICv3: CPU22: found redistributor 160000 region 0:0x0000801000080000
[    0.006055] GICv3: CPU22: using allocated LPI pending table @0x00000001003a0000
[    0.006071] CPU22: Booted secondary processor 0x0000160000 [0x410fd490]
[    0.006238] Detected VPIPT I-cache on CPU23
[    0.006270] GICv3: CPU23: found redistributor 170000 region 0:0x0000801000580000
[    0.006279] GICv3: CPU23: using allocated LPI pending table @0x00000001003b0000
[    0.006296] CPU23: Booted secondary processor 0x0000170000 [0x410fd490]
[    0.006351] smp: Brought up 1 node, 24 CPUs
[    0.006353] SMP: Total of 24 processors activated.
[    0.006354] CPU features: detected: 32-bit EL0 Support
[    0.006355] CPU features: detected: ARMv8.4 Translation Table Level
[    0.006357] CPU features: detected: Instruction cache invalidation not required for I/D coherence
[    0.006358] CPU features: detected: Data cache clean to the PoU not required for I/D coherence
[    0.006359] CPU features: detected: Common not Private translations
[    0.006359] CPU features: detected: CRC32 instructions
[    0.006360] CPU features: detected: Data cache clean to Point of Deep Persistence
[    0.006361] CPU features: detected: Data cache clean to Point of Persistence
[    0.006362] CPU features: detected: E0PD
[    0.006363] CPU features: detected: RCpc load-acquire (LDAPR)
[    0.006363] CPU features: detected: LSE atomic instructions
[    0.006364] CPU features: detected: Privileged Access Never
[    0.006364] CPU features: detected: RAS Extension Support
[    0.006365] CPU features: detected: Random Number Generator
[    0.006366] CPU features: detected: Speculation barrier (SB)
[    0.006366] CPU features: detected: Stage-2 Force Write-Back
[    0.006367] CPU features: detected: TLB range maintenance instructions
[    0.006368] CPU features: detected: Speculative Store Bypassing Safe (SSBS)
[    0.006369] CPU features: detected: Scalable Vector Extension
[    0.010138] CPU features: detected CPU9: Activity Monitors Unit (AMU)
[    0.010138] CPU features: detected CPU14: Activity Monitors Unit (AMU)
[    0.010138] CPU features: detected CPU6: Activity Monitors Unit (AMU)
[    0.010138] CPU features: detected CPU19: Activity Monitors Unit (AMU)
[    0.010138] CPU features: detected CPU4: Activity Monitors Unit (AMU)
[    0.010138] CPU features: detected CPU22: Activity Monitors Unit (AMU)
[    0.010139] CPU features: detected CPU18: Activity Monitors Unit (AMU)
[    0.010138] CPU features: detected CPU3: Activity Monitors Unit (AMU)
[    0.010138] CPU features: detected CPU11: Activity Monitors Unit (AMU)
[    0.010138] CPU features: detected CPU15: Activity Monitors Unit (AMU)
[    0.010138] CPU features: detected CPU7: Activity Monitors Unit (AMU)
[    0.010138] CPU features: detected CPU1: Activity Monitors Unit (AMU)
[    0.010138] CPU features: detected CPU23: Activity Monitors Unit (AMU)
[    0.010139] CPU features: detected CPU5: Activity Monitors Unit (AMU)
[    0.010139] CPU features: detected CPU13: Activity Monitors Unit (AMU)
[    0.010138] CPU features: detected CPU2: Activity Monitors Unit (AMU)
[    0.010139] CPU features: detected CPU8: Activity Monitors Unit (AMU)
[    0.010139] CPU features: detected CPU0: Activity Monitors Unit (AMU)
[    0.010139] CPU features: detected CPU16: Activity Monitors Unit (AMU)
[    0.010139] CPU features: detected CPU12: Activity Monitors Unit (AMU)
[    0.010139] CPU features: detected CPU21: Activity Monitors Unit (AMU)
[    0.010139] CPU features: detected CPU17: Activity Monitors Unit (AMU)
[    0.010138] CPU features: detected CPU10: Activity Monitors Unit (AMU)
[    0.010139] CPU features: detected CPU20: Activity Monitors Unit (AMU)
[    0.010189] SVE: maximum available vector length 16 bytes per vector
[    0.010191] SVE: default vector length 16 bytes per vector
[    0.010477] CPU: All CPU(s) started at EL2
[    0.012528] devtmpfs: initialized
[    0.015225] KASLR enabled
[    0.015261] clocksource: jiffies: mask: 0xffffffff max_cycles: 0xffffffff, max_idle_ns: 19112604462750000 ns
[    0.015265] futex hash table entries: 8192 (order: 7, 524288 bytes, linear)
[    0.015379] pinctrl core: initialized pinctrl subsystem
[    0.015519] SMBIOS 3.3.0 present.
[    0.015523] DMI: Marvell crb106-pcie/crb106-pcie, BIOS SDK11.23.02 2023-02-21
[    0.015658] NET: Registered PF_NETLINK/PF_ROUTE protocol family
[    0.016065] DMA: preallocated 8192 KiB GFP_KERNEL pool for atomic allocations
[    0.016264] DMA: preallocated 8192 KiB GFP_KERNEL|GFP_DMA pool for atomic allocations
[    0.016473] DMA: preallocated 8192 KiB GFP_KERNEL|GFP_DMA32 pool for atomic allocations
[    0.016493] audit: initializing netlink subsys (disabled)
[    0.016532] audit: type=2000 audit(0.010:1): state=initialized audit_enabled=0 res=1
[    0.016614] thermal_sys: Registered thermal governor 'fair_share'
[    0.016616] thermal_sys: Registered thermal governor 'step_wise'
[    0.016616] thermal_sys: Registered thermal governor 'user_space'
[    0.016660] cpuidle: using governor menu
[    0.016691] hw-breakpoint: found 6 breakpoint and 4 watchpoint registers.
[    0.016813] ASID allocator initialised with 65536 entries
[    0.016830] acpiphp: ACPI Hot Plug PCI Controller Driver version: 0.5
[    0.016860] Serial: AMBA PL011 UART driver
[    0.022111] HugeTLB: registered 1.00 GiB page size, pre-allocated 0 pages
[    0.022113] HugeTLB: 16380 KiB vmemmap can be freed for a 1.00 GiB page
[    0.022114] HugeTLB: registered 32.0 MiB page size, pre-allocated 0 pages
[    0.022115] HugeTLB: 508 KiB vmemmap can be freed for a 32.0 MiB page
[    0.022116] HugeTLB: registered 2.00 MiB page size, pre-allocated 0 pages
[    0.022116] HugeTLB: 28 KiB vmemmap can be freed for a 2.00 MiB page
[    0.022117] HugeTLB: registered 64.0 KiB page size, pre-allocated 0 pages
[    0.022118] HugeTLB: 0 KiB vmemmap can be freed for a 64.0 KiB page
[    0.022274] cryptd: max_cpu_qlen set to 1000
[    0.022473] ACPI: Added _OSI(Module Device)
[    0.022474] ACPI: Added _OSI(Processor Device)
[    0.022475] ACPI: Added _OSI(3.0 _SCP Extensions)
[    0.022475] ACPI: Added _OSI(Processor Aggregator Device)
[    0.022476] ACPI: Added _OSI(Linux-Dell-Video)
[    0.022477] ACPI: Added _OSI(Linux-Lenovo-NV-HDMI-Audio)
[    0.022478] ACPI: Added _OSI(Linux-HPI-Hybrid-Graphics)
[    0.022991] ACPI: 2 ACPI AML tables successfully acquired and loaded
[    0.023281] ACPI: Interpreter enabled
[    0.023282] ACPI: Using GIC for interrupt routing
[    0.023289] ACPI: MCFG table detected, 9 entries
[    0.023544] HEST: Table parsing has been initialized.
[    0.024389] ACPI: \_SB_.PCI0.P2P0.MDIO.SMI0: PRP0001 requires 'compatible' property
[    0.024422] ACPI: \_SB_.PCI0.P2P0.MDIO.SMI1: PRP0001 requires 'compatible' property
[    0.025532] ACPI: PCI Root Bridge [PCI0] (domain 0000 [bus 00-ff])
[    0.025542] acpi PNP0A08:00: _OSC: OS supports [ExtendedConfig ASPM ClockPM Segments MSI EDR HPX-Type3]
[    0.025567] acpi PNP0A08:00: _OSC: platform does not support [PCIeHotplug PME AER LTR DPC]
[    0.025599] acpi PNP0A08:00: _OSC: OS now controls [PCIeCapability]
[    0.025638] acpi PNP0A08:00: ECAM area [mem 0x878000000000-0x87800fffffff] reserved by PNP0A08:00
[    0.025646] acpi PNP0A08:00: ECAM at [mem 0x878000000000-0x87800fffffff] for [bus 00-ff]
[    0.025700] PCI host bridge to bus 0000:00
[    0.025701] pci_bus 0000:00: root bus resource [mem 0x878000000000-0x87800fffffff window]
[    0.025703] pci_bus 0000:00: root bus resource [mem 0x802000000000-0x80f0008fffff window]
[    0.025704] pci_bus 0000:00: root bus resource [mem 0x828000000000-0x8281001fffff window]
[    0.025706] pci_bus 0000:00: root bus resource [mem 0x82c000000000-0x82c0001fffff window]
[    0.025707] pci_bus 0000:00: root bus resource [mem 0x86d000000000-0x86d0000fffff window]
[    0.025708] pci_bus 0000:00: root bus resource [mem 0x86e000000000-0x86e22fffffff window]
[    0.025709] pci_bus 0000:00: root bus resource [mem 0x87e002000000-0x87e027ffffff window]
[    0.025710] pci_bus 0000:00: root bus resource [mem 0x87e03c000000-0x87e0525fffff window]
[    0.025711] pci_bus 0000:00: root bus resource [mem 0x87e087000000-0x87e0fcffffff window]
[    0.025712] pci_bus 0000:00: root bus resource [mem 0x87e100000000-0x87e10bffffff window]
[    0.025713] pci_bus 0000:00: root bus resource [bus 00-ff]
[    0.025725] pci 0000:00:01.0: [177d:a002] type 01 class 0x060401
[    0.025818] pci 0000:00:03.0: [177d:a062] type 00 class 0x088000
[    0.025840] pci 0000:00:03.0: BAR 0: [mem 0x830000000000-0x8300001fffff 64bit] (from Enhanced Allocation, properties 0x0)
[    0.025883] pci 0000:00:05.0: [177d:a017] type 00 class 0x088000
[    0.025902] pci 0000:00:05.0: BAR 0: [mem 0x802000000000-0x8020000fffff 64bit] (from Enhanced Allocation, properties 0x0)
[    0.025905] pci 0000:00:05.0: BAR 4: [mem 0x80200f000000-0x80200f0fffff 64bit] (from Enhanced Allocation, properties 0x0)
[    0.025950] pci 0000:00:08.0: [177d:a09e] type 00 class 0x088000
[    0.025966] pci 0000:00:08.0: BAR 0: [mem 0x807000000000-0x80700000ffff 64bit] (from Enhanced Allocation, properties 0x0)
[    0.025968] pci 0000:00:08.0: BAR 4: [mem 0x807000f00000-0x807000ffffff 64bit] (from Enhanced Allocation, properties 0x0)
[    0.026018] pci 0000:00:0a.0: [177d:a09d] type 00 class 0x088000
[    0.026037] pci 0000:00:0a.0: BAR 0: [mem 0x87a400000000-0x87a47fffffff 64bit] (from Enhanced Allocation, properties 0x0)
[    0.026040] pci 0000:00:0a.0: BAR 4: [mem 0x87a480000000-0x87a4ffffffff 64bit] (from Enhanced Allocation, properties 0x0)
[    0.026080] pci 0000:00:0c.0: [177d:a002] type 01 class 0x060401
[    0.026133] pci 0000:00:0d.0: [177d:a002] type 01 class 0x060401
[    0.026186] pci 0000:00:0e.0: [177d:a002] type 01 class 0x060401
[    0.026239] pci 0000:00:0f.0: [177d:a002] type 01 class 0x060401
[    0.026286] pci 0000:00:10.0: [177d:a092] type 00 class 0x088000
[    0.026300] pci 0000:00:10.0: BAR 0: [mem 0x828000000000-0x82803fffffff 64bit] (from Enhanced Allocation, properties 0x0)
[    0.026302] pci 0000:00:10.0: BAR 4: [mem 0x828100000000-0x8281000fffff 64bit] (from Enhanced Allocation, properties 0x0)
[    0.026340] pci 0000:00:11.0: [177d:a00a] type 00 class 0x088000
[    0.026356] pci 0000:00:11.0: BAR 0: [mem 0x803000000000-0x80300000ffff 64bit] (from Enhanced Allocation, properties 0x0)
[    0.026358] pci 0000:00:11.0: BAR 4: [mem 0x803000f00000-0x803000ffffff 64bit] (from Enhanced Allocation, properties 0x0)
[    0.026420] pci 0000:00:14.0: [177d:a002] type 01 class 0x060401
[    0.026480] pci 0000:00:1a.0: [177d:a068] type 00 class 0x088000
[    0.026493] pci 0000:00:1a.0: BAR 0: [mem 0x86d000000000-0x86d0000fffff 64bit] (from Enhanced Allocation, properties 0x0)
[    0.026529] pci 0000:00:1c.0: [177d:a067] type 00 class 0x088000
[    0.026545] pci 0000:00:1c.0: BAR 0: [mem 0x82c000000000-0x82c0000fffff 64bit] (from Enhanced Allocation, properties 0x0)
[    0.026548] pci 0000:00:1c.0: BAR 4: [mem 0x82c000100000-0x82c0001fffff 64bit] (from Enhanced Allocation, properties 0x0)
[    0.026593] pci 0000:00:1d.0: [177d:a067] type 00 class 0x088000
[    0.026608] pci 0000:00:1d.0: BAR 0: [mem 0x82d000000000-0x82d0000fffff 64bit] (from Enhanced Allocation, properties 0x0)
[    0.026611] pci 0000:00:1d.0: BAR 4: [mem 0x82d000100000-0x82d0001fffff 64bit] (from Enhanced Allocation, properties 0x0)
[    0.026648] pci 0000:00:1e.0: [177d:a067] type 00 class 0x088000
[    0.026663] pci 0000:00:1e.0: BAR 0: [mem 0x82e000000000-0x82e0000fffff 64bit] (from Enhanced Allocation, properties 0x0)
[    0.026665] pci 0000:00:1e.0: BAR 4: [mem 0x82e000100000-0x82e0001fffff 64bit] (from Enhanced Allocation, properties 0x0)
[    0.026736] pci 0000:01:00.0: [177d:a075] type 00 class 0x088000
[    0.026752] pci 0000:01:00.0: BAR 0: [mem 0x87e0fc000000-0x87e0fc03ffff 64bit] (from Enhanced Allocation, properties 0x0)
[    0.026756] pci 0000:01:00.0: BAR 4: [mem 0x87e0fcf00000-0x87e0fcffffff 64bit] (from Enhanced Allocation, properties 0x0)
[    0.026806] pci 0000:01:01.3: [177d:a02b] type 00 class 0x0c8000
[    0.026827] pci 0000:01:01.3: BAR 0: [mem 0x87e005000000-0x87e0050fffff 64bit] (from Enhanced Allocation, properties 0x0)
[    0.026892] pci 0000:01:01.7: [177d:a035] type 00 class 0x088000
[    0.026914] pci 0000:01:01.7: BAR 0: [mem 0x87e001000000-0x87e0010fffff 64bit] (from Enhanced Allocation, properties 0x0)
[    0.026916] pci 0000:01:01.7: BAR 2: [mem 0x800000000000-0x8000ffffffff 64bit] (from Enhanced Allocation, properties 0x0)
[    0.026918] pci 0000:01:01.7: BAR 4: [mem 0x87e001f00000-0x87e001ffffff 64bit] (from Enhanced Allocation, properties 0x0)
[    0.026969] pci 0000:01:0a.0: [177d:a094] type 00 class 0x088000
[    0.026988] pci 0000:01:0a.0: BAR 0: [mem 0x87e120000000-0x87e1200fffff 64bit] (from Enhanced Allocation, properties 0x0)
[    0.026990] pci 0000:01:0a.0: BAR 4: [mem 0x87e120f00000-0x87e120ffffff 64bit] (from Enhanced Allocation, properties 0x0)
[    0.027035] pci 0000:01:0a.1: [177d:a094] type 00 class 0x088000
[    0.027056] pci 0000:01:0a.1: BAR 0: [mem 0x87e121000000-0x87e1210fffff 64bit] (from Enhanced Allocation, properties 0x0)
[    0.027058] pci 0000:01:0a.1: BAR 4: [mem 0x87e121f00000-0x87e121ffffff 64bit] (from Enhanced Allocation, properties 0x0)
[    0.027108] pci 0000:01:0a.2: [177d:a094] type 00 class 0x088000
[    0.027124] pci 0000:01:0a.2: BAR 0: [mem 0x87e122000000-0x87e1220fffff 64bit] (from Enhanced Allocation, properties 0x0)
[    0.027127] pci 0000:01:0a.2: BAR 4: [mem 0x87e122f00000-0x87e122ffffff 64bit] (from Enhanced Allocation, properties 0x0)
[    0.027175] pci 0000:01:0c.0: [177d:a073] type 00 class 0x088000
[    0.027193] pci 0000:01:0c.0: BAR 0: [mem 0x87e010000000-0x87e0100fffff 64bit] (from Enhanced Allocation, properties 0x0)
[    0.027196] pci 0000:01:0c.0: BAR 2: [mem 0x87e1bf000000-0x87e1bfffffff 64bit] (from Enhanced Allocation, properties 0x0)
[    0.027198] pci 0000:01:0c.0: BAR 4: [mem 0x87e010100000-0x87e0101fffff 64bit] (from Enhanced Allocation, properties 0x0)
[    0.027244] pci 0000:01:0f.0: [177d:a061] type 00 class 0x088000
[    0.027262] pci 0000:01:0f.0: BAR 0: [mem 0x87e018000000-0x87e01800ffff 64bit] (from Enhanced Allocation, properties 0x0)
[    0.027312] pci 0000:01:10.0: [177d:a060] type 00 class 0x028000
[    0.027327] pci 0000:01:10.0: BAR 0: [mem 0x87e0e0000000-0x87e0e07fffff 64bit] (from Enhanced Allocation, properties 0x0)
[    0.027330] pci 0000:01:10.0: BAR 4: [mem 0x87e0e0800000-0x87e0e0ffffff 64bit] (from Enhanced Allocation, properties 0x0)
[    0.027373] pci 0000:01:10.1: [177d:a060] type 00 class 0x028000
[    0.027389] pci 0000:01:10.1: BAR 0: [mem 0x87e0e1000000-0x87e0e17fffff 64bit] (from Enhanced Allocation, properties 0x0)
[    0.027392] pci 0000:01:10.1: BAR 4: [mem 0x87e0e1800000-0x87e0e1ffffff 64bit] (from Enhanced Allocation, properties 0x0)
[    0.027437] pci 0000:01:14.0: [177d:a097] type 00 class 0x088000
[    0.027452] pci 0000:01:14.0: BAR 0: [mem 0x87e140000000-0x87e1400fffff 64bit] (from Enhanced Allocation, properties 0x0)
[    0.027493] pci 0000:01:14.1: [177d:a097] type 00 class 0x088000
[    0.027508] pci 0000:01:14.1: BAR 0: [mem 0x87e141000000-0x87e1410fffff 64bit] (from Enhanced Allocation, properties 0x0)
[    0.027549] pci 0000:01:14.2: [177d:a097] type 00 class 0x088000
[    0.027566] pci 0000:01:14.2: BAR 0: [mem 0x87e142000000-0x87e1420fffff 64bit] (from Enhanced Allocation, properties 0x0)
[    0.027614] pci 0000:01:14.3: [177d:a097] type 00 class 0x088000
[    0.027630] pci 0000:01:14.3: BAR 0: [mem 0x87e143000000-0x87e1430fffff 64bit] (from Enhanced Allocation, properties 0x0)
[    0.027670] pci 0000:01:14.4: [177d:a097] type 00 class 0x088000
[    0.027685] pci 0000:01:14.4: BAR 0: [mem 0x87e144000000-0x87e1440fffff 64bit] (from Enhanced Allocation, properties 0x0)
[    0.027726] pci 0000:01:18.0: [177d:a012] type 00 class 0x0c8000
[    0.027748] pci 0000:01:18.0: BAR 0: [mem 0x87e100000000-0x87e10000ffff 64bit] (from Enhanced Allocation, properties 0x0)
[    0.027750] pci 0000:01:18.0: BAR 4: [mem 0x87e100f00000-0x87e100ffffff 64bit] (from Enhanced Allocation, properties 0x0)
[    0.027799] pci 0000:01:18.1: [177d:a012] type 00 class 0x0c8000
[    0.027814] pci 0000:01:18.1: BAR 0: [mem 0x87e101000000-0x87e10100ffff 64bit] (from Enhanced Allocation, properties 0x0)
[    0.027817] pci 0000:01:18.1: BAR 4: [mem 0x87e101f00000-0x87e101ffffff 64bit] (from Enhanced Allocation, properties 0x0)
[    0.027867] pci 0000:01:18.2: [177d:a012] type 00 class 0x0c8000
[    0.027885] pci 0000:01:18.2: BAR 0: [mem 0x87e102000000-0x87e10200ffff 64bit] (from Enhanced Allocation, properties 0x0)
[    0.027888] pci 0000:01:18.2: BAR 4: [mem 0x87e102f00000-0x87e102ffffff 64bit] (from Enhanced Allocation, properties 0x0)
[    0.027952] pci 0000:01:18.4: [177d:a012] type 00 class 0x0c8000
[    0.027970] pci 0000:01:18.4: BAR 0: [mem 0x87e104000000-0x87e10400ffff 64bit] (from Enhanced Allocation, properties 0x0)
[    0.027972] pci 0000:01:18.4: BAR 4: [mem 0x87e104f00000-0x87e104ffffff 64bit] (from Enhanced Allocation, properties 0x0)
[    0.028035] pci 0000:01:18.5: [177d:a012] type 00 class 0x0c8000
[    0.028053] pci 0000:01:18.5: BAR 0: [mem 0x87e105000000-0x87e10500ffff 64bit] (from Enhanced Allocation, properties 0x0)
[    0.028056] pci 0000:01:18.5: BAR 4: [mem 0x87e105f00000-0x87e105ffffff 64bit] (from Enhanced Allocation, properties 0x0)
[    0.028099] pci 0000:01:18.6: [177d:a012] type 00 class 0x0c8000
[    0.028120] pci 0000:01:18.6: BAR 0: [mem 0x87e106000000-0x87e10600ffff 64bit] (from Enhanced Allocation, properties 0x0)
[    0.028122] pci 0000:01:18.6: BAR 4: [mem 0x87e106f00000-0x87e106ffffff 64bit] (from Enhanced Allocation, properties 0x0)
[    0.028169] pci 0000:01:18.7: [177d:a012] type 00 class 0x0c8000
[    0.028186] pci 0000:01:18.7: BAR 0: [mem 0x87e107000000-0x87e10700ffff 64bit] (from Enhanced Allocation, properties 0x0)
[    0.028188] pci 0000:01:18.7: BAR 4: [mem 0x87e107f00000-0x87e107ffffff 64bit] (from Enhanced Allocation, properties 0x0)
[    0.028238] pci 0000:01:19.0: [177d:a012] type 00 class 0x0c8000
[    0.028256] pci 0000:01:19.0: BAR 0: [mem 0x87e108000000-0x87e10800ffff 64bit] (from Enhanced Allocation, properties 0x0)
[    0.028259] pci 0000:01:19.0: BAR 4: [mem 0x87e108f00000-0x87e108ffffff 64bit] (from Enhanced Allocation, properties 0x0)
[    0.028303] pci 0000:01:19.1: [177d:a012] type 00 class 0x0c8000
[    0.028318] pci 0000:01:19.1: BAR 0: [mem 0x87e109000000-0x87e10900ffff 64bit] (from Enhanced Allocation, properties 0x0)
[    0.028320] pci 0000:01:19.1: BAR 4: [mem 0x87e109f00000-0x87e109ffffff 64bit] (from Enhanced Allocation, properties 0x0)
[    0.028362] pci 0000:01:19.2: [177d:a012] type 00 class 0x0c8000
[    0.028379] pci 0000:01:19.2: BAR 0: [mem 0x87e10a000000-0x87e10a00ffff 64bit] (from Enhanced Allocation, properties 0x0)
[    0.028381] pci 0000:01:19.2: BAR 4: [mem 0x87e10af00000-0x87e10affffff 64bit] (from Enhanced Allocation, properties 0x0)
[    0.028423] pci 0000:01:19.3: [177d:a012] type 00 class 0x0c8000
[    0.028439] pci 0000:01:19.3: BAR 0: [mem 0x87e10b000000-0x87e10b00ffff 64bit] (from Enhanced Allocation, properties 0x0)
[    0.028441] pci 0000:01:19.3: BAR 4: [mem 0x87e10bf00000-0x87e10bffffff 64bit] (from Enhanced Allocation, properties 0x0)
[    0.028515] pci 0000:02:00.0: [177d:a075] type 00 class 0x088000
[    0.028529] pci 0000:02:00.0: BAR 0: [mem 0x87e0f9000000-0x87e0f903ffff 64bit] (from Enhanced Allocation, properties 0x0)
[    0.028594] pci 0000:03:00.0: [177d:a075] type 00 class 0x088000
[    0.028610] pci 0000:03:00.0: BAR 0: [mem 0x87e0fa000000-0x87e0fa03ffff 64bit] (from Enhanced Allocation, properties 0x0)
[    0.028664] pci 0000:04:00.0: [177d:a075] type 00 class 0x088000
[    0.028678] pci 0000:04:00.0: BAR 0: [mem 0x87e0fb000000-0x87e0fb03ffff 64bit] (from Enhanced Allocation, properties 0x0)
[    0.028737] pci 0000:05:00.0: [177d:a098] type 00 class 0x120000
[    0.028758] pci 0000:05:00.0: BAR 0: [mem 0x87e00f000000-0x87e00f0fffff 64bit] (from Enhanced Allocation, properties 0x0)
[    0.028760] pci 0000:05:00.0: VF BAR 0: [mem 0x80f000800000-0x80f0008fffff 64bit] (from Enhanced Allocation, properties 0x4)
[    0.028775] pci 0000:05:00.0: VF(n) BAR0 space: [mem 0x80f000800000-0x80f0008fffff 64bit] (contains BAR0 for 1 VFs)
[    0.028839] pci 0000:06:00.0: [177d:a080] type 00 class 0x088000
[    0.028855] pci 0000:06:00.0: BAR 0: [mem 0x86e000000000-0x86e0ffffffff 64bit] (from Enhanced Allocation, properties 0x0)
[    0.028858] pci 0000:06:00.0: BAR 4: [mem 0x86e100000000-0x86e1000fffff 64bit] (from Enhanced Allocation, properties 0x0)
[    0.028861] pci 0000:06:00.0: VF BAR 0: [mem 0x86e200000000-0x86e2000fffff 64bit] (from Enhanced Allocation, properties 0x4)
[    0.028864] pci 0000:06:00.0: VF BAR 4: [mem 0x86e210000000-0x86e2100fffff 64bit] (from Enhanced Allocation, properties 0x4)
[    1.040156] pci 0000:06:00.0: VF(n) BAR0 space: [mem 0x86e200000000-0x86e201ffffff 64bit] (contains BAR0 for 32 VFs)
[    1.040160] pci 0000:06:00.0: VF(n) BAR4 space: [mem 0x86e210000000-0x86e211ffffff 64bit] (contains BAR4 for 32 VFs)
[    1.040249] pci 0000:00:01.0: PCI bridge to [bus 01]
[    1.040253] pci 0000:00:0c.0: PCI bridge to [bus 02]
[    1.040254] pci 0000:00:0d.0: PCI bridge to [bus 03]
[    1.040256] pci 0000:00:0e.0: PCI bridge to [bus 04]
[    1.040258] pci 0000:00:0f.0: PCI bridge to [bus 05]
[    1.040261] pci 0000:00:14.0: PCI bridge to [bus 06]
[    1.040263] pci_bus 0000:00: resource 4 [mem 0x878000000000-0x87800fffffff window]
[    1.040265] pci_bus 0000:00: resource 5 [mem 0x802000000000-0x80f0008fffff window]
[    1.040266] pci_bus 0000:00: resource 6 [mem 0x828000000000-0x8281001fffff window]
[    1.040267] pci_bus 0000:00: resource 7 [mem 0x82c000000000-0x82c0001fffff window]
[    1.040268] pci_bus 0000:00: resource 8 [mem 0x86d000000000-0x86d0000fffff window]
[    1.040269] pci_bus 0000:00: resource 9 [mem 0x86e000000000-0x86e22fffffff window]
[    1.040270] pci_bus 0000:00: resource 10 [mem 0x87e002000000-0x87e027ffffff window]
[    1.040271] pci_bus 0000:00: resource 11 [mem 0x87e03c000000-0x87e0525fffff window]
[    1.040273] pci_bus 0000:00: resource 12 [mem 0x87e087000000-0x87e0fcffffff window]
[    1.040274] pci_bus 0000:00: resource 13 [mem 0x87e100000000-0x87e10bffffff window]
[    1.040365] ACPI: PCI Root Bridge [PCI1] (domain 0001 [bus 00-ff])
[    1.040372] acpi PNP0A08:01: _OSC: OS supports [ExtendedConfig ASPM ClockPM Segments MSI EDR HPX-Type3]
[    1.040399] acpi PNP0A08:01: _OSC: platform does not support [PCIeHotplug PME AER LTR DPC]
[    1.040432] acpi PNP0A08:01: _OSC: OS now controls [PCIeCapability]
[    1.040515] acpi PNP0A08:01: ECAM area [mem 0x878010000000-0x87801fffffff] reserved by PNP0A08:01
[    1.040524] acpi PNP0A08:01: ECAM at [mem 0x878010000000-0x87801fffffff] for [bus 00-ff]
[    1.040556] PCI host bridge to bus 0001:00
[    1.040557] pci_bus 0001:00: root bus resource [mem 0x878010000000-0x87801fffffff window]
[    1.040558] pci_bus 0001:00: root bus resource [mem 0x868000000000-0x869fffffffff window]
[    1.040559] pci_bus 0001:00: root bus resource [bus 00-ff]
[    1.040594] pci 0001:00:0c.0: [177d:a01b] type 00 class 0x0c0330
[    1.040614] pci 0001:00:0c.0: BAR 0: [mem 0x868000000000-0x8680001fffff 64bit] (from Enhanced Allocation, properties 0x0)
[    1.040616] pci 0001:00:0c.0: BAR 4: [mem 0x868000200000-0x8680002fffff 64bit] (from Enhanced Allocation, properties 0x0)
[    1.040663] pci 0001:00:0d.0: [177d:a01b] type 00 class 0x0c0330
[    1.040678] pci 0001:00:0d.0: BAR 0: [mem 0x869000000000-0x8690001fffff 64bit] (from Enhanced Allocation, properties 0x0)
[    1.040680] pci 0001:00:0d.0: BAR 4: [mem 0x869000200000-0x8690002fffff 64bit] (from Enhanced Allocation, properties 0x0)
[    1.040752] pci_bus 0001:00: resource 4 [mem 0x878010000000-0x87801fffffff window]
[    1.040753] pci_bus 0001:00: resource 5 [mem 0x868000000000-0x869fffffffff window]
[    1.040807] ACPI: PCI Root Bridge [PCI2] (domain 0002 [bus 00-ff])
[    1.040812] acpi PNP0A08:02: _OSC: OS supports [ExtendedConfig ASPM ClockPM Segments MSI EDR HPX-Type3]
[    1.040828] acpi PNP0A08:02: _OSC: platform does not support [PCIeHotplug PME AER LTR DPC]
[    1.040856] acpi PNP0A08:02: _OSC: OS now controls [PCIeCapability]
[    1.040968] acpi PNP0A08:02: ECAM area [mem 0x878020000000-0x87802fffffff] reserved by PNP0A08:02
[    1.040976] acpi PNP0A08:02: ECAM at [mem 0x878020000000-0x87802fffffff] for [bus 00-ff]
[    1.041026] PCI host bridge to bus 0002:00
[    1.041026] pci_bus 0002:00: root bus resource [mem 0x878020000000-0x87802fffffff window]
[    1.041028] pci_bus 0002:00: root bus resource [mem 0x840000000000-0x85f4ffffffff window]
[    1.041029] pci_bus 0002:00: root bus resource [mem 0x01000000-0x037fffff window]
[    1.041030] pci_bus 0002:00: root bus resource [mem 0x9fc000000-0x9feffffff window]
[    1.041031] pci_bus 0002:00: root bus resource [bus 00-ff]
[    1.041037] pci 0002:00:00.0: [177d:a002] type 01 class 0x060401
[    1.041092] pci 0002:00:01.0: [177d:a002] type 01 class 0x060401
[    1.041143] pci 0002:00:02.0: [177d:a002] type 01 class 0x060401
[    1.041187] pci 0002:00:03.0: [177d:a002] type 01 class 0x060401
[    1.041235] pci 0002:00:04.0: [177d:a002] type 01 class 0x060401
[    1.041279] pci 0002:00:05.0: [177d:a002] type 01 class 0x060401
[    1.041323] pci 0002:00:06.0: [177d:a002] type 01 class 0x060401
[    1.041367] pci 0002:00:07.0: [177d:a002] type 01 class 0x060401
[    1.041421] pci 0002:00:08.0: [177d:a002] type 01 class 0x060401
[    1.041465] pci 0002:00:09.0: [177d:a002] type 01 class 0x060401
[    1.041510] pci 0002:00:0a.0: [177d:a002] type 01 class 0x060401
[    1.041554] pci 0002:00:0b.0: [177d:a002] type 01 class 0x060401
[    1.041605] pci 0002:00:0c.0: [177d:a002] type 01 class 0x060401
[    1.041660] pci 0002:00:0d.0: [177d:a002] type 01 class 0x060401
[    1.041712] pci 0002:00:0e.0: [177d:a002] type 01 class 0x060401
[    1.041757] pci 0002:00:0f.0: [177d:a002] type 01 class 0x060401
[    1.041808] pci 0002:00:10.0: [177d:a002] type 01 class 0x060401
[    1.041862] pci 0002:00:11.0: [177d:a002] type 01 class 0x060401
[    1.041914] pci 0002:00:12.0: [177d:a002] type 01 class 0x060401
[    1.041959] pci 0002:00:13.0: [177d:a002] type 01 class 0x060401
[    1.042010] pci 0002:00:14.0: [177d:a002] type 01 class 0x060401
[    1.042062] pci 0002:00:15.0: [177d:a002] type 01 class 0x060401
[    1.042113] pci 0002:00:16.0: [177d:a002] type 01 class 0x060401
[    1.042158] pci 0002:00:17.0: [177d:a002] type 01 class 0x060401
[    1.042203] pci 0002:00:18.0: [177d:a002] type 01 class 0x060401
[    1.042249] pci 0002:00:19.0: [177d:a002] type 01 class 0x060401
[    1.042293] pci 0002:00:1a.0: [177d:a002] type 01 class 0x060401
[    1.042338] pci 0002:00:1b.0: [177d:a002] type 01 class 0x060401
[    1.042383] pci 0002:00:1c.0: [177d:a002] type 01 class 0x060401
[    1.042437] pci 0002:00:1d.0: [177d:a002] type 01 class 0x060401
[    1.042482] pci 0002:00:1e.0: [177d:a002] type 01 class 0x060401
[    1.042526] pci 0002:00:1f.0: [177d:a002] type 01 class 0x060401
[    1.042590] pci 0002:01:00.0: [177d:a065] type 00 class 0x020000
[    1.042609] pci 0002:01:00.0: BAR 0: [mem 0x840000000000-0x8401ffffffff 64bit] (from Enhanced Allocation, properties 0x0)
[    1.042612] pci 0002:01:00.0: BAR 2: [mem 0x840200000000-0x840201ffffff 64bit] (from Enhanced Allocation, properties 0x0)
[    1.042614] pci 0002:01:00.0: BAR 4: [mem 0x9fc000000-0x9fc1fffff 64bit] (from Enhanced Allocation, properties 0x0)
[    1.042617] pci 0002:01:00.0: VF BAR 2: [mem 0x840202000000-0x840203ffffff 64bit] (from Enhanced Allocation, properties 0x4)
[    1.042619] pci 0002:01:00.0: VF BAR 4: [mem 0x9fc200000-0x9fc23ffff 64bit] (from Enhanced Allocation, properties 0x4)
[    1.042639] pci 0002:01:00.0: VF(n) BAR2 space: [mem 0x840202000000-0x840221ffffff 64bit] (contains BAR2 for 16 VFs)
[    1.042641] pci 0002:01:00.0: VF(n) BAR4 space: [mem 0x9fc200000-0x9fc5fffff 64bit] (contains BAR4 for 16 VFs)
[    1.042711] pci 0002:02:00.0: [177d:a063] type 00 class 0x020000
[    1.042731] pci 0002:02:00.0: BAR 2: [mem 0x841200000000-0x841201ffffff 64bit] (from Enhanced Allocation, properties 0x0)
[    1.042734] pci 0002:02:00.0: BAR 4: [mem 0x9fc600000-0x9fc67ffff 64bit] (from Enhanced Allocation, properties 0x0)
[    1.042736] pci 0002:02:00.0: VF BAR 2: [mem 0x841202000000-0x841203ffffff 64bit] (from Enhanced Allocation, properties 0x4)
[    1.042738] pci 0002:02:00.0: VF BAR 4: [mem 0x9fc680000-0x9fc6bffff 64bit] (from Enhanced Allocation, properties 0x4)
[    1.042758] pci 0002:02:00.0: VF(n) BAR2 space: [mem 0x841202000000-0x841207ffffff 64bit] (contains BAR2 for 3 VFs)
[    1.042759] pci 0002:02:00.0: VF(n) BAR4 space: [mem 0x9fc680000-0x9fc73ffff 64bit] (contains BAR4 for 3 VFs)
[    1.042817] pci 0002:03:00.0: [177d:a063] type 00 class 0x020000
[    1.042834] pci 0002:03:00.0: BAR 2: [mem 0x842200000000-0x842201ffffff 64bit] (from Enhanced Allocation, properties 0x0)
[    1.042837] pci 0002:03:00.0: BAR 4: [mem 0x9fc740000-0x9fc7bffff 64bit] (from Enhanced Allocation, properties 0x0)
[    1.042840] pci 0002:03:00.0: VF BAR 2: [mem 0x842202000000-0x842203ffffff 64bit] (from Enhanced Allocation, properties 0x4)
[    1.042842] pci 0002:03:00.0: VF BAR 4: [mem 0x9fc7c0000-0x9fc7fffff 64bit] (from Enhanced Allocation, properties 0x4)
[    1.042858] pci 0002:03:00.0: VF(n) BAR2 space: [mem 0x842202000000-0x842207ffffff 64bit] (contains BAR2 for 3 VFs)
[    1.042859] pci 0002:03:00.0: VF(n) BAR4 space: [mem 0x9fc7c0000-0x9fc87ffff 64bit] (contains BAR4 for 3 VFs)
[    1.042924] pci 0002:04:00.0: [177d:a063] type 00 class 0x020000
[    1.042939] pci 0002:04:00.0: BAR 2: [mem 0x843200000000-0x843201ffffff 64bit] (from Enhanced Allocation, properties 0x0)
[    1.042941] pci 0002:04:00.0: BAR 4: [mem 0x9fc880000-0x9fc8fffff 64bit] (from Enhanced Allocation, properties 0x0)
[    1.042944] pci 0002:04:00.0: VF BAR 2: [mem 0x843202000000-0x843203ffffff 64bit] (from Enhanced Allocation, properties 0x4)
[    1.042947] pci 0002:04:00.0: VF BAR 4: [mem 0x9fc900000-0x9fc93ffff 64bit] (from Enhanced Allocation, properties 0x4)
[    1.042966] pci 0002:04:00.0: VF(n) BAR2 space: [mem 0x843202000000-0x843207ffffff 64bit] (contains BAR2 for 3 VFs)
[    1.042968] pci 0002:04:00.0: VF(n) BAR4 space: [mem 0x9fc900000-0x9fc9bffff 64bit] (contains BAR4 for 3 VFs)
[    1.043029] pci 0002:05:00.0: [177d:a063] type 00 class 0x020000
[    1.043050] pci 0002:05:00.0: BAR 2: [mem 0x844200000000-0x844201ffffff 64bit] (from Enhanced Allocation, properties 0x0)
[    1.043052] pci 0002:05:00.0: BAR 4: [mem 0x9fc9c0000-0x9fca3ffff 64bit] (from Enhanced Allocation, properties 0x0)
[    1.043054] pci 0002:05:00.0: VF BAR 2: [mem 0x844202000000-0x844203ffffff 64bit] (from Enhanced Allocation, properties 0x4)
[    1.043056] pci 0002:05:00.0: VF BAR 4: [mem 0x9fca40000-0x9fca7ffff 64bit] (from Enhanced Allocation, properties 0x4)
[    1.043077] pci 0002:05:00.0: VF(n) BAR2 space: [mem 0x844202000000-0x844207ffffff 64bit] (contains BAR2 for 3 VFs)
[    1.043078] pci 0002:05:00.0: VF(n) BAR4 space: [mem 0x9fca40000-0x9fcafffff 64bit] (contains BAR4 for 3 VFs)
[    1.043138] pci 0002:06:00.0: [177d:a063] type 00 class 0x020000
[    1.043154] pci 0002:06:00.0: BAR 2: [mem 0x845200000000-0x845201ffffff 64bit] (from Enhanced Allocation, properties 0x0)
[    1.043156] pci 0002:06:00.0: BAR 4: [mem 0x9fcb00000-0x9fcb7ffff 64bit] (from Enhanced Allocation, properties 0x0)
[    1.043158] pci 0002:06:00.0: VF BAR 2: [mem 0x845202000000-0x845203ffffff 64bit] (from Enhanced Allocation, properties 0x4)
[    1.043160] pci 0002:06:00.0: VF BAR 4: [mem 0x9fcb80000-0x9fcbbffff 64bit] (from Enhanced Allocation, properties 0x4)
[    1.043175] pci 0002:06:00.0: VF(n) BAR2 space: [mem 0x845202000000-0x845207ffffff 64bit] (contains BAR2 for 3 VFs)
[    1.043176] pci 0002:06:00.0: VF(n) BAR4 space: [mem 0x9fcb80000-0x9fcc3ffff 64bit] (contains BAR4 for 3 VFs)
[    1.043232] pci 0002:07:00.0: [177d:a0f9] type 00 class 0x088000
[    1.043248] pci 0002:07:00.0: BAR 2: [mem 0x846200000000-0x846201ffffff 64bit] (from Enhanced Allocation, properties 0x0)
[    1.043250] pci 0002:07:00.0: BAR 4: [mem 0x9fcc40000-0x9fccbffff 64bit] (from Enhanced Allocation, properties 0x0)
[    1.043252] pci 0002:07:00.0: VF BAR 2: [mem 0x846202000000-0x846203ffffff 64bit] (from Enhanced Allocation, properties 0x4)
[    1.043313] pci 0002:08:00.0: [177d:a0f9] type 00 class 0x088000
[    1.043328] pci 0002:08:00.0: BAR 2: [mem 0x847200000000-0x847201ffffff 64bit] (from Enhanced Allocation, properties 0x0)
[    1.043330] pci 0002:08:00.0: BAR 4: [mem 0x9fccc0000-0x9fcd3ffff 64bit] (from Enhanced Allocation, properties 0x0)
[    1.043332] pci 0002:08:00.0: VF BAR 2: [mem 0x847202000000-0x847203ffffff 64bit] (from Enhanced Allocation, properties 0x4)
[    1.043395] pci 0002:09:00.0: [177d:a0f9] type 00 class 0x088000
[    1.043412] pci 0002:09:00.0: BAR 2: [mem 0x848200000000-0x848201ffffff 64bit] (from Enhanced Allocation, properties 0x0)
[    1.043415] pci 0002:09:00.0: BAR 4: [mem 0x9fcd40000-0x9fcdbffff 64bit] (from Enhanced Allocation, properties 0x0)
[    1.043417] pci 0002:09:00.0: VF BAR 2: [mem 0x848202000000-0x848203ffffff 64bit] (from Enhanced Allocation, properties 0x4)
[    1.043483] pci 0002:0a:00.0: [177d:a0f9] type 00 class 0x088000
[    1.043497] pci 0002:0a:00.0: BAR 2: [mem 0x849200000000-0x849201ffffff 64bit] (from Enhanced Allocation, properties 0x0)
[    1.043500] pci 0002:0a:00.0: BAR 4: [mem 0x9fcdc0000-0x9fce3ffff 64bit] (from Enhanced Allocation, properties 0x0)
[    1.043502] pci 0002:0a:00.0: VF BAR 2: [mem 0x849202000000-0x849203ffffff 64bit] (from Enhanced Allocation, properties 0x4)
[    1.043564] pci 0002:0b:00.0: [177d:a0f9] type 00 class 0x088000
[    1.043579] pci 0002:0b:00.0: BAR 2: [mem 0x84a200000000-0x84a201ffffff 64bit] (from Enhanced Allocation, properties 0x0)
[    1.043582] pci 0002:0b:00.0: BAR 4: [mem 0x9fce40000-0x9fcebffff 64bit] (from Enhanced Allocation, properties 0x0)
[    1.043585] pci 0002:0b:00.0: VF BAR 2: [mem 0x84a202000000-0x84a203ffffff 64bit] (from Enhanced Allocation, properties 0x4)
[    1.043651] pci 0002:0c:00.0: [177d:a0f9] type 00 class 0x088000
[    1.043666] pci 0002:0c:00.0: BAR 2: [mem 0x84b200000000-0x84b201ffffff 64bit] (from Enhanced Allocation, properties 0x0)
[    1.043670] pci 0002:0c:00.0: BAR 4: [mem 0x9fcec0000-0x9fcf3ffff 64bit] (from Enhanced Allocation, properties 0x0)
[    1.043673] pci 0002:0c:00.0: VF BAR 2: [mem 0x84b202000000-0x84b203ffffff 64bit] (from Enhanced Allocation, properties 0x4)
[    1.043737] pci 0002:0d:00.0: [177d:a0f9] type 00 class 0x088000
[    1.043752] pci 0002:0d:00.0: BAR 2: [mem 0x84c200000000-0x84c201ffffff 64bit] (from Enhanced Allocation, properties 0x0)
[    1.043755] pci 0002:0d:00.0: BAR 4: [mem 0x9fcf40000-0x9fcfbffff 64bit] (from Enhanced Allocation, properties 0x0)
[    1.043759] pci 0002:0d:00.0: VF BAR 2: [mem 0x84c202000000-0x84c203ffffff 64bit] (from Enhanced Allocation, properties 0x4)
[    1.043824] pci 0002:0e:00.0: [177d:a0f9] type 00 class 0x088000
[    1.043840] pci 0002:0e:00.0: BAR 2: [mem 0x84d200000000-0x84d201ffffff 64bit] (from Enhanced Allocation, properties 0x0)
[    1.043843] pci 0002:0e:00.0: BAR 4: [mem 0x9fcfc0000-0x9fd03ffff 64bit] (from Enhanced Allocation, properties 0x0)
[    1.043847] pci 0002:0e:00.0: VF BAR 2: [mem 0x84d202000000-0x84d203ffffff 64bit] (from Enhanced Allocation, properties 0x4)
[    1.043912] pci 0002:0f:00.0: [177d:a0f9] type 00 class 0x088000
[    1.043928] pci 0002:0f:00.0: BAR 2: [mem 0x84e200000000-0x84e201ffffff 64bit] (from Enhanced Allocation, properties 0x0)
[    1.043931] pci 0002:0f:00.0: BAR 4: [mem 0x9fd040000-0x9fd0bffff 64bit] (from Enhanced Allocation, properties 0x0)
[    1.043934] pci 0002:0f:00.0: VF BAR 2: [mem 0x84e202000000-0x84e203ffffff 64bit] (from Enhanced Allocation, properties 0x4)
[    1.044001] pci 0002:10:00.0: [177d:a0f0] type 00 class 0x088000
[    1.044019] pci 0002:10:00.0: BAR 2: [mem 0x84f200000000-0x84f201ffffff 64bit] (from Enhanced Allocation, properties 0x0)
[    1.044022] pci 0002:10:00.0: BAR 4: [mem 0x9fd0c0000-0x9fd13ffff 64bit] (from Enhanced Allocation, properties 0x0)
[    1.044024] pci 0002:10:00.0: VF BAR 2: [mem 0x84f202000000-0x84f203ffffff 64bit] (from Enhanced Allocation, properties 0x4)
[    1.044095] pci 0002:11:00.0: [177d:a0f0] type 00 class 0x088000
[    1.044115] pci 0002:11:00.0: BAR 2: [mem 0x850200000000-0x850201ffffff 64bit] (from Enhanced Allocation, properties 0x0)
[    1.044118] pci 0002:11:00.0: BAR 4: [mem 0x9fd140000-0x9fd1bffff 64bit] (from Enhanced Allocation, properties 0x0)
[    1.044120] pci 0002:11:00.0: VF BAR 2: [mem 0x850202000000-0x850203ffffff 64bit] (from Enhanced Allocation, properties 0x4)
[    1.044188] pci 0002:12:00.0: [177d:a0f0] type 00 class 0x088000
[    1.044203] pci 0002:12:00.0: BAR 2: [mem 0x851200000000-0x851201ffffff 64bit] (from Enhanced Allocation, properties 0x0)
[    1.044206] pci 0002:12:00.0: BAR 4: [mem 0x9fd1c0000-0x9fd23ffff 64bit] (from Enhanced Allocation, properties 0x0)
[    1.044208] pci 0002:12:00.0: VF BAR 2: [mem 0x851202000000-0x851203ffffff 64bit] (from Enhanced Allocation, properties 0x4)
[    1.044269] pci 0002:13:00.0: [177d:a0f0] type 00 class 0x088000
[    1.044284] pci 0002:13:00.0: BAR 2: [mem 0x852200000000-0x852201ffffff 64bit] (from Enhanced Allocation, properties 0x0)
[    1.044286] pci 0002:13:00.0: BAR 4: [mem 0x9fd240000-0x9fd2bffff 64bit] (from Enhanced Allocation, properties 0x0)
[    1.044288] pci 0002:13:00.0: VF BAR 2: [mem 0x852202000000-0x852203ffffff 64bit] (from Enhanced Allocation, properties 0x4)
[    1.044349] pci 0002:14:00.0: [177d:a0f0] type 00 class 0x088000
[    1.044364] pci 0002:14:00.0: BAR 2: [mem 0x853200000000-0x853201ffffff 64bit] (from Enhanced Allocation, properties 0x0)
[    1.044366] pci 0002:14:00.0: BAR 4: [mem 0x9fd2c0000-0x9fd33ffff 64bit] (from Enhanced Allocation, properties 0x0)
[    1.044368] pci 0002:14:00.0: VF BAR 2: [mem 0x853202000000-0x853203ffffff 64bit] (from Enhanced Allocation, properties 0x4)
[    1.044437] pci 0002:15:00.0: [177d:a0f0] type 00 class 0x088000
[    1.044454] pci 0002:15:00.0: BAR 2: [mem 0x854200000000-0x854201ffffff 64bit] (from Enhanced Allocation, properties 0x0)
[    1.044457] pci 0002:15:00.0: BAR 4: [mem 0x9fd340000-0x9fd3bffff 64bit] (from Enhanced Allocation, properties 0x0)
[    1.044459] pci 0002:15:00.0: VF BAR 2: [mem 0x854202000000-0x854203ffffff 64bit] (from Enhanced Allocation, properties 0x4)
[    1.044520] pci 0002:16:00.0: [177d:a0f0] type 00 class 0x088000
[    1.044535] pci 0002:16:00.0: BAR 2: [mem 0x855200000000-0x855201ffffff 64bit] (from Enhanced Allocation, properties 0x0)
[    1.044537] pci 0002:16:00.0: BAR 4: [mem 0x9fd3c0000-0x9fd43ffff 64bit] (from Enhanced Allocation, properties 0x0)
[    1.044539] pci 0002:16:00.0: VF BAR 2: [mem 0x855202000000-0x855203ffffff 64bit] (from Enhanced Allocation, properties 0x4)
[    1.044603] pci 0002:17:00.0: [177d:a0f0] type 00 class 0x088000
[    1.044618] pci 0002:17:00.0: BAR 2: [mem 0x856200000000-0x856201ffffff 64bit] (from Enhanced Allocation, properties 0x0)
[    1.044620] pci 0002:17:00.0: BAR 4: [mem 0x9fd440000-0x9fd4bffff 64bit] (from Enhanced Allocation, properties 0x0)
[    1.044623] pci 0002:17:00.0: VF BAR 2: [mem 0x856202000000-0x856203ffffff 64bit] (from Enhanced Allocation, properties 0x4)
[    1.044689] pci 0002:18:00.0: [177d:a0f0] type 00 class 0x088000
[    1.044705] pci 0002:18:00.0: BAR 2: [mem 0x857200000000-0x857201ffffff 64bit] (from Enhanced Allocation, properties 0x0)
[    1.044708] pci 0002:18:00.0: BAR 4: [mem 0x9fd4c0000-0x9fd53ffff 64bit] (from Enhanced Allocation, properties 0x0)
[    1.044711] pci 0002:18:00.0: VF BAR 2: [mem 0x857202000000-0x857203ffffff 64bit] (from Enhanced Allocation, properties 0x4)
[    1.044776] pci 0002:19:00.0: [177d:a0fb] type 00 class 0x088000
[    1.044792] pci 0002:19:00.0: BAR 2: [mem 0x858200000000-0x858201ffffff 64bit] (from Enhanced Allocation, properties 0x0)
[    1.044795] pci 0002:19:00.0: BAR 4: [mem 0x9fd540000-0x9fd5bffff 64bit] (from Enhanced Allocation, properties 0x0)
[    1.044799] pci 0002:19:00.0: VF BAR 2: [mem 0x858202000000-0x858203ffffff 64bit] (from Enhanced Allocation, properties 0x4)
[    1.044865] pci 0002:1a:00.0: [177d:a0fb] type 00 class 0x088000
[    1.044882] pci 0002:1a:00.0: BAR 2: [mem 0x859200000000-0x859201ffffff 64bit] (from Enhanced Allocation, properties 0x0)
[    1.044885] pci 0002:1a:00.0: BAR 4: [mem 0x9fd5c0000-0x9fd63ffff 64bit] (from Enhanced Allocation, properties 0x0)
[    1.044888] pci 0002:1a:00.0: VF BAR 2: [mem 0x859202000000-0x859203ffffff 64bit] (from Enhanced Allocation, properties 0x4)
[    1.044955] pci 0002:1b:00.0: [177d:a0fb] type 00 class 0x088000
[    1.044973] pci 0002:1b:00.0: BAR 2: [mem 0x85a200000000-0x85a201ffffff 64bit] (from Enhanced Allocation, properties 0x0)
[    1.044976] pci 0002:1b:00.0: BAR 4: [mem 0x9fd640000-0x9fd6bffff 64bit] (from Enhanced Allocation, properties 0x0)
[    1.044978] pci 0002:1b:00.0: VF BAR 2: [mem 0x85a202000000-0x85a203ffffff 64bit] (from Enhanced Allocation, properties 0x4)
[    1.045048] pci 0002:1c:00.0: [177d:a0fb] type 00 class 0x088000
[    1.045068] pci 0002:1c:00.0: BAR 2: [mem 0x85b200000000-0x85b201ffffff 64bit] (from Enhanced Allocation, properties 0x0)
[    1.045071] pci 0002:1c:00.0: BAR 4: [mem 0x9fd6c0000-0x9fd73ffff 64bit] (from Enhanced Allocation, properties 0x0)
[    1.045073] pci 0002:1c:00.0: VF BAR 2: [mem 0x85b202000000-0x85b203ffffff 64bit] (from Enhanced Allocation, properties 0x4)
[    1.045146] pci 0002:1d:00.0: [177d:a0f0] type 00 class 0x088000
[    1.045161] pci 0002:1d:00.0: BAR 2: [mem 0x85c200000000-0x85c201ffffff 64bit] (from Enhanced Allocation, properties 0x0)
[    1.045163] pci 0002:1d:00.0: BAR 4: [mem 0x9fd740000-0x9fd7bffff 64bit] (from Enhanced Allocation, properties 0x0)
[    1.045165] pci 0002:1d:00.0: VF BAR 2: [mem 0x85c202000000-0x85c203ffffff 64bit] (from Enhanced Allocation, properties 0x4)
[    1.045226] pci 0002:1e:00.0: [177d:a0f9] type 00 class 0x088000
[    1.045242] pci 0002:1e:00.0: BAR 2: [mem 0x85d200000000-0x85d201ffffff 64bit] (from Enhanced Allocation, properties 0x0)
[    1.045244] pci 0002:1e:00.0: BAR 4: [mem 0x9fd7c0000-0x9fd8bffff 64bit] (from Enhanced Allocation, properties 0x0)
[    1.045247] pci 0002:1e:00.0: VF BAR 2: [mem 0x85d202000000-0x85d203ffffff 64bit] (from Enhanced Allocation, properties 0x4)
[    1.045249] pci 0002:1e:00.0: VF BAR 4: [mem 0x9fd8c0000-0x9fd8fffff 64bit] (from Enhanced Allocation, properties 0x4)
[    1.045265] pci 0002:1e:00.0: VF(n) BAR2 space: [mem 0x85d202000000-0x85d209ffffff 64bit] (contains BAR2 for 4 VFs)
[    1.045267] pci 0002:1e:00.0: VF(n) BAR4 space: [mem 0x9fd8c0000-0x9fd9bffff 64bit] (contains BAR4 for 4 VFs)
[    1.045324] pci 0002:1f:00.0: [177d:a0f6] type 00 class 0x020000
[    1.045340] pci 0002:1f:00.0: BAR 2: [mem 0x85e200000000-0x85e201ffffff 64bit] (from Enhanced Allocation, properties 0x0)
[    1.045342] pci 0002:1f:00.0: BAR 4: [mem 0x9fd9c0000-0x9fdabffff 64bit] (from Enhanced Allocation, properties 0x0)
[    1.045344] pci 0002:1f:00.0: VF BAR 2: [mem 0x85e202000000-0x85e203ffffff 64bit] (from Enhanced Allocation, properties 0x4)
[    1.045346] pci 0002:1f:00.0: VF BAR 4: [mem 0x9fdac0000-0x9fdafffff 64bit] (from Enhanced Allocation, properties 0x4)
[    1.045361] pci 0002:1f:00.0: VF(n) BAR2 space: [mem 0x85e202000000-0x85e213ffffff 64bit] (contains BAR2 for 9 VFs)
[    1.045363] pci 0002:1f:00.0: VF(n) BAR4 space: [mem 0x9fdac0000-0x9fdcfffff 64bit] (contains BAR4 for 9 VFs)
[    1.045423] pci 0002:20:00.0: [177d:a0f2] type 00 class 0x108000
[    1.045440] pci 0002:20:00.0: BAR 2: [mem 0x85f200000000-0x85f201ffffff 64bit] (from Enhanced Allocation, properties 0x0)
[    1.045442] pci 0002:20:00.0: BAR 4: [mem 0x9fdd00000-0x9fe4fffff 64bit] (from Enhanced Allocation, properties 0x0)
[    1.045445] pci 0002:20:00.0: VF BAR 2: [mem 0x85f202000000-0x85f203ffffff 64bit] (from Enhanced Allocation, properties 0x4)
[    1.045448] pci 0002:20:00.0: VF BAR 4: [mem 0x9fe500000-0x9fe53ffff 64bit] (from Enhanced Allocation, properties 0x4)
[    1.045465] pci 0002:20:00.0: VF(n) BAR2 space: [mem 0x85f202000000-0x85f281ffffff 64bit] (contains BAR2 for 64 VFs)
[    1.045467] pci 0002:20:00.0: VF(n) BAR4 space: [mem 0x9fe500000-0x9ff4fffff 64bit] (contains BAR4 for 64 VFs)
[    1.045576] pci 0002:00:00.0: PCI bridge to [bus 01]
[    1.045578] pci 0002:00:01.0: PCI bridge to [bus 02]
[    1.045580] pci 0002:00:02.0: PCI bridge to [bus 03]
[    1.045582] pci 0002:00:03.0: PCI bridge to [bus 04]
[    1.045584] pci 0002:00:04.0: PCI bridge to [bus 05]
[    1.045585] pci 0002:00:05.0: PCI bridge to [bus 06]
[    1.045587] pci 0002:00:06.0: PCI bridge to [bus 07]
[    1.045589] pci 0002:00:07.0: PCI bridge to [bus 08]
[    1.045590] pci 0002:00:08.0: PCI bridge to [bus 09]
[    1.045592] pci 0002:00:09.0: PCI bridge to [bus 0a]
[    1.045593] pci 0002:00:0a.0: PCI bridge to [bus 0b]
[    1.045595] pci 0002:00:0b.0: PCI bridge to [bus 0c]
[    1.045597] pci 0002:00:0c.0: PCI bridge to [bus 0d]
[    1.045599] pci 0002:00:0d.0: PCI bridge to [bus 0e]
[    1.045600] pci 0002:00:0e.0: PCI bridge to [bus 0f]
[    1.045602] pci 0002:00:0f.0: PCI bridge to [bus 10]
[    1.045604] pci 0002:00:10.0: PCI bridge to [bus 11]
[    1.045606] pci 0002:00:11.0: PCI bridge to [bus 12]
[    1.045608] pci 0002:00:12.0: PCI bridge to [bus 13]
[    1.045611] pci 0002:00:13.0: PCI bridge to [bus 14]
[    1.045613] pci 0002:00:14.0: PCI bridge to [bus 15]
[    1.045615] pci 0002:00:15.0: PCI bridge to [bus 16]
[    1.045617] pci 0002:00:16.0: PCI bridge to [bus 17]
[    1.045620] pci 0002:00:17.0: PCI bridge to [bus 18]
[    1.045622] pci 0002:00:18.0: PCI bridge to [bus 19]
[    1.045625] pci 0002:00:19.0: PCI bridge to [bus 1a]
[    1.045627] pci 0002:00:1a.0: PCI bridge to [bus 1b]
[    1.045630] pci 0002:00:1b.0: PCI bridge to [bus 1c]
[    1.045632] pci 0002:00:1c.0: PCI bridge to [bus 1d]
[    1.045636] pci 0002:00:1d.0: PCI bridge to [bus 1e]
[    1.045638] pci 0002:00:1e.0: PCI bridge to [bus 1f]
[    1.045641] pci 0002:00:1f.0: PCI bridge to [bus 20]
[    1.045643] pci_bus 0002:00: resource 4 [mem 0x878020000000-0x87802fffffff window]
[    1.045644] pci_bus 0002:00: resource 5 [mem 0x840000000000-0x85f4ffffffff window]
[    1.045645] pci_bus 0002:00: resource 6 [mem 0x01000000-0x037fffff window]
[    1.045646] pci_bus 0002:00: resource 7 [mem 0x9fc000000-0x9feffffff window]
[    1.045740] ACPI: PCI Root Bridge [PEM0] (domain 0003 [bus 00-ff])
[    1.045746] acpi PNP0A08:03: _OSC: OS supports [ExtendedConfig ASPM ClockPM Segments MSI EDR HPX-Type3]
[    1.045761] acpi PNP0A08:03: _OSC: platform does not support [PCIeHotplug PME AER LTR DPC]
[    1.045785] acpi PNP0A08:03: _OSC: OS now controls [PCIeCapability]
[    1.045951] acpi PNP0A08:03: ECAM area [mem 0x878030000000-0x87803fffffff] reserved by PNP0A08:03
[    1.045960] acpi PNP0A08:03: ECAM at [mem 0x878030000000-0x87803fffffff] for [bus 00-ff]
[    1.046033] PCI host bridge to bus 0003:00
[    1.046034] pci_bus 0003:00: root bus resource [mem 0x878030000000-0x87803fffffff window]
[    1.046036] pci_bus 0003:00: root bus resource [mem 0x8e0e00000000-0x8e0e000fffff window]
[    1.046037] pci_bus 0003:00: root bus resource [mem 0x882001000000-0x882fffffffff window] (bus address [0x01000000-0xfffffffff])
[    1.046039] pci_bus 0003:00: root bus resource [mem 0x884000000000-0x884fffffffff pref window] (bus address [0x00000000-0xfffffffff])
[    1.046040] pci_bus 0003:00: root bus resource [mem 0x886000000000-0x8860000fffff window] (bus address [0x00000000-0x000fffff])
[    1.046042] pci_bus 0003:00: root bus resource [bus 00-ff]
[    1.046052] pci_bus 0003:00: resource 4 [mem 0x878030000000-0x87803fffffff window]
[    1.046053] pci_bus 0003:00: resource 5 [mem 0x8e0e00000000-0x8e0e000fffff window]
[    1.046054] pci_bus 0003:00: resource 6 [mem 0x882001000000-0x882fffffffff window]
[    1.046055] pci_bus 0003:00: resource 7 [mem 0x884000000000-0x884fffffffff pref window]
[    1.046056] pci_bus 0003:00: resource 8 [mem 0x886000000000-0x8860000fffff window]
[    1.046121] ACPI: PCI Root Bridge [PEM1] (domain 0004 [bus 00-ff])
[    1.046126] acpi PNP0A08:04: _OSC: OS supports [ExtendedConfig ASPM ClockPM Segments MSI EDR HPX-Type3]
[    1.046139] acpi PNP0A08:04: _OSC: platform does not support [PCIeHotplug PME AER LTR DPC]
[    1.046163] acpi PNP0A08:04: _OSC: OS now controls [PCIeCapability]
[    1.046372] acpi PNP0A08:04: ECAM area [mem 0x878040000000-0x87804fffffff] reserved by PNP0A08:04
[    1.046379] acpi PNP0A08:04: ECAM at [mem 0x878040000000-0x87804fffffff] for [bus 00-ff]
[    1.046456] PCI host bridge to bus 0004:00
[    1.046457] pci_bus 0004:00: root bus resource [mem 0x878040000000-0x87804fffffff window]
[    1.046458] pci_bus 0004:00: root bus resource [mem 0x8e1e00000000-0x8e1e000fffff window]
[    1.046460] pci_bus 0004:00: root bus resource [mem 0x88a001000000-0x88afffffffff window] (bus address [0x01000000-0xfffffffff])
[    1.046462] pci_bus 0004:00: root bus resource [mem 0x88c000000000-0x88cfffffffff pref window] (bus address [0x00000000-0xfffffffff])
[    1.046464] pci_bus 0004:00: root bus resource [mem 0x88e000000000-0x88e0000fffff window] (bus address [0x00000000-0x000fffff])
[    1.046466] pci_bus 0004:00: root bus resource [bus 00-ff]
[    1.046477] pci_bus 0004:00: resource 4 [mem 0x878040000000-0x87804fffffff window]
[    1.046479] pci_bus 0004:00: resource 5 [mem 0x8e1e00000000-0x8e1e000fffff window]
[    1.046480] pci_bus 0004:00: resource 6 [mem 0x88a001000000-0x88afffffffff window]
[    1.046481] pci_bus 0004:00: resource 7 [mem 0x88c000000000-0x88cfffffffff pref window]
[    1.046483] pci_bus 0004:00: resource 8 [mem 0x88e000000000-0x88e0000fffff window]
[    1.046548] ACPI: PCI Root Bridge [PEM2] (domain 0005 [bus 00-ff])
[    1.046552] acpi PNP0A08:05: _OSC: OS supports [ExtendedConfig ASPM ClockPM Segments MSI EDR HPX-Type3]
[    1.046565] acpi PNP0A08:05: _OSC: platform does not support [PCIeHotplug PME AER LTR DPC]
[    1.046589] acpi PNP0A08:05: _OSC: OS now controls [PCIeCapability]
[    1.046844] acpi PNP0A08:05: ECAM area [mem 0x878050000000-0x87805fffffff] reserved by PNP0A08:05
[    1.046850] acpi PNP0A08:05: ECAM at [mem 0x878050000000-0x87805fffffff] for [bus 00-ff]
[    1.046917] PCI host bridge to bus 0005:00
[    1.046918] pci_bus 0005:00: root bus resource [mem 0x878050000000-0x87805fffffff window]
[    1.046919] pci_bus 0005:00: root bus resource [mem 0x8e2e00000000-0x8e2e000fffff window]
[    1.046920] pci_bus 0005:00: root bus resource [mem 0x892001000000-0x892fffffffff window] (bus address [0x01000000-0xfffffffff])
[    1.046922] pci_bus 0005:00: root bus resource [mem 0x894000000000-0x894fffffffff pref window] (bus address [0x00000000-0xfffffffff])
[    1.046923] pci_bus 0005:00: root bus resource [mem 0x896000000000-0x8960000fffff window] (bus address [0x00000000-0x000fffff])
[    1.046924] pci_bus 0005:00: root bus resource [bus 00-ff]
[    1.046931] pci 0005:00:00.0: [177d:a02d] type 01 class 0x060400
[    1.046937] pci 0005:00:00.0: reg 0x38: [mem 0x8920fffff800-0x8920ffffffff pref]
[    1.046948] pci 0005:00:00.0: BAR 0: [mem 0x8e2e00000000-0x8e2e000fffff 64bit] (from Enhanced Allocation, properties 0x0)
[    1.046993] pci 0005:00:00.0: PTM enabled (root), 16ns granularity
[    1.047078] pci 0005:01:00.0: [1987:5013] type 00 class 0x010802
[    1.047091] pci 0005:01:00.0: reg 0x10: [mem 0x892001000000-0x892001003fff 64bit]
[    1.047247] pci 0005:01:00.0: 15.752 Gb/s available PCIe bandwidth, limited by 8.0 GT/s PCIe x2 link at 0005:00:00.0 (capable of 31.504 Gb/s with 8.0 GT/s PCIe x4 link)
[    1.070178] pci 0005:00:00.0: BAR 14: assigned [mem 0x892001000000-0x8920010fffff]
[    1.070179] pci 0005:00:00.0: BAR 6: assigned [mem 0x894000000000-0x8940000007ff pref]
[    1.070182] pci 0005:01:00.0: BAR 0: assigned [mem 0x892001000000-0x892001003fff 64bit]
[    1.070187] pci 0005:00:00.0: PCI bridge to [bus 01]
[    1.070189] pci 0005:00:00.0:   bridge window [mem 0x892001000000-0x8920010fffff]
[    1.070190] pci_bus 0005:00: resource 4 [mem 0x878050000000-0x87805fffffff window]
[    1.070191] pci_bus 0005:00: resource 5 [mem 0x8e2e00000000-0x8e2e000fffff window]
[    1.070192] pci_bus 0005:00: resource 6 [mem 0x892001000000-0x892fffffffff window]
[    1.070193] pci_bus 0005:00: resource 7 [mem 0x894000000000-0x894fffffffff pref window]
[    1.070195] pci_bus 0005:00: resource 8 [mem 0x896000000000-0x8960000fffff window]
[    1.070196] pci_bus 0005:01: resource 1 [mem 0x892001000000-0x8920010fffff]
[    1.070264] ACPI: PCI Root Bridge [PEM3] (domain 0006 [bus 00-ff])
[    1.070269] acpi PNP0A08:06: _OSC: OS supports [ExtendedConfig ASPM ClockPM Segments MSI EDR HPX-Type3]
[    1.070283] acpi PNP0A08:06: _OSC: platform does not support [PCIeHotplug PME AER LTR DPC]
[    1.070307] acpi PNP0A08:06: _OSC: OS now controls [PCIeCapability]
[    1.070611] acpi PNP0A08:06: ECAM area [mem 0x878060000000-0x87806fffffff] reserved by PNP0A08:06
[    1.070619] acpi PNP0A08:06: ECAM at [mem 0x878060000000-0x87806fffffff] for [bus 00-ff]
[    1.070704] PCI host bridge to bus 0006:00
[    1.070705] pci_bus 0006:00: root bus resource [mem 0x878060000000-0x87806fffffff window]
[    1.070707] pci_bus 0006:00: root bus resource [mem 0x8e3e00000000-0x8e3e000fffff window]
[    1.070708] pci_bus 0006:00: root bus resource [mem 0x89a001000000-0x89afffffffff window] (bus address [0x01000000-0xfffffffff])
[    1.070709] pci_bus 0006:00: root bus resource [mem 0x89c000000000-0x89cfffffffff pref window] (bus address [0x00000000-0xfffffffff])
[    1.070711] pci_bus 0006:00: root bus resource [mem 0x89e000000000-0x89e0000fffff window] (bus address [0x00000000-0x000fffff])
[    1.070712] pci_bus 0006:00: root bus resource [bus 00-ff]
[    1.070722] pci_bus 0006:00: resource 4 [mem 0x878060000000-0x87806fffffff window]
[    1.070723] pci_bus 0006:00: resource 5 [mem 0x8e3e00000000-0x8e3e000fffff window]
[    1.070724] pci_bus 0006:00: resource 6 [mem 0x89a001000000-0x89afffffffff window]
[    1.070725] pci_bus 0006:00: resource 7 [mem 0x89c000000000-0x89cfffffffff pref window]
[    1.070726] pci_bus 0006:00: resource 8 [mem 0x89e000000000-0x89e0000fffff window]
[    1.070789] ACPI: PCI Root Bridge [PEM4] (domain 0007 [bus 00-ff])
[    1.070794] acpi PNP0A08:07: _OSC: OS supports [ExtendedConfig ASPM ClockPM Segments MSI EDR HPX-Type3]
[    1.070807] acpi PNP0A08:07: _OSC: platform does not support [PCIeHotplug PME AER LTR DPC]
[    1.070830] acpi PNP0A08:07: _OSC: OS now controls [PCIeCapability]
[    1.071182] acpi PNP0A08:07: ECAM area [mem 0x878070000000-0x87807fffffff] reserved by PNP0A08:07
[    1.071188] acpi PNP0A08:07: ECAM at [mem 0x878070000000-0x87807fffffff] for [bus 00-ff]
[    1.071259] PCI host bridge to bus 0007:00
[    1.071260] pci_bus 0007:00: root bus resource [mem 0x878070000000-0x87807fffffff window]
[    1.071261] pci_bus 0007:00: root bus resource [mem 0x8e4e00000000-0x8e4e000fffff window]
[    1.071262] pci_bus 0007:00: root bus resource [mem 0x8a2001000000-0x8a2fffffffff window] (bus address [0x01000000-0xfffffffff])
[    1.071263] pci_bus 0007:00: root bus resource [mem 0x8a4000000000-0x8a4fffffffff pref window] (bus address [0x00000000-0xfffffffff])
[    1.071265] pci_bus 0007:00: root bus resource [mem 0x8a6000000000-0x8a60000fffff window] (bus address [0x00000000-0x000fffff])
[    1.071266] pci_bus 0007:00: root bus resource [bus 00-ff]
[    1.071276] pci_bus 0007:00: resource 4 [mem 0x878070000000-0x87807fffffff window]
[    1.071277] pci_bus 0007:00: resource 5 [mem 0x8e4e00000000-0x8e4e000fffff window]
[    1.071278] pci_bus 0007:00: resource 6 [mem 0x8a2001000000-0x8a2fffffffff window]
[    1.071279] pci_bus 0007:00: resource 7 [mem 0x8a4000000000-0x8a4fffffffff pref window]
[    1.071280] pci_bus 0007:00: resource 8 [mem 0x8a6000000000-0x8a60000fffff window]
[    1.071343] ACPI: PCI Root Bridge [PEM5] (domain 0008 [bus 00-ff])
[    1.071347] acpi PNP0A08:08: _OSC: OS supports [ExtendedConfig ASPM ClockPM Segments MSI EDR HPX-Type3]
[    1.071361] acpi PNP0A08:08: _OSC: platform does not support [PCIeHotplug PME AER LTR DPC]
[    1.071384] acpi PNP0A08:08: _OSC: OS now controls [PCIeCapability]
[    1.071794] acpi PNP0A08:08: ECAM area [mem 0x878080000000-0x87808fffffff] reserved by PNP0A08:08
[    1.071801] acpi PNP0A08:08: ECAM at [mem 0x878080000000-0x87808fffffff] for [bus 00-ff]
[    1.071870] PCI host bridge to bus 0008:00
[    1.071871] pci_bus 0008:00: root bus resource [mem 0x878080000000-0x87808fffffff window]
[    1.071872] pci_bus 0008:00: root bus resource [mem 0x8e5e00000000-0x8e5e000fffff window]
[    1.071873] pci_bus 0008:00: root bus resource [mem 0x8aa001000000-0x8aafffffffff window] (bus address [0x01000000-0xfffffffff])
[    1.071875] pci_bus 0008:00: root bus resource [mem 0x8ac000000000-0x8acfffffffff pref window] (bus address [0x00000000-0xfffffffff])
[    1.071876] pci_bus 0008:00: root bus resource [mem 0x8ae000000000-0x8ae0000fffff window] (bus address [0x00000000-0x000fffff])
[    1.071877] pci_bus 0008:00: root bus resource [bus 00-ff]
[    1.071887] pci_bus 0008:00: resource 4 [mem 0x878080000000-0x87808fffffff window]
[    1.071888] pci_bus 0008:00: resource 5 [mem 0x8e5e00000000-0x8e5e000fffff window]
[    1.071889] pci_bus 0008:00: resource 6 [mem 0x8aa001000000-0x8aafffffffff window]
[    1.071890] pci_bus 0008:00: resource 7 [mem 0x8ac000000000-0x8acfffffffff pref window]
[    1.071891] pci_bus 0008:00: resource 8 [mem 0x8ae000000000-0x8ae0000fffff window]
[    1.071958] ARMH0011:00: ttyAMA0 at MMIO 0x87e028000000 (irq = 13, base_baud = 0) is a SBSA
[    1.071999] printk: console [ttyAMA0] enabled
[    1.072002] printk: console [ttyAMA0] printing thread started
[    1.078337] ARMH0011:01: ttyAMA1 at MMIO 0x87e029000000 (irq = 14, base_baud = 0) is a SBSA
[    1.078609] iommu: Default domain type: Translated 
[    1.078610] iommu: DMA domain TLB invalidation policy: lazy mode 
[    1.078703] SCSI subsystem initialized
[    1.078740] libata version 3.00 loaded.
[    1.078758] ACPI: bus type USB registered
[    1.078772] usbcore: registered new interface driver usbfs
[    1.078778] usbcore: registered new interface driver hub
[    1.078786] usbcore: registered new device driver usb
[    1.078811] pps_core: LinuxPPS API ver. 1 registered
[    1.078811] pps_core: Software ver. 5.3.6 - Copyright 2005-2007 Rodolfo Giometti <giometti@linux.it>
[    1.078813] PTP clock support registered
[    1.078853] EDAC MC: Ver: 3.0.0
[    1.079124] Registered efivars operations
[    1.098342] NetLabel: Initializing
[    1.098343] NetLabel:  domain hash size = 128
[    1.098343] NetLabel:  protocols = UNLABELED CIPSOv4 CALIPSO
[    1.098356] NetLabel:  unlabeled traffic allowed by default
[    1.098396] vgaarb: loaded
[    1.098450] sdei: SDEIv1.0 (0x0) detected in firmware.
[    1.127746] clocksource: Switched to clocksource arch_sys_counter
[    1.140102] VFS: Disk quotas dquot_6.6.0
[    1.140115] VFS: Dquot-cache hash table entries: 512 (order 0, 4096 bytes)
[    1.140185] pnp: PnP ACPI init
[    1.140303] pnp: PnP ACPI: found 0 devices
[    1.141159] NET: Registered PF_INET protocol family
[    1.141227] IP idents hash table entries: 262144 (order: 9, 2097152 bytes, linear)
[    1.143445] tcp_listen_portaddr_hash hash table entries: 32768 (order: 7, 524288 bytes, linear)
[    1.143652] Table-perturb hash table entries: 65536 (order: 6, 262144 bytes, linear)
[    1.143671] TCP established hash table entries: 524288 (order: 10, 4194304 bytes, linear)
[    1.144069] TCP bind hash table entries: 65536 (order: 8, 1048576 bytes, linear)
[    1.144207] TCP: Hash tables configured (established 524288 bind 65536)
[    1.144329] MPTCP token hash table entries: 65536 (order: 8, 1572864 bytes, linear)
[    1.144469] UDP hash table entries: 32768 (order: 8, 1048576 bytes, linear)
[    1.144557] UDP-Lite hash table entries: 32768 (order: 8, 1048576 bytes, linear)
[    1.144715] NET: Registered PF_UNIX/PF_LOCAL protocol family
[    1.144720] NET: Registered PF_XDP protocol family
[    1.144897] PCI: CLS 0 bytes, default 64
[    1.144906] ACPI: bus type thunderbolt registered
[    1.144937] Trying to unpack rootfs image as initramfs...
[    1.156280] hw perfevents: enabled with armv8_pmuv3_0 PMU driver, 7 counters available
[    1.156358] kvm [1]: IPA Size Limit: 48 bits
[    1.164644] kvm [1]: GICv4 support disabled
[    1.164645] kvm [1]: GICv3: no GICV resource entry
[    1.164645] kvm [1]: disabling GICv2 emulation
[    1.164698] kvm [1]: GIC system register CPU interface enabled
[    1.173259] kvm [1]: vgic interrupt IRQ9
[    1.232680] kvm [1]: VHE mode initialized successfully
[    1.241752] Initialise system trusted keyrings
[    1.241760] Key type blacklist registered
[    1.241814] workingset: timestamp_bits=40 max_order=24 bucket_order=0
[    1.243272] zbud: loaded
[    1.243744] integrity: Platform Keyring initialized
[    1.257136] NET: Registered PF_ALG protocol family
[    1.257138] xor: measuring software checksum speed
[    1.257810]    8regs           : 15067 MB/sec
[    1.258381]    32regs          : 17735 MB/sec
[    1.258807]    arm64_neon      : 23241 MB/sec
[    1.258807] xor: using function: arm64_neon (23241 MB/sec)
[    1.258809] Key type asymmetric registered
[    1.258810] Asymmetric key parser 'x509' registered
[    1.258811] Running certificate verification selftests
[    1.312669] Loaded X.509 cert 'Certificate verification self-testing key: f58703bb33ce1b73ee02eccdee5b8817518fe3db'
[    1.313248] Block layer SCSI generic (bsg) driver version 0.4 loaded (major 246)
[    1.313288] io scheduler mq-deadline registered
[    1.313290] io scheduler kyber registered
[    1.313316] io scheduler bfq registered
[    1.322935] atomic64_test: passed
[    1.335395] EDAC MC0: Giving out device to module ghes_edac.c controller ghes_edac: DEV ghes (INTERRUPT)
[    1.673721] GHES: Failed to enable APEI firmware first mode.
[    1.673765] ACPI GTDT: found 1 SBSA generic Watchdog(s).
[    1.673913] Serial: 8250/16550 driver, 4 ports, IRQ sharing enabled
[    1.674247] arm-smmu-v3 arm-smmu-v3.0.auto: option mask 0x0
[    1.674259] arm-smmu-v3 arm-smmu-v3.0.auto: ias 52-bit, oas 52-bit (features 0x0006d78d)
[    1.674287] arm-smmu-v3 arm-smmu-v3.0.auto: allocated 65536 entries for cmdq
[    1.674317] arm-smmu-v3 arm-smmu-v3.0.auto: allocated 32768 entries for evtq
[    1.684880] rdac: device handler registered
[    1.684910] hp_sw: device handler registered
[    1.684911] emc: device handler registered
[    1.684939] alua: device handler registered
[    1.685169] libphy: Fixed MDIO Bus: probed
[    1.685217] ehci_hcd: USB 2.0 'Enhanced' Host Controller (EHCI) Driver
[    1.685220] ehci-pci: EHCI PCI platform driver
[    1.685236] ohci_hcd: USB 1.1 'Open' Host Controller (OHCI) Driver
[    1.685238] ohci-pci: OHCI PCI platform driver
[    1.685249] uhci_hcd: USB Universal Host Controller Interface driver
[    1.685319] xhci_hcd 0001:00:0c.0: Adding to iommu group 0
[    1.685457] xhci_hcd 0001:00:0c.0: xHCI Host Controller
[    1.685496] xhci_hcd 0001:00:0c.0: new USB bus registered, assigned bus number 1
[    1.685595] xhci_hcd 0001:00:0c.0: hcc params 0x0110ffcd hci version 0x110 quirks 0x0000000000000010
[    1.685699] xhci_hcd 0001:00:0c.0: xHCI Host Controller
[    1.685722] xhci_hcd 0001:00:0c.0: new USB bus registered, assigned bus number 2
[    1.685725] xhci_hcd 0001:00:0c.0: Host supports USB 3.1 Enhanced SuperSpeed
[    1.685755] usb usb1: New USB device found, idVendor=1d6b, idProduct=0002, bcdDevice= 5.14
[    1.685757] usb usb1: New USB device strings: Mfr=3, Product=2, SerialNumber=1
[    1.685758] usb usb1: Product: xHCI Host Controller
[    1.685759] usb usb1: Manufacturer: Linux 5.14.0-299.el9.aarch64 xhci-hcd
[    1.685760] usb usb1: SerialNumber: 0001:00:0c.0
[    1.685831] hub 1-0:1.0: USB hub found
[    1.685835] hub 1-0:1.0: 1 port detected
[    1.685888] usb usb2: We don't know the algorithms for LPM for this host, disabling LPM.
[    1.685903] usb usb2: New USB device found, idVendor=1d6b, idProduct=0003, bcdDevice= 5.14
[    1.685905] usb usb2: New USB device strings: Mfr=3, Product=2, SerialNumber=1
[    1.685906] usb usb2: Product: xHCI Host Controller
[    1.685907] usb usb2: Manufacturer: Linux 5.14.0-299.el9.aarch64 xhci-hcd
[    1.685908] usb usb2: SerialNumber: 0001:00:0c.0
[    1.685966] hub 2-0:1.0: USB hub found
[    1.685969] hub 2-0:1.0: 1 port detected
[    1.686034] xhci_hcd 0001:00:0d.0: Adding to iommu group 1
[    1.686139] xhci_hcd 0001:00:0d.0: xHCI Host Controller
[    1.686169] xhci_hcd 0001:00:0d.0: new USB bus registered, assigned bus number 3
[    1.686257] xhci_hcd 0001:00:0d.0: hcc params 0x0110ffc5 hci version 0x110 quirks 0x0000000000000010
[    1.686350] xhci_hcd 0001:00:0d.0: xHCI Host Controller
[    1.686373] xhci_hcd 0001:00:0d.0: new USB bus registered, assigned bus number 4
[    1.686375] xhci_hcd 0001:00:0d.0: Host supports USB 3.1 Enhanced SuperSpeed
[    1.686397] usb usb3: New USB device found, idVendor=1d6b, idProduct=0002, bcdDevice= 5.14
[    1.686399] usb usb3: New USB device strings: Mfr=3, Product=2, SerialNumber=1
[    1.686400] usb usb3: Product: xHCI Host Controller
[    1.686401] usb usb3: Manufacturer: Linux 5.14.0-299.el9.aarch64 xhci-hcd
[    1.686402] usb usb3: SerialNumber: 0001:00:0d.0
[    1.686459] hub 3-0:1.0: USB hub found
[    1.686463] hub 3-0:1.0: 1 port detected
[    1.686508] usb usb4: We don't know the algorithms for LPM for this host, disabling LPM.
[    1.686525] usb usb4: New USB device found, idVendor=1d6b, idProduct=0003, bcdDevice= 5.14
[    1.686527] usb usb4: New USB device strings: Mfr=3, Product=2, SerialNumber=1
[    1.686528] usb usb4: Product: xHCI Host Controller
[    1.686529] usb usb4: Manufacturer: Linux 5.14.0-299.el9.aarch64 xhci-hcd
[    1.686530] usb usb4: SerialNumber: 0001:00:0d.0
[    1.686591] hub 4-0:1.0: USB hub found
[    1.686594] hub 4-0:1.0: 1 port detected
[    1.686670] usbcore: registered new interface driver usbserial_generic
[    1.686675] usbserial: USB Serial support registered for generic
[    1.686707] mousedev: PS/2 mouse device common for all mice
[    1.691684] rtc-efi rtc-efi.0: registered as rtc0
[    1.694141] rtc-efi rtc-efi.0: setting system clock to 2023-04-20T19:34:57 UTC (1682019297)
[    1.694347] SMCCC: SOC_ID: ID = jep106:0369:00b9 Revision = 0x00000001
[    1.694366] hid: raw HID events driver (C) Jiri Kosina
[    1.694393] usbcore: registered new interface driver usbhid
[    1.694394] usbhid: USB HID core driver
[    1.694484] drop_monitor: Initializing network drop monitor service
[    1.702980] Initializing XFRM netlink socket
[    1.703088] NET: Registered PF_INET6 protocol family
[    1.703389] Segment Routing with IPv6
[    1.703402] NET: Registered PF_PACKET protocol family
[    1.703426] mpls_gso: MPLS GSO support
[    1.703842] registered taskstats version 1
[    1.710255] Loading compiled-in X.509 certificates
[    1.710902] Loaded X.509 cert 'The CentOS Project: CentOS Stream kernel signing key: cbd6cf7ba2c4a189473f7b1316a0766c5e514ffd'
[    1.711232] Loaded X.509 cert 'Red Hat Enterprise Linux Driver Update Program (key 3): bf57f3e87362bc7229d9f465321773dfd1f77a80'
[    1.711569] Loaded X.509 cert 'Red Hat Enterprise Linux kpatch signing key: 4d38fd864ebe18c5f0b72e3852e2014c3a676fc8'
[    1.712167] zswap: loaded using pool lzo/zbud
[    1.712250] page_owner is disabled
[    1.712263] Key type big_key registered
[    1.712377] Key type encrypted registered
[    1.712464] integrity: Loading X.509 certificate: UEFI:MokListRT
[    1.712477] integrity: Loaded X.509 cert 'CentOS Secure Boot (key 1): f037c6eaec36d4057a526c0ec6d5a95b324ee129'
[    1.712490] ima: secureboot mode disabled
[    1.712492] ima: No TPM chip found, activating TPM-bypass!
[    1.712494] Loading compiled-in module X.509 certificates
[    1.712833] Loaded X.509 cert 'The CentOS Project: CentOS Stream kernel signing key: cbd6cf7ba2c4a189473f7b1316a0766c5e514ffd'
[    1.712835] ima: Allocated hash algorithm: sha256
[    1.712846] ima: No architecture policies found
[    1.712857] evm: Initialising EVM extended attributes:
[    1.712857] evm: security.selinux
[    1.712858] evm: security.SMACK64 (disabled)
[    1.712858] evm: security.SMACK64EXEC (disabled)
[    1.712859] evm: security.SMACK64TRANSMUTE (disabled)
[    1.712859] evm: security.SMACK64MMAP (disabled)
[    1.712860] evm: security.apparmor (disabled)
[    1.712860] evm: security.ima
[    1.712861] evm: security.capability
[    1.712861] evm: HMAC attrs: 0x1
[    1.738710] Freeing initrd memory: 53664K
[    1.866939] pcieport 0000:00:01.0: Adding to iommu group 2
[    1.867118] pcieport 0000:00:0c.0: Adding to iommu group 3
[    1.867267] pcieport 0000:00:0d.0: Adding to iommu group 4
[    1.867423] pcieport 0000:00:0e.0: Adding to iommu group 5
[    1.867575] pcieport 0000:00:0f.0: Adding to iommu group 6
[    1.867717] pcieport 0000:00:14.0: Adding to iommu group 7
[    1.867886] pcieport 0002:00:00.0: Adding to iommu group 8
[    1.868029] pcieport 0002:00:01.0: Adding to iommu group 9
[    1.868188] pcieport 0002:00:02.0: Adding to iommu group 10
[    1.868367] pcieport 0002:00:03.0: Adding to iommu group 11
[    1.868516] pcieport 0002:00:04.0: Adding to iommu group 12
[    1.868657] pcieport 0002:00:05.0: Adding to iommu group 13
[    1.868799] pcieport 0002:00:06.0: Adding to iommu group 14
[    1.868946] pcieport 0002:00:07.0: Adding to iommu group 15
[    1.869089] pcieport 0002:00:08.0: Adding to iommu group 16
[    1.869232] pcieport 0002:00:09.0: Adding to iommu group 17
[    1.869383] pcieport 0002:00:0a.0: Adding to iommu group 18
[    1.869524] pcieport 0002:00:0b.0: Adding to iommu group 19
[    1.869671] pcieport 0002:00:0c.0: Adding to iommu group 20
[    1.869809] pcieport 0002:00:0d.0: Adding to iommu group 21
[    1.869963] pcieport 0002:00:0e.0: Adding to iommu group 22
[    1.870137] pcieport 0002:00:0f.0: Adding to iommu group 23
[    1.870284] pcieport 0002:00:10.0: Adding to iommu group 24
[    1.870424] pcieport 0002:00:11.0: Adding to iommu group 25
[    1.870578] pcieport 0002:00:12.0: Adding to iommu group 26
[    1.870713] pcieport 0002:00:13.0: Adding to iommu group 27
[    1.870854] pcieport 0002:00:14.0: Adding to iommu group 28
[    1.871003] pcieport 0002:00:15.0: Adding to iommu group 29
[    1.871147] pcieport 0002:00:16.0: Adding to iommu group 30
[    1.871284] pcieport 0002:00:17.0: Adding to iommu group 31
[    1.871429] pcieport 0002:00:18.0: Adding to iommu group 32
[    1.871570] pcieport 0002:00:19.0: Adding to iommu group 33
[    1.871718] pcieport 0002:00:1a.0: Adding to iommu group 34
[    1.871884] pcieport 0002:00:1b.0: Adding to iommu group 35
[    1.872034] pcieport 0002:00:1c.0: Adding to iommu group 36
[    1.872169] pcieport 0002:00:1d.0: Adding to iommu group 37
[    1.872312] pcieport 0002:00:1e.0: Adding to iommu group 38
[    1.872458] pcieport 0002:00:1f.0: Adding to iommu group 39
[    1.872610] pcieport 0005:00:00.0: Adding to iommu group 40
[    1.920458] Freeing unused kernel memory: 5568K
[    2.248666] Checked W+X mappings: passed, no W+X pages found
[    2.248818] Run /init as init process
[    2.248820]   with arguments:
[    2.248821]     /init
[    2.248822]   with environment:
[    2.248822]     HOME=/
[    2.248823]     TERM=linux
[    2.248823]     BOOT_IMAGE=(hd0,gpt2)/vmlinuz-5.14.0-299.el9.aarch64
[    2.266160] systemd[1]: systemd 252-8.el9 running in system mode (+PAM +AUDIT +SELINUX -APPARMOR +IMA +SMACK +SECCOMP +GCRYPT +GNUTLS +OPENSSL +ACL +BLKID +CURL +ELFUTILS -FIDO2 +IDN2 -IDN -IPTC +KMOD +LIBCRYPTSETUP +LIBFDISK +PCRE2 -PWQUALITY +P11KIT -QRENCODE +TPM2 +BZIP2 +LZ4 +XZ +ZLIB +ZSTD -BPF_FRAMEWORK +XKBCOMMON +UTMP +SYSVINIT default-hierarchy=unified)
[    2.266696] systemd[1]: Detected architecture arm64.
[    2.266698] systemd[1]: Running in initrd.
[    2.357787] systemd[1]: No hostname configured, using default hostname.
[    2.357832] systemd[1]: Hostname set to <localhost>.
[    2.407754] usb 1-1: new high-speed USB device number 2 using xhci_hcd
[    2.468106] systemd[1]: Queued start job for default target Initrd Default Target.
[    2.468257] systemd[1]: Reached target Initrd /usr File System.
[    2.557774] systemd[1]: Reached target Local File Systems.
[    2.630597] usb 1-1: New USB device found, idVendor=0bda, idProduct=9210, bcdDevice=20.01
[    2.630600] usb 1-1: New USB device strings: Mfr=1, Product=2, SerialNumber=3
[    2.630602] usb 1-1: Product: Sabrent
[    2.630603] usb 1-1: Manufacturer: Sabrent
[    2.630604] usb 1-1: SerialNumber: 012345678930
[    2.677861] systemd[1]: Reached target Slice Units.
[    2.814243] systemd[1]: Reached target Swaps.
[    2.925010] systemd[1]: Reached target Timer Units.
[    3.010816] systemd[1]: Listening on D-Bus System Message Bus Socket.
[    3.113264] systemd[1]: Listening on Journal Socket (/dev/log).
[    3.284606] systemd[1]: Listening on Journal Socket.
[    3.517859] systemd[1]: Listening on udev Control Socket.
[    3.578968] systemd[1]: Listening on udev Kernel Socket.
[    3.723961] systemd[1]: Reached target Socket Units.
[    3.859109] systemd[1]: Starting Create List of Static Device Nodes...
[    4.021648] systemd[1]: Starting Journal Service...
[    4.198853] systemd[1]: Starting Load Kernel Modules...
[    4.223056] fuse: init (API version 7.36)
[    4.292725] systemd[1]: Starting Create System Users...
[    4.368740] systemd[1]: Starting Setup Virtual Console...
[    4.488879] systemd[1]: Started Journal Service.
[    5.568208] device-mapper: core: CONFIG_IMA_DISABLE_HTABLE is disabled. Duplicate IMA measurements will not be recorded in the IMA log.
[    5.568232] device-mapper: uevent: version 1.0.3
[    5.568325] device-mapper: ioctl: 4.47.0-ioctl (2022-07-28) initialised: dm-devel@redhat.com
[    6.687605] i2c-thunderx 0000:01:18.0: Adding to iommu group 41
[    6.687933] i2c-thunderx 0000:01:18.0: Probed. Set system clock to 700000000
[    6.687936] i2c-thunderx 0000:01:18.0: SMBUS alert not active on this bus
[    6.687992] i2c-thunderx 0000:01:18.1: Adding to iommu group 41
[    6.688089] i2c-thunderx 0000:01:18.1: Probed. Set system clock to 700000000
[    6.688090] i2c-thunderx 0000:01:18.1: SMBUS alert not active on this bus
[    6.688122] i2c-thunderx 0000:01:18.2: Adding to iommu group 41
[    6.688210] i2c-thunderx 0000:01:18.2: Probed. Set system clock to 700000000
[    6.688211] i2c-thunderx 0000:01:18.2: SMBUS alert not active on this bus
[    6.688242] i2c-thunderx 0000:01:18.4: Adding to iommu group 41
[    6.688342] i2c-thunderx 0000:01:18.4: Probed. Set system clock to 700000000
[    6.688343] i2c-thunderx 0000:01:18.4: SMBUS alert not active on this bus
[    6.688372] i2c-thunderx 0000:01:18.5: Adding to iommu group 41
[    6.688460] i2c-thunderx 0000:01:18.5: Probed. Set system clock to 700000000
[    6.688461] i2c-thunderx 0000:01:18.5: SMBUS alert not active on this bus
[    6.688488] i2c-thunderx 0000:01:18.6: Adding to iommu group 41
[    6.688666] i2c-thunderx 0000:01:18.6: Probed. Set system clock to 700000000
[    6.688668] i2c-thunderx 0000:01:18.6: SMBUS alert not active on this bus
[    6.688718] i2c-thunderx 0000:01:18.7: Adding to iommu group 41
[    6.688837] i2c-thunderx 0000:01:18.7: Probed. Set system clock to 700000000
[    6.688838] i2c-thunderx 0000:01:18.7: SMBUS alert not active on this bus
[    6.688913] i2c-thunderx 0000:01:19.0: Adding to iommu group 42
[    6.689188] i2c-thunderx 0000:01:19.0: Probed. Set system clock to 700000000
[    6.689189] i2c-thunderx 0000:01:19.0: SMBUS alert not active on this bus
[    6.689227] i2c-thunderx 0000:01:19.1: Adding to iommu group 42
[    6.689311] i2c-thunderx 0000:01:19.1: Probed. Set system clock to 700000000
[    6.689312] i2c-thunderx 0000:01:19.1: SMBUS alert not active on this bus
[    6.689340] i2c-thunderx 0000:01:19.2: Adding to iommu group 42
[    6.689418] i2c-thunderx 0000:01:19.2: Probed. Set system clock to 700000000
[    6.689419] i2c-thunderx 0000:01:19.2: SMBUS alert not active on this bus
[    6.689447] i2c-thunderx 0000:01:19.3: Adding to iommu group 42
[    6.689537] i2c-thunderx 0000:01:19.3: Probed. Set system clock to 700000000
[    6.689538] i2c-thunderx 0000:01:19.3: SMBUS alert not active on this bus
[    6.699373] mdio_thunder 0000:01:01.3: Adding to iommu group 43
[    6.699814] usb-storage 1-1:1.0: USB Mass Storage device detected
[    6.699928] usb-storage 1-1:1.0: Quirks match for vid 0bda pid 9210: 800000
[    6.699955] scsi host0: usb-storage 1-1:1.0
[    6.700069] usbcore: registered new interface driver usb-storage
[    6.702948] sbsa-gwdt sbsa-gwdt.0: Initialized with 10s timeout @ 1000000000 Hz, action=0.
[    6.709056] rvu_cptpf 0002:20:00.0: Adding to iommu group 44
[    6.709218] rvu_cptpf 0002:20:00.0: AF is not initialized, deferring probe
[    6.737116] rvu_af: Marvell OcteonTX2 RVU Admin Function Driver
[    6.737120] TECH PREVIEW: Marvell OcteonTX2 RVU Admin Function driver may not be fully supported.
               Please review provided documentation for limitations.
[    6.746464] rvu_nicpf: Marvell RVU NIC Physical Function Driver
[    6.746467] TECH PREVIEW: Marvell OcteonTX2 NIC Physical Function driver may not be fully supported.
               Please review provided documentation for limitations.
[    6.746624] Marvell-CGX/RPM 0000:01:10.0: Adding to iommu group 45
[    6.748557] rvu_nicpf 0002:02:00.0: Adding to iommu group 46
[    6.748699] rvu_nicpf 0002:02:00.0: AF is not initialized, deferring probe
[    6.748763] rvu_nicpf 0002:03:00.0: Adding to iommu group 47
[    6.748871] rvu_nicpf 0002:03:00.0: AF is not initialized, deferring probe
[    6.748914] rvu_nicpf 0002:04:00.0: Adding to iommu group 48
[    6.749018] rvu_nicpf 0002:04:00.0: AF is not initialized, deferring probe
[    6.749059] rvu_nicpf 0002:05:00.0: Adding to iommu group 49
[    6.749169] rvu_nicpf 0002:05:00.0: AF is not initialized, deferring probe
[    6.749211] rvu_nicpf 0002:06:00.0: Adding to iommu group 50
[    6.749314] rvu_nicpf 0002:06:00.0: AF is not initialized, deferring probe
[    6.762040] usbcore: registered new interface driver uas
[    6.807749] nvme 0005:01:00.0: Adding to iommu group 51
[    6.820801] nvme nvme0: pci function 0005:01:00.0
[    6.837948] nvme nvme0: missing or invalid SUBNQN field.
[    6.842664] nvme nvme0: allocated 128 MiB host memory buffer.
[    6.847132] nvme nvme0: 8/0/0 default/read/poll queues
[    6.848589]  nvme0n1: p1 p2 p3
[    6.849200] rvu_cptpf 0002:20:00.0: AF is not initialized, deferring probe
[    6.849240] rvu_nicpf 0002:02:00.0: AF is not initialized, deferring probe
[    6.849265] rvu_nicpf 0002:03:00.0: AF is not initialized, deferring probe
[    6.849285] rvu_nicpf 0002:04:00.0: AF is not initialized, deferring probe
[    6.849307] rvu_nicpf 0002:05:00.0: AF is not initialized, deferring probe
[    6.849332] rvu_nicpf 0002:06:00.0: AF is not initialized, deferring probe
[    7.773718] scsi 0:0:0:0: Direct-Access     Sabrent                   1.00 PQ: 0 ANSI: 6
[    7.778514] sd 0:0:0:0: [sda] 250069680 512-byte logical blocks: (128 GB/119 GiB)
[    7.781070] sd 0:0:0:0: [sda] Write Protect is off
[    7.781072] sd 0:0:0:0: [sda] Mode Sense: 37 00 00 08
[    7.783572] sd 0:0:0:0: [sda] Write cache: disabled, read cache: enabled, doesn't support DPO or FUA
[    7.786710] sd 0:0:0:0: Attached scsi generic sg0 type 0
[    8.352198]  sda: sda1
[    8.352274] sd 0:0:0:0: [sda] Attached SCSI disk
[    8.352325] rvu_cptpf 0002:20:00.0: AF is not initialized, deferring probe
[    8.352365] rvu_nicpf 0002:02:00.0: AF is not initialized, deferring probe
[    8.352403] rvu_nicpf 0002:03:00.0: AF is not initialized, deferring probe
[    8.352449] rvu_nicpf 0002:04:00.0: AF is not initialized, deferring probe
[    8.352476] rvu_nicpf 0002:05:00.0: AF is not initialized, deferring probe
[    8.352496] rvu_nicpf 0002:06:00.0: AF is not initialized, deferring probe
[   11.847773] rvu_cptpf 0002:20:00.0: AF is not initialized, deferring probe
[   11.847795] rvu_nicpf 0002:02:00.0: AF is not initialized, deferring probe
[   11.847813] rvu_nicpf 0002:03:00.0: AF is not initialized, deferring probe
[   11.847830] rvu_nicpf 0002:04:00.0: AF is not initialized, deferring probe
[   11.847844] Marvell-CGX/RPM 0000:01:10.1: Adding to iommu group 52
[   11.847848] rvu_nicpf 0002:05:00.0: AF is not initialized, deferring probe
[   11.847867] rvu_nicpf 0002:06:00.0: AF is not initialized, deferring probe
[   16.887792] rvu_cptpf 0002:20:00.0: AF is not initialized, deferring probe
[   16.887830] rvu_nicpf 0002:02:00.0: AF is not initialized, deferring probe
[   16.887845] Marvell PTP Driver 0000:00:08.0: Adding to iommu group 53
[   16.887854] rvu_nicpf 0002:03:00.0: AF is not initialized, deferring probe
[   16.887876] rvu_nicpf 0002:04:00.0: AF is not initialized, deferring probe
[   16.887894] rvu_nicpf 0002:05:00.0: AF is not initialized, deferring probe
[   16.887913] rvu_nicpf 0002:06:00.0: AF is not initialized, deferring probe
[   16.887995] rvu_cptpf 0002:20:00.0: AF is not initialized, deferring probe
[   16.888022] rvu_nicpf 0002:02:00.0: AF is not initialized, deferring probe
[   16.888042] rvu_nicpf 0002:03:00.0: AF is not initialized, deferring probe
[   16.888060] rvu_nicpf 0002:04:00.0: AF is not initialized, deferring probe
[   16.888065] rvu_af 0002:01:00.0: Adding to iommu group 54
[   16.888077] rvu_nicpf 0002:05:00.0: AF is not initialized, deferring probe
[   16.888098] rvu_nicpf 0002:06:00.0: AF is not initialized, deferring probe
[   21.928746] rvu_af 0002:01:00.0: HW does not support secret key configuration
[   21.928749] rvu_af 0002:01:00.0: Using default mkex profile
[   21.929879] rvu_af 0002:01:00.0: rvu_npc_exact_init: No support for exact match support
[   21.931598] rvu_af 0002:01:00.0: SDP PF number:30
[   22.047762] pci 0002:01:00.1: [177d:a0f8] type 00 class 0x020000
[   22.047884] pci 0002:01:00.2: [177d:a0f8] type 00 class 0x020000
[   22.047950] pci 0002:01:00.3: [177d:a0f8] type 00 class 0x020000
[   22.048009] pci 0002:01:00.4: [177d:a0f8] type 00 class 0x020000
[   22.048066] pci 0002:01:00.5: [177d:a0f8] type 00 class 0x020000
[   22.048132] pci 0002:01:00.6: [177d:a0f8] type 00 class 0x020000
[   22.048188] pci 0002:01:00.7: [177d:a0f8] type 00 class 0x020000
[   22.048243] pci 0002:01:01.0: [177d:a0f8] type 00 class 0x020000
[   22.048302] pci 0002:01:01.1: [177d:a0f8] type 00 class 0x020000
[   22.048364] pci 0002:01:01.2: [177d:a0f8] type 00 class 0x020000
[   22.048439] pci 0002:01:01.3: [177d:a0f8] type 00 class 0x020000
