[    0.000000] Booting Linux on physical CPU 0x0000000000 [0x410fd490]
[    0.000000] Linux version 6.2.10-200.fc37.aarch64 (mockbuild@buildvm-a64-12.iad2.fedoraproject.org) (gcc (GCC) 12.2.1 20221121 (Red Hat 12.2.1-4), GNU ld version 2.38-25.fc37) #1 SMP PREEMPT_DYNAMIC Thu Apr  6 23:40:48 UTC 2023
[    0.000000] efi: EFI v2.80 by EDK II
[    0.000000] efi: SMBIOS=0xffff0000 SMBIOS 3.0=0x9f8d40000 ACPI 2.0=0x9f9770018 MEMATTR=0x9f70c0018 MOKvar=0x9f7080000 MEMRESERVE=0x9f761e298 
[    0.000000] ACPI: Early table checksum verification disabled
[    0.000000] ACPI: RSDP 0x00000009F9770018 000024 (v02 MRVL  )
[    0.000000] ACPI: XSDT 0x00000009F977FE98 000084 (v01 MRVL   CN10K    00000001      01000013)
[    0.000000] ACPI: FACP 0x00000009F977FB98 000114 (v06 MRVL   CN10K    00000001 INTL 20210604)
[    0.000000] ACPI: DSDT 0x00000009F9777518 001F4A (v02 MRVL   CN10K    00000001 INTL 20210604)
[    0.000000] ACPI: APIC 0x00000009F977E998 0007E8 (v05 MRVL   CN10K    00000001 INTL 20210604)
[    0.000000] ACPI: DBG2 0x00000009F977FA98 00008E (v00 MRVL   CN10K    00000001 INTL 20210604)
[    0.000000] ACPI: GTDT 0x00000009F977FD18 000084 (v03 MRVL   CN10K    00000001 INTL 20210604)
[    0.000000] ACPI: HEST 0x00000009F977A198 0006E8 (v01 MRVL   CN10KA   00000001 INTL 20210604)
[    0.000000] ACPI: IORT 0x00000009F977F418 000408 (v03 MRVL   CN10K    00000001 INTL 20210604)
[    0.000000] ACPI: MCFG 0x00000009F977D898 0000BC (v01 MRVL   CN10K    00000003 INTL 20210604)
[    0.000000] ACPI: PPTT 0x00000009F977E418 000324 (v02 MRVL   CN10K    00000001 INTL 20210604)
[    0.000000] ACPI: SDEI 0x00000009F977FE18 000024 (v01 MRVL   CN10KA   00000001 INTL 20210604)
[    0.000000] ACPI: SPCR 0x00000009F977FF98 000050 (v02 MRVL   CN10K    00000001 INTL 20210604)
[    0.000000] ACPI: SSDT 0x00000009F977D998 0003FB (v02 MRVL   crb-106  00000001 INTL 20210604)
[    0.000000] ACPI: FPDT 0x00000009F977E818 000044 (v01 INTEL  EDK2     00000002      01000013)
[    0.000000] ACPI: SPCR: console: pl011,mmio32,0x87e028000000,115200
[    0.000000] NUMA: Failed to initialise from firmware
[    0.000000] NUMA: Faking a node at [mem 0x0000000004000000-0x00000009faefffff]
[    0.000000] NUMA: NODE_DATA [mem 0x9f5141000-0x9f5157fff]
[    0.000000] Zone ranges:
[    0.000000]   DMA      [mem 0x0000000004000000-0x00000000ffffffff]
[    0.000000]   DMA32    empty
[    0.000000]   Normal   [mem 0x0000000100000000-0x00000009faefffff]
[    0.000000]   Device   empty
[    0.000000] Movable zone start for each node
[    0.000000] Early memory node ranges
[    0.000000]   node   0: [mem 0x0000000004000000-0x00000000fffdffff]
[    0.000000]   node   0: [mem 0x00000000fffe0000-0x00000000ffffffff]
[    0.000000]   node   0: [mem 0x0000000100000000-0x00000009f5d29fff]
[    0.000000]   node   0: [mem 0x00000009f5d2a000-0x00000009f62e2fff]
[    0.000000]   node   0: [mem 0x00000009f62e3000-0x00000009f707ffff]
[    0.000000]   node   0: [mem 0x00000009f7080000-0x00000009f708ffff]
[    0.000000]   node   0: [mem 0x00000009f7090000-0x00000009f709ffff]
[    0.000000]   node   0: [mem 0x00000009f70a0000-0x00000009f70bffff]
[    0.000000]   node   0: [mem 0x00000009f70c0000-0x00000009f70cffff]
[    0.000000]   node   0: [mem 0x00000009f70d0000-0x00000009f70effff]
[    0.000000]   node   0: [mem 0x00000009f70f0000-0x00000009f8aeffff]
[    0.000000]   node   0: [mem 0x00000009f8af0000-0x00000009f8c4ffff]
[    0.000000]   node   0: [mem 0x00000009f8c50000-0x00000009f8ceffff]
[    0.000000]   node   0: [mem 0x00000009f8cf0000-0x00000009f8d4ffff]
[    0.000000]   node   0: [mem 0x00000009f8d50000-0x00000009f916ffff]
[    0.000000]   node   0: [mem 0x00000009f9170000-0x00000009f920ffff]
[    0.000000]   node   0: [mem 0x00000009f9210000-0x00000009f926ffff]
[    0.000000]   node   0: [mem 0x00000009f9270000-0x00000009f938ffff]
[    0.000000]   node   0: [mem 0x00000009f9390000-0x00000009f9393fff]
[    0.000000]   node   0: [mem 0x00000009f9394000-0x00000009f9394fff]
[    0.000000]   node   0: [mem 0x00000009f9395000-0x00000009f939ffff]
[    0.000000]   node   0: [mem 0x00000009f93a0000-0x00000009f976ffff]
[    0.000000]   node   0: [mem 0x00000009f9770000-0x00000009fa09ffff]
[    0.000000]   node   0: [mem 0x00000009fa0a0000-0x00000009fa0affff]
[    0.000000]   node   0: [mem 0x00000009fa0b0000-0x00000009faefffff]
[    0.000000] Initmem setup node 0 [mem 0x0000000004000000-0x00000009faefffff]
[    0.000000] On node 0, zone DMA: 16384 pages in unavailable ranges
[    0.000000] On node 0, zone Normal: 20736 pages in unavailable ranges
[    0.000000] cma: Reserved 64 MiB at 0x00000000fbe00000
[    0.000000] psci: probing for conduit method from ACPI.
[    0.000000] psci: PSCIv1.1 detected in firmware.
[    0.000000] psci: Using standard PSCI v0.2 function IDs
[    0.000000] psci: Trusted OS resident on physical CPU 0x0
[    0.000000] psci: SMC Calling Convention v1.2
[    0.000000] percpu: Embedded 32 pages/cpu s90408 r8192 d32472 u131072
[    0.000000] pcpu-alloc: s90408 r8192 d32472 u131072 alloc=32*4096
[    0.000000] pcpu-alloc: [0] 00 [0] 01 [0] 02 [0] 03 [0] 04 [0] 05 [0] 06 [0] 07 
[    0.000000] pcpu-alloc: [0] 08 [0] 09 [0] 10 [0] 11 [0] 12 [0] 13 [0] 14 [0] 15 
[    0.000000] pcpu-alloc: [0] 16 [0] 17 [0] 18 [0] 19 [0] 20 [0] 21 [0] 22 [0] 23 
[    0.000000] Detected PIPT I-cache on CPU0
[    0.000000] CPU features: detected: Address authentication (architected QARMA5 algorithm)
[    0.000000] CPU features: detected: GIC system register CPU interface
[    0.000000] CPU features: detected: Virtualization Host Extensions
[    0.000000] CPU features: detected: Hardware dirty bit management
[    0.000000] CPU features: detected: Spectre-v4
[    0.000000] CPU features: detected: Spectre-BHB
[    0.000000] CPU features: detected: ARM erratum 2119858 or 2139208
[    0.000000] CPU features: detected: ARM erratum 2067961 or 2054223
[    0.000000] CPU features: detected: ARM erratum 2253138 or 2224489
[    0.000000] alternatives: applying boot alternatives
[    0.000000] Fallback order for Node 0: 0 
[    0.000000] Built 1 zonelists, mobility grouping on.  Total pages: 10285380
[    0.000000] Policy zone: Normal
[    0.000000] Kernel command line: BOOT_IMAGE=(hd1,gpt2)/vmlinuz-6.2.10-200.fc37.aarch64 root=/dev/mapper/fedora-root ro rd.lvm.lv=fedora/root
[    0.000000] Unknown kernel command line parameters "BOOT_IMAGE=(hd1,gpt2)/vmlinuz-6.2.10-200.fc37.aarch64", will be passed to user space.
[    0.000000] random: crng init done
[    0.000000] Dentry cache hash table entries: 8388608 (order: 14, 67108864 bytes, linear)
[    0.000000] Inode-cache hash table entries: 4194304 (order: 13, 33554432 bytes, linear)
[    0.000000] mem auto-init: stack:all(zero), heap alloc:off, heap free:off
[    0.000000] software IO TLB: area num 32.
[    0.000000] software IO TLB: mapped [mem 0x00000000f7e00000-0x00000000fbe00000] (64MB)
[    0.000000] Memory: 40716556K/41794560K available (17536K kernel code, 4270K rwdata, 15056K rodata, 9600K init, 10716K bss, 1012468K reserved, 65536K cma-reserved)
[    0.000000] SLUB: HWalign=64, Order=0-3, MinObjects=0, CPUs=24, Nodes=1
[    0.000000] ftrace: allocating 58652 entries in 230 pages
[    0.000000] ftrace: allocated 230 pages with 5 groups
[    0.000000] trace event string verifier disabled
[    0.000000] Dynamic Preempt: voluntary
[    0.000000] rcu: Preemptible hierarchical RCU implementation.
[    0.000000] rcu: 	RCU restricting CPUs from NR_CPUS=4096 to nr_cpu_ids=24.
[    0.000000] 	Trampoline variant of Tasks RCU enabled.
[    0.000000] 	Rude variant of Tasks RCU enabled.
[    0.000000] 	Tracing variant of Tasks RCU enabled.
[    0.000000] rcu: RCU calculated value of scheduler-enlistment delay is 10 jiffies.
[    0.000000] rcu: Adjusting geometry for rcu_fanout_leaf=16, nr_cpu_ids=24
[    0.000000] NR_IRQS: 64, nr_irqs: 64, preallocated irqs: 0
[    0.000000] GICv3: GIC: Using split EOI/Deactivate mode
[    0.000000] GICv3: 512 SPIs implemented
[    0.000000] GICv3: 0 Extended SPIs implemented
[    0.000000] Root IRQ handler: gic_handle_irq
[    0.000000] GICv3: GICv3 features: 48 PPIs, DirectLPI
[    0.000000] GICv3: GICv4 features: DirectLPI RVPEID Valid+Dirty 
[    0.000000] GICv3: CPU0: found redistributor 0 region 0:0x0000801000300000
[    0.000000] ITS [mem 0x801000040000-0x80100005ffff]
[    0.000000] ITS@0x0000801000040000: Single VMOVP capable
[    0.000000] ITS@0x0000801000040000: Using GICv4.1 mode 00000000 00000001
[    0.000000] ITS@0x0000801000040000: allocated 8192 Devices @100250000 (indirect, esz 8, psz 64K, shr 1)
[    0.000000] ITS@0x0000801000040000: allocated 32768 Interrupt Collections @100260000 (flat, esz 2, psz 64K, shr 1)
[    0.000000] ITS@0x0000801000040000: allocated 8192 Virtual CPUs @100270000 (flat, esz 8, psz 64K, shr 1)
[    0.000000] GICv3: using LPI property table @0x0000000100280000
[    0.000000] ITS: Using DirectLPI for VPE invalidation
[    0.000000] ITS: Enabling GICv4 support
[    0.000000] GICv3: CPU0: using allocated LPI pending table @0x0000000100290000
[    0.000000] rcu: srcu_init: Setting srcu_struct sizes based on contention.
[    0.000000] arch_timer: cp15 timer(s) running at 1000.00MHz (phys).
[    0.000000] clocksource: arch_sys_counter: mask: 0x1fffffffffffffff max_cycles: 0x1cd42e4dffb, max_idle_ns: 881590591483 ns
[    0.000000] sched_clock: 61 bits at 1000MHz, resolution 1ns, wraps every 4398046511103ns
[    0.000122] kfence: initialized - using 2097152 bytes for 255 objects at 0x(____ptrval____)-0x(____ptrval____)
[    0.000174] Console: colour dummy device 80x25
[    0.000199] ACPI: Core revision 20221020
[    0.000249] Calibrating delay loop (skipped), value calculated using timer frequency.. 2000.00 BogoMIPS (lpj=10000000)
[    0.000252] pid_max: default: 32768 minimum: 301
[    0.000280] LSM: initializing lsm=lockdown,capability,yama,integrity,selinux,bpf,landlock
[    0.000292] Yama: becoming mindful.
[    0.000298] SELinux:  Initializing.
[    0.000328] LSM support for eBPF active
[    0.000330] landlock: Up and running.
[    0.000375] Mount-cache hash table entries: 131072 (order: 8, 1048576 bytes, linear)
[    0.000403] Mountpoint-cache hash table entries: 131072 (order: 8, 1048576 bytes, linear)
[    0.000862] cblist_init_generic: Setting adjustable number of callback queues.
[    0.000868] cblist_init_generic: Setting shift to 5 and lim to 1.
[    0.000886] cblist_init_generic: Setting shift to 5 and lim to 1.
[    0.000908] cblist_init_generic: Setting shift to 5 and lim to 1.
[    0.000951] rcu: Hierarchical SRCU implementation.
[    0.000952] rcu: 	Max phase no-delay instances is 1000.
[    0.001226] Platform MSI: ITS@0x801000040000 domain created
[    0.001230] PCI/MSI: ITS@0x801000040000 domain created
[    0.001234] fsl-mc MSI: ITS@0x801000040000 domain created
[    0.001242] Remapping and enabling EFI services.
[    0.001704] smp: Bringing up secondary CPUs ...
[    0.001892] Detected PIPT I-cache on CPU1
[    0.001928] GICv3: CPU1: found redistributor 10000 region 0:0x0000801000400000
[    0.001935] GICv3: CPU1: using allocated LPI pending table @0x00000001002a0000
[    0.001948] CPU1: Booted secondary processor 0x0000010000 [0x410fd490]
[    0.002150] Detected PIPT I-cache on CPU2
[    0.002181] GICv3: CPU2: found redistributor 20000 region 0:0x00008010002c0000
[    0.002189] GICv3: CPU2: using allocated LPI pending table @0x00000001002b0000
[    0.002207] CPU2: Booted secondary processor 0x0000020000 [0x410fd490]
[    0.002406] Detected PIPT I-cache on CPU3
[    0.002435] GICv3: CPU3: found redistributor 30000 region 0:0x00008010003c0000
[    0.002443] GICv3: CPU3: using allocated LPI pending table @0x00000001002c0000
[    0.002459] CPU3: Booted secondary processor 0x0000030000 [0x410fd490]
[    0.002651] Detected PIPT I-cache on CPU4
[    0.002679] GICv3: CPU4: found redistributor 40000 region 0:0x0000801000200000
[    0.002686] GICv3: CPU4: using allocated LPI pending table @0x00000001002d0000
[    0.002702] CPU4: Booted secondary processor 0x0000040000 [0x410fd490]
[    0.002903] Detected PIPT I-cache on CPU5
[    0.002933] GICv3: CPU5: found redistributor 50000 region 0:0x0000801000500000
[    0.002940] GICv3: CPU5: using allocated LPI pending table @0x00000001002e0000
[    0.002956] CPU5: Booted secondary processor 0x0000050000 [0x410fd490]
[    0.003146] Detected PIPT I-cache on CPU6
[    0.003174] GICv3: CPU6: found redistributor 60000 region 0:0x00008010001c0000
[    0.003182] GICv3: CPU6: using allocated LPI pending table @0x00000001002f0000
[    0.003198] CPU6: Booted secondary processor 0x0000060000 [0x410fd490]
[    0.003392] Detected PIPT I-cache on CPU7
[    0.003422] GICv3: CPU7: found redistributor 70000 region 0:0x00008010004c0000
[    0.003430] GICv3: CPU7: using allocated LPI pending table @0x0000000100300000
[    0.003446] CPU7: Booted secondary processor 0x0000070000 [0x410fd490]
[    0.003637] Detected PIPT I-cache on CPU8
[    0.003667] GICv3: CPU8: found redistributor 80000 region 0:0x0000801000340000
[    0.003674] GICv3: CPU8: using allocated LPI pending table @0x0000000100310000
[    0.003690] CPU8: Booted secondary processor 0x0000080000 [0x410fd490]
[    0.003893] Detected PIPT I-cache on CPU9
[    0.003923] GICv3: CPU9: found redistributor 90000 region 0:0x0000801000440000
[    0.003930] GICv3: CPU9: using allocated LPI pending table @0x0000000100320000
[    0.003946] CPU9: Booted secondary processor 0x0000090000 [0x410fd490]
[    0.004140] Detected PIPT I-cache on CPU10
[    0.004169] GICv3: CPU10: found redistributor a0000 region 0:0x0000801000280000
[    0.004178] GICv3: CPU10: using allocated LPI pending table @0x0000000100330000
[    0.004194] CPU10: Booted secondary processor 0x00000a0000 [0x410fd490]
[    0.004393] Detected PIPT I-cache on CPU11
[    0.004423] GICv3: CPU11: found redistributor b0000 region 0:0x0000801000380000
[    0.004432] GICv3: CPU11: using allocated LPI pending table @0x0000000100340000
[    0.004448] CPU11: Booted secondary processor 0x00000b0000 [0x410fd490]
[    0.004637] Detected PIPT I-cache on CPU12
[    0.004666] GICv3: CPU12: found redistributor c0000 region 0:0x0000801000240000
[    0.004673] GICv3: CPU12: using allocated LPI pending table @0x0000000100350000
[    0.004689] CPU12: Booted secondary processor 0x00000c0000 [0x410fd490]
[    0.004896] Detected PIPT I-cache on CPU13
[    0.004928] GICv3: CPU13: found redistributor d0000 region 0:0x0000801000540000
[    0.004936] GICv3: CPU13: using allocated LPI pending table @0x0000000100360000
[    0.004952] CPU13: Booted secondary processor 0x00000d0000 [0x410fd490]
[    0.005147] Detected PIPT I-cache on CPU14
[    0.005176] GICv3: CPU14: found redistributor e0000 region 0:0x0000801000180000
[    0.005185] GICv3: CPU14: using allocated LPI pending table @0x0000000100370000
[    0.005201] CPU14: Booted secondary processor 0x00000e0000 [0x410fd490]
[    0.005398] Detected PIPT I-cache on CPU15
[    0.005430] GICv3: CPU15: found redistributor f0000 region 0:0x0000801000480000
[    0.005439] GICv3: CPU15: using allocated LPI pending table @0x0000000100380000
[    0.005455] CPU15: Booted secondary processor 0x00000f0000 [0x410fd490]
[    0.005651] Detected PIPT I-cache on CPU16
[    0.005679] GICv3: CPU16: found redistributor 100000 region 0:0x0000801000100000
[    0.005687] GICv3: CPU16: using allocated LPI pending table @0x0000000100390000
[    0.005703] CPU16: Booted secondary processor 0x0000100000 [0x410fd490]
[    0.005910] Detected PIPT I-cache on CPU17
[    0.005943] GICv3: CPU17: found redistributor 110000 region 0:0x0000801000600000
[    0.005951] GICv3: CPU17: using allocated LPI pending table @0x00000001003a0000
[    0.005967] CPU17: Booted secondary processor 0x0000110000 [0x410fd490]
[    0.006161] Detected PIPT I-cache on CPU18
[    0.006190] GICv3: CPU18: found redistributor 120000 region 0:0x00008010000c0000
[    0.006199] GICv3: CPU18: using allocated LPI pending table @0x00000001003b0000
[    0.006215] CPU18: Booted secondary processor 0x0000120000 [0x410fd490]
[    0.006415] Detected PIPT I-cache on CPU19
[    0.006449] GICv3: CPU19: found redistributor 130000 region 0:0x00008010005c0000
[    0.006457] GICv3: CPU19: using allocated LPI pending table @0x00000001003c0000
[    0.006473] CPU19: Booted secondary processor 0x0000130000 [0x410fd490]
[    0.006668] Detected PIPT I-cache on CPU20
[    0.006698] GICv3: CPU20: found redistributor 140000 region 0:0x0000801000140000
[    0.006705] GICv3: CPU20: using allocated LPI pending table @0x00000001003d0000
[    0.006722] CPU20: Booted secondary processor 0x0000140000 [0x410fd490]
[    0.006925] Detected PIPT I-cache on CPU21
[    0.006960] GICv3: CPU21: found redistributor 150000 region 0:0x0000801000640000
[    0.006968] GICv3: CPU21: using allocated LPI pending table @0x00000001003e0000
[    0.006984] CPU21: Booted secondary processor 0x0000150000 [0x410fd490]
[    0.007187] Detected PIPT I-cache on CPU22
[    0.007217] GICv3: CPU22: found redistributor 160000 region 0:0x0000801000080000
[    0.007226] GICv3: CPU22: using allocated LPI pending table @0x00000001003f0000
[    0.007243] CPU22: Booted secondary processor 0x0000160000 [0x410fd490]
[    0.007443] Detected PIPT I-cache on CPU23
[    0.007477] GICv3: CPU23: found redistributor 170000 region 0:0x0000801000580000
[    0.007486] GICv3: CPU23: using allocated LPI pending table @0x0000000100400000
[    0.007503] CPU23: Booted secondary processor 0x0000170000 [0x410fd490]
[    0.007565] smp: Brought up 1 node, 24 CPUs
[    0.007568] SMP: Total of 24 processors activated.
[    0.007570] CPU features: detected: Branch Target Identification
[    0.007571] CPU features: detected: 32-bit EL0 Support
[    0.007572] CPU features: detected: ARMv8.4 Translation Table Level
[    0.007574] CPU features: detected: Instruction cache invalidation not required for I/D coherence
[    0.007575] CPU features: detected: Data cache clean to the PoU not required for I/D coherence
[    0.007576] CPU features: detected: Common not Private translations
[    0.007576] CPU features: detected: CRC32 instructions
[    0.007577] CPU features: detected: Data cache clean to Point of Deep Persistence
[    0.007578] CPU features: detected: Data cache clean to Point of Persistence
[    0.007579] CPU features: detected: Data independent timing control (DIT)
[    0.007580] CPU features: detected: E0PD
[    0.007582] CPU features: detected: Generic authentication (architected QARMA5 algorithm)
[    0.007583] CPU features: detected: RCpc load-acquire (LDAPR)
[    0.007584] CPU features: detected: LSE atomic instructions
[    0.007585] CPU features: detected: Privileged Access Never
[    0.007585] CPU features: detected: RAS Extension Support
[    0.007586] CPU features: detected: Random Number Generator
[    0.007587] CPU features: detected: Speculation barrier (SB)
[    0.007588] CPU features: detected: Stage-2 Force Write-Back
[    0.007589] CPU features: detected: TLB range maintenance instructions
[    0.007590] CPU features: detected: Speculative Store Bypassing Safe (SSBS)
[    0.007591] CPU features: detected: Scalable Vector Extension
[    0.007630] CPU features: detected CPU0: Activity Monitors Unit (AMU)
[    0.007630] CPU features: detected CPU7: Activity Monitors Unit (AMU)
[    0.007630] CPU features: detected CPU18: Activity Monitors Unit (AMU)
[    0.007630] CPU features: detected CPU4: Activity Monitors Unit (AMU)
[    0.007630] CPU features: detected CPU16: Activity Monitors Unit (AMU)
[    0.007630] CPU features: detected CPU23: Activity Monitors Unit (AMU)
[    0.007630] CPU features: detected CPU17: Activity Monitors Unit (AMU)
[    0.007630] CPU features: detected CPU22: Activity Monitors Unit (AMU)
[    0.007630] CPU features: detected CPU15: Activity Monitors Unit (AMU)
[    0.007630] CPU features: detected CPU20: Activity Monitors Unit (AMU)
[    0.007630] CPU features: detected CPU10: Activity Monitors Unit (AMU)
[    0.007630] CPU features: detected CPU6: Activity Monitors Unit (AMU)
[    0.007630] CPU features: detected CPU11: Activity Monitors Unit (AMU)
[    0.007630] CPU features: detected CPU19: Activity Monitors Unit (AMU)
[    0.007630] CPU features: detected CPU8: Activity Monitors Unit (AMU)
[    0.007630] CPU features: detected CPU12: Activity Monitors Unit (AMU)
[    0.007630] CPU features: detected CPU14: Activity Monitors Unit (AMU)
[    0.007630] CPU features: detected CPU13: Activity Monitors Unit (AMU)
[    0.007630] CPU features: detected CPU21: Activity Monitors Unit (AMU)
[    0.007630] CPU features: detected CPU1: Activity Monitors Unit (AMU)
[    0.007630] CPU features: detected CPU9: Activity Monitors Unit (AMU)
[    0.007630] CPU features: detected CPU5: Activity Monitors Unit (AMU)
[    0.007630] CPU features: detected CPU2: Activity Monitors Unit (AMU)
[    0.007630] CPU features: detected CPU3: Activity Monitors Unit (AMU)
[    0.007676] SVE: maximum available vector length 16 bytes per vector
[    0.007679] SVE: default vector length 16 bytes per vector
[    0.007684] CPU: All CPU(s) started at EL2
[    0.007685] alternatives: applying system-wide alternatives
[    0.010304] devtmpfs: initialized
[    0.013773] clocksource: jiffies: mask: 0xffffffff max_cycles: 0xffffffff, max_idle_ns: 19112604462750000 ns
[    0.013778] futex hash table entries: 8192 (order: 7, 524288 bytes, linear)
[    0.014085] pinctrl core: initialized pinctrl subsystem
[    0.014268] SMBIOS 3.3.0 present.
[    0.014272] DMI: Marvell crb106-pcie/crb106-pcie, BIOS SDK11.23.02 2023-02-21
[    0.014419] NET: Registered PF_NETLINK/PF_ROUTE protocol family
[    0.014993] DMA: preallocated 8192 KiB GFP_KERNEL pool for atomic allocations
[    0.015255] DMA: preallocated 8192 KiB GFP_KERNEL|GFP_DMA pool for atomic allocations
[    0.015518] DMA: preallocated 8192 KiB GFP_KERNEL|GFP_DMA32 pool for atomic allocations
[    0.015543] audit: initializing netlink subsys (disabled)
[    0.015588] audit: type=2000 audit(0.010:1): state=initialized audit_enabled=0 res=1
[    0.015717] thermal_sys: Registered thermal governor 'fair_share'
[    0.015719] thermal_sys: Registered thermal governor 'step_wise'
[    0.015720] thermal_sys: Registered thermal governor 'user_space'
[    0.015736] cpuidle: using governor menu
[    0.015774] hw-breakpoint: found 6 breakpoint and 4 watchpoint registers.
[    0.015950] ASID allocator initialised with 65536 entries
[    0.015994] acpiphp: ACPI Hot Plug PCI Controller Driver version: 0.5
[    0.016036] Serial: AMBA PL011 UART driver
[    0.016444] KASLR enabled
[    0.026329] HugeTLB: registered 1.00 GiB page size, pre-allocated 0 pages
[    0.026330] HugeTLB: 0 KiB vmemmap can be freed for a 1.00 GiB page
[    0.026332] HugeTLB: registered 32.0 MiB page size, pre-allocated 0 pages
[    0.026333] HugeTLB: 0 KiB vmemmap can be freed for a 32.0 MiB page
[    0.026334] HugeTLB: registered 2.00 MiB page size, pre-allocated 0 pages
[    0.026335] HugeTLB: 0 KiB vmemmap can be freed for a 2.00 MiB page
[    0.026336] HugeTLB: registered 64.0 KiB page size, pre-allocated 0 pages
[    0.026336] HugeTLB: 0 KiB vmemmap can be freed for a 64.0 KiB page
[    0.026544] cryptd: max_cpu_qlen set to 1000
[    0.026729] raid6: skipped pq benchmark and selected neonx8
[    0.026731] raid6: using neon recovery algorithm
[    0.026809] ACPI: Added _OSI(Module Device)
[    0.026810] ACPI: Added _OSI(Processor Device)
[    0.026811] ACPI: Added _OSI(3.0 _SCP Extensions)
[    0.026812] ACPI: Added _OSI(Processor Aggregator Device)
[    0.027357] ACPI: 2 ACPI AML tables successfully acquired and loaded
[    0.027864] ACPI: Interpreter enabled
[    0.027865] ACPI: Using GIC for interrupt routing
[    0.028090] ACPI: MCFG table detected, 9 entries
[    0.028519] HEST: Table parsing has been initialized.
[    0.028551] sdei: SDEIv1.0 (0x0) detected in firmware.
[    0.029799] GHES: Failed to enable APEI firmware first mode.
[    0.031075] ACPI: \_SB_.PCI0.P2P0.MDIO.SMI0: PRP0001 requires 'compatible' property
[    0.031123] ACPI: \_SB_.PCI0.P2P0.MDIO.SMI1: PRP0001 requires 'compatible' property
[    0.032641] ACPI: PCI Root Bridge [PCI0] (domain 0000 [bus 00-ff])
[    0.032651] acpi PNP0A08:00: _OSC: OS supports [ExtendedConfig ASPM ClockPM Segments MSI EDR HPX-Type3]
[    0.032675] acpi PNP0A08:00: _OSC: platform does not support [PCIeHotplug PME AER LTR DPC]
[    0.032712] acpi PNP0A08:00: _OSC: OS now controls [PCIeCapability]
[    0.032771] acpi PNP0A08:00: ECAM area [mem 0x878000000000-0x87800fffffff] reserved by PNP0A08:00
[    0.032781] acpi PNP0A08:00: ECAM at [mem 0x878000000000-0x87800fffffff] for [bus 00-ff]
[    0.032855] PCI host bridge to bus 0000:00
[    0.032857] pci_bus 0000:00: root bus resource [mem 0x878000000000-0x87800fffffff window]
[    0.032859] pci_bus 0000:00: root bus resource [mem 0x802000000000-0x80f0008fffff window]
[    0.032860] pci_bus 0000:00: root bus resource [mem 0x828000000000-0x8281001fffff window]
[    0.032862] pci_bus 0000:00: root bus resource [mem 0x82c000000000-0x82c0001fffff window]
[    0.032863] pci_bus 0000:00: root bus resource [mem 0x86d000000000-0x86d0000fffff window]
[    0.032865] pci_bus 0000:00: root bus resource [mem 0x86e000000000-0x86e22fffffff window]
[    0.032867] pci_bus 0000:00: root bus resource [mem 0x87e002000000-0x87e027ffffff window]
[    0.032868] pci_bus 0000:00: root bus resource [mem 0x87e03c000000-0x87e0525fffff window]
[    0.032870] pci_bus 0000:00: root bus resource [mem 0x87e087000000-0x87e0fcffffff window]
[    0.032871] pci_bus 0000:00: root bus resource [mem 0x87e100000000-0x87e10bffffff window]
[    0.032872] pci_bus 0000:00: root bus resource [bus 00-ff]
[    0.032887] pci 0000:00:01.0: [177d:a002] type 01 class 0x060401
[    0.032995] pci 0000:00:03.0: [177d:a062] type 00 class 0x088000
[    0.033015] pci 0000:00:03.0: BAR 0: [mem 0x830000000000-0x8300001fffff 64bit] (from Enhanced Allocation, properties 0x0)
[    0.033078] pci 0000:00:05.0: [177d:a017] type 00 class 0x088000
[    0.033096] pci 0000:00:05.0: BAR 0: [mem 0x802000000000-0x8020000fffff 64bit] (from Enhanced Allocation, properties 0x0)
[    0.033099] pci 0000:00:05.0: BAR 4: [mem 0x80200f000000-0x80200f0fffff 64bit] (from Enhanced Allocation, properties 0x0)
[    0.033148] pci 0000:00:08.0: [177d:a09e] type 00 class 0x088000
[    0.033166] pci 0000:00:08.0: BAR 0: [mem 0x807000000000-0x80700000ffff 64bit] (from Enhanced Allocation, properties 0x0)
[    0.033169] pci 0000:00:08.0: BAR 4: [mem 0x807000f00000-0x807000ffffff 64bit] (from Enhanced Allocation, properties 0x0)
[    0.033224] pci 0000:00:0a.0: [177d:a09d] type 00 class 0x088000
[    0.033247] pci 0000:00:0a.0: BAR 0: [mem 0x87a400000000-0x87a47fffffff 64bit] (from Enhanced Allocation, properties 0x0)
[    0.033250] pci 0000:00:0a.0: BAR 4: [mem 0x87a480000000-0x87a4ffffffff 64bit] (from Enhanced Allocation, properties 0x0)
[    0.033305] pci 0000:00:0c.0: [177d:a002] type 01 class 0x060401
[    0.033368] pci 0000:00:0d.0: [177d:a002] type 01 class 0x060401
[    0.033428] pci 0000:00:0e.0: [177d:a002] type 01 class 0x060401
[    0.033487] pci 0000:00:0f.0: [177d:a002] type 01 class 0x060401
[    0.033550] pci 0000:00:10.0: [177d:a092] type 00 class 0x088000
[    0.033571] pci 0000:00:10.0: BAR 0: [mem 0x828000000000-0x82803fffffff 64bit] (from Enhanced Allocation, properties 0x0)
[    0.033574] pci 0000:00:10.0: BAR 4: [mem 0x828100000000-0x8281000fffff 64bit] (from Enhanced Allocation, properties 0x0)
[    0.033626] pci 0000:00:11.0: [177d:a00a] type 00 class 0x088000
[    0.033648] pci 0000:00:11.0: BAR 0: [mem 0x803000000000-0x80300000ffff 64bit] (from Enhanced Allocation, properties 0x0)
[    0.033651] pci 0000:00:11.0: BAR 4: [mem 0x803000f00000-0x803000ffffff 64bit] (from Enhanced Allocation, properties 0x0)
[    0.033734] pci 0000:00:14.0: [177d:a002] type 01 class 0x060401
[    0.033810] pci 0000:00:1a.0: [177d:a068] type 00 class 0x088000
[    0.033827] pci 0000:00:1a.0: BAR 0: [mem 0x86d000000000-0x86d0000fffff 64bit] (from Enhanced Allocation, properties 0x0)
[    0.033875] pci 0000:00:1c.0: [177d:a067] type 00 class 0x088000
[    0.033892] pci 0000:00:1c.0: BAR 0: [mem 0x82c000000000-0x82c0000fffff 64bit] (from Enhanced Allocation, properties 0x0)
[    0.033894] pci 0000:00:1c.0: BAR 4: [mem 0x82c000100000-0x82c0001fffff 64bit] (from Enhanced Allocation, properties 0x0)
[    0.033940] pci 0000:00:1d.0: [177d:a067] type 00 class 0x088000
[    0.033958] pci 0000:00:1d.0: BAR 0: [mem 0x82d000000000-0x82d0000fffff 64bit] (from Enhanced Allocation, properties 0x0)
[    0.033960] pci 0000:00:1d.0: BAR 4: [mem 0x82d000100000-0x82d0001fffff 64bit] (from Enhanced Allocation, properties 0x0)
[    0.034005] pci 0000:00:1e.0: [177d:a067] type 00 class 0x088000
[    0.034023] pci 0000:00:1e.0: BAR 0: [mem 0x82e000000000-0x82e0000fffff 64bit] (from Enhanced Allocation, properties 0x0)
[    0.034026] pci 0000:00:1e.0: BAR 4: [mem 0x82e000100000-0x82e0001fffff 64bit] (from Enhanced Allocation, properties 0x0)
[    0.034130] pci 0000:01:00.0: [177d:a075] type 00 class 0x088000
[    0.034148] pci 0000:01:00.0: BAR 0: [mem 0x87e0fc000000-0x87e0fc03ffff 64bit] (from Enhanced Allocation, properties 0x0)
[    0.034151] pci 0000:01:00.0: BAR 4: [mem 0x87e0fcf00000-0x87e0fcffffff 64bit] (from Enhanced Allocation, properties 0x0)
[    0.034210] pci 0000:01:01.3: [177d:a02b] type 00 class 0x0c8000
[    0.034233] pci 0000:01:01.3: BAR 0: [mem 0x87e005000000-0x87e0050fffff 64bit] (from Enhanced Allocation, properties 0x0)
[    0.034313] pci 0000:01:01.7: [177d:a035] type 00 class 0x088000
[    0.034335] pci 0000:01:01.7: BAR 0: [mem 0x87e001000000-0x87e0010fffff 64bit] (from Enhanced Allocation, properties 0x0)
[    0.034338] pci 0000:01:01.7: BAR 2: [mem 0x800000000000-0x8000ffffffff 64bit] (from Enhanced Allocation, properties 0x0)
[    0.034341] pci 0000:01:01.7: BAR 4: [mem 0x87e001f00000-0x87e001ffffff 64bit] (from Enhanced Allocation, properties 0x0)
[    0.034403] pci 0000:01:0a.0: [177d:a094] type 00 class 0x088000
[    0.034428] pci 0000:01:0a.0: BAR 0: [mem 0x87e120000000-0x87e1200fffff 64bit] (from Enhanced Allocation, properties 0x0)
[    0.034431] pci 0000:01:0a.0: BAR 4: [mem 0x87e120f00000-0x87e120ffffff 64bit] (from Enhanced Allocation, properties 0x0)
[    0.034490] pci 0000:01:0a.1: [177d:a094] type 00 class 0x088000
[    0.034514] pci 0000:01:0a.1: BAR 0: [mem 0x87e121000000-0x87e1210fffff 64bit] (from Enhanced Allocation, properties 0x0)
[    0.034517] pci 0000:01:0a.1: BAR 4: [mem 0x87e121f00000-0x87e121ffffff 64bit] (from Enhanced Allocation, properties 0x0)
[    0.034576] pci 0000:01:0a.2: [177d:a094] type 00 class 0x088000
[    0.034600] pci 0000:01:0a.2: BAR 0: [mem 0x87e122000000-0x87e1220fffff 64bit] (from Enhanced Allocation, properties 0x0)
[    0.034603] pci 0000:01:0a.2: BAR 4: [mem 0x87e122f00000-0x87e122ffffff 64bit] (from Enhanced Allocation, properties 0x0)
[    0.034661] pci 0000:01:0c.0: [177d:a073] type 00 class 0x088000
[    0.034685] pci 0000:01:0c.0: BAR 0: [mem 0x87e010000000-0x87e0100fffff 64bit] (from Enhanced Allocation, properties 0x0)
[    0.034688] pci 0000:01:0c.0: BAR 2: [mem 0x87e1bf000000-0x87e1bfffffff 64bit] (from Enhanced Allocation, properties 0x0)
[    0.034691] pci 0000:01:0c.0: BAR 4: [mem 0x87e010100000-0x87e0101fffff 64bit] (from Enhanced Allocation, properties 0x0)
[    0.034748] pci 0000:01:0f.0: [177d:a061] type 00 class 0x088000
[    0.034771] pci 0000:01:0f.0: BAR 0: [mem 0x87e018000000-0x87e01800ffff 64bit] (from Enhanced Allocation, properties 0x0)
[    0.034822] pci 0000:01:10.0: [177d:a060] type 00 class 0x028000
[    0.034841] pci 0000:01:10.0: BAR 0: [mem 0x87e0e0000000-0x87e0e07fffff 64bit] (from Enhanced Allocation, properties 0x0)
[    0.034844] pci 0000:01:10.0: BAR 4: [mem 0x87e0e0800000-0x87e0e0ffffff 64bit] (from Enhanced Allocation, properties 0x0)
[    0.034896] pci 0000:01:10.1: [177d:a060] type 00 class 0x028000
[    0.034915] pci 0000:01:10.1: BAR 0: [mem 0x87e0e1000000-0x87e0e17fffff 64bit] (from Enhanced Allocation, properties 0x0)
[    0.034918] pci 0000:01:10.1: BAR 4: [mem 0x87e0e1800000-0x87e0e1ffffff 64bit] (from Enhanced Allocation, properties 0x0)
[    0.034975] pci 0000:01:14.0: [177d:a097] type 00 class 0x088000
[    0.034993] pci 0000:01:14.0: BAR 0: [mem 0x87e140000000-0x87e1400fffff 64bit] (from Enhanced Allocation, properties 0x0)
[    0.035051] pci 0000:01:14.1: [177d:a097] type 00 class 0x088000
[    0.035073] pci 0000:01:14.1: BAR 0: [mem 0x87e141000000-0x87e1410fffff 64bit] (from Enhanced Allocation, properties 0x0)
[    0.035124] pci 0000:01:14.2: [177d:a097] type 00 class 0x088000
[    0.035143] pci 0000:01:14.2: BAR 0: [mem 0x87e142000000-0x87e1420fffff 64bit] (from Enhanced Allocation, properties 0x0)
[    0.035197] pci 0000:01:14.3: [177d:a097] type 00 class 0x088000
[    0.035217] pci 0000:01:14.3: BAR 0: [mem 0x87e143000000-0x87e1430fffff 64bit] (from Enhanced Allocation, properties 0x0)
[    0.035271] pci 0000:01:14.4: [177d:a097] type 00 class 0x088000
[    0.035294] pci 0000:01:14.4: BAR 0: [mem 0x87e144000000-0x87e1440fffff 64bit] (from Enhanced Allocation, properties 0x0)
[    0.035352] pci 0000:01:18.0: [177d:a012] type 00 class 0x0c8000
[    0.035375] pci 0000:01:18.0: BAR 0: [mem 0x87e100000000-0x87e10000ffff 64bit] (from Enhanced Allocation, properties 0x0)
[    0.035378] pci 0000:01:18.0: BAR 4: [mem 0x87e100f00000-0x87e100ffffff 64bit] (from Enhanced Allocation, properties 0x0)
[    0.035437] pci 0000:01:18.1: [177d:a012] type 00 class 0x0c8000
[    0.035461] pci 0000:01:18.1: BAR 0: [mem 0x87e101000000-0x87e10100ffff 64bit] (from Enhanced Allocation, properties 0x0)
[    0.035464] pci 0000:01:18.1: BAR 4: [mem 0x87e101f00000-0x87e101ffffff 64bit] (from Enhanced Allocation, properties 0x0)
[    0.035524] pci 0000:01:18.2: [177d:a012] type 00 class 0x0c8000
[    0.035547] pci 0000:01:18.2: BAR 0: [mem 0x87e102000000-0x87e10200ffff 64bit] (from Enhanced Allocation, properties 0x0)
[    0.035550] pci 0000:01:18.2: BAR 4: [mem 0x87e102f00000-0x87e102ffffff 64bit] (from Enhanced Allocation, properties 0x0)
[    0.035635] pci 0000:01:18.4: [177d:a012] type 00 class 0x0c8000
[    0.035658] pci 0000:01:18.4: BAR 0: [mem 0x87e104000000-0x87e10400ffff 64bit] (from Enhanced Allocation, properties 0x0)
[    0.035661] pci 0000:01:18.4: BAR 4: [mem 0x87e104f00000-0x87e104ffffff 64bit] (from Enhanced Allocation, properties 0x0)
[    0.035743] pci 0000:01:18.5: [177d:a012] type 00 class 0x0c8000
[    0.035767] pci 0000:01:18.5: BAR 0: [mem 0x87e105000000-0x87e10500ffff 64bit] (from Enhanced Allocation, properties 0x0)
[    0.035770] pci 0000:01:18.5: BAR 4: [mem 0x87e105f00000-0x87e105ffffff 64bit] (from Enhanced Allocation, properties 0x0)
[    0.035821] pci 0000:01:18.6: [177d:a012] type 00 class 0x0c8000
[    0.035840] pci 0000:01:18.6: BAR 0: [mem 0x87e106000000-0x87e10600ffff 64bit] (from Enhanced Allocation, properties 0x0)
[    0.035842] pci 0000:01:18.6: BAR 4: [mem 0x87e106f00000-0x87e106ffffff 64bit] (from Enhanced Allocation, properties 0x0)
[    0.035894] pci 0000:01:18.7: [177d:a012] type 00 class 0x0c8000
[    0.035912] pci 0000:01:18.7: BAR 0: [mem 0x87e107000000-0x87e10700ffff 64bit] (from Enhanced Allocation, properties 0x0)
[    0.035915] pci 0000:01:18.7: BAR 4: [mem 0x87e107f00000-0x87e107ffffff 64bit] (from Enhanced Allocation, properties 0x0)
[    0.035968] pci 0000:01:19.0: [177d:a012] type 00 class 0x0c8000
[    0.035986] pci 0000:01:19.0: BAR 0: [mem 0x87e108000000-0x87e10800ffff 64bit] (from Enhanced Allocation, properties 0x0)
[    0.035989] pci 0000:01:19.0: BAR 4: [mem 0x87e108f00000-0x87e108ffffff 64bit] (from Enhanced Allocation, properties 0x0)
[    0.036046] pci 0000:01:19.1: [177d:a012] type 00 class 0x0c8000
[    0.036068] pci 0000:01:19.1: BAR 0: [mem 0x87e109000000-0x87e10900ffff 64bit] (from Enhanced Allocation, properties 0x0)
[    0.036072] pci 0000:01:19.1: BAR 4: [mem 0x87e109f00000-0x87e109ffffff 64bit] (from Enhanced Allocation, properties 0x0)
[    0.036126] pci 0000:01:19.2: [177d:a012] type 00 class 0x0c8000
[    0.036144] pci 0000:01:19.2: BAR 0: [mem 0x87e10a000000-0x87e10a00ffff 64bit] (from Enhanced Allocation, properties 0x0)
[    0.036147] pci 0000:01:19.2: BAR 4: [mem 0x87e10af00000-0x87e10affffff 64bit] (from Enhanced Allocation, properties 0x0)
[    0.036200] pci 0000:01:19.3: [177d:a012] type 00 class 0x0c8000
[    0.036221] pci 0000:01:19.3: BAR 0: [mem 0x87e10b000000-0x87e10b00ffff 64bit] (from Enhanced Allocation, properties 0x0)
[    0.036224] pci 0000:01:19.3: BAR 4: [mem 0x87e10bf00000-0x87e10bffffff 64bit] (from Enhanced Allocation, properties 0x0)
[    0.036323] pci 0000:02:00.0: [177d:a075] type 00 class 0x088000
[    0.036345] pci 0000:02:00.0: BAR 0: [mem 0x87e0f9000000-0x87e0f903ffff 64bit] (from Enhanced Allocation, properties 0x0)
[    0.036423] pci 0000:03:00.0: [177d:a075] type 00 class 0x088000
[    0.036442] pci 0000:03:00.0: BAR 0: [mem 0x87e0fa000000-0x87e0fa03ffff 64bit] (from Enhanced Allocation, properties 0x0)
[    0.036517] pci 0000:04:00.0: [177d:a075] type 00 class 0x088000
[    0.036539] pci 0000:04:00.0: BAR 0: [mem 0x87e0fb000000-0x87e0fb03ffff 64bit] (from Enhanced Allocation, properties 0x0)
[    0.036620] pci 0000:05:00.0: [177d:a098] type 00 class 0x120000
[    0.036639] pci 0000:05:00.0: BAR 0: [mem 0x87e00f000000-0x87e00f0fffff 64bit] (from Enhanced Allocation, properties 0x0)
[    0.036643] pci 0000:05:00.0: VF BAR 0: [mem 0x80f000800000-0x80f0008fffff 64bit] (from Enhanced Allocation, properties 0x4)
[    0.036661] pci 0000:05:00.0: VF(n) BAR0 space: [mem 0x80f000800000-0x80f0008fffff 64bit] (contains BAR0 for 1 VFs)
[    0.036742] pci 0000:06:00.0: [177d:a080] type 00 class 0x088000
[    0.036766] pci 0000:06:00.0: BAR 0: [mem 0x86e000000000-0x86e0ffffffff 64bit] (from Enhanced Allocation, properties 0x0)
[    0.036769] pci 0000:06:00.0: BAR 4: [mem 0x86e100000000-0x86e1000fffff 64bit] (from Enhanced Allocation, properties 0x0)
[    0.036772] pci 0000:06:00.0: VF BAR 0: [mem 0x86e200000000-0x86e2000fffff 64bit] (from Enhanced Allocation, properties 0x4)
[    0.036774] pci 0000:06:00.0: VF BAR 4: [mem 0x86e210000000-0x86e2100fffff 64bit] (from Enhanced Allocation, properties 0x4)
[    1.120218] pci 0000:06:00.0: VF(n) BAR0 space: [mem 0x86e200000000-0x86e201ffffff 64bit] (contains BAR0 for 32 VFs)
[    1.120226] pci 0000:06:00.0: VF(n) BAR4 space: [mem 0x86e210000000-0x86e211ffffff 64bit] (contains BAR4 for 32 VFs)
[    1.120373] pci 0000:00:01.0: PCI bridge to [bus 01]
[    1.120378] pci 0000:00:0c.0: PCI bridge to [bus 02]
[    1.120380] pci 0000:00:0d.0: PCI bridge to [bus 03]
[    1.120382] pci 0000:00:0e.0: PCI bridge to [bus 04]
[    1.120385] pci 0000:00:0f.0: PCI bridge to [bus 05]
[    1.120389] pci 0000:00:14.0: PCI bridge to [bus 06]
[    1.120392] pci_bus 0000:00: resource 4 [mem 0x878000000000-0x87800fffffff window]
[    1.120394] pci_bus 0000:00: resource 5 [mem 0x802000000000-0x80f0008fffff window]
[    1.120395] pci_bus 0000:00: resource 6 [mem 0x828000000000-0x8281001fffff window]
[    1.120397] pci_bus 0000:00: resource 7 [mem 0x82c000000000-0x82c0001fffff window]
[    1.120398] pci_bus 0000:00: resource 8 [mem 0x86d000000000-0x86d0000fffff window]
[    1.120399] pci_bus 0000:00: resource 9 [mem 0x86e000000000-0x86e22fffffff window]
[    1.120400] pci_bus 0000:00: resource 10 [mem 0x87e002000000-0x87e027ffffff window]
[    1.120402] pci_bus 0000:00: resource 11 [mem 0x87e03c000000-0x87e0525fffff window]
[    1.120403] pci_bus 0000:00: resource 12 [mem 0x87e087000000-0x87e0fcffffff window]
[    1.120405] pci_bus 0000:00: resource 13 [mem 0x87e100000000-0x87e10bffffff window]
[    1.120546] ACPI: PCI Root Bridge [PCI1] (domain 0001 [bus 00-ff])
[    1.120553] acpi PNP0A08:01: _OSC: OS supports [ExtendedConfig ASPM ClockPM Segments MSI EDR HPX-Type3]
[    1.120579] acpi PNP0A08:01: _OSC: platform does not support [PCIeHotplug PME AER LTR DPC]
[    1.120615] acpi PNP0A08:01: _OSC: OS now controls [PCIeCapability]
[    1.120738] acpi PNP0A08:01: ECAM area [mem 0x878010000000-0x87801fffffff] reserved by PNP0A08:01
[    1.120747] acpi PNP0A08:01: ECAM at [mem 0x878010000000-0x87801fffffff] for [bus 00-ff]
[    1.120790] PCI host bridge to bus 0001:00
[    1.120791] pci_bus 0001:00: root bus resource [mem 0x878010000000-0x87801fffffff window]
[    1.120793] pci_bus 0001:00: root bus resource [mem 0x868000000000-0x869fffffffff window]
[    1.120795] pci_bus 0001:00: root bus resource [bus 00-ff]
[    1.120834] pci 0001:00:0c.0: [177d:a01b] type 00 class 0x0c0330
[    1.120855] pci 0001:00:0c.0: BAR 0: [mem 0x868000000000-0x8680001fffff 64bit] (from Enhanced Allocation, properties 0x0)
[    1.120859] pci 0001:00:0c.0: BAR 4: [mem 0x868000200000-0x8680002fffff 64bit] (from Enhanced Allocation, properties 0x0)
[    1.120913] pci 0001:00:0d.0: [177d:a01b] type 00 class 0x0c0330
[    1.120936] pci 0001:00:0d.0: BAR 0: [mem 0x869000000000-0x8690001fffff 64bit] (from Enhanced Allocation, properties 0x0)
[    1.120939] pci 0001:00:0d.0: BAR 4: [mem 0x869000200000-0x8690002fffff 64bit] (from Enhanced Allocation, properties 0x0)
[    1.121021] pci_bus 0001:00: resource 4 [mem 0x878010000000-0x87801fffffff window]
[    1.121022] pci_bus 0001:00: resource 5 [mem 0x868000000000-0x869fffffffff window]
[    1.121087] ACPI: PCI Root Bridge [PCI2] (domain 0002 [bus 00-ff])
[    1.121093] acpi PNP0A08:02: _OSC: OS supports [ExtendedConfig ASPM ClockPM Segments MSI EDR HPX-Type3]
[    1.121114] acpi PNP0A08:02: _OSC: platform does not support [PCIeHotplug PME AER LTR DPC]
[    1.121149] acpi PNP0A08:02: _OSC: OS now controls [PCIeCapability]
[    1.121307] acpi PNP0A08:02: ECAM area [mem 0x878020000000-0x87802fffffff] reserved by PNP0A08:02
[    1.121316] acpi PNP0A08:02: ECAM at [mem 0x878020000000-0x87802fffffff] for [bus 00-ff]
[    1.121379] PCI host bridge to bus 0002:00
[    1.121380] pci_bus 0002:00: root bus resource [mem 0x878020000000-0x87802fffffff window]
[    1.121382] pci_bus 0002:00: root bus resource [mem 0x840000000000-0x85f4ffffffff window]
[    1.121383] pci_bus 0002:00: root bus resource [mem 0x01000000-0x037fffff window]
[    1.121385] pci_bus 0002:00: root bus resource [mem 0x9fc000000-0x9feffffff window]
[    1.121386] pci_bus 0002:00: root bus resource [bus 00-ff]
[    1.121394] pci 0002:00:00.0: [177d:a002] type 01 class 0x060401
[    1.121454] pci 0002:00:01.0: [177d:a002] type 01 class 0x060401
[    1.121521] pci 0002:00:02.0: [177d:a002] type 01 class 0x060401
[    1.121577] pci 0002:00:03.0: [177d:a002] type 01 class 0x060401
[    1.121636] pci 0002:00:04.0: [177d:a002] type 01 class 0x060401
[    1.121698] pci 0002:00:05.0: [177d:a002] type 01 class 0x060401
[    1.121756] pci 0002:00:06.0: [177d:a002] type 01 class 0x060401
[    1.121814] pci 0002:00:07.0: [177d:a002] type 01 class 0x060401
[    1.121876] pci 0002:00:08.0: [177d:a002] type 01 class 0x060401
[    1.121941] pci 0002:00:09.0: [177d:a002] type 01 class 0x060401
[    1.122001] pci 0002:00:0a.0: [177d:a002] type 01 class 0x060401
[    1.122065] pci 0002:00:0b.0: [177d:a002] type 01 class 0x060401
[    1.122123] pci 0002:00:0c.0: [177d:a002] type 01 class 0x060401
[    1.122182] pci 0002:00:0d.0: [177d:a002] type 01 class 0x060401
[    1.122246] pci 0002:00:0e.0: [177d:a002] type 01 class 0x060401
[    1.122300] pci 0002:00:0f.0: [177d:a002] type 01 class 0x060401
[    1.122356] pci 0002:00:10.0: [177d:a002] type 01 class 0x060401
[    1.122412] pci 0002:00:11.0: [177d:a002] type 01 class 0x060401
[    1.122466] pci 0002:00:12.0: [177d:a002] type 01 class 0x060401
[    1.122529] pci 0002:00:13.0: [177d:a002] type 01 class 0x060401
[    1.122587] pci 0002:00:14.0: [177d:a002] type 01 class 0x060401
[    1.122641] pci 0002:00:15.0: [177d:a002] type 01 class 0x060401
[    1.122700] pci 0002:00:16.0: [177d:a002] type 01 class 0x060401
[    1.122759] pci 0002:00:17.0: [177d:a002] type 01 class 0x060401
[    1.122819] pci 0002:00:18.0: [177d:a002] type 01 class 0x060401
[    1.122881] pci 0002:00:19.0: [177d:a002] type 01 class 0x060401
[    1.122945] pci 0002:00:1a.0: [177d:a002] type 01 class 0x060401
[    1.123005] pci 0002:00:1b.0: [177d:a002] type 01 class 0x060401
[    1.123067] pci 0002:00:1c.0: [177d:a002] type 01 class 0x060401
[    1.123127] pci 0002:00:1d.0: [177d:a002] type 01 class 0x060401
[    1.123186] pci 0002:00:1e.0: [177d:a002] type 01 class 0x060401
[    1.123245] pci 0002:00:1f.0: [177d:a002] type 01 class 0x060401
[    1.123316] pci 0002:01:00.0: [177d:a065] type 00 class 0x020000
[    1.123335] pci 0002:01:00.0: BAR 0: [mem 0x840000000000-0x8401ffffffff 64bit] (from Enhanced Allocation, properties 0x0)
[    1.123338] pci 0002:01:00.0: BAR 2: [mem 0x840200000000-0x840201ffffff 64bit] (from Enhanced Allocation, properties 0x0)
[    1.123341] pci 0002:01:00.0: BAR 4: [mem 0x9fc000000-0x9fc1fffff 64bit] (from Enhanced Allocation, properties 0x0)
[    1.123344] pci 0002:01:00.0: VF BAR 2: [mem 0x840202000000-0x840203ffffff 64bit] (from Enhanced Allocation, properties 0x4)
[    1.123347] pci 0002:01:00.0: VF BAR 4: [mem 0x9fc200000-0x9fc23ffff 64bit] (from Enhanced Allocation, properties 0x4)
[    1.123366] pci 0002:01:00.0: VF(n) BAR2 space: [mem 0x840202000000-0x840221ffffff 64bit] (contains BAR2 for 16 VFs)
[    1.123368] pci 0002:01:00.0: VF(n) BAR4 space: [mem 0x9fc200000-0x9fc5fffff 64bit] (contains BAR4 for 16 VFs)
[    1.123446] pci 0002:02:00.0: [177d:a063] type 00 class 0x020000
[    1.123464] pci 0002:02:00.0: BAR 2: [mem 0x841200000000-0x841201ffffff 64bit] (from Enhanced Allocation, properties 0x0)
[    1.123467] pci 0002:02:00.0: BAR 4: [mem 0x9fc600000-0x9fc67ffff 64bit] (from Enhanced Allocation, properties 0x0)
[    1.123469] pci 0002:02:00.0: VF BAR 2: [mem 0x841202000000-0x841203ffffff 64bit] (from Enhanced Allocation, properties 0x4)
[    1.123472] pci 0002:02:00.0: VF BAR 4: [mem 0x9fc680000-0x9fc6bffff 64bit] (from Enhanced Allocation, properties 0x4)
[    1.123493] pci 0002:02:00.0: VF(n) BAR2 space: [mem 0x841202000000-0x841207ffffff 64bit] (contains BAR2 for 3 VFs)
[    1.123495] pci 0002:02:00.0: VF(n) BAR4 space: [mem 0x9fc680000-0x9fc73ffff 64bit] (contains BAR4 for 3 VFs)
[    1.123574] pci 0002:03:00.0: [177d:a063] type 00 class 0x020000
[    1.123592] pci 0002:03:00.0: BAR 2: [mem 0x842200000000-0x842201ffffff 64bit] (from Enhanced Allocation, properties 0x0)
[    1.123595] pci 0002:03:00.0: BAR 4: [mem 0x9fc740000-0x9fc7bffff 64bit] (from Enhanced Allocation, properties 0x0)
[    1.123597] pci 0002:03:00.0: VF BAR 2: [mem 0x842202000000-0x842203ffffff 64bit] (from Enhanced Allocation, properties 0x4)
[    1.123600] pci 0002:03:00.0: VF BAR 4: [mem 0x9fc7c0000-0x9fc7fffff 64bit] (from Enhanced Allocation, properties 0x4)
[    1.123619] pci 0002:03:00.0: VF(n) BAR2 space: [mem 0x842202000000-0x842207ffffff 64bit] (contains BAR2 for 3 VFs)
[    1.123621] pci 0002:03:00.0: VF(n) BAR4 space: [mem 0x9fc7c0000-0x9fc87ffff 64bit] (contains BAR4 for 3 VFs)
[    1.123692] pci 0002:04:00.0: [177d:a063] type 00 class 0x020000
[    1.123711] pci 0002:04:00.0: BAR 2: [mem 0x843200000000-0x843201ffffff 64bit] (from Enhanced Allocation, properties 0x0)
[    1.123715] pci 0002:04:00.0: BAR 4: [mem 0x9fc880000-0x9fc8fffff 64bit] (from Enhanced Allocation, properties 0x0)
[    1.123718] pci 0002:04:00.0: VF BAR 2: [mem 0x843202000000-0x843203ffffff 64bit] (from Enhanced Allocation, properties 0x4)
[    1.123721] pci 0002:04:00.0: VF BAR 4: [mem 0x9fc900000-0x9fc93ffff 64bit] (from Enhanced Allocation, properties 0x4)
[    1.123743] pci 0002:04:00.0: VF(n) BAR2 space: [mem 0x843202000000-0x843207ffffff 64bit] (contains BAR2 for 3 VFs)
[    1.123744] pci 0002:04:00.0: VF(n) BAR4 space: [mem 0x9fc900000-0x9fc9bffff 64bit] (contains BAR4 for 3 VFs)
[    1.123815] pci 0002:05:00.0: [177d:a063] type 00 class 0x020000
[    1.123838] pci 0002:05:00.0: BAR 2: [mem 0x844200000000-0x844201ffffff 64bit] (from Enhanced Allocation, properties 0x0)
[    1.123841] pci 0002:05:00.0: BAR 4: [mem 0x9fc9c0000-0x9fca3ffff 64bit] (from Enhanced Allocation, properties 0x0)
[    1.123844] pci 0002:05:00.0: VF BAR 2: [mem 0x844202000000-0x844203ffffff 64bit] (from Enhanced Allocation, properties 0x4)
[    1.123846] pci 0002:05:00.0: VF BAR 4: [mem 0x9fca40000-0x9fca7ffff 64bit] (from Enhanced Allocation, properties 0x4)
[    1.123870] pci 0002:05:00.0: VF(n) BAR2 space: [mem 0x844202000000-0x844207ffffff 64bit] (contains BAR2 for 3 VFs)
[    1.123872] pci 0002:05:00.0: VF(n) BAR4 space: [mem 0x9fca40000-0x9fcafffff 64bit] (contains BAR4 for 3 VFs)
[    1.123947] pci 0002:06:00.0: [177d:a063] type 00 class 0x020000
[    1.123966] pci 0002:06:00.0: BAR 2: [mem 0x845200000000-0x845201ffffff 64bit] (from Enhanced Allocation, properties 0x0)
[    1.123970] pci 0002:06:00.0: BAR 4: [mem 0x9fcb00000-0x9fcb7ffff 64bit] (from Enhanced Allocation, properties 0x0)
[    1.123974] pci 0002:06:00.0: VF BAR 2: [mem 0x845202000000-0x845203ffffff 64bit] (from Enhanced Allocation, properties 0x4)
[    1.123977] pci 0002:06:00.0: VF BAR 4: [mem 0x9fcb80000-0x9fcbbffff 64bit] (from Enhanced Allocation, properties 0x4)
[    1.123998] pci 0002:06:00.0: VF(n) BAR2 space: [mem 0x845202000000-0x845207ffffff 64bit] (contains BAR2 for 3 VFs)
[    1.124000] pci 0002:06:00.0: VF(n) BAR4 space: [mem 0x9fcb80000-0x9fcc3ffff 64bit] (contains BAR4 for 3 VFs)
[    1.124072] pci 0002:07:00.0: [177d:a0f9] type 00 class 0x088000
[    1.124095] pci 0002:07:00.0: BAR 2: [mem 0x846200000000-0x846201ffffff 64bit] (from Enhanced Allocation, properties 0x0)
[    1.124097] pci 0002:07:00.0: BAR 4: [mem 0x9fcc40000-0x9fccbffff 64bit] (from Enhanced Allocation, properties 0x0)
[    1.124100] pci 0002:07:00.0: VF BAR 2: [mem 0x846202000000-0x846203ffffff 64bit] (from Enhanced Allocation, properties 0x4)
[    1.124184] pci 0002:08:00.0: [177d:a0f9] type 00 class 0x088000
[    1.124205] pci 0002:08:00.0: BAR 2: [mem 0x847200000000-0x847201ffffff 64bit] (from Enhanced Allocation, properties 0x0)
[    1.124208] pci 0002:08:00.0: BAR 4: [mem 0x9fccc0000-0x9fcd3ffff 64bit] (from Enhanced Allocation, properties 0x0)
[    1.124211] pci 0002:08:00.0: VF BAR 2: [mem 0x847202000000-0x847203ffffff 64bit] (from Enhanced Allocation, properties 0x4)
[    1.124291] pci 0002:09:00.0: [177d:a0f9] type 00 class 0x088000
[    1.124309] pci 0002:09:00.0: BAR 2: [mem 0x848200000000-0x848201ffffff 64bit] (from Enhanced Allocation, properties 0x0)
[    1.124312] pci 0002:09:00.0: BAR 4: [mem 0x9fcd40000-0x9fcdbffff 64bit] (from Enhanced Allocation, properties 0x0)
[    1.124315] pci 0002:09:00.0: VF BAR 2: [mem 0x848202000000-0x848203ffffff 64bit] (from Enhanced Allocation, properties 0x4)
[    1.124392] pci 0002:0a:00.0: [177d:a0f9] type 00 class 0x088000
[    1.124410] pci 0002:0a:00.0: BAR 2: [mem 0x849200000000-0x849201ffffff 64bit] (from Enhanced Allocation, properties 0x0)
[    1.124413] pci 0002:0a:00.0: BAR 4: [mem 0x9fcdc0000-0x9fce3ffff 64bit] (from Enhanced Allocation, properties 0x0)
[    1.124416] pci 0002:0a:00.0: VF BAR 2: [mem 0x849202000000-0x849203ffffff 64bit] (from Enhanced Allocation, properties 0x4)
[    1.124496] pci 0002:0b:00.0: [177d:a0f9] type 00 class 0x088000
[    1.124517] pci 0002:0b:00.0: BAR 2: [mem 0x84a200000000-0x84a201ffffff 64bit] (from Enhanced Allocation, properties 0x0)
[    1.124520] pci 0002:0b:00.0: BAR 4: [mem 0x9fce40000-0x9fcebffff 64bit] (from Enhanced Allocation, properties 0x0)
[    1.124524] pci 0002:0b:00.0: VF BAR 2: [mem 0x84a202000000-0x84a203ffffff 64bit] (from Enhanced Allocation, properties 0x4)
[    1.124603] pci 0002:0c:00.0: [177d:a0f9] type 00 class 0x088000
[    1.124621] pci 0002:0c:00.0: BAR 2: [mem 0x84b200000000-0x84b201ffffff 64bit] (from Enhanced Allocation, properties 0x0)
[    1.124623] pci 0002:0c:00.0: BAR 4: [mem 0x9fcec0000-0x9fcf3ffff 64bit] (from Enhanced Allocation, properties 0x0)
[    1.124626] pci 0002:0c:00.0: VF BAR 2: [mem 0x84b202000000-0x84b203ffffff 64bit] (from Enhanced Allocation, properties 0x4)
[    1.124706] pci 0002:0d:00.0: [177d:a0f9] type 00 class 0x088000
[    1.124729] pci 0002:0d:00.0: BAR 2: [mem 0x84c200000000-0x84c201ffffff 64bit] (from Enhanced Allocation, properties 0x0)
[    1.124732] pci 0002:0d:00.0: BAR 4: [mem 0x9fcf40000-0x9fcfbffff 64bit] (from Enhanced Allocation, properties 0x0)
[    1.124734] pci 0002:0d:00.0: VF BAR 2: [mem 0x84c202000000-0x84c203ffffff 64bit] (from Enhanced Allocation, properties 0x4)
[    1.124816] pci 0002:0e:00.0: [177d:a0f9] type 00 class 0x088000
[    1.124839] pci 0002:0e:00.0: BAR 2: [mem 0x84d200000000-0x84d201ffffff 64bit] (from Enhanced Allocation, properties 0x0)
[    1.124842] pci 0002:0e:00.0: BAR 4: [mem 0x9fcfc0000-0x9fd03ffff 64bit] (from Enhanced Allocation, properties 0x0)
[    1.124845] pci 0002:0e:00.0: VF BAR 2: [mem 0x84d202000000-0x84d203ffffff 64bit] (from Enhanced Allocation, properties 0x4)
[    1.124926] pci 0002:0f:00.0: [177d:a0f9] type 00 class 0x088000
[    1.124948] pci 0002:0f:00.0: BAR 2: [mem 0x84e200000000-0x84e201ffffff 64bit] (from Enhanced Allocation, properties 0x0)
[    1.124951] pci 0002:0f:00.0: BAR 4: [mem 0x9fd040000-0x9fd0bffff 64bit] (from Enhanced Allocation, properties 0x0)
[    1.124953] pci 0002:0f:00.0: VF BAR 2: [mem 0x84e202000000-0x84e203ffffff 64bit] (from Enhanced Allocation, properties 0x4)
[    1.125040] pci 0002:10:00.0: [177d:a0f0] type 00 class 0x088000
[    1.125062] pci 0002:10:00.0: BAR 2: [mem 0x84f200000000-0x84f201ffffff 64bit] (from Enhanced Allocation, properties 0x0)
[    1.125065] pci 0002:10:00.0: BAR 4: [mem 0x9fd0c0000-0x9fd13ffff 64bit] (from Enhanced Allocation, properties 0x0)
[    1.125067] pci 0002:10:00.0: VF BAR 2: [mem 0x84f202000000-0x84f203ffffff 64bit] (from Enhanced Allocation, properties 0x4)
[    1.125151] pci 0002:11:00.0: [177d:a0f0] type 00 class 0x088000
[    1.125171] pci 0002:11:00.0: BAR 2: [mem 0x850200000000-0x850201ffffff 64bit] (from Enhanced Allocation, properties 0x0)
[    1.125175] pci 0002:11:00.0: BAR 4: [mem 0x9fd140000-0x9fd1bffff 64bit] (from Enhanced Allocation, properties 0x0)
[    1.125178] pci 0002:11:00.0: VF BAR 2: [mem 0x850202000000-0x850203ffffff 64bit] (from Enhanced Allocation, properties 0x4)
[    1.125265] pci 0002:12:00.0: [177d:a0f0] type 00 class 0x088000
[    1.125282] pci 0002:12:00.0: BAR 2: [mem 0x851200000000-0x851201ffffff 64bit] (from Enhanced Allocation, properties 0x0)
[    1.125285] pci 0002:12:00.0: BAR 4: [mem 0x9fd1c0000-0x9fd23ffff 64bit] (from Enhanced Allocation, properties 0x0)
[    1.125288] pci 0002:12:00.0: VF BAR 2: [mem 0x851202000000-0x851203ffffff 64bit] (from Enhanced Allocation, properties 0x4)
[    1.125366] pci 0002:13:00.0: [177d:a0f0] type 00 class 0x088000
[    1.125384] pci 0002:13:00.0: BAR 2: [mem 0x852200000000-0x852201ffffff 64bit] (from Enhanced Allocation, properties 0x0)
[    1.125387] pci 0002:13:00.0: BAR 4: [mem 0x9fd240000-0x9fd2bffff 64bit] (from Enhanced Allocation, properties 0x0)
[    1.125390] pci 0002:13:00.0: VF BAR 2: [mem 0x852202000000-0x852203ffffff 64bit] (from Enhanced Allocation, properties 0x4)
[    1.125465] pci 0002:14:00.0: [177d:a0f0] type 00 class 0x088000
[    1.125483] pci 0002:14:00.0: BAR 2: [mem 0x853200000000-0x853201ffffff 64bit] (from Enhanced Allocation, properties 0x0)
[    1.125486] pci 0002:14:00.0: BAR 4: [mem 0x9fd2c0000-0x9fd33ffff 64bit] (from Enhanced Allocation, properties 0x0)
[    1.125488] pci 0002:14:00.0: VF BAR 2: [mem 0x853202000000-0x853203ffffff 64bit] (from Enhanced Allocation, properties 0x4)
[    1.125575] pci 0002:15:00.0: [177d:a0f0] type 00 class 0x088000
[    1.125593] pci 0002:15:00.0: BAR 2: [mem 0x854200000000-0x854201ffffff 64bit] (from Enhanced Allocation, properties 0x0)
[    1.125596] pci 0002:15:00.0: BAR 4: [mem 0x9fd340000-0x9fd3bffff 64bit] (from Enhanced Allocation, properties 0x0)
[    1.125599] pci 0002:15:00.0: VF BAR 2: [mem 0x854202000000-0x854203ffffff 64bit] (from Enhanced Allocation, properties 0x4)
[    1.125675] pci 0002:16:00.0: [177d:a0f0] type 00 class 0x088000
[    1.125698] pci 0002:16:00.0: BAR 2: [mem 0x855200000000-0x855201ffffff 64bit] (from Enhanced Allocation, properties 0x0)
[    1.125700] pci 0002:16:00.0: BAR 4: [mem 0x9fd3c0000-0x9fd43ffff 64bit] (from Enhanced Allocation, properties 0x0)
[    1.125703] pci 0002:16:00.0: VF BAR 2: [mem 0x855202000000-0x855203ffffff 64bit] (from Enhanced Allocation, properties 0x4)
[    1.125785] pci 0002:17:00.0: [177d:a0f0] type 00 class 0x088000
[    1.125805] pci 0002:17:00.0: BAR 2: [mem 0x856200000000-0x856201ffffff 64bit] (from Enhanced Allocation, properties 0x0)
[    1.125809] pci 0002:17:00.0: BAR 4: [mem 0x9fd440000-0x9fd4bffff 64bit] (from Enhanced Allocation, properties 0x0)
[    1.125811] pci 0002:17:00.0: VF BAR 2: [mem 0x856202000000-0x856203ffffff 64bit] (from Enhanced Allocation, properties 0x4)
[    1.125897] pci 0002:18:00.0: [177d:a0f0] type 00 class 0x088000
[    1.125916] pci 0002:18:00.0: BAR 2: [mem 0x857200000000-0x857201ffffff 64bit] (from Enhanced Allocation, properties 0x0)
[    1.125919] pci 0002:18:00.0: BAR 4: [mem 0x9fd4c0000-0x9fd53ffff 64bit] (from Enhanced Allocation, properties 0x0)
[    1.125924] pci 0002:18:00.0: VF BAR 2: [mem 0x857202000000-0x857203ffffff 64bit] (from Enhanced Allocation, properties 0x4)
[    1.126009] pci 0002:19:00.0: [177d:a0fb] type 00 class 0x088000
[    1.126028] pci 0002:19:00.0: BAR 2: [mem 0x858200000000-0x858201ffffff 64bit] (from Enhanced Allocation, properties 0x0)
[    1.126031] pci 0002:19:00.0: BAR 4: [mem 0x9fd540000-0x9fd5bffff 64bit] (from Enhanced Allocation, properties 0x0)
[    1.126035] pci 0002:19:00.0: VF BAR 2: [mem 0x858202000000-0x858203ffffff 64bit] (from Enhanced Allocation, properties 0x4)
[    1.126122] pci 0002:1a:00.0: [177d:a0fb] type 00 class 0x088000
[    1.126141] pci 0002:1a:00.0: BAR 2: [mem 0x859200000000-0x859201ffffff 64bit] (from Enhanced Allocation, properties 0x0)
[    1.126144] pci 0002:1a:00.0: BAR 4: [mem 0x9fd5c0000-0x9fd63ffff 64bit] (from Enhanced Allocation, properties 0x0)
[    1.126148] pci 0002:1a:00.0: VF BAR 2: [mem 0x859202000000-0x859203ffffff 64bit] (from Enhanced Allocation, properties 0x4)
[    1.126232] pci 0002:1b:00.0: [177d:a0fb] type 00 class 0x088000
[    1.126254] pci 0002:1b:00.0: BAR 2: [mem 0x85a200000000-0x85a201ffffff 64bit] (from Enhanced Allocation, properties 0x0)
[    1.126256] pci 0002:1b:00.0: BAR 4: [mem 0x9fd640000-0x9fd6bffff 64bit] (from Enhanced Allocation, properties 0x0)
[    1.126259] pci 0002:1b:00.0: VF BAR 2: [mem 0x85a202000000-0x85a203ffffff 64bit] (from Enhanced Allocation, properties 0x4)
[    1.126334] pci 0002:1c:00.0: [177d:a0fb] type 00 class 0x088000
[    1.126352] pci 0002:1c:00.0: BAR 2: [mem 0x85b200000000-0x85b201ffffff 64bit] (from Enhanced Allocation, properties 0x0)
[    1.126355] pci 0002:1c:00.0: BAR 4: [mem 0x9fd6c0000-0x9fd73ffff 64bit] (from Enhanced Allocation, properties 0x0)
[    1.126358] pci 0002:1c:00.0: VF BAR 2: [mem 0x85b202000000-0x85b203ffffff 64bit] (from Enhanced Allocation, properties 0x4)
[    1.126434] pci 0002:1d:00.0: [177d:a0f0] type 00 class 0x088000
[    1.126452] pci 0002:1d:00.0: BAR 2: [mem 0x85c200000000-0x85c201ffffff 64bit] (from Enhanced Allocation, properties 0x0)
[    1.126455] pci 0002:1d:00.0: BAR 4: [mem 0x9fd740000-0x9fd7bffff 64bit] (from Enhanced Allocation, properties 0x0)
[    1.126457] pci 0002:1d:00.0: VF BAR 2: [mem 0x85c202000000-0x85c203ffffff 64bit] (from Enhanced Allocation, properties 0x4)
[    1.126540] pci 0002:1e:00.0: [177d:a0f9] type 00 class 0x088000
[    1.126561] pci 0002:1e:00.0: BAR 2: [mem 0x85d200000000-0x85d201ffffff 64bit] (from Enhanced Allocation, properties 0x0)
[    1.126564] pci 0002:1e:00.0: BAR 4: [mem 0x9fd7c0000-0x9fd8bffff 64bit] (from Enhanced Allocation, properties 0x0)
[    1.126567] pci 0002:1e:00.0: VF BAR 2: [mem 0x85d202000000-0x85d203ffffff 64bit] (from Enhanced Allocation, properties 0x4)
[    1.126569] pci 0002:1e:00.0: VF BAR 4: [mem 0x9fd8c0000-0x9fd8fffff 64bit] (from Enhanced Allocation, properties 0x4)
[    1.126589] pci 0002:1e:00.0: VF(n) BAR2 space: [mem 0x85d202000000-0x85d209ffffff 64bit] (contains BAR2 for 4 VFs)
[    1.126590] pci 0002:1e:00.0: VF(n) BAR4 space: [mem 0x9fd8c0000-0x9fd9bffff 64bit] (contains BAR4 for 4 VFs)
[    1.126658] pci 0002:1f:00.0: [177d:a0f6] type 00 class 0x020000
[    1.126681] pci 0002:1f:00.0: BAR 2: [mem 0x85e200000000-0x85e201ffffff 64bit] (from Enhanced Allocation, properties 0x0)
[    1.126683] pci 0002:1f:00.0: BAR 4: [mem 0x9fd9c0000-0x9fdabffff 64bit] (from Enhanced Allocation, properties 0x0)
[    1.126686] pci 0002:1f:00.0: VF BAR 2: [mem 0x85e202000000-0x85e203ffffff 64bit] (from Enhanced Allocation, properties 0x4)
[    1.126689] pci 0002:1f:00.0: VF BAR 4: [mem 0x9fdac0000-0x9fdafffff 64bit] (from Enhanced Allocation, properties 0x4)
[    1.126712] pci 0002:1f:00.0: VF(n) BAR2 space: [mem 0x85e202000000-0x85e213ffffff 64bit] (contains BAR2 for 9 VFs)
[    1.126714] pci 0002:1f:00.0: VF(n) BAR4 space: [mem 0x9fdac0000-0x9fdcfffff 64bit] (contains BAR4 for 9 VFs)
[    1.126792] pci 0002:20:00.0: [177d:a0f2] type 00 class 0x108000
[    1.126813] pci 0002:20:00.0: BAR 2: [mem 0x85f200000000-0x85f201ffffff 64bit] (from Enhanced Allocation, properties 0x0)
[    1.126816] pci 0002:20:00.0: BAR 4: [mem 0x9fdd00000-0x9fe4fffff 64bit] (from Enhanced Allocation, properties 0x0)
[    1.126819] pci 0002:20:00.0: VF BAR 2: [mem 0x85f202000000-0x85f203ffffff 64bit] (from Enhanced Allocation, properties 0x4)
[    1.126822] pci 0002:20:00.0: VF BAR 4: [mem 0x9fe500000-0x9fe53ffff 64bit] (from Enhanced Allocation, properties 0x4)
[    1.126846] pci 0002:20:00.0: VF(n) BAR2 space: [mem 0x85f202000000-0x85f281ffffff 64bit] (contains BAR2 for 64 VFs)
[    1.126848] pci 0002:20:00.0: VF(n) BAR4 space: [mem 0x9fe500000-0x9ff4fffff 64bit] (contains BAR4 for 64 VFs)
[    1.126999] pci 0002:00:00.0: PCI bridge to [bus 01]
[    1.127002] pci 0002:00:01.0: PCI bridge to [bus 02]
[    1.127005] pci 0002:00:02.0: PCI bridge to [bus 03]
[    1.127008] pci 0002:00:03.0: PCI bridge to [bus 04]
[    1.127010] pci 0002:00:04.0: PCI bridge to [bus 05]
[    1.127013] pci 0002:00:05.0: PCI bridge to [bus 06]
[    1.127015] pci 0002:00:06.0: PCI bridge to [bus 07]
[    1.127017] pci 0002:00:07.0: PCI bridge to [bus 08]
[    1.127020] pci 0002:00:08.0: PCI bridge to [bus 09]
[    1.127022] pci 0002:00:09.0: PCI bridge to [bus 0a]
[    1.127025] pci 0002:00:0a.0: PCI bridge to [bus 0b]
[    1.127027] pci 0002:00:0b.0: PCI bridge to [bus 0c]
[    1.127029] pci 0002:00:0c.0: PCI bridge to [bus 0d]
[    1.127032] pci 0002:00:0d.0: PCI bridge to [bus 0e]
[    1.127035] pci 0002:00:0e.0: PCI bridge to [bus 0f]
[    1.127037] pci 0002:00:0f.0: PCI bridge to [bus 10]
[    1.127040] pci 0002:00:10.0: PCI bridge to [bus 11]
[    1.127043] pci 0002:00:11.0: PCI bridge to [bus 12]
[    1.127046] pci 0002:00:12.0: PCI bridge to [bus 13]
[    1.127049] pci 0002:00:13.0: PCI bridge to [bus 14]
[    1.127052] pci 0002:00:14.0: PCI bridge to [bus 15]
[    1.127055] pci 0002:00:15.0: PCI bridge to [bus 16]
[    1.127058] pci 0002:00:16.0: PCI bridge to [bus 17]
[    1.127062] pci 0002:00:17.0: PCI bridge to [bus 18]
[    1.127065] pci 0002:00:18.0: PCI bridge to [bus 19]
[    1.127068] pci 0002:00:19.0: PCI bridge to [bus 1a]
[    1.127071] pci 0002:00:1a.0: PCI bridge to [bus 1b]
[    1.127075] pci 0002:00:1b.0: PCI bridge to [bus 1c]
[    1.127078] pci 0002:00:1c.0: PCI bridge to [bus 1d]
[    1.127082] pci 0002:00:1d.0: PCI bridge to [bus 1e]
[    1.127086] pci 0002:00:1e.0: PCI bridge to [bus 1f]
[    1.127089] pci 0002:00:1f.0: PCI bridge to [bus 20]
[    1.127091] pci_bus 0002:00: resource 4 [mem 0x878020000000-0x87802fffffff window]
[    1.127093] pci_bus 0002:00: resource 5 [mem 0x840000000000-0x85f4ffffffff window]
[    1.127094] pci_bus 0002:00: resource 6 [mem 0x01000000-0x037fffff window]
[    1.127095] pci_bus 0002:00: resource 7 [mem 0x9fc000000-0x9feffffff window]
[    1.127212] ACPI: PCI Root Bridge [PEM0] (domain 0003 [bus 00-ff])
[    1.127220] acpi PNP0A08:03: _OSC: OS supports [ExtendedConfig ASPM ClockPM Segments MSI EDR HPX-Type3]
[    1.127239] acpi PNP0A08:03: _OSC: platform does not support [PCIeHotplug PME AER LTR DPC]
[    1.127270] acpi PNP0A08:03: _OSC: OS now controls [PCIeCapability]
[    1.127489] acpi PNP0A08:03: ECAM area [mem 0x878030000000-0x87803fffffff] reserved by PNP0A08:03
[    1.127499] acpi PNP0A08:03: ECAM at [mem 0x878030000000-0x87803fffffff] for [bus 00-ff]
[    1.127603] PCI host bridge to bus 0003:00
[    1.127604] pci_bus 0003:00: root bus resource [mem 0x878030000000-0x87803fffffff window]
[    1.127605] pci_bus 0003:00: root bus resource [mem 0x8e0e00000000-0x8e0e000fffff window]
[    1.127607] pci_bus 0003:00: root bus resource [mem 0x882001000000-0x882fffffffff window] (bus address [0x01000000-0xfffffffff])
[    1.127609] pci_bus 0003:00: root bus resource [mem 0x884000000000-0x884fffffffff pref window] (bus address [0x00000000-0xfffffffff])
[    1.127611] pci_bus 0003:00: root bus resource [mem 0x886000000000-0x8860000fffff window] (bus address [0x00000000-0x000fffff])
[    1.127613] pci_bus 0003:00: root bus resource [bus 00-ff]
[    1.127628] pci_bus 0003:00: resource 4 [mem 0x878030000000-0x87803fffffff window]
[    1.127629] pci_bus 0003:00: resource 5 [mem 0x8e0e00000000-0x8e0e000fffff window]
[    1.127631] pci_bus 0003:00: resource 6 [mem 0x882001000000-0x882fffffffff window]
[    1.127632] pci_bus 0003:00: resource 7 [mem 0x884000000000-0x884fffffffff pref window]
[    1.127633] pci_bus 0003:00: resource 8 [mem 0x886000000000-0x8860000fffff window]
[    1.127707] ACPI: PCI Root Bridge [PEM1] (domain 0004 [bus 00-ff])
[    1.127714] acpi PNP0A08:04: _OSC: OS supports [ExtendedConfig ASPM ClockPM Segments MSI EDR HPX-Type3]
[    1.127731] acpi PNP0A08:04: _OSC: platform does not support [PCIeHotplug PME AER LTR DPC]
[    1.127762] acpi PNP0A08:04: _OSC: OS now controls [PCIeCapability]
[    1.128032] acpi PNP0A08:04: ECAM area [mem 0x878040000000-0x87804fffffff] reserved by PNP0A08:04
[    1.128041] acpi PNP0A08:04: ECAM at [mem 0x878040000000-0x87804fffffff] for [bus 00-ff]
[    1.128125] PCI host bridge to bus 0004:00
[    1.128126] pci_bus 0004:00: root bus resource [mem 0x878040000000-0x87804fffffff window]
[    1.128127] pci_bus 0004:00: root bus resource [mem 0x8e1e00000000-0x8e1e000fffff window]
[    1.128129] pci_bus 0004:00: root bus resource [mem 0x88a001000000-0x88afffffffff window] (bus address [0x01000000-0xfffffffff])
[    1.128131] pci_bus 0004:00: root bus resource [mem 0x88c000000000-0x88cfffffffff pref window] (bus address [0x00000000-0xfffffffff])
[    1.128132] pci_bus 0004:00: root bus resource [mem 0x88e000000000-0x88e0000fffff window] (bus address [0x00000000-0x000fffff])
[    1.128134] pci_bus 0004:00: root bus resource [bus 00-ff]
[    1.128148] pci_bus 0004:00: resource 4 [mem 0x878040000000-0x87804fffffff window]
[    1.128150] pci_bus 0004:00: resource 5 [mem 0x8e1e00000000-0x8e1e000fffff window]
[    1.128151] pci_bus 0004:00: resource 6 [mem 0x88a001000000-0x88afffffffff window]
[    1.128152] pci_bus 0004:00: resource 7 [mem 0x88c000000000-0x88cfffffffff pref window]
[    1.128154] pci_bus 0004:00: resource 8 [mem 0x88e000000000-0x88e0000fffff window]
[    1.128227] ACPI: PCI Root Bridge [PEM2] (domain 0005 [bus 00-ff])
[    1.128233] acpi PNP0A08:05: _OSC: OS supports [ExtendedConfig ASPM ClockPM Segments MSI EDR HPX-Type3]
[    1.128251] acpi PNP0A08:05: _OSC: platform does not support [PCIeHotplug PME AER LTR DPC]
[    1.128281] acpi PNP0A08:05: _OSC: OS now controls [PCIeCapability]
[    1.128620] acpi PNP0A08:05: ECAM area [mem 0x878050000000-0x87805fffffff] reserved by PNP0A08:05
[    1.128627] acpi PNP0A08:05: ECAM at [mem 0x878050000000-0x87805fffffff] for [bus 00-ff]
[    1.128710] PCI host bridge to bus 0005:00
[    1.128711] pci_bus 0005:00: root bus resource [mem 0x878050000000-0x87805fffffff window]
[    1.128712] pci_bus 0005:00: root bus resource [mem 0x8e2e00000000-0x8e2e000fffff window]
[    1.128714] pci_bus 0005:00: root bus resource [mem 0x892001000000-0x892fffffffff window] (bus address [0x01000000-0xfffffffff])
[    1.128716] pci_bus 0005:00: root bus resource [mem 0x894000000000-0x894fffffffff pref window] (bus address [0x00000000-0xfffffffff])
[    1.128717] pci_bus 0005:00: root bus resource [mem 0x896000000000-0x8960000fffff window] (bus address [0x00000000-0x000fffff])
[    1.128719] pci_bus 0005:00: root bus resource [bus 00-ff]
[    1.128727] pci 0005:00:00.0: [177d:a02d] type 01 class 0x060400
[    1.128734] pci 0005:00:00.0: reg 0x38: [mem 0x8920fffff800-0x8920ffffffff pref]
[    1.128748] pci 0005:00:00.0: BAR 0: [mem 0x8e2e00000000-0x8e2e000fffff 64bit] (from Enhanced Allocation, properties 0x0)
[    1.128802] pci 0005:00:00.0: PTM enabled (root), 16ns granularity
[    1.128903] pci 0005:01:00.0: [1987:5013] type 00 class 0x010802
[    1.128917] pci 0005:01:00.0: reg 0x10: [mem 0x892001000000-0x892001003fff 64bit]
[    1.129080] pci 0005:01:00.0: 15.752 Gb/s available PCIe bandwidth, limited by 8.0 GT/s PCIe x2 link at 0005:00:00.0 (capable of 31.504 Gb/s with 8.0 GT/s PCIe x4 link)
[    1.150238] pci 0005:00:00.0: BAR 14: assigned [mem 0x892001000000-0x8920010fffff]
[    1.150240] pci 0005:00:00.0: BAR 6: assigned [mem 0x894000000000-0x8940000007ff pref]
[    1.150244] pci 0005:01:00.0: BAR 0: assigned [mem 0x892001000000-0x892001003fff 64bit]
[    1.150249] pci 0005:00:00.0: PCI bridge to [bus 01]
[    1.150251] pci 0005:00:00.0:   bridge window [mem 0x892001000000-0x8920010fffff]
[    1.150253] pci_bus 0005:00: resource 4 [mem 0x878050000000-0x87805fffffff window]
[    1.150254] pci_bus 0005:00: resource 5 [mem 0x8e2e00000000-0x8e2e000fffff window]
[    1.150256] pci_bus 0005:00: resource 6 [mem 0x892001000000-0x892fffffffff window]
[    1.150257] pci_bus 0005:00: resource 7 [mem 0x894000000000-0x894fffffffff pref window]
[    1.150258] pci_bus 0005:00: resource 8 [mem 0x896000000000-0x8960000fffff window]
[    1.150260] pci_bus 0005:01: resource 1 [mem 0x892001000000-0x8920010fffff]
[    1.150343] ACPI: PCI Root Bridge [PEM3] (domain 0006 [bus 00-ff])
[    1.150349] acpi PNP0A08:06: _OSC: OS supports [ExtendedConfig ASPM ClockPM Segments MSI EDR HPX-Type3]
[    1.150367] acpi PNP0A08:06: _OSC: platform does not support [PCIeHotplug PME AER LTR DPC]
[    1.150398] acpi PNP0A08:06: _OSC: OS now controls [PCIeCapability]
[    1.150793] acpi PNP0A08:06: ECAM area [mem 0x878060000000-0x87806fffffff] reserved by PNP0A08:06
[    1.150805] acpi PNP0A08:06: ECAM at [mem 0x878060000000-0x87806fffffff] for [bus 00-ff]
[    1.150888] PCI host bridge to bus 0006:00
[    1.150889] pci_bus 0006:00: root bus resource [mem 0x878060000000-0x87806fffffff window]
[    1.150891] pci_bus 0006:00: root bus resource [mem 0x8e3e00000000-0x8e3e000fffff window]
[    1.150892] pci_bus 0006:00: root bus resource [mem 0x89a001000000-0x89afffffffff window] (bus address [0x01000000-0xfffffffff])
[    1.150894] pci_bus 0006:00: root bus resource [mem 0x89c000000000-0x89cfffffffff pref window] (bus address [0x00000000-0xfffffffff])
[    1.150895] pci_bus 0006:00: root bus resource [mem 0x89e000000000-0x89e0000fffff window] (bus address [0x00000000-0x000fffff])
[    1.150897] pci_bus 0006:00: root bus resource [bus 00-ff]
[    1.150913] pci_bus 0006:00: resource 4 [mem 0x878060000000-0x87806fffffff window]
[    1.150914] pci_bus 0006:00: resource 5 [mem 0x8e3e00000000-0x8e3e000fffff window]
[    1.150916] pci_bus 0006:00: resource 6 [mem 0x89a001000000-0x89afffffffff window]
[    1.150917] pci_bus 0006:00: resource 7 [mem 0x89c000000000-0x89cfffffffff pref window]
[    1.150918] pci_bus 0006:00: resource 8 [mem 0x89e000000000-0x89e0000fffff window]
[    1.150992] ACPI: PCI Root Bridge [PEM4] (domain 0007 [bus 00-ff])
[    1.150999] acpi PNP0A08:07: _OSC: OS supports [ExtendedConfig ASPM ClockPM Segments MSI EDR HPX-Type3]
[    1.151016] acpi PNP0A08:07: _OSC: platform does not support [PCIeHotplug PME AER LTR DPC]
[    1.151046] acpi PNP0A08:07: _OSC: OS now controls [PCIeCapability]
[    1.151480] acpi PNP0A08:07: ECAM area [mem 0x878070000000-0x87807fffffff] reserved by PNP0A08:07
[    1.151487] acpi PNP0A08:07: ECAM at [mem 0x878070000000-0x87807fffffff] for [bus 00-ff]
[    1.151568] PCI host bridge to bus 0007:00
[    1.151569] pci_bus 0007:00: root bus resource [mem 0x878070000000-0x87807fffffff window]
[    1.151571] pci_bus 0007:00: root bus resource [mem 0x8e4e00000000-0x8e4e000fffff window]
[    1.151572] pci_bus 0007:00: root bus resource [mem 0x8a2001000000-0x8a2fffffffff window] (bus address [0x01000000-0xfffffffff])
[    1.151574] pci_bus 0007:00: root bus resource [mem 0x8a4000000000-0x8a4fffffffff pref window] (bus address [0x00000000-0xfffffffff])
[    1.151575] pci_bus 0007:00: root bus resource [mem 0x8a6000000000-0x8a60000fffff window] (bus address [0x00000000-0x000fffff])
[    1.151577] pci_bus 0007:00: root bus resource [bus 00-ff]
[    1.151593] pci_bus 0007:00: resource 4 [mem 0x878070000000-0x87807fffffff window]
[    1.151594] pci_bus 0007:00: resource 5 [mem 0x8e4e00000000-0x8e4e000fffff window]
[    1.151595] pci_bus 0007:00: resource 6 [mem 0x8a2001000000-0x8a2fffffffff window]
[    1.151597] pci_bus 0007:00: resource 7 [mem 0x8a4000000000-0x8a4fffffffff pref window]
[    1.151598] pci_bus 0007:00: resource 8 [mem 0x8a6000000000-0x8a60000fffff window]
[    1.151671] ACPI: PCI Root Bridge [PEM5] (domain 0008 [bus 00-ff])
[    1.151677] acpi PNP0A08:08: _OSC: OS supports [ExtendedConfig ASPM ClockPM Segments MSI EDR HPX-Type3]
[    1.151694] acpi PNP0A08:08: _OSC: platform does not support [PCIeHotplug PME AER LTR DPC]
[    1.151725] acpi PNP0A08:08: _OSC: OS now controls [PCIeCapability]
[    1.152225] acpi PNP0A08:08: ECAM area [mem 0x878080000000-0x87808fffffff] reserved by PNP0A08:08
[    1.152232] acpi PNP0A08:08: ECAM at [mem 0x878080000000-0x87808fffffff] for [bus 00-ff]
[    1.152314] PCI host bridge to bus 0008:00
[    1.152315] pci_bus 0008:00: root bus resource [mem 0x878080000000-0x87808fffffff window]
[    1.152316] pci_bus 0008:00: root bus resource [mem 0x8e5e00000000-0x8e5e000fffff window]
[    1.152318] pci_bus 0008:00: root bus resource [mem 0x8aa001000000-0x8aafffffffff window] (bus address [0x01000000-0xfffffffff])
[    1.152319] pci_bus 0008:00: root bus resource [mem 0x8ac000000000-0x8acfffffffff pref window] (bus address [0x00000000-0xfffffffff])
[    1.152321] pci_bus 0008:00: root bus resource [mem 0x8ae000000000-0x8ae0000fffff window] (bus address [0x00000000-0x000fffff])
[    1.152323] pci_bus 0008:00: root bus resource [bus 00-ff]
[    1.152338] pci_bus 0008:00: resource 4 [mem 0x878080000000-0x87808fffffff window]
[    1.152339] pci_bus 0008:00: resource 5 [mem 0x8e5e00000000-0x8e5e000fffff window]
[    1.152340] pci_bus 0008:00: resource 6 [mem 0x8aa001000000-0x8aafffffffff window]
[    1.152342] pci_bus 0008:00: resource 7 [mem 0x8ac000000000-0x8acfffffffff pref window]
[    1.152343] pci_bus 0008:00: resource 8 [mem 0x8ae000000000-0x8ae0000fffff window]
[    1.152431] ARMH0011:00: ttyAMA0 at MMIO 0x87e028000000 (irq = 13, base_baud = 0) is a SBSA
[    1.152437] printk: console [ttyAMA0] enabled
[    7.734929] ARMH0011:01: ttyAMA1 at MMIO 0x87e029000000 (irq = 14, base_baud = 0) is a SBSA
[    7.743768] iommu: Default domain type: Translated 
[    7.748636] iommu: DMA domain TLB invalidation policy: lazy mode 
[    7.754831] SCSI subsystem initialized
[    7.758604] libata version 3.00 loaded.
[    7.758626] ACPI: bus type USB registered
[    7.762631] usbcore: registered new interface driver usbfs
[    7.768101] usbcore: registered new interface driver hub
[    7.773416] usbcore: registered new device driver usb
[    7.778479] pps_core: LinuxPPS API ver. 1 registered
[    7.783430] pps_core: Software ver. 5.3.6 - Copyright 2005-2007 Rodolfo Giometti <giometti@linux.it>
[    7.792538] PTP clock support registered
[    7.796498] EDAC MC: Ver: 3.0.0
[    7.799860] Registered efivars operations
[    7.804134] NetLabel: Initializing
[    7.807524] NetLabel:  domain hash size = 128
[    7.812148] NetLabel:  protocols = UNLABELED CIPSOv4 CALIPSO
[    7.821127] NetLabel:  unlabeled traffic allowed by default
[    7.830081] mctp: management component transport protocol core
[    7.836665] NET: Registered PF_MCTP protocol family
[    7.844925] vgaarb: loaded
[    7.852989] clocksource: Switched to clocksource arch_sys_counter
[    7.881817] VFS: Disk quotas dquot_6.6.0
[    7.885739] VFS: Dquot-cache hash table entries: 512 (order 0, 4096 bytes)
[    7.893318] pnp: PnP ACPI init
[    7.896514] pnp: PnP ACPI: found 0 devices
[    7.902058] NET: Registered PF_INET protocol family
[    7.907001] IP idents hash table entries: 262144 (order: 9, 2097152 bytes, linear)
[    7.917966] tcp_listen_portaddr_hash hash table entries: 32768 (order: 7, 524288 bytes, linear)
[    7.926719] Table-perturb hash table entries: 65536 (order: 6, 262144 bytes, linear)
[    7.934462] TCP established hash table entries: 524288 (order: 10, 4194304 bytes, linear)
[    7.943079] TCP bind hash table entries: 65536 (order: 9, 2097152 bytes, linear)
[    7.950640] TCP: Hash tables configured (established 524288 bind 65536)
[    7.957394] MPTCP token hash table entries: 65536 (order: 8, 1572864 bytes, linear)
[    7.965172] UDP hash table entries: 32768 (order: 8, 1048576 bytes, linear)
[    7.972200] UDP-Lite hash table entries: 32768 (order: 8, 1048576 bytes, linear)
[    7.979728] NET: Registered PF_UNIX/PF_LOCAL protocol family
[    7.985378] NET: Registered PF_XDP protocol family
[    7.990298] PCI: CLS 0 bytes, default 64
[    7.994217] ACPI: bus type thunderbolt registered
[    7.994287] Trying to unpack rootfs image as initramfs...
[    8.004739] hw perfevents: enabled with armv8_pmuv3_0 PMU driver, 7 counters available
[    8.012653] kvm [1]: IPA Size Limit: 48 bits
[    8.016921] kvm [1]: GICv4 support disabled
[    8.021087] kvm [1]: GICv3: no GICV resource entry
[    8.025864] kvm [1]: disabling GICv2 emulation
[    8.030294] kvm [1]: GIC system register CPU interface enabled
[    8.036379] kvm [1]: vgic interrupt IRQ9
[    8.040587] kvm [1]: VHE mode initialized successfully
[    8.046348] Initialise system trusted keyrings
[    8.050785] Key type blacklist registered
[    8.054820] workingset: timestamp_bits=37 max_order=24 bucket_order=0
[    8.061266] zbud: loaded
[    8.064145] integrity: Platform Keyring initialized
[    8.069010] integrity: Machine keyring initialized
[    8.087472] NET: Registered PF_ALG protocol family
[    8.092248] xor: measuring software checksum speed
[    8.097583]    8regs           : 17625 MB/sec
[    8.102498]    32regs          : 17208 MB/sec
[    8.107367]    arm64_neon      : 19235 MB/sec
[    8.111706] xor: using function: arm64_neon (19235 MB/sec)
[    8.117179] Key type asymmetric registered
[    8.121258] Asymmetric key parser 'x509' registered
[    8.406224] Freeing initrd memory: 33764K
[    8.413993] Block layer SCSI generic (bsg) driver version 0.4 loaded (major 244)
[    8.421414] io scheduler mq-deadline registered
[    8.425931] io scheduler kyber registered
[    8.429932] io scheduler bfq registered
[    8.435778] atomic64_test: passed
[    8.441036] ACPI GTDT: found 1 SBSA generic Watchdog(s).
[    8.447213] Serial: 8250/16550 driver, 32 ports, IRQ sharing enabled
[    8.455081] msm_serial: driver initialized
[    8.459356] arm-smmu-v3 arm-smmu-v3.0.auto: option mask 0x0
[    8.464930] arm-smmu-v3 arm-smmu-v3.0.auto: ias 52-bit, oas 52-bit (features 0x0006d78d)
[    8.473187] arm-smmu-v3 arm-smmu-v3.0.auto: allocated 65536 entries for cmdq
[    8.480286] arm-smmu-v3 arm-smmu-v3.0.auto: allocated 32768 entries for evtq
[    8.487717] ACPI: bus type drm_connector registered
[    8.494379] xhci_hcd 0001:00:0c.0: Adding to iommu group 0
[    8.500018] xhci_hcd 0001:00:0c.0: xHCI Host Controller
[    8.505279] xhci_hcd 0001:00:0c.0: new USB bus registered, assigned bus number 1
[    8.512758] xhci_hcd 0001:00:0c.0: hcc params 0x0110ffcd hci version 0x110 quirks 0x0000000000000010
[    8.522007] xhci_hcd 0001:00:0c.0: xHCI Host Controller
[    8.527245] xhci_hcd 0001:00:0c.0: new USB bus registered, assigned bus number 2
[    8.534627] xhci_hcd 0001:00:0c.0: Host supports USB 3.1 Enhanced SuperSpeed
[    8.541704] usb usb1: New USB device found, idVendor=1d6b, idProduct=0002, bcdDevice= 6.02
[    8.549950] usb usb1: New USB device strings: Mfr=3, Product=2, SerialNumber=1
[    8.557153] usb usb1: Product: xHCI Host Controller
[    8.562013] usb usb1: Manufacturer: Linux 6.2.10-200.fc37.aarch64 xhci-hcd
[    8.568869] usb usb1: SerialNumber: 0001:00:0c.0
[    8.573555] hub 1-0:1.0: USB hub found
[    8.577292] hub 1-0:1.0: 1 port detected
[    8.581281] usb usb2: We don't know the algorithms for LPM for this host, disabling LPM.
[    8.589376] usb usb2: New USB device found, idVendor=1d6b, idProduct=0003, bcdDevice= 6.02
[    8.597620] usb usb2: New USB device strings: Mfr=3, Product=2, SerialNumber=1
[    8.604824] usb usb2: Product: xHCI Host Controller
[    8.609684] usb usb2: Manufacturer: Linux 6.2.10-200.fc37.aarch64 xhci-hcd
[    8.616541] usb usb2: SerialNumber: 0001:00:0c.0
[    8.621229] hub 2-0:1.0: USB hub found
[    8.624974] hub 2-0:1.0: 1 port detected
[    8.628974] xhci_hcd 0001:00:0d.0: Adding to iommu group 1
[    8.634535] xhci_hcd 0001:00:0d.0: xHCI Host Controller
[    8.639780] xhci_hcd 0001:00:0d.0: new USB bus registered, assigned bus number 3
[    8.647280] xhci_hcd 0001:00:0d.0: hcc params 0x0110ffc5 hci version 0x110 quirks 0x0000000000000010
[    8.656509] xhci_hcd 0001:00:0d.0: xHCI Host Controller
[    8.661742] xhci_hcd 0001:00:0d.0: new USB bus registered, assigned bus number 4
[    8.669122] xhci_hcd 0001:00:0d.0: Host supports USB 3.1 Enhanced SuperSpeed
[    8.676200] usb usb3: New USB device found, idVendor=1d6b, idProduct=0002, bcdDevice= 6.02
[    8.684444] usb usb3: New USB device strings: Mfr=3, Product=2, SerialNumber=1
[    8.691645] usb usb3: Product: xHCI Host Controller
[    8.696506] usb usb3: Manufacturer: Linux 6.2.10-200.fc37.aarch64 xhci-hcd
[    8.703363] usb usb3: SerialNumber: 0001:00:0d.0
[    8.708050] hub 3-0:1.0: USB hub found
[    8.711788] hub 3-0:1.0: 1 port detected
[    8.715765] usb usb4: We don't know the algorithms for LPM for this host, disabling LPM.
[    8.723856] usb usb4: New USB device found, idVendor=1d6b, idProduct=0003, bcdDevice= 6.02
[    8.732096] usb usb4: New USB device strings: Mfr=3, Product=2, SerialNumber=1
[    8.739301] usb usb4: Product: xHCI Host Controller
[    8.744163] usb usb4: Manufacturer: Linux 6.2.10-200.fc37.aarch64 xhci-hcd
[    8.751016] usb usb4: SerialNumber: 0001:00:0d.0
[    8.755759] hub 4-0:1.0: USB hub found
[    8.759496] hub 4-0:1.0: 1 port detected
[    8.763498] usbcore: registered new interface driver usbserial_generic
[    8.770008] usbserial: USB Serial support registered for generic
[    8.776029] mousedev: PS/2 mouse device common for all mice
[    8.786454] rtc-efi rtc-efi.0: registered as rtc0
[    8.793503] rtc-efi rtc-efi.0: setting system clock to 2023-04-20T21:12:04 UTC (1682025124)
[    8.802045] device-mapper: core: CONFIG_IMA_DISABLE_HTABLE is disabled. Duplicate IMA measurements will not be recorded in the IMA log.
[    8.814228] device-mapper: uevent: version 1.0.3
[    8.818863] device-mapper: ioctl: 4.47.0-ioctl (2022-07-28) initialised: dm-devel@redhat.com
[    8.827382] ghes_edac: This system has 3 DIMM sockets.
[    8.832559] EDAC MC0: Giving out device to module ghes_edac.c controller ghes_edac: DEV ghes (INTERRUPT)
[    8.842336] ledtrig-cpu: registered to indicate activity on CPUs
[    8.848578] SMCCC: SOC_ID: ID = jep106:0369:00b9 Revision = 0x00000001
[    8.855159] hid: raw HID events driver (C) Jiri Kosina
[    8.860303] usbcore: registered new interface driver usbhid
[    8.865859] usbhid: USB HID core driver
[    8.869973] drop_monitor: Initializing network drop monitor service
[    8.887394] Initializing XFRM netlink socket
[    8.891682] NET: Registered PF_INET6 protocol family
[    8.900347] Segment Routing with IPv6
[    8.904003] RPL Segment Routing with IPv6
[    8.908039] In-situ OAM (IOAM) with IPv6
[    8.911960] mip6: Mobile IPv6
[    8.914918] NET: Registered PF_PACKET protocol family
[    8.922291] registered taskstats version 1
[    8.926895] Loading compiled-in X.509 certificates
[    8.940032] Loaded X.509 cert 'Fedora kernel signing key: 643777aed10d4ba59843019124ae903dd088cb1e'
[    8.949831] zswap: loaded using pool lzo/zbud
[    8.956734] page_owner is disabled
[    8.960172] Key type .fscrypt registered
[    8.964150] Key type fscrypt-provisioning registered
[    8.969458] Btrfs loaded, crc32c=crc32c-generic, zoned=yes, fsverity=yes
[    8.976169] Key type big_key registered
[    8.980139] Key type encrypted registered
[    8.984234] ima: secureboot mode disabled
[    8.988229] ima: No TPM chip found, activating TPM-bypass!
[    8.993736] Loading compiled-in module X.509 certificates
[    8.999592] Loaded X.509 cert 'Fedora kernel signing key: 643777aed10d4ba59843019124ae903dd088cb1e'
[    9.008619] ima: Allocated hash algorithm: sha256
[    9.013339] ima: No architecture policies found
[    9.017866] evm: Initialising EVM extended attributes:
[    9.022989] evm: security.selinux
[    9.026288] evm: security.SMACK64 (disabled)
[    9.030540] evm: security.SMACK64EXEC (disabled)
[    9.035144] evm: security.SMACK64TRANSMUTE (disabled)
[    9.040176] evm: security.SMACK64MMAP (disabled)
[    9.044780] evm: security.apparmor (disabled)
[    9.049119] evm: security.ima
[    9.052070] evm: security.capability
[    9.055632] evm: HMAC attrs: 0x1
[    9.083697] alg: No test for 842 (842-scomp)
[    9.087987] alg: No test for 842 (842-generic)
[    9.197210] pcieport 0000:00:01.0: Adding to iommu group 2
[    9.202886] pcieport 0000:00:0c.0: Adding to iommu group 3
[    9.208527] pcieport 0000:00:0d.0: Adding to iommu group 4
[    9.214157] pcieport 0000:00:0e.0: Adding to iommu group 5
[    9.219755] pcieport 0000:00:0f.0: Adding to iommu group 6
[    9.225400] pcieport 0000:00:14.0: Adding to iommu group 7
[    9.231068] pcieport 0002:00:00.0: Adding to iommu group 8
[    9.236713] pcieport 0002:00:01.0: Adding to iommu group 9
[    9.242310] pcieport 0002:00:02.0: Adding to iommu group 10
[    9.248064] pcieport 0002:00:03.0: Adding to iommu group 11
[    9.253784] pcieport 0002:00:04.0: Adding to iommu group 12
[    9.259494] pcieport 0002:00:05.0: Adding to iommu group 13
[    9.265188] pcieport 0002:00:06.0: Adding to iommu group 14
[    9.270906] pcieport 0002:00:07.0: Adding to iommu group 15
[    9.276597] pcieport 0002:00:08.0: Adding to iommu group 16
[    9.282313] pcieport 0002:00:09.0: Adding to iommu group 17
[    9.288005] pcieport 0002:00:0a.0: Adding to iommu group 18
[    9.293737] pcieport 0002:00:0b.0: Adding to iommu group 19
[    9.299421] pcieport 0002:00:0c.0: Adding to iommu group 20
[    9.305136] pcieport 0002:00:0d.0: Adding to iommu group 21
[    9.310888] pcieport 0002:00:0e.0: Adding to iommu group 22
[    9.316576] pcieport 0002:00:0f.0: Adding to iommu group 23
[    9.322290] pcieport 0002:00:10.0: Adding to iommu group 24
[    9.328002] pcieport 0002:00:11.0: Adding to iommu group 25
[    9.333714] pcieport 0002:00:12.0: Adding to iommu group 26
[    9.339414] pcieport 0002:00:13.0: Adding to iommu group 27
[    9.345100] pcieport 0002:00:14.0: Adding to iommu group 28
[    9.350814] pcieport 0002:00:15.0: Adding to iommu group 29
[    9.356507] pcieport 0002:00:16.0: Adding to iommu group 30
[    9.362226] pcieport 0002:00:17.0: Adding to iommu group 31
[    9.367916] pcieport 0002:00:18.0: Adding to iommu group 32
[    9.373652] pcieport 0002:00:19.0: Adding to iommu group 33
[    9.379341] pcieport 0002:00:1a.0: Adding to iommu group 34
[    9.385112] pcieport 0002:00:1b.0: Adding to iommu group 35
[    9.390820] pcieport 0002:00:1c.0: Adding to iommu group 36
[    9.396546] pcieport 0002:00:1d.0: Adding to iommu group 37
[    9.402224] pcieport 0002:00:1e.0: Adding to iommu group 38
[    9.407965] pcieport 0002:00:1f.0: Adding to iommu group 39
[    9.412980] usb 1-1: new high-speed USB device number 2 using xhci_hcd
[    9.420083] pcieport 0005:00:00.0: Adding to iommu group 40
[    9.428127] Freeing unused kernel memory: 9600K
[    9.546142] Checked W+X mappings: passed, no W+X pages found
[    9.551789] rodata_test: all tests were successful
[    9.556583] Run /init as init process
[    9.560229]   with arguments:
[    9.560231]     /init
[    9.560232]   with environment:
[    9.560233]     HOME=/
[    9.560234]     TERM=linux
[    9.560235]     BOOT_IMAGE=(hd1,gpt2)/vmlinuz-6.2.10-200.fc37.aarch64
[    9.570220] systemd[1]: systemd 251.14-2.fc37 running in system mode (+PAM +AUDIT +SELINUX -APPARMOR +IMA +SMACK +SECCOMP -GCRYPT +GNUTLS +OPENSSL +ACL +BLKID +CURL +ELFUTILS +FIDO2 +IDN2 -IDN -IPTC +KMOD +LIBCRYPTSETUP +LIBFDISK +PCRE2 +PWQUALITY +P11KIT +QRENCODE +TPM2 +BZIP2 +LZ4 +XZ +ZLIB +ZSTD +BPF_FRAMEWORK +XKBCOMMON +UTMP +SYSVINIT default-hierarchy=unified)
[    9.602592] systemd[1]: Detected architecture arm64.
[    9.607546] systemd[1]: Running in initial RAM disk.
[    9.608781] usb 1-1: New USB device found, idVendor=0bda, idProduct=9210, bcdDevice=20.01
[    9.620649] usb 1-1: New USB device strings: Mfr=1, Product=2, SerialNumber=3
[    9.620651] usb 1-1: Product: Sabrent
[    9.620652] usb 1-1: Manufacturer: Sabrent
[    9.620653] usb 1-1: SerialNumber: 012345678930
[    9.673105] systemd[1]: No hostname configured, using default hostname.
[    9.679782] systemd[1]: Hostname set to <localhost>.
[    9.796577] systemd[1]: bpf-lsm: Failed to load BPF object: No such process
[    9.860972] systemd[1]: Queued start job for default target initrd.target.
[    9.963443] systemd[1]: Reached target initrd-usr-fs.target - Initrd /usr File System.
[   10.003019] systemd[1]: Reached target local-fs.target - Local File Systems.
[   10.043009] systemd[1]: Reached target slices.target - Slice Units.
[   10.083016] systemd[1]: Reached target swap.target - Swaps.
[   10.112997] systemd[1]: Reached target timers.target - Timer Units.
[   10.153115] systemd[1]: Listening on dbus.socket - D-Bus System Message Bus Socket.
[   10.193137] systemd[1]: Listening on systemd-journald-audit.socket - Journal Audit Socket.
[   10.233113] systemd[1]: Listening on systemd-journald-dev-log.socket - Journal Socket (/dev/log).
[   10.273105] systemd[1]: Listening on systemd-journald.socket - Journal Socket.
[   10.313112] systemd[1]: Listening on systemd-udevd-control.socket - udev Control Socket.
[   10.353086] systemd[1]: Listening on systemd-udevd-kernel.socket - udev Kernel Socket.
[   10.393005] systemd[1]: Reached target sockets.target - Socket Units.
[   10.473113] systemd[1]: Starting kmod-static-nodes.service - Create List of Static Device Nodes...
[   10.513038] systemd[1]: memstrack.service - Memstrack Anylazing Service was skipped because all trigger condition checks failed.
[   10.526956] systemd[1]: Starting systemd-journald.service - Journal Service...
[   10.563925] systemd[1]: Starting systemd-modules-load.service - Load Kernel Modules...
[   10.580201] alua: device handler registered
[   10.585452] emc: device handler registered
[   10.590772] rdac: device handler registered
[   10.603831] systemd[1]: Starting systemd-sysusers.service - Create System Users...
[   10.643836] systemd[1]: Starting systemd-vconsole-setup.service - Setup Virtual Console...
[   10.683897] systemd[1]: Started systemd-journald.service - Journal Service.
[   10.723118] audit: type=1130 audit(1682025126.420:2): pid=1 uid=0 auid=4294967295 ses=4294967295 subj=kernel msg='unit=systemd-journald comm="systemd" exe="/usr/lib/systemd/systemd" hostname=? addr=? terminal=? res=success'
[   10.773025] audit: type=1130 audit(1682025126.470:3): pid=1 uid=0 auid=4294967295 ses=4294967295 subj=kernel msg='unit=kmod-static-nodes comm="systemd" exe="/usr/lib/systemd/systemd" hostname=? addr=? terminal=? res=success'
[   10.823073] audit: type=1130 audit(1682025126.520:4): pid=1 uid=0 auid=4294967295 ses=4294967295 subj=kernel msg='unit=systemd-modules-load comm="systemd" exe="/usr/lib/systemd/systemd" hostname=? addr=? terminal=? res=success'
[   10.873022] audit: type=1130 audit(1682025126.570:5): pid=1 uid=0 auid=4294967295 ses=4294967295 subj=kernel msg='unit=systemd-vconsole-setup comm="systemd" exe="/usr/lib/systemd/systemd" hostname=? addr=? terminal=? res=success'
[   11.033096] audit: type=1130 audit(1682025126.730:6): pid=1 uid=0 auid=4294967295 ses=4294967295 subj=kernel msg='unit=systemd-sysctl comm="systemd" exe="/usr/lib/systemd/systemd" hostname=? addr=? terminal=? res=success'
[   11.083015] audit: type=1130 audit(1682025126.780:7): pid=1 uid=0 auid=4294967295 ses=4294967295 subj=kernel msg='unit=dracut-cmdline comm="systemd" exe="/usr/lib/systemd/systemd" hostname=? addr=? terminal=? res=success'
[   11.163024] audit: type=1130 audit(1682025126.860:8): pid=1 uid=0 auid=4294967295 ses=4294967295 subj=kernel msg='unit=dracut-pre-udev comm="systemd" exe="/usr/lib/systemd/systemd" hostname=? addr=? terminal=? res=success'
[   11.213022] audit: type=1130 audit(1682025126.910:9): pid=1 uid=0 auid=4294967295 ses=4294967295 subj=kernel msg='unit=systemd-sysusers comm="systemd" exe="/usr/lib/systemd/systemd" hostname=? addr=? terminal=? res=success'
[   11.323032] audit: type=1130 audit(1682025127.020:10): pid=1 uid=0 auid=4294967295 ses=4294967295 subj=kernel msg='unit=systemd-tmpfiles-setup-dev comm="systemd" exe="/usr/lib/systemd/systemd" hostname=? addr=? terminal=? res=success'
[   11.373010] audit: type=1130 audit(1682025127.070:11): pid=1 uid=0 auid=4294967295 ses=4294967295 subj=kernel msg='unit=systemd-tmpfiles-setup comm="systemd" exe="/usr/lib/systemd/systemd" hostname=? addr=? terminal=? res=success'
[   11.605569] cadence-xspi PRP0001:02: invalid resource
[   11.610610] cadence-xspi PRP0001:02: Failed to remap controller base address
[   11.618122] gpio_thunderx 0000:00:11.0: Adding to iommu group 41
[   11.624440] usb-storage 1-1:1.0: USB Mass Storage device detected
[   11.624575] i2c-thunderx 0000:01:18.0: Adding to iommu group 42
[   11.625211] gpio gpiochip0: (gpio_thunderx): missing irqdomain vital data
[   11.625218] gpiochip_add_data_with_key: GPIOs 512..587 (gpio_thunderx) failed to register, -22
[   11.625221] gpio_thunderx: probe of 0000:00:11.0 failed with error -22
[   11.630673] scsi host0: usb-storage 1-1:1.0
[   11.636588] mdio_thunder 0000:01:01.3: Adding to iommu group 43
[   11.636795] i2c-thunderx 0000:01:18.0: Probed. Set system clock to 700000000
[   11.636798] i2c-thunderx 0000:01:18.0: SMBUS alert not active on this bus
[   11.638922] MACsec IEEE 802.1AE
[   11.647097] sbsa-gwdt sbsa-gwdt.0: Initialized with 10s timeout @ 1000000000 Hz, action=0.
[   11.654510] i2c-thunderx 0000:01:18.1: Adding to iommu group 42
[   11.657248] rvu_af: Marvell OcteonTX2 RVU Admin Function Driver
[   11.666304] cadence-xspi: probe of PRP0001:02 failed with error -22
[   11.668523] Marvell-CGX/RPM 0000:01:10.0: Adding to iommu group 44
[   11.668599] i2c-thunderx 0000:01:18.1: Probed. Set system clock to 700000000
[   11.668601] i2c-thunderx 0000:01:18.1: SMBUS alert not active on this bus
[   11.673078] usbcore: registered new interface driver usb-storage
[   11.677638] rvu_nicpf: Marvell RVU NIC Physical Function Driver
[   11.682795] cadence-xspi PRP0001:04: invalid resource
[   11.687024] usbcore: registered new interface driver uas
[   11.693599] cadence-xspi PRP0001:04: Failed to remap controller base address
[   11.760923] rvu_cptpf 0002:20:00.0: Adding to iommu group 45
[   11.761094] cadence-xspi: probe of PRP0001:04 failed with error -22
[   11.766672] i2c-thunderx 0000:01:18.2: Adding to iommu group 42
[   11.766726] rvu_cptpf 0002:20:00.0: AF is not initialized, deferring probe
[   11.766819] rvu_cptpf 0002:20:00.0: AF is not initialized, deferring probe
[   11.792644] rvu_nicpf 0002:02:00.0: Adding to iommu group 46
[   11.792712] i2c-thunderx 0000:01:18.2: Probed. Set system clock to 700000000
[   11.801182] rvu_nicpf 0002:02:00.0: AF is not initialized, deferring probe
[   11.810820] i2c-thunderx 0000:01:18.2: SMBUS alert not active on this bus
[   11.810916] rvu_cptpf 0002:20:00.0: AF is not initialized, deferring probe
[   11.819329] nvme 0005:01:00.0: Adding to iommu group 47
[   11.826056] rvu_nicpf 0002:02:00.0: AF is not initialized, deferring probe
[   11.833103] nvme nvme0: pci function 0005:01:00.0
[   11.838113] rvu_cptpf 0002:20:00.0: AF is not initialized, deferring probe
[   11.838154] rvu_nicpf 0002:03:00.0: Adding to iommu group 48
[   11.838221] i2c-thunderx 0000:01:18.4: Adding to iommu group 42
[   11.838309] rvu_nicpf 0002:03:00.0: AF is not initialized, deferring probe
[   11.838427] i2c-thunderx 0000:01:18.4: Probed. Set system clock to 700000000
[   11.838429] i2c-thunderx 0000:01:18.4: SMBUS alert not active on this bus
[   11.861989] nvme nvme0: missing or invalid SUBNQN field.
[   11.862153] rvu_nicpf 0002:02:00.0: AF is not initialized, deferring probe
[   11.862207] rvu_nicpf 0002:04:00.0: Adding to iommu group 49
[   11.862355] rvu_nicpf 0002:04:00.0: AF is not initialized, deferring probe
[   11.892666] nvme nvme0: allocated 128 MiB host memory buffer.
[   11.894003] rvu_nicpf 0002:03:00.0: AF is not initialized, deferring probe
[   11.894068] rvu_nicpf 0002:05:00.0: Adding to iommu group 50
[   11.894149] i2c-thunderx 0000:01:18.5: Adding to iommu group 42
[   11.894280] rvu_nicpf 0002:05:00.0: AF is not initialized, deferring probe
[   11.894341] i2c-thunderx 0000:01:18.5: Probed. Set system clock to 700000000
[   11.894343] i2c-thunderx 0000:01:18.5: SMBUS alert not active on this bus
[   11.905335] nvme nvme0: 8/0/0 default/read/poll queues
[   11.906510] rvu_cptpf 0002:20:00.0: AF is not initialized, deferring probe
[   11.906546] rvu_nicpf 0002:06:00.0: Adding to iommu group 51
[   11.906613] i2c-thunderx 0000:01:18.6: Adding to iommu group 42
[   11.906671] rvu_nicpf 0002:06:00.0: AF is not initialized, deferring probe
[   11.906774] i2c-thunderx 0000:01:18.6: Probed. Set system clock to 700000000
[   11.906776] i2c-thunderx 0000:01:18.6: SMBUS alert not active on this bus
[   11.906858] i2c-thunderx 0000:01:18.7: Adding to iommu group 42
[   11.906969] i2c-thunderx 0000:01:18.7: Probed. Set system clock to 700000000
[   11.906971] i2c-thunderx 0000:01:18.7: SMBUS alert not active on this bus
[   11.907117] i2c-thunderx 0000:01:19.0: Adding to iommu group 52
[   11.907369] i2c-thunderx 0000:01:19.0: Probed. Set system clock to 700000000
[   11.907371] i2c-thunderx 0000:01:19.0: SMBUS alert not active on this bus
[   11.907432] i2c-thunderx 0000:01:19.1: Adding to iommu group 52
[   11.907534] i2c-thunderx 0000:01:19.1: Probed. Set system clock to 700000000
[   11.907536] i2c-thunderx 0000:01:19.1: SMBUS alert not active on this bus
[   11.907584] i2c-thunderx 0000:01:19.2: Adding to iommu group 52
[   11.907697] i2c-thunderx 0000:01:19.2: Probed. Set system clock to 700000000
[   11.907698] i2c-thunderx 0000:01:19.2: SMBUS alert not active on this bus
[   11.907749] i2c-thunderx 0000:01:19.3: Adding to iommu group 52
[   11.907844] i2c-thunderx 0000:01:19.3: Probed. Set system clock to 700000000
[   11.907846] i2c-thunderx 0000:01:19.3: SMBUS alert not active on this bus
[   11.914909]  nvme0n1: p1 p2 p3
[   11.919090] rvu_nicpf 0002:04:00.0: AF is not initialized, deferring probe
[   12.110720] rvu_nicpf 0002:02:00.0: AF is not initialized, deferring probe
[   12.117621] rvu_nicpf 0002:05:00.0: AF is not initialized, deferring probe
[   12.117649] rvu_nicpf 0002:03:00.0: AF is not initialized, deferring probe
