[    0.000000] Booting Linux on physical CPU 0x0000000000 [0x410fd490]
[    0.000000] Linux version 5.15.0-43-generic (buildd@bos02-arm64-051) (gcc (Ubuntu 11.2.0-19ubuntu1) 11.2.0, GNU ld (GNU Binutils for Ubuntu) 2.38) #46-Ubuntu SMP Wed Jul 13 06:42:04 UTC 2022 (Ubuntu 5.15.0-43.46-generic 5.15.39)
[    0.000000] efi: EFI v2.80 by EDK II
[    0.000000] efi: SMBIOS=0xffff0000 SMBIOS 3.0=0x9f8d40000 ACPI 2.0=0x9f9770018 MEMATTR=0x9f8662018 MOKvar=0x9f74d3000 MEMRESERVE=0x9f7611098 
[    0.000000] secureboot: Secure boot disabled
[    0.000000] ACPI: Early table checksum verification disabled
[    0.000000] ACPI: RSDP 0x00000009F9770018 000024 (v02 MRVL  )
[    0.000000] ACPI: XSDT 0x00000009F977FE98 00007C (v01 MRVL   CN10K    00000001      01000013)
[    0.000000] ACPI: FACP 0x00000009F977FB98 000114 (v06 MRVL   CN10K    00000001 INTL 20210604)
[    0.000000] ACPI: DSDT 0x00000009F9777518 001F4A (v02 MRVL   CN10K    00000001 INTL 20210604)
[    0.000000] ACPI: APIC 0x00000009F977E998 0007E8 (v05 MRVL   CN10K    00000001 INTL 20210604)
[    0.000000] ACPI: DBG2 0x00000009F977FA98 00008E (v00 MRVL   CN10K    00000001 INTL 20210604)
[    0.000000] ACPI: GTDT 0x00000009F977FD18 000084 (v03 MRVL   CN10K    00000001 INTL 20210604)
[    0.000000] ACPI: HEST 0x00000009F977A198 0006E8 (v01 MRVL   CN10KA   00000001 INTL 20210604)
[    0.000000] ACPI: IORT 0x00000009F977F418 000408 (v03 MRVL   CN10K    00000001 INTL 20210604)
[    0.000000] ACPI: MCFG 0x00000009F977D898 0000BC (v01 MRVL   CN10K    00000003 INTL 20210604)
[    0.000000] ACPI: PPTT 0x00000009F977E418 000324 (v02 MRVL   CN10K    00000001 INTL 20210604)
[    0.000000] ACPI: SDEI 0x00000009F977FE18 000024 (v01 MRVL   CN10KA   00000001 INTL 20210604)
[    0.000000] ACPI: SPCR 0x00000009F977FF98 000050 (v02 MRVL   CN10K    00000001 INTL 20210604)
[    0.000000] ACPI: SSDT 0x00000009F977D998 0003FB (v02 MRVL   crb-106  00000001 INTL 20210604)
[    0.000000] ACPI: SPCR: console: pl011,mmio32,0x87e028000000,115200
[    0.000000] NUMA: Failed to initialise from firmware
[    0.000000] NUMA: Faking a node at [mem 0x0000000004000000-0x00000009faefffff]
[    0.000000] NUMA: NODE_DATA [mem 0x9f5170f80-0x9f5175fff]
[    0.000000] Zone ranges:
[    0.000000]   DMA      [mem 0x0000000004000000-0x00000000ffffffff]
[    0.000000]   DMA32    empty
[    0.000000]   Normal   [mem 0x0000000100000000-0x00000009faefffff]
[    0.000000]   Device   empty
[    0.000000] Movable zone start for each node
[    0.000000] Early memory node ranges
[    0.000000]   node   0: [mem 0x0000000004000000-0x00000000fffdffff]
[    0.000000]   node   0: [mem 0x00000000fffe0000-0x00000000ffffffff]
[    0.000000]   node   0: [mem 0x0000000100000000-0x00000009f6d50fff]
[    0.000000]   node   0: [mem 0x00000009f6d51000-0x00000009f730cfff]
[    0.000000]   node   0: [mem 0x00000009f730d000-0x00000009f745ffff]
[    0.000000]   node   0: [mem 0x00000009f7460000-0x00000009f74cffff]
[    0.000000]   node   0: [mem 0x00000009f74d0000-0x00000009f8aeffff]
[    0.000000]   node   0: [mem 0x00000009f8af0000-0x00000009f8c4ffff]
[    0.000000]   node   0: [mem 0x00000009f8c50000-0x00000009f8ceffff]
[    0.000000]   node   0: [mem 0x00000009f8cf0000-0x00000009f8d4ffff]
[    0.000000]   node   0: [mem 0x00000009f8d50000-0x00000009f916ffff]
[    0.000000]   node   0: [mem 0x00000009f9170000-0x00000009f920ffff]
[    0.000000]   node   0: [mem 0x00000009f9210000-0x00000009f926ffff]
[    0.000000]   node   0: [mem 0x00000009f9270000-0x00000009f938ffff]
[    0.000000]   node   0: [mem 0x00000009f9390000-0x00000009f9393fff]
[    0.000000]   node   0: [mem 0x00000009f9394000-0x00000009f9394fff]
[    0.000000]   node   0: [mem 0x00000009f9395000-0x00000009f939ffff]
[    0.000000]   node   0: [mem 0x00000009f93a0000-0x00000009f976ffff]
[    0.000000]   node   0: [mem 0x00000009f9770000-0x00000009fa09ffff]
[    0.000000]   node   0: [mem 0x00000009fa0a0000-0x00000009fa0affff]
[    0.000000]   node   0: [mem 0x00000009fa0b0000-0x00000009faefffff]
[    0.000000] Initmem setup node 0 [mem 0x0000000004000000-0x00000009faefffff]
[    0.000000] On node 0, zone DMA: 16384 pages in unavailable ranges
[    0.000000] On node 0, zone Normal: 20736 pages in unavailable ranges
[    0.000000] cma: Reserved 32 MiB at 0x00000000fd000000
[    0.000000] psci: probing for conduit method from ACPI.
[    0.000000] psci: PSCIv1.1 detected in firmware.
[    0.000000] psci: Using standard PSCI v0.2 function IDs
[    0.000000] psci: Trusted OS resident on physical CPU 0x0
[    0.000000] psci: SMC Calling Convention v1.2
[    0.000000] ACPI: SRAT not present
[    0.000000] percpu: Embedded 30 pages/cpu s83160 r8192 d31528 u122880
[    0.000000] pcpu-alloc: s83160 r8192 d31528 u122880 alloc=30*4096
[    0.000000] pcpu-alloc: [0] 00 [0] 01 [0] 02 [0] 03 [0] 04 [0] 05 [0] 06 [0] 07 
[    0.000000] pcpu-alloc: [0] 08 [0] 09 [0] 10 [0] 11 [0] 12 [0] 13 [0] 14 [0] 15 
[    0.000000] pcpu-alloc: [0] 16 [0] 17 [0] 18 [0] 19 [0] 20 [0] 21 [0] 22 [0] 23 
[    0.000000] Detected PIPT I-cache on CPU0
[    0.000000] CPU features: detected: Branch Target Identification
[    0.000000] CPU features: detected: Address authentication (architected algorithm)
[    0.000000] CPU features: detected: GIC system register CPU interface
[    0.000000] CPU features: detected: Virtualization Host Extensions
[    0.000000] CPU features: detected: Hardware dirty bit management
[    0.000000] CPU features: detected: Spectre-v4
[    0.000000] CPU features: detected: Spectre-BHB
[    0.000000] alternatives: patching kernel code
[    0.000000] Built 1 zonelists, mobility grouping on.  Total pages: 10285380
[    0.000000] Policy zone: Normal
[    0.000000] Kernel command line: BOOT_IMAGE=/vmlinuz-5.15.0-43-generic root=/dev/mapper/ubuntu--vg-ubuntu--lv ro
[    0.000000] Unknown kernel command line parameters "BOOT_IMAGE=/vmlinuz-5.15.0-43-generic", will be passed to user space.
[    0.000000] Dentry cache hash table entries: 8388608 (order: 14, 67108864 bytes, linear)
[    0.000000] Inode-cache hash table entries: 4194304 (order: 13, 33554432 bytes, linear)
[    0.000000] mem auto-init: stack:off, heap alloc:on, heap free:off
[    0.000000] software IO TLB: mapped [mem 0x00000000f9000000-0x00000000fd000000] (64MB)
[    0.000000] Memory: 40694904K/41794560K available (17280K kernel code, 4560K rwdata, 13816K rodata, 9600K init, 1192K bss, 1066888K reserved, 32768K cma-reserved)
[    0.000000] random: get_random_u64 called from kmem_cache_open+0x30/0x390 with crng_init=0
[    0.000000] SLUB: HWalign=64, Order=0-3, MinObjects=0, CPUs=24, Nodes=1
[    0.000000] ftrace: allocating 53978 entries in 211 pages
[    0.000000] ftrace: allocated 211 pages with 5 groups
[    0.000000] trace event string verifier disabled
[    0.000000] rcu: Hierarchical RCU implementation.
[    0.000000] rcu: 	RCU restricting CPUs from NR_CPUS=256 to nr_cpu_ids=24.
[    0.000000] 	Rude variant of Tasks RCU enabled.
[    0.000000] 	Tracing variant of Tasks RCU enabled.
[    0.000000] rcu: RCU calculated value of scheduler-enlistment delay is 25 jiffies.
[    0.000000] rcu: Adjusting geometry for rcu_fanout_leaf=16, nr_cpu_ids=24
[    0.000000] NR_IRQS: 64, nr_irqs: 64, preallocated irqs: 0
[    0.000000] GICv3: GIC: Using split EOI/Deactivate mode
[    0.000000] GICv3: 512 SPIs implemented
[    0.000000] GICv3: 0 Extended SPIs implemented
[    0.000000] GICv3: Distributor has no Range Selector support
[    0.000000] Root IRQ handler: gic_handle_irq
[    0.000000] GICv3: 48 PPIs implemented
[    0.000000] GICv3: GICv4 features: DirectLPI RVPEID Valid+Dirty 
[    0.000000] GICv3: CPU0: found redistributor 0 region 0:0x0000801000300000
[    0.000000] ACPI: SRAT not present
[    0.000000] ITS [mem 0x801000040000-0x80100005ffff]
[    0.000000] ITS@0x0000801000040000: Single VMOVP capable
[    0.000000] ITS@0x0000801000040000: Using GICv4.1 mode 00000000 00000001
[    0.000000] ITS@0x0000801000040000: allocated 8192 Devices @100220000 (indirect, esz 8, psz 64K, shr 1)
[    0.000000] ITS@0x0000801000040000: allocated 32768 Interrupt Collections @100230000 (flat, esz 2, psz 64K, shr 1)
[    0.000000] ITS@0x0000801000040000: allocated 8192 Virtual CPUs @100240000 (flat, esz 8, psz 64K, shr 1)
[    0.000000] GICv3: using LPI property table @0x0000000100250000
[    0.000000] ITS: Using DirectLPI for VPE invalidation
[    0.000000] ITS: Enabling GICv4 support
[    0.000000] GICv3: CPU0: using allocated LPI pending table @0x0000000100260000
[    0.000000] random: crng done (trusting CPU's manufacturer)
[    0.000000] arch_timer: cp15 timer(s) running at 1000.00MHz (phys).
[    0.000000] clocksource: arch_sys_counter: mask: 0xffffffffffffff max_cycles: 0x1cd42e4dffb, max_idle_ns: 881590591483 ns
[    0.000000] sched_clock: 56 bits at 1000MHz, resolution 1ns, wraps every 4398046511103ns
[    0.000042] Console: colour dummy device 80x25
[    0.000068] ACPI: Core revision 20210730
[    0.000115] Calibrating delay loop (skipped), value calculated using timer frequency.. 2000.00 BogoMIPS (lpj=4000000)
[    0.000119] pid_max: default: 32768 minimum: 301
[    0.000144] LSM: Security Framework initializing
[    0.000153] landlock: Up and running.
[    0.000154] Yama: becoming mindful.
[    0.000173] AppArmor: AppArmor initialized
[    0.000231] Mount-cache hash table entries: 131072 (order: 8, 1048576 bytes, linear)
[    0.000259] Mountpoint-cache hash table entries: 131072 (order: 8, 1048576 bytes, linear)
[    0.000732] rcu: Hierarchical SRCU implementation.
[    0.000940] Platform MSI: ITS@0x801000040000 domain created
[    0.000946] PCI/MSI: ITS@0x801000040000 domain created
[    0.000950] fsl-mc MSI: ITS@0x801000040000 domain created
[    0.000958] Remapping and enabling EFI services.
[    0.001335] smp: Bringing up secondary CPUs ...
[    0.001504] Detected PIPT I-cache on CPU1
[    0.001526] GICv3: CPU1: found redistributor 10000 region 0:0x0000801000400000
[    0.001546] GICv3: CPU1: using allocated LPI pending table @0x0000000100270000
[    0.001562] CPU1: Booted secondary processor 0x0000010000 [0x410fd490]
[    0.001750] Detected PIPT I-cache on CPU2
[    0.001769] GICv3: CPU2: found redistributor 20000 region 0:0x00008010002c0000
[    0.001791] GICv3: CPU2: using allocated LPI pending table @0x0000000100280000
[    0.001810] CPU2: Booted secondary processor 0x0000020000 [0x410fd490]
[    0.001987] Detected PIPT I-cache on CPU3
[    0.002003] GICv3: CPU3: found redistributor 30000 region 0:0x00008010003c0000
[    0.002024] GICv3: CPU3: using allocated LPI pending table @0x0000000100290000
[    0.002042] CPU3: Booted secondary processor 0x0000030000 [0x410fd490]
[    0.002214] Detected PIPT I-cache on CPU4
[    0.002229] GICv3: CPU4: found redistributor 40000 region 0:0x0000801000200000
[    0.002249] GICv3: CPU4: using allocated LPI pending table @0x00000001002a0000
[    0.002266] CPU4: Booted secondary processor 0x0000040000 [0x410fd490]
[    0.002451] Detected PIPT I-cache on CPU5
[    0.002468] GICv3: CPU5: found redistributor 50000 region 0:0x0000801000500000
[    0.002488] GICv3: CPU5: using allocated LPI pending table @0x00000001002b0000
[    0.002506] CPU5: Booted secondary processor 0x0000050000 [0x410fd490]
[    0.002678] Detected PIPT I-cache on CPU6
[    0.002692] GICv3: CPU6: found redistributor 60000 region 0:0x00008010001c0000
[    0.002713] GICv3: CPU6: using allocated LPI pending table @0x00000001002c0000
[    0.002730] CPU6: Booted secondary processor 0x0000060000 [0x410fd490]
[    0.002902] Detected PIPT I-cache on CPU7
[    0.002919] GICv3: CPU7: found redistributor 70000 region 0:0x00008010004c0000
[    0.002941] GICv3: CPU7: using allocated LPI pending table @0x00000001002d0000
[    0.002958] CPU7: Booted secondary processor 0x0000070000 [0x410fd490]
[    0.003130] Detected PIPT I-cache on CPU8
[    0.003146] GICv3: CPU8: found redistributor 80000 region 0:0x0000801000340000
[    0.003166] GICv3: CPU8: using allocated LPI pending table @0x00000001002e0000
[    0.003183] CPU8: Booted secondary processor 0x0000080000 [0x410fd490]
[    0.003355] Detected PIPT I-cache on CPU9
[    0.003372] GICv3: CPU9: found redistributor 90000 region 0:0x0000801000440000
[    0.003396] GICv3: CPU9: using allocated LPI pending table @0x00000001002f0000
[    0.003416] CPU9: Booted secondary processor 0x0000090000 [0x410fd490]
[    0.003593] Detected PIPT I-cache on CPU10
[    0.003609] GICv3: CPU10: found redistributor a0000 region 0:0x0000801000280000
[    0.003631] GICv3: CPU10: using allocated LPI pending table @0x0000000100300000
[    0.003648] CPU10: Booted secondary processor 0x00000a0000 [0x410fd490]
[    0.003827] Detected PIPT I-cache on CPU11
[    0.003843] GICv3: CPU11: found redistributor b0000 region 0:0x0000801000380000
[    0.003865] GICv3: CPU11: using allocated LPI pending table @0x0000000100310000
[    0.003883] CPU11: Booted secondary processor 0x00000b0000 [0x410fd490]
[    0.004091] Detected PIPT I-cache on CPU12
[    0.004107] GICv3: CPU12: found redistributor c0000 region 0:0x0000801000240000
[    0.004127] GICv3: CPU12: using allocated LPI pending table @0x0000000100320000
[    0.004145] CPU12: Booted secondary processor 0x00000c0000 [0x410fd490]
[    0.004317] Detected PIPT I-cache on CPU13
[    0.004336] GICv3: CPU13: found redistributor d0000 region 0:0x0000801000540000
[    0.004357] GICv3: CPU13: using allocated LPI pending table @0x0000000100330000
[    0.004375] CPU13: Booted secondary processor 0x00000d0000 [0x410fd490]
[    0.004558] Detected PIPT I-cache on CPU14
[    0.004574] GICv3: CPU14: found redistributor e0000 region 0:0x0000801000180000
[    0.004597] GICv3: CPU14: using allocated LPI pending table @0x0000000100340000
[    0.004614] CPU14: Booted secondary processor 0x00000e0000 [0x410fd490]
[    0.004791] Detected PIPT I-cache on CPU15
[    0.004809] GICv3: CPU15: found redistributor f0000 region 0:0x0000801000480000
[    0.004833] GICv3: CPU15: using allocated LPI pending table @0x0000000100350000
[    0.004850] CPU15: Booted secondary processor 0x00000f0000 [0x410fd490]
[    0.005025] Detected PIPT I-cache on CPU16
[    0.005040] GICv3: CPU16: found redistributor 100000 region 0:0x0000801000100000
[    0.005061] GICv3: CPU16: using allocated LPI pending table @0x0000000100360000
[    0.005079] CPU16: Booted secondary processor 0x0000100000 [0x410fd490]
[    0.005256] Detected PIPT I-cache on CPU17
[    0.005275] GICv3: CPU17: found redistributor 110000 region 0:0x0000801000600000
[    0.005297] GICv3: CPU17: using allocated LPI pending table @0x0000000100370000
[    0.005314] CPU17: Booted secondary processor 0x0000110000 [0x410fd490]
[    0.005504] Detected PIPT I-cache on CPU18
[    0.005519] GICv3: CPU18: found redistributor 120000 region 0:0x00008010000c0000
[    0.005541] GICv3: CPU18: using allocated LPI pending table @0x0000000100380000
[    0.005559] CPU18: Booted secondary processor 0x0000120000 [0x410fd490]
[    0.005738] Detected PIPT I-cache on CPU19
[    0.005757] GICv3: CPU19: found redistributor 130000 region 0:0x00008010005c0000
[    0.005780] GICv3: CPU19: using allocated LPI pending table @0x0000000100390000
[    0.005798] CPU19: Booted secondary processor 0x0000130000 [0x410fd490]
[    0.005975] Detected PIPT I-cache on CPU20
[    0.005990] GICv3: CPU20: found redistributor 140000 region 0:0x0000801000140000
[    0.006013] GICv3: CPU20: using allocated LPI pending table @0x00000001003a0000
[    0.006030] CPU20: Booted secondary processor 0x0000140000 [0x410fd490]
[    0.006209] Detected PIPT I-cache on CPU21
[    0.006228] GICv3: CPU21: found redistributor 150000 region 0:0x0000801000640000
[    0.006251] GICv3: CPU21: using allocated LPI pending table @0x00000001003b0000
[    0.006269] CPU21: Booted secondary processor 0x0000150000 [0x410fd490]
[    0.006462] Detected PIPT I-cache on CPU22
[    0.006479] GICv3: CPU22: found redistributor 160000 region 0:0x0000801000080000
[    0.006505] GICv3: CPU22: using allocated LPI pending table @0x00000001003c0000
[    0.006523] CPU22: Booted secondary processor 0x0000160000 [0x410fd490]
[    0.006702] Detected PIPT I-cache on CPU23
[    0.006722] GICv3: CPU23: found redistributor 170000 region 0:0x0000801000580000
[    0.006746] GICv3: CPU23: using allocated LPI pending table @0x00000001003d0000
[    0.006764] CPU23: Booted secondary processor 0x0000170000 [0x410fd490]
[    0.006814] smp: Brought up 1 node, 24 CPUs
[    0.006832] SMP: Total of 24 processors activated.
[    0.006833] CPU features: detected: 32-bit EL0 Support
[    0.006835] CPU features: detected: ARMv8.4 Translation Table Level
[    0.006836] CPU features: detected: Instruction cache invalidation not required for I/D coherence
[    0.006837] CPU features: detected: Data cache clean to the PoU not required for I/D coherence
[    0.006838] CPU features: detected: Common not Private translations
[    0.006839] CPU features: detected: CRC32 instructions
[    0.006840] CPU features: detected: Data cache clean to Point of Deep Persistence
[    0.006841] CPU features: detected: Data cache clean to Point of Persistence
[    0.006842] CPU features: detected: E0PD
[    0.006844] CPU features: detected: Generic authentication (architected algorithm)
[    0.006845] CPU features: detected: RCpc load-acquire (LDAPR)
[    0.006846] CPU features: detected: LSE atomic instructions
[    0.006847] CPU features: detected: Privileged Access Never
[    0.006848] CPU features: detected: RAS Extension Support
[    0.006849] CPU features: detected: Random Number Generator
[    0.006850] CPU features: detected: Speculation barrier (SB)
[    0.006850] CPU features: detected: Stage-2 Force Write-Back
[    0.006851] CPU features: detected: TLB range maintenance instructions
[    0.006853] CPU features: detected: Speculative Store Bypassing Safe (SSBS)
[    0.006854] CPU features: detected: Scalable Vector Extension
[    0.013726] CPU features: detected CPU7: Activity Monitors Unit (AMU)
[    0.013726] CPU features: detected CPU6: Activity Monitors Unit (AMU)
[    0.013726] CPU features: detected CPU14: Activity Monitors Unit (AMU)
[    0.013726] CPU features: detected CPU2: Activity Monitors Unit (AMU)
[    0.013726] CPU features: detected CPU23: Activity Monitors Unit (AMU)
[    0.013726] CPU features: detected CPU22: Activity Monitors Unit (AMU)
[    0.013726] CPU features: detected CPU20: Activity Monitors Unit (AMU)
[    0.013727] CPU features: detected CPU5: Activity Monitors Unit (AMU)
[    0.013726] CPU features: detected CPU12: Activity Monitors Unit (AMU)
[    0.013727] CPU features: detected CPU3: Activity Monitors Unit (AMU)
[    0.013726] CPU features: detected CPU16: Activity Monitors Unit (AMU)
[    0.013726] CPU features: detected CPU9: Activity Monitors Unit (AMU)
[    0.013727] CPU features: detected CPU13: Activity Monitors Unit (AMU)
[    0.013727] CPU features: detected CPU19: Activity Monitors Unit (AMU)
[    0.013727] CPU features: detected CPU17: Activity Monitors Unit (AMU)
[    0.013727] CPU features: detected CPU0: Activity Monitors Unit (AMU)
[    0.013726] CPU features: detected CPU10: Activity Monitors Unit (AMU)
[    0.013727] CPU features: detected CPU4: Activity Monitors Unit (AMU)
[    0.013727] CPU features: detected CPU11: Activity Monitors Unit (AMU)
[    0.013727] CPU features: detected CPU21: Activity Monitors Unit (AMU)
[    0.013727] CPU features: detected CPU8: Activity Monitors Unit (AMU)
[    0.013726] CPU features: detected CPU1: Activity Monitors Unit (AMU)
[    0.013727] CPU features: detected CPU15: Activity Monitors Unit (AMU)
[    0.013727] CPU features: detected CPU18: Activity Monitors Unit (AMU)
[    0.013761] SVE: maximum available vector length 16 bytes per vector
[    0.013764] SVE: default vector length 16 bytes per vector
[    0.020404] CPU: All CPU(s) started at EL2
[    0.021496] devtmpfs: initialized
[    0.023936] Registered cp15_barrier emulation handler
[    0.023945] Registered setend emulation handler
[    0.023948] KASLR enabled
[    0.023984] clocksource: jiffies: mask: 0xffffffff max_cycles: 0xffffffff, max_idle_ns: 7645041785100000 ns
[    0.024002] futex hash table entries: 8192 (order: 7, 524288 bytes, linear)
[    0.024177] pinctrl core: initialized pinctrl subsystem
[    0.024318] SMBIOS 3.3.0 present.
[    0.024322] DMI: Marvell crb106-pcie/crb106-pcie, BIOS SDK11.23.02 2023-02-21
[    0.024460] NET: Registered PF_NETLINK/PF_ROUTE protocol family
[    0.025646] DMA: preallocated 8192 KiB GFP_KERNEL pool for atomic allocations
[    0.026096] DMA: preallocated 8192 KiB GFP_KERNEL|GFP_DMA pool for atomic allocations
[    0.026855] DMA: preallocated 8192 KiB GFP_KERNEL|GFP_DMA32 pool for atomic allocations
[    0.026866] audit: initializing netlink subsys (disabled)
[    0.026900] audit: type=2000 audit(0.024:1): state=initialized audit_enabled=0 res=1
[    0.027032] thermal_sys: Registered thermal governor 'fair_share'
[    0.027034] thermal_sys: Registered thermal governor 'bang_bang'
[    0.027036] thermal_sys: Registered thermal governor 'step_wise'
[    0.027037] thermal_sys: Registered thermal governor 'user_space'
[    0.027038] thermal_sys: Registered thermal governor 'power_allocator'
[    0.027077] cpuidle: using governor ladder
[    0.027084] cpuidle: using governor menu
[    0.027111] hw-breakpoint: found 6 breakpoint and 4 watchpoint registers.
[    0.027245] ASID allocator initialised with 65536 entries
[    0.027312] ACPI: bus type PCI registered
[    0.027314] acpiphp: ACPI Hot Plug PCI Controller Driver version: 0.5
[    0.027368] Serial: AMBA PL011 UART driver
[    0.029203] HugeTLB registered 1.00 GiB page size, pre-allocated 0 pages
[    0.029207] HugeTLB registered 32.0 MiB page size, pre-allocated 0 pages
[    0.029208] HugeTLB registered 2.00 MiB page size, pre-allocated 0 pages
[    0.029209] HugeTLB registered 64.0 KiB page size, pre-allocated 0 pages
[    0.030512] ACPI: Added _OSI(Module Device)
[    0.030514] ACPI: Added _OSI(Processor Device)
[    0.030516] ACPI: Added _OSI(3.0 _SCP Extensions)
[    0.030517] ACPI: Added _OSI(Processor Aggregator Device)
[    0.030519] ACPI: Added _OSI(Linux-Dell-Video)
[    0.030521] ACPI: Added _OSI(Linux-Lenovo-NV-HDMI-Audio)
[    0.030522] ACPI: Added _OSI(Linux-HPI-Hybrid-Graphics)
[    0.031084] ACPI: 2 ACPI AML tables successfully acquired and loaded
[    0.031368] ACPI: Interpreter enabled
[    0.031370] ACPI: Using GIC for interrupt routing
[    0.031377] ACPI: MCFG table detected, 9 entries
[    0.031860] HEST: Table parsing has been initialized.
[    0.032754] ACPI: \_SB_.PCI0.P2P0.MDIO.SMI0: PRP0001 requires 'compatible' property
[    0.032789] ACPI: \_SB_.PCI0.P2P0.MDIO.SMI1: PRP0001 requires 'compatible' property
[    0.033946] ACPI: PCI Root Bridge [PCI0] (domain 0000 [bus 00-ff])
[    0.033954] acpi PNP0A08:00: _OSC: OS supports [ExtendedConfig ASPM ClockPM Segments MSI EDR HPX-Type3]
[    0.033992] acpi PNP0A08:00: _OSC: platform does not support [PCIeHotplug SHPCHotplug PME AER LTR DPC]
[    0.034023] acpi PNP0A08:00: _OSC: OS now controls [PCIeCapability]
[    0.034063] acpi PNP0A08:00: ECAM area [mem 0x878000000000-0x87800fffffff] reserved by PNP0A08:00
[    0.034073] acpi PNP0A08:00: ECAM at [mem 0x878000000000-0x87800fffffff] for [bus 00-ff]
[    0.034128] PCI host bridge to bus 0000:00
[    0.034131] pci_bus 0000:00: root bus resource [bus 00-ff]
[    0.034133] pci_bus 0000:00: root bus resource [mem 0x802000000000-0x80f0008fffff window]
[    0.034135] pci_bus 0000:00: root bus resource [mem 0x828000000000-0x8281001fffff window]
[    0.034137] pci_bus 0000:00: root bus resource [mem 0x82c000000000-0x82c0001fffff window]
[    0.034138] pci_bus 0000:00: root bus resource [mem 0x86d000000000-0x86d0000fffff window]
[    0.034140] pci_bus 0000:00: root bus resource [mem 0x86e000000000-0x86e22fffffff window]
[    0.034141] pci_bus 0000:00: root bus resource [mem 0x878000000000-0x87800fffffff window]
[    0.034143] pci_bus 0000:00: root bus resource [mem 0x87e002000000-0x87e027ffffff window]
[    0.034144] pci_bus 0000:00: root bus resource [mem 0x87e03c000000-0x87e0525fffff window]
[    0.034146] pci_bus 0000:00: root bus resource [mem 0x87e087000000-0x87e0fcffffff window]
[    0.034147] pci_bus 0000:00: root bus resource [mem 0x87e100000000-0x87e10bffffff window]
[    0.034166] pci 0000:00:01.0: [177d:a002] type 01 class 0x060401
[    0.034258] pci 0000:00:03.0: [177d:a062] type 00 class 0x088000
[    0.034276] pci 0000:00:03.0: BAR 0: [mem 0x830000000000-0x8300001fffff 64bit] (from Enhanced Allocation, properties 0x0)
[    0.034323] pci 0000:00:05.0: [177d:a017] type 00 class 0x088000
[    0.034342] pci 0000:00:05.0: BAR 0: [mem 0x802000000000-0x8020000fffff 64bit] (from Enhanced Allocation, properties 0x0)
[    0.034345] pci 0000:00:05.0: BAR 4: [mem 0x80200f000000-0x80200f0fffff 64bit] (from Enhanced Allocation, properties 0x0)
[    0.034389] pci 0000:00:08.0: [177d:a09e] type 00 class 0x088000
[    0.034409] pci 0000:00:08.0: BAR 0: [mem 0x807000000000-0x80700000ffff 64bit] (from Enhanced Allocation, properties 0x0)
[    0.034412] pci 0000:00:08.0: BAR 4: [mem 0x807000f00000-0x807000ffffff 64bit] (from Enhanced Allocation, properties 0x0)
[    0.034457] pci 0000:00:0a.0: [177d:a09d] type 00 class 0x088000
[    0.034473] pci 0000:00:0a.0: BAR 0: [mem 0x87a400000000-0x87a47fffffff 64bit] (from Enhanced Allocation, properties 0x0)
[    0.034476] pci 0000:00:0a.0: BAR 4: [mem 0x87a480000000-0x87a4ffffffff 64bit] (from Enhanced Allocation, properties 0x0)
[    0.034516] pci 0000:00:0c.0: [177d:a002] type 01 class 0x060401
[    0.034565] pci 0000:00:0d.0: [177d:a002] type 01 class 0x060401
[    0.034612] pci 0000:00:0e.0: [177d:a002] type 01 class 0x060401
[    0.034659] pci 0000:00:0f.0: [177d:a002] type 01 class 0x060401
[    0.034711] pci 0000:00:10.0: [177d:a092] type 00 class 0x088000
[    0.034727] pci 0000:00:10.0: BAR 0: [mem 0x828000000000-0x82803fffffff 64bit] (from Enhanced Allocation, properties 0x0)
[    0.034731] pci 0000:00:10.0: BAR 4: [mem 0x828100000000-0x8281000fffff 64bit] (from Enhanced Allocation, properties 0x0)
[    0.034776] pci 0000:00:11.0: [177d:a00a] type 00 class 0x088000
[    0.034791] pci 0000:00:11.0: BAR 0: [mem 0x803000000000-0x80300000ffff 64bit] (from Enhanced Allocation, properties 0x0)
[    0.034794] pci 0000:00:11.0: BAR 4: [mem 0x803000f00000-0x803000ffffff 64bit] (from Enhanced Allocation, properties 0x0)
[    0.034858] pci 0000:00:14.0: [177d:a002] type 01 class 0x060401
[    0.034920] pci 0000:00:1a.0: [177d:a068] type 00 class 0x088000
[    0.034939] pci 0000:00:1a.0: BAR 0: [mem 0x86d000000000-0x86d0000fffff 64bit] (from Enhanced Allocation, properties 0x0)
[    0.034979] pci 0000:00:1c.0: [177d:a067] type 00 class 0x088000
[    0.034998] pci 0000:00:1c.0: BAR 0: [mem 0x82c000000000-0x82c0000fffff 64bit] (from Enhanced Allocation, properties 0x0)
[    0.035001] pci 0000:00:1c.0: BAR 4: [mem 0x82c000100000-0x82c0001fffff 64bit] (from Enhanced Allocation, properties 0x0)
[    0.035046] pci 0000:00:1d.0: [177d:a067] type 00 class 0x088000
[    0.035061] pci 0000:00:1d.0: BAR 0: [mem 0x82d000000000-0x82d0000fffff 64bit] (from Enhanced Allocation, properties 0x0)
[    0.035064] pci 0000:00:1d.0: BAR 4: [mem 0x82d000100000-0x82d0001fffff 64bit] (from Enhanced Allocation, properties 0x0)
[    0.035108] pci 0000:00:1e.0: [177d:a067] type 00 class 0x088000
[    0.035125] pci 0000:00:1e.0: BAR 0: [mem 0x82e000000000-0x82e0000fffff 64bit] (from Enhanced Allocation, properties 0x0)
[    0.035129] pci 0000:00:1e.0: BAR 4: [mem 0x82e000100000-0x82e0001fffff 64bit] (from Enhanced Allocation, properties 0x0)
[    0.035203] pci 0000:01:00.0: [177d:a075] type 00 class 0x088000
[    0.035225] pci 0000:01:00.0: BAR 0: [mem 0x87e0fc000000-0x87e0fc03ffff 64bit] (from Enhanced Allocation, properties 0x0)
[    0.035228] pci 0000:01:00.0: BAR 4: [mem 0x87e0fcf00000-0x87e0fcffffff 64bit] (from Enhanced Allocation, properties 0x0)
[    0.035286] pci 0000:01:01.3: [177d:a02b] type 00 class 0x0c8000
[    0.035308] pci 0000:01:01.3: BAR 0: [mem 0x87e005000000-0x87e0050fffff 64bit] (from Enhanced Allocation, properties 0x0)
[    0.035368] pci 0000:01:01.7: [177d:a035] type 00 class 0x088000
[    0.035389] pci 0000:01:01.7: BAR 0: [mem 0x87e001000000-0x87e0010fffff 64bit] (from Enhanced Allocation, properties 0x0)
[    0.035392] pci 0000:01:01.7: BAR 2: [mem 0x800000000000-0x8000ffffffff 64bit] (from Enhanced Allocation, properties 0x0)
[    0.035394] pci 0000:01:01.7: BAR 4: [mem 0x87e001f00000-0x87e001ffffff 64bit] (from Enhanced Allocation, properties 0x0)
[    0.035449] pci 0000:01:0a.0: [177d:a094] type 00 class 0x088000
[    0.035466] pci 0000:01:0a.0: BAR 0: [mem 0x87e120000000-0x87e1200fffff 64bit] (from Enhanced Allocation, properties 0x0)
[    0.035468] pci 0000:01:0a.0: BAR 4: [mem 0x87e120f00000-0x87e120ffffff 64bit] (from Enhanced Allocation, properties 0x0)
[    0.035514] pci 0000:01:0a.1: [177d:a094] type 00 class 0x088000
[    0.035531] pci 0000:01:0a.1: BAR 0: [mem 0x87e121000000-0x87e1210fffff 64bit] (from Enhanced Allocation, properties 0x0)
[    0.035534] pci 0000:01:0a.1: BAR 4: [mem 0x87e121f00000-0x87e121ffffff 64bit] (from Enhanced Allocation, properties 0x0)
[    0.035581] pci 0000:01:0a.2: [177d:a094] type 00 class 0x088000
[    0.035598] pci 0000:01:0a.2: BAR 0: [mem 0x87e122000000-0x87e1220fffff 64bit] (from Enhanced Allocation, properties 0x0)
[    0.035600] pci 0000:01:0a.2: BAR 4: [mem 0x87e122f00000-0x87e122ffffff 64bit] (from Enhanced Allocation, properties 0x0)
[    0.035645] pci 0000:01:0c.0: [177d:a073] type 00 class 0x088000
[    0.035661] pci 0000:01:0c.0: BAR 0: [mem 0x87e010000000-0x87e0100fffff 64bit] (from Enhanced Allocation, properties 0x0)
[    0.035664] pci 0000:01:0c.0: BAR 2: [mem 0x87e1bf000000-0x87e1bfffffff 64bit] (from Enhanced Allocation, properties 0x0)
[    0.035666] pci 0000:01:0c.0: BAR 4: [mem 0x87e010100000-0x87e0101fffff 64bit] (from Enhanced Allocation, properties 0x0)
[    0.035716] pci 0000:01:0f.0: [177d:a061] type 00 class 0x088000
[    0.035734] pci 0000:01:0f.0: BAR 0: [mem 0x87e018000000-0x87e01800ffff 64bit] (from Enhanced Allocation, properties 0x0)
[    0.035783] pci 0000:01:10.0: [177d:a060] type 00 class 0x028000
[    0.035799] pci 0000:01:10.0: BAR 0: [mem 0x87e0e0000000-0x87e0e07fffff 64bit] (from Enhanced Allocation, properties 0x0)
[    0.035802] pci 0000:01:10.0: BAR 4: [mem 0x87e0e0800000-0x87e0e0ffffff 64bit] (from Enhanced Allocation, properties 0x0)
[    0.035848] pci 0000:01:10.1: [177d:a060] type 00 class 0x028000
[    0.035864] pci 0000:01:10.1: BAR 0: [mem 0x87e0e1000000-0x87e0e17fffff 64bit] (from Enhanced Allocation, properties 0x0)
[    0.035866] pci 0000:01:10.1: BAR 4: [mem 0x87e0e1800000-0x87e0e1ffffff 64bit] (from Enhanced Allocation, properties 0x0)
[    0.035917] pci 0000:01:14.0: [177d:a097] type 00 class 0x088000
[    0.035938] pci 0000:01:14.0: BAR 0: [mem 0x87e140000000-0x87e1400fffff 64bit] (from Enhanced Allocation, properties 0x0)
[    0.035986] pci 0000:01:14.1: [177d:a097] type 00 class 0x088000
[    0.036003] pci 0000:01:14.1: BAR 0: [mem 0x87e141000000-0x87e1410fffff 64bit] (from Enhanced Allocation, properties 0x0)
[    0.036061] pci 0000:01:14.2: [177d:a097] type 00 class 0x088000
[    0.036083] pci 0000:01:14.2: BAR 0: [mem 0x87e142000000-0x87e1420fffff 64bit] (from Enhanced Allocation, properties 0x0)
[    0.036131] pci 0000:01:14.3: [177d:a097] type 00 class 0x088000
[    0.036148] pci 0000:01:14.3: BAR 0: [mem 0x87e143000000-0x87e1430fffff 64bit] (from Enhanced Allocation, properties 0x0)
[    0.036200] pci 0000:01:14.4: [177d:a097] type 00 class 0x088000
[    0.036220] pci 0000:01:14.4: BAR 0: [mem 0x87e144000000-0x87e1440fffff 64bit] (from Enhanced Allocation, properties 0x0)
[    0.036264] pci 0000:01:18.0: [177d:a012] type 00 class 0x0c8000
[    0.036285] pci 0000:01:18.0: BAR 0: [mem 0x87e100000000-0x87e10000ffff 64bit] (from Enhanced Allocation, properties 0x0)
[    0.036288] pci 0000:01:18.0: BAR 4: [mem 0x87e100f00000-0x87e100ffffff 64bit] (from Enhanced Allocation, properties 0x0)
[    0.036340] pci 0000:01:18.1: [177d:a012] type 00 class 0x0c8000
[    0.036359] pci 0000:01:18.1: BAR 0: [mem 0x87e101000000-0x87e10100ffff 64bit] (from Enhanced Allocation, properties 0x0)
[    0.036362] pci 0000:01:18.1: BAR 4: [mem 0x87e101f00000-0x87e101ffffff 64bit] (from Enhanced Allocation, properties 0x0)
[    0.036411] pci 0000:01:18.2: [177d:a012] type 00 class 0x0c8000
[    0.036431] pci 0000:01:18.2: BAR 0: [mem 0x87e102000000-0x87e10200ffff 64bit] (from Enhanced Allocation, properties 0x0)
[    0.036433] pci 0000:01:18.2: BAR 4: [mem 0x87e102f00000-0x87e102ffffff 64bit] (from Enhanced Allocation, properties 0x0)
[    0.036501] pci 0000:01:18.4: [177d:a012] type 00 class 0x0c8000
[    0.036518] pci 0000:01:18.4: BAR 0: [mem 0x87e104000000-0x87e10400ffff 64bit] (from Enhanced Allocation, properties 0x0)
[    0.036521] pci 0000:01:18.4: BAR 4: [mem 0x87e104f00000-0x87e104ffffff 64bit] (from Enhanced Allocation, properties 0x0)
[    0.036579] pci 0000:01:18.5: [177d:a012] type 00 class 0x0c8000
[    0.036595] pci 0000:01:18.5: BAR 0: [mem 0x87e105000000-0x87e10500ffff 64bit] (from Enhanced Allocation, properties 0x0)
[    0.036597] pci 0000:01:18.5: BAR 4: [mem 0x87e105f00000-0x87e105ffffff 64bit] (from Enhanced Allocation, properties 0x0)
[    0.036641] pci 0000:01:18.6: [177d:a012] type 00 class 0x0c8000
[    0.036657] pci 0000:01:18.6: BAR 0: [mem 0x87e106000000-0x87e10600ffff 64bit] (from Enhanced Allocation, properties 0x0)
[    0.036660] pci 0000:01:18.6: BAR 4: [mem 0x87e106f00000-0x87e106ffffff 64bit] (from Enhanced Allocation, properties 0x0)
[    0.036705] pci 0000:01:18.7: [177d:a012] type 00 class 0x0c8000
[    0.036723] pci 0000:01:18.7: BAR 0: [mem 0x87e107000000-0x87e10700ffff 64bit] (from Enhanced Allocation, properties 0x0)
[    0.036726] pci 0000:01:18.7: BAR 4: [mem 0x87e107f00000-0x87e107ffffff 64bit] (from Enhanced Allocation, properties 0x0)
[    0.036778] pci 0000:01:19.0: [177d:a012] type 00 class 0x0c8000
[    0.036795] pci 0000:01:19.0: BAR 0: [mem 0x87e108000000-0x87e10800ffff 64bit] (from Enhanced Allocation, properties 0x0)
[    0.036798] pci 0000:01:19.0: BAR 4: [mem 0x87e108f00000-0x87e108ffffff 64bit] (from Enhanced Allocation, properties 0x0)
[    0.036844] pci 0000:01:19.1: [177d:a012] type 00 class 0x0c8000
[    0.036861] pci 0000:01:19.1: BAR 0: [mem 0x87e109000000-0x87e10900ffff 64bit] (from Enhanced Allocation, properties 0x0)
[    0.036864] pci 0000:01:19.1: BAR 4: [mem 0x87e109f00000-0x87e109ffffff 64bit] (from Enhanced Allocation, properties 0x0)
[    0.036917] pci 0000:01:19.2: [177d:a012] type 00 class 0x0c8000
[    0.036936] pci 0000:01:19.2: BAR 0: [mem 0x87e10a000000-0x87e10a00ffff 64bit] (from Enhanced Allocation, properties 0x0)
[    0.036939] pci 0000:01:19.2: BAR 4: [mem 0x87e10af00000-0x87e10affffff 64bit] (from Enhanced Allocation, properties 0x0)
[    0.036984] pci 0000:01:19.3: [177d:a012] type 00 class 0x0c8000
[    0.037005] pci 0000:01:19.3: BAR 0: [mem 0x87e10b000000-0x87e10b00ffff 64bit] (from Enhanced Allocation, properties 0x0)
[    0.037008] pci 0000:01:19.3: BAR 4: [mem 0x87e10bf00000-0x87e10bffffff 64bit] (from Enhanced Allocation, properties 0x0)
[    0.037092] pci 0000:02:00.0: [177d:a075] type 00 class 0x088000
[    0.037112] pci 0000:02:00.0: BAR 0: [mem 0x87e0f9000000-0x87e0f903ffff 64bit] (from Enhanced Allocation, properties 0x0)
[    0.037169] pci 0000:03:00.0: [177d:a075] type 00 class 0x088000
[    0.037185] pci 0000:03:00.0: BAR 0: [mem 0x87e0fa000000-0x87e0fa03ffff 64bit] (from Enhanced Allocation, properties 0x0)
[    0.037244] pci 0000:04:00.0: [177d:a075] type 00 class 0x088000
[    0.037263] pci 0000:04:00.0: BAR 0: [mem 0x87e0fb000000-0x87e0fb03ffff 64bit] (from Enhanced Allocation, properties 0x0)
[    0.037325] pci 0000:05:00.0: [177d:a098] type 00 class 0x120000
[    0.037346] pci 0000:05:00.0: BAR 0: [mem 0x87e00f000000-0x87e00f0fffff 64bit] (from Enhanced Allocation, properties 0x0)
[    0.037349] pci 0000:05:00.0: VF BAR 0: [mem 0x80f000800000-0x80f0008fffff 64bit] (from Enhanced Allocation, properties 0x4)
[    0.037367] pci 0000:05:00.0: VF(n) BAR0 space: [mem 0x80f000800000-0x80f0008fffff 64bit] (contains BAR0 for 1 VFs)
[    0.037424] pci 0000:06:00.0: [177d:a080] type 00 class 0x088000
[    0.037441] pci 0000:06:00.0: BAR 0: [mem 0x86e000000000-0x86e0ffffffff 64bit] (from Enhanced Allocation, properties 0x0)
[    0.037444] pci 0000:06:00.0: BAR 4: [mem 0x86e100000000-0x86e1000fffff 64bit] (from Enhanced Allocation, properties 0x0)
[    0.037448] pci 0000:06:00.0: VF BAR 0: [mem 0x86e200000000-0x86e2000fffff 64bit] (from Enhanced Allocation, properties 0x4)
[    0.037452] pci 0000:06:00.0: VF BAR 4: [mem 0x86e210000000-0x86e2100fffff 64bit] (from Enhanced Allocation, properties 0x4)
[    1.056385] pci 0000:06:00.0: VF(n) BAR0 space: [mem 0x86e200000000-0x86e201ffffff 64bit] (contains BAR0 for 32 VFs)
[    1.056392] pci 0000:06:00.0: VF(n) BAR4 space: [mem 0x86e210000000-0x86e211ffffff 64bit] (contains BAR4 for 32 VFs)
[    1.056485] pci 0000:00:01.0: PCI bridge to [bus 01]
[    1.056489] pci 0000:00:0c.0: PCI bridge to [bus 02]
[    1.056492] pci 0000:00:0d.0: PCI bridge to [bus 03]
[    1.056494] pci 0000:00:0e.0: PCI bridge to [bus 04]
[    1.056496] pci 0000:00:0f.0: PCI bridge to [bus 05]
[    1.056499] pci 0000:00:14.0: PCI bridge to [bus 06]
[    1.056503] pci_bus 0000:00: resource 4 [mem 0x802000000000-0x80f0008fffff window]
[    1.056505] pci_bus 0000:00: resource 5 [mem 0x828000000000-0x8281001fffff window]
[    1.056506] pci_bus 0000:00: resource 6 [mem 0x82c000000000-0x82c0001fffff window]
[    1.056508] pci_bus 0000:00: resource 7 [mem 0x86d000000000-0x86d0000fffff window]
[    1.056510] pci_bus 0000:00: resource 8 [mem 0x86e000000000-0x86e22fffffff window]
[    1.056511] pci_bus 0000:00: resource 9 [mem 0x878000000000-0x87800fffffff window]
[    1.056513] pci_bus 0000:00: resource 10 [mem 0x87e002000000-0x87e027ffffff window]
[    1.056515] pci_bus 0000:00: resource 11 [mem 0x87e03c000000-0x87e0525fffff window]
[    1.056516] pci_bus 0000:00: resource 12 [mem 0x87e087000000-0x87e0fcffffff window]
[    1.056518] pci_bus 0000:00: resource 13 [mem 0x87e100000000-0x87e10bffffff window]
[    1.056610] ACPI: PCI Root Bridge [PCI1] (domain 0001 [bus 00-ff])
[    1.056617] acpi PNP0A08:01: _OSC: OS supports [ExtendedConfig ASPM ClockPM Segments MSI EDR HPX-Type3]
[    1.056655] acpi PNP0A08:01: _OSC: platform does not support [PCIeHotplug SHPCHotplug PME AER LTR DPC]
[    1.056686] acpi PNP0A08:01: _OSC: OS now controls [PCIeCapability]
[    1.056775] acpi PNP0A08:01: ECAM area [mem 0x878010000000-0x87801fffffff] reserved by PNP0A08:01
[    1.056785] acpi PNP0A08:01: ECAM at [mem 0x878010000000-0x87801fffffff] for [bus 00-ff]
[    1.056820] PCI host bridge to bus 0001:00
[    1.056822] pci_bus 0001:00: root bus resource [bus 00-ff]
[    1.056823] pci_bus 0001:00: root bus resource [mem 0x868000000000-0x869fffffffff window]
[    1.056825] pci_bus 0001:00: root bus resource [mem 0x878010000000-0x87801fffffff window]
[    1.056864] pci 0001:00:0c.0: [177d:a01b] type 00 class 0x0c0330
[    1.056882] pci 0001:00:0c.0: BAR 0: [mem 0x868000000000-0x8680001fffff 64bit] (from Enhanced Allocation, properties 0x0)
[    1.056886] pci 0001:00:0c.0: BAR 4: [mem 0x868000200000-0x8680002fffff 64bit] (from Enhanced Allocation, properties 0x0)
[    1.056925] pci 0001:00:0d.0: [177d:a01b] type 00 class 0x0c0330
[    1.056944] pci 0001:00:0d.0: BAR 0: [mem 0x869000000000-0x8690001fffff 64bit] (from Enhanced Allocation, properties 0x0)
[    1.056947] pci 0001:00:0d.0: BAR 4: [mem 0x869000200000-0x8690002fffff 64bit] (from Enhanced Allocation, properties 0x0)
[    1.057010] pci_bus 0001:00: resource 4 [mem 0x868000000000-0x869fffffffff window]
[    1.057012] pci_bus 0001:00: resource 5 [mem 0x878010000000-0x87801fffffff window]
[    1.057068] ACPI: PCI Root Bridge [PCI2] (domain 0002 [bus 00-ff])
[    1.057074] acpi PNP0A08:02: _OSC: OS supports [ExtendedConfig ASPM ClockPM Segments MSI EDR HPX-Type3]
[    1.057107] acpi PNP0A08:02: _OSC: platform does not support [PCIeHotplug SHPCHotplug PME AER LTR DPC]
[    1.057137] acpi PNP0A08:02: _OSC: OS now controls [PCIeCapability]
[    1.057259] acpi PNP0A08:02: ECAM area [mem 0x878020000000-0x87802fffffff] reserved by PNP0A08:02
[    1.057270] acpi PNP0A08:02: ECAM at [mem 0x878020000000-0x87802fffffff] for [bus 00-ff]
[    1.057337] PCI host bridge to bus 0002:00
[    1.057339] pci_bus 0002:00: root bus resource [bus 00-ff]
[    1.057341] pci_bus 0002:00: root bus resource [mem 0x01000000-0x037fffff window]
[    1.057342] pci_bus 0002:00: root bus resource [mem 0x9fc000000-0x9feffffff window]
[    1.057344] pci_bus 0002:00: root bus resource [mem 0x840000000000-0x85f4ffffffff window]
[    1.057346] pci_bus 0002:00: root bus resource [mem 0x878020000000-0x87802fffffff window]
[    1.057354] pci 0002:00:00.0: [177d:a002] type 01 class 0x060401
[    1.057399] pci 0002:00:01.0: [177d:a002] type 01 class 0x060401
[    1.057444] pci 0002:00:02.0: [177d:a002] type 01 class 0x060401
[    1.057492] pci 0002:00:03.0: [177d:a002] type 01 class 0x060401
[    1.057543] pci 0002:00:04.0: [177d:a002] type 01 class 0x060401
[    1.057585] pci 0002:00:05.0: [177d:a002] type 01 class 0x060401
[    1.057634] pci 0002:00:06.0: [177d:a002] type 01 class 0x060401
[    1.057680] pci 0002:00:07.0: [177d:a002] type 01 class 0x060401
[    1.057727] pci 0002:00:08.0: [177d:a002] type 01 class 0x060401
[    1.057777] pci 0002:00:09.0: [177d:a002] type 01 class 0x060401
[    1.057826] pci 0002:00:0a.0: [177d:a002] type 01 class 0x060401
[    1.057871] pci 0002:00:0b.0: [177d:a002] type 01 class 0x060401
[    1.057920] pci 0002:00:0c.0: [177d:a002] type 01 class 0x060401
[    1.057966] pci 0002:00:0d.0: [177d:a002] type 01 class 0x060401
[    1.058014] pci 0002:00:0e.0: [177d:a002] type 01 class 0x060401
[    1.058056] pci 0002:00:0f.0: [177d:a002] type 01 class 0x060401
[    1.058098] pci 0002:00:10.0: [177d:a002] type 01 class 0x060401
[    1.058143] pci 0002:00:11.0: [177d:a002] type 01 class 0x060401
[    1.058186] pci 0002:00:12.0: [177d:a002] type 01 class 0x060401
[    1.058228] pci 0002:00:13.0: [177d:a002] type 01 class 0x060401
[    1.058271] pci 0002:00:14.0: [177d:a002] type 01 class 0x060401
[    1.058322] pci 0002:00:15.0: [177d:a002] type 01 class 0x060401
[    1.058365] pci 0002:00:16.0: [177d:a002] type 01 class 0x060401
[    1.058406] pci 0002:00:17.0: [177d:a002] type 01 class 0x060401
[    1.058449] pci 0002:00:18.0: [177d:a002] type 01 class 0x060401
[    1.058499] pci 0002:00:19.0: [177d:a002] type 01 class 0x060401
[    1.058547] pci 0002:00:1a.0: [177d:a002] type 01 class 0x060401
[    1.058593] pci 0002:00:1b.0: [177d:a002] type 01 class 0x060401
[    1.058642] pci 0002:00:1c.0: [177d:a002] type 01 class 0x060401
[    1.058691] pci 0002:00:1d.0: [177d:a002] type 01 class 0x060401
[    1.058736] pci 0002:00:1e.0: [177d:a002] type 01 class 0x060401
[    1.058785] pci 0002:00:1f.0: [177d:a002] type 01 class 0x060401
[    1.058847] pci 0002:01:00.0: [177d:a065] type 00 class 0x020000
[    1.058864] pci 0002:01:00.0: BAR 0: [mem 0x840000000000-0x8401ffffffff 64bit] (from Enhanced Allocation, properties 0x0)
[    1.058868] pci 0002:01:00.0: BAR 2: [mem 0x840200000000-0x840201ffffff 64bit] (from Enhanced Allocation, properties 0x0)
[    1.058871] pci 0002:01:00.0: BAR 4: [mem 0x9fc000000-0x9fc1fffff 64bit] (from Enhanced Allocation, properties 0x0)
[    1.058874] pci 0002:01:00.0: VF BAR 2: [mem 0x840202000000-0x840203ffffff 64bit] (from Enhanced Allocation, properties 0x4)
[    1.058877] pci 0002:01:00.0: VF BAR 4: [mem 0x9fc200000-0x9fc23ffff 64bit] (from Enhanced Allocation, properties 0x4)
[    1.058895] pci 0002:01:00.0: VF(n) BAR2 space: [mem 0x840202000000-0x840221ffffff 64bit] (contains BAR2 for 16 VFs)
[    1.058897] pci 0002:01:00.0: VF(n) BAR4 space: [mem 0x9fc200000-0x9fc5fffff 64bit] (contains BAR4 for 16 VFs)
[    1.058959] pci 0002:02:00.0: [177d:a063] type 00 class 0x020000
[    1.058975] pci 0002:02:00.0: BAR 2: [mem 0x841200000000-0x841201ffffff 64bit] (from Enhanced Allocation, properties 0x0)
[    1.058979] pci 0002:02:00.0: BAR 4: [mem 0x9fc600000-0x9fc67ffff 64bit] (from Enhanced Allocation, properties 0x0)
[    1.058983] pci 0002:02:00.0: VF BAR 2: [mem 0x841202000000-0x841203ffffff 64bit] (from Enhanced Allocation, properties 0x4)
[    1.058986] pci 0002:02:00.0: VF BAR 4: [mem 0x9fc680000-0x9fc6bffff 64bit] (from Enhanced Allocation, properties 0x4)
[    1.059003] pci 0002:02:00.0: VF(n) BAR2 space: [mem 0x841202000000-0x841207ffffff 64bit] (contains BAR2 for 3 VFs)
[    1.059004] pci 0002:02:00.0: VF(n) BAR4 space: [mem 0x9fc680000-0x9fc73ffff 64bit] (contains BAR4 for 3 VFs)
[    1.059060] pci 0002:03:00.0: [177d:a063] type 00 class 0x020000
[    1.059076] pci 0002:03:00.0: BAR 2: [mem 0x842200000000-0x842201ffffff 64bit] (from Enhanced Allocation, properties 0x0)
[    1.059079] pci 0002:03:00.0: BAR 4: [mem 0x9fc740000-0x9fc7bffff 64bit] (from Enhanced Allocation, properties 0x0)
[    1.059082] pci 0002:03:00.0: VF BAR 2: [mem 0x842202000000-0x842203ffffff 64bit] (from Enhanced Allocation, properties 0x4)
[    1.059085] pci 0002:03:00.0: VF BAR 4: [mem 0x9fc7c0000-0x9fc7fffff 64bit] (from Enhanced Allocation, properties 0x4)
[    1.059100] pci 0002:03:00.0: VF(n) BAR2 space: [mem 0x842202000000-0x842207ffffff 64bit] (contains BAR2 for 3 VFs)
[    1.059102] pci 0002:03:00.0: VF(n) BAR4 space: [mem 0x9fc7c0000-0x9fc87ffff 64bit] (contains BAR4 for 3 VFs)
[    1.059153] pci 0002:04:00.0: [177d:a063] type 00 class 0x020000
[    1.059169] pci 0002:04:00.0: BAR 2: [mem 0x843200000000-0x843201ffffff 64bit] (from Enhanced Allocation, properties 0x0)
[    1.059172] pci 0002:04:00.0: BAR 4: [mem 0x9fc880000-0x9fc8fffff 64bit] (from Enhanced Allocation, properties 0x0)
[    1.059175] pci 0002:04:00.0: VF BAR 2: [mem 0x843202000000-0x843203ffffff 64bit] (from Enhanced Allocation, properties 0x4)
[    1.059177] pci 0002:04:00.0: VF BAR 4: [mem 0x9fc900000-0x9fc93ffff 64bit] (from Enhanced Allocation, properties 0x4)
[    1.059193] pci 0002:04:00.0: VF(n) BAR2 space: [mem 0x843202000000-0x843207ffffff 64bit] (contains BAR2 for 3 VFs)
[    1.059195] pci 0002:04:00.0: VF(n) BAR4 space: [mem 0x9fc900000-0x9fc9bffff 64bit] (contains BAR4 for 3 VFs)
[    1.059244] pci 0002:05:00.0: [177d:a063] type 00 class 0x020000
[    1.059259] pci 0002:05:00.0: BAR 2: [mem 0x844200000000-0x844201ffffff 64bit] (from Enhanced Allocation, properties 0x0)
[    1.059262] pci 0002:05:00.0: BAR 4: [mem 0x9fc9c0000-0x9fca3ffff 64bit] (from Enhanced Allocation, properties 0x0)
[    1.059264] pci 0002:05:00.0: VF BAR 2: [mem 0x844202000000-0x844203ffffff 64bit] (from Enhanced Allocation, properties 0x4)
[    1.059267] pci 0002:05:00.0: VF BAR 4: [mem 0x9fca40000-0x9fca7ffff 64bit] (from Enhanced Allocation, properties 0x4)
[    1.059284] pci 0002:05:00.0: VF(n) BAR2 space: [mem 0x844202000000-0x844207ffffff 64bit] (contains BAR2 for 3 VFs)
[    1.059286] pci 0002:05:00.0: VF(n) BAR4 space: [mem 0x9fca40000-0x9fcafffff 64bit] (contains BAR4 for 3 VFs)
[    1.059344] pci 0002:06:00.0: [177d:a063] type 00 class 0x020000
[    1.059360] pci 0002:06:00.0: BAR 2: [mem 0x845200000000-0x845201ffffff 64bit] (from Enhanced Allocation, properties 0x0)
[    1.059363] pci 0002:06:00.0: BAR 4: [mem 0x9fcb00000-0x9fcb7ffff 64bit] (from Enhanced Allocation, properties 0x0)
[    1.059366] pci 0002:06:00.0: VF BAR 2: [mem 0x845202000000-0x845203ffffff 64bit] (from Enhanced Allocation, properties 0x4)
[    1.059368] pci 0002:06:00.0: VF BAR 4: [mem 0x9fcb80000-0x9fcbbffff 64bit] (from Enhanced Allocation, properties 0x4)
[    1.059384] pci 0002:06:00.0: VF(n) BAR2 space: [mem 0x845202000000-0x845207ffffff 64bit] (contains BAR2 for 3 VFs)
[    1.059386] pci 0002:06:00.0: VF(n) BAR4 space: [mem 0x9fcb80000-0x9fcc3ffff 64bit] (contains BAR4 for 3 VFs)
[    1.059435] pci 0002:07:00.0: [177d:a0f9] type 00 class 0x088000
[    1.059456] pci 0002:07:00.0: BAR 2: [mem 0x846200000000-0x846201ffffff 64bit] (from Enhanced Allocation, properties 0x0)
[    1.059459] pci 0002:07:00.0: BAR 4: [mem 0x9fcc40000-0x9fccbffff 64bit] (from Enhanced Allocation, properties 0x0)
[    1.059461] pci 0002:07:00.0: VF BAR 2: [mem 0x846202000000-0x846203ffffff 64bit] (from Enhanced Allocation, properties 0x4)
[    1.059524] pci 0002:08:00.0: [177d:a0f9] type 00 class 0x088000
[    1.059544] pci 0002:08:00.0: BAR 2: [mem 0x847200000000-0x847201ffffff 64bit] (from Enhanced Allocation, properties 0x0)
[    1.059547] pci 0002:08:00.0: BAR 4: [mem 0x9fccc0000-0x9fcd3ffff 64bit] (from Enhanced Allocation, properties 0x0)
[    1.059550] pci 0002:08:00.0: VF BAR 2: [mem 0x847202000000-0x847203ffffff 64bit] (from Enhanced Allocation, properties 0x4)
[    1.059613] pci 0002:09:00.0: [177d:a0f9] type 00 class 0x088000
[    1.059631] pci 0002:09:00.0: BAR 2: [mem 0x848200000000-0x848201ffffff 64bit] (from Enhanced Allocation, properties 0x0)
[    1.059633] pci 0002:09:00.0: BAR 4: [mem 0x9fcd40000-0x9fcdbffff 64bit] (from Enhanced Allocation, properties 0x0)
[    1.059636] pci 0002:09:00.0: VF BAR 2: [mem 0x848202000000-0x848203ffffff 64bit] (from Enhanced Allocation, properties 0x4)
[    1.059700] pci 0002:0a:00.0: [177d:a0f9] type 00 class 0x088000
[    1.059717] pci 0002:0a:00.0: BAR 2: [mem 0x849200000000-0x849201ffffff 64bit] (from Enhanced Allocation, properties 0x0)
[    1.059720] pci 0002:0a:00.0: BAR 4: [mem 0x9fcdc0000-0x9fce3ffff 64bit] (from Enhanced Allocation, properties 0x0)
[    1.059722] pci 0002:0a:00.0: VF BAR 2: [mem 0x849202000000-0x849203ffffff 64bit] (from Enhanced Allocation, properties 0x4)
[    1.059790] pci 0002:0b:00.0: [177d:a0f9] type 00 class 0x088000
[    1.059806] pci 0002:0b:00.0: BAR 2: [mem 0x84a200000000-0x84a201ffffff 64bit] (from Enhanced Allocation, properties 0x0)
[    1.059809] pci 0002:0b:00.0: BAR 4: [mem 0x9fce40000-0x9fcebffff 64bit] (from Enhanced Allocation, properties 0x0)
[    1.059812] pci 0002:0b:00.0: VF BAR 2: [mem 0x84a202000000-0x84a203ffffff 64bit] (from Enhanced Allocation, properties 0x4)
[    1.059876] pci 0002:0c:00.0: [177d:a0f9] type 00 class 0x088000
[    1.059892] pci 0002:0c:00.0: BAR 2: [mem 0x84b200000000-0x84b201ffffff 64bit] (from Enhanced Allocation, properties 0x0)
[    1.059895] pci 0002:0c:00.0: BAR 4: [mem 0x9fcec0000-0x9fcf3ffff 64bit] (from Enhanced Allocation, properties 0x0)
[    1.059898] pci 0002:0c:00.0: VF BAR 2: [mem 0x84b202000000-0x84b203ffffff 64bit] (from Enhanced Allocation, properties 0x4)
[    1.059964] pci 0002:0d:00.0: [177d:a0f9] type 00 class 0x088000
[    1.059980] pci 0002:0d:00.0: BAR 2: [mem 0x84c200000000-0x84c201ffffff 64bit] (from Enhanced Allocation, properties 0x0)
[    1.059983] pci 0002:0d:00.0: BAR 4: [mem 0x9fcf40000-0x9fcfbffff 64bit] (from Enhanced Allocation, properties 0x0)
[    1.059987] pci 0002:0d:00.0: VF BAR 2: [mem 0x84c202000000-0x84c203ffffff 64bit] (from Enhanced Allocation, properties 0x4)
[    1.060045] pci 0002:0e:00.0: [177d:a0f9] type 00 class 0x088000
[    1.060060] pci 0002:0e:00.0: BAR 2: [mem 0x84d200000000-0x84d201ffffff 64bit] (from Enhanced Allocation, properties 0x0)
[    1.060063] pci 0002:0e:00.0: BAR 4: [mem 0x9fcfc0000-0x9fd03ffff 64bit] (from Enhanced Allocation, properties 0x0)
[    1.060066] pci 0002:0e:00.0: VF BAR 2: [mem 0x84d202000000-0x84d203ffffff 64bit] (from Enhanced Allocation, properties 0x4)
[    1.060123] pci 0002:0f:00.0: [177d:a0f9] type 00 class 0x088000
[    1.060140] pci 0002:0f:00.0: BAR 2: [mem 0x84e200000000-0x84e201ffffff 64bit] (from Enhanced Allocation, properties 0x0)
[    1.060143] pci 0002:0f:00.0: BAR 4: [mem 0x9fd040000-0x9fd0bffff 64bit] (from Enhanced Allocation, properties 0x0)
[    1.060145] pci 0002:0f:00.0: VF BAR 2: [mem 0x84e202000000-0x84e203ffffff 64bit] (from Enhanced Allocation, properties 0x4)
[    1.060201] pci 0002:10:00.0: [177d:a0f0] type 00 class 0x088000
[    1.060217] pci 0002:10:00.0: BAR 2: [mem 0x84f200000000-0x84f201ffffff 64bit] (from Enhanced Allocation, properties 0x0)
[    1.060219] pci 0002:10:00.0: BAR 4: [mem 0x9fd0c0000-0x9fd13ffff 64bit] (from Enhanced Allocation, properties 0x0)
[    1.060222] pci 0002:10:00.0: VF BAR 2: [mem 0x84f202000000-0x84f203ffffff 64bit] (from Enhanced Allocation, properties 0x4)
[    1.060277] pci 0002:11:00.0: [177d:a0f0] type 00 class 0x088000
[    1.060295] pci 0002:11:00.0: BAR 2: [mem 0x850200000000-0x850201ffffff 64bit] (from Enhanced Allocation, properties 0x0)
[    1.060298] pci 0002:11:00.0: BAR 4: [mem 0x9fd140000-0x9fd1bffff 64bit] (from Enhanced Allocation, properties 0x0)
[    1.060301] pci 0002:11:00.0: VF BAR 2: [mem 0x850202000000-0x850203ffffff 64bit] (from Enhanced Allocation, properties 0x4)
[    1.060365] pci 0002:12:00.0: [177d:a0f0] type 00 class 0x088000
[    1.060380] pci 0002:12:00.0: BAR 2: [mem 0x851200000000-0x851201ffffff 64bit] (from Enhanced Allocation, properties 0x0)
[    1.060388] pci 0002:12:00.0: BAR 4: [mem 0x9fd1c0000-0x9fd23ffff 64bit] (from Enhanced Allocation, properties 0x0)
[    1.060391] pci 0002:12:00.0: VF BAR 2: [mem 0x851202000000-0x851203ffffff 64bit] (from Enhanced Allocation, properties 0x4)
[    1.060454] pci 0002:13:00.0: [177d:a0f0] type 00 class 0x088000
[    1.060470] pci 0002:13:00.0: BAR 2: [mem 0x852200000000-0x852201ffffff 64bit] (from Enhanced Allocation, properties 0x0)
[    1.060473] pci 0002:13:00.0: BAR 4: [mem 0x9fd240000-0x9fd2bffff 64bit] (from Enhanced Allocation, properties 0x0)
[    1.060475] pci 0002:13:00.0: VF BAR 2: [mem 0x852202000000-0x852203ffffff 64bit] (from Enhanced Allocation, properties 0x4)
[    1.060538] pci 0002:14:00.0: [177d:a0f0] type 00 class 0x088000
[    1.060555] pci 0002:14:00.0: BAR 2: [mem 0x853200000000-0x853201ffffff 64bit] (from Enhanced Allocation, properties 0x0)
[    1.060558] pci 0002:14:00.0: BAR 4: [mem 0x9fd2c0000-0x9fd33ffff 64bit] (from Enhanced Allocation, properties 0x0)
[    1.060560] pci 0002:14:00.0: VF BAR 2: [mem 0x853202000000-0x853203ffffff 64bit] (from Enhanced Allocation, properties 0x4)
[    1.060626] pci 0002:15:00.0: [177d:a0f0] type 00 class 0x088000
[    1.060641] pci 0002:15:00.0: BAR 2: [mem 0x854200000000-0x854201ffffff 64bit] (from Enhanced Allocation, properties 0x0)
[    1.060644] pci 0002:15:00.0: BAR 4: [mem 0x9fd340000-0x9fd3bffff 64bit] (from Enhanced Allocation, properties 0x0)
[    1.060647] pci 0002:15:00.0: VF BAR 2: [mem 0x854202000000-0x854203ffffff 64bit] (from Enhanced Allocation, properties 0x4)
[    1.060712] pci 0002:16:00.0: [177d:a0f0] type 00 class 0x088000
[    1.060728] pci 0002:16:00.0: BAR 2: [mem 0x855200000000-0x855201ffffff 64bit] (from Enhanced Allocation, properties 0x0)
[    1.060731] pci 0002:16:00.0: BAR 4: [mem 0x9fd3c0000-0x9fd43ffff 64bit] (from Enhanced Allocation, properties 0x0)
[    1.060733] pci 0002:16:00.0: VF BAR 2: [mem 0x855202000000-0x855203ffffff 64bit] (from Enhanced Allocation, properties 0x4)
[    1.060797] pci 0002:17:00.0: [177d:a0f0] type 00 class 0x088000
[    1.060813] pci 0002:17:00.0: BAR 2: [mem 0x856200000000-0x856201ffffff 64bit] (from Enhanced Allocation, properties 0x0)
[    1.060816] pci 0002:17:00.0: BAR 4: [mem 0x9fd440000-0x9fd4bffff 64bit] (from Enhanced Allocation, properties 0x0)
[    1.060818] pci 0002:17:00.0: VF BAR 2: [mem 0x856202000000-0x856203ffffff 64bit] (from Enhanced Allocation, properties 0x4)
[    1.060884] pci 0002:18:00.0: [177d:a0f0] type 00 class 0x088000
[    1.060899] pci 0002:18:00.0: BAR 2: [mem 0x857200000000-0x857201ffffff 64bit] (from Enhanced Allocation, properties 0x0)
[    1.060902] pci 0002:18:00.0: BAR 4: [mem 0x9fd4c0000-0x9fd53ffff 64bit] (from Enhanced Allocation, properties 0x0)
[    1.060905] pci 0002:18:00.0: VF BAR 2: [mem 0x857202000000-0x857203ffffff 64bit] (from Enhanced Allocation, properties 0x4)
[    1.060969] pci 0002:19:00.0: [177d:a0fb] type 00 class 0x088000
[    1.060985] pci 0002:19:00.0: BAR 2: [mem 0x858200000000-0x858201ffffff 64bit] (from Enhanced Allocation, properties 0x0)
[    1.060988] pci 0002:19:00.0: BAR 4: [mem 0x9fd540000-0x9fd5bffff 64bit] (from Enhanced Allocation, properties 0x0)
[    1.060991] pci 0002:19:00.0: VF BAR 2: [mem 0x858202000000-0x858203ffffff 64bit] (from Enhanced Allocation, properties 0x4)
[    1.061053] pci 0002:1a:00.0: [177d:a0fb] type 00 class 0x088000
[    1.061069] pci 0002:1a:00.0: BAR 2: [mem 0x859200000000-0x859201ffffff 64bit] (from Enhanced Allocation, properties 0x0)
[    1.061071] pci 0002:1a:00.0: BAR 4: [mem 0x9fd5c0000-0x9fd63ffff 64bit] (from Enhanced Allocation, properties 0x0)
[    1.061074] pci 0002:1a:00.0: VF BAR 2: [mem 0x859202000000-0x859203ffffff 64bit] (from Enhanced Allocation, properties 0x4)
[    1.061133] pci 0002:1b:00.0: [177d:a0fb] type 00 class 0x088000
[    1.061149] pci 0002:1b:00.0: BAR 2: [mem 0x85a200000000-0x85a201ffffff 64bit] (from Enhanced Allocation, properties 0x0)
[    1.061152] pci 0002:1b:00.0: BAR 4: [mem 0x9fd640000-0x9fd6bffff 64bit] (from Enhanced Allocation, properties 0x0)
[    1.061154] pci 0002:1b:00.0: VF BAR 2: [mem 0x85a202000000-0x85a203ffffff 64bit] (from Enhanced Allocation, properties 0x4)
[    1.061210] pci 0002:1c:00.0: [177d:a0fb] type 00 class 0x088000
[    1.061225] pci 0002:1c:00.0: BAR 2: [mem 0x85b200000000-0x85b201ffffff 64bit] (from Enhanced Allocation, properties 0x0)
[    1.061228] pci 0002:1c:00.0: BAR 4: [mem 0x9fd6c0000-0x9fd73ffff 64bit] (from Enhanced Allocation, properties 0x0)
[    1.061231] pci 0002:1c:00.0: VF BAR 2: [mem 0x85b202000000-0x85b203ffffff 64bit] (from Enhanced Allocation, properties 0x4)
[    1.061289] pci 0002:1d:00.0: [177d:a0f0] type 00 class 0x088000
[    1.061307] pci 0002:1d:00.0: BAR 2: [mem 0x85c200000000-0x85c201ffffff 64bit] (from Enhanced Allocation, properties 0x0)
[    1.061310] pci 0002:1d:00.0: BAR 4: [mem 0x9fd740000-0x9fd7bffff 64bit] (from Enhanced Allocation, properties 0x0)
[    1.061314] pci 0002:1d:00.0: VF BAR 2: [mem 0x85c202000000-0x85c203ffffff 64bit] (from Enhanced Allocation, properties 0x4)
[    1.061376] pci 0002:1e:00.0: [177d:a0f9] type 00 class 0x088000
[    1.061391] pci 0002:1e:00.0: BAR 2: [mem 0x85d200000000-0x85d201ffffff 64bit] (from Enhanced Allocation, properties 0x0)
[    1.061394] pci 0002:1e:00.0: BAR 4: [mem 0x9fd7c0000-0x9fd8bffff 64bit] (from Enhanced Allocation, properties 0x0)
[    1.061396] pci 0002:1e:00.0: VF BAR 2: [mem 0x85d202000000-0x85d203ffffff 64bit] (from Enhanced Allocation, properties 0x4)
[    1.061399] pci 0002:1e:00.0: VF BAR 4: [mem 0x9fd8c0000-0x9fd8fffff 64bit] (from Enhanced Allocation, properties 0x4)
[    1.061414] pci 0002:1e:00.0: VF(n) BAR2 space: [mem 0x85d202000000-0x85d209ffffff 64bit] (contains BAR2 for 4 VFs)
[    1.061416] pci 0002:1e:00.0: VF(n) BAR4 space: [mem 0x9fd8c0000-0x9fd9bffff 64bit] (contains BAR4 for 4 VFs)
[    1.061468] pci 0002:1f:00.0: [177d:a0f6] type 00 class 0x020000
[    1.061483] pci 0002:1f:00.0: BAR 2: [mem 0x85e200000000-0x85e201ffffff 64bit] (from Enhanced Allocation, properties 0x0)
[    1.061487] pci 0002:1f:00.0: BAR 4: [mem 0x9fd9c0000-0x9fdabffff 64bit] (from Enhanced Allocation, properties 0x0)
[    1.061491] pci 0002:1f:00.0: VF BAR 2: [mem 0x85e202000000-0x85e203ffffff 64bit] (from Enhanced Allocation, properties 0x4)
[    1.061494] pci 0002:1f:00.0: VF BAR 4: [mem 0x9fdac0000-0x9fdafffff 64bit] (from Enhanced Allocation, properties 0x4)
[    1.061510] pci 0002:1f:00.0: VF(n) BAR2 space: [mem 0x85e202000000-0x85e213ffffff 64bit] (contains BAR2 for 9 VFs)
[    1.061512] pci 0002:1f:00.0: VF(n) BAR4 space: [mem 0x9fdac0000-0x9fdcfffff 64bit] (contains BAR4 for 9 VFs)
[    1.061571] pci 0002:20:00.0: [177d:a0f2] type 00 class 0x108000
[    1.061589] pci 0002:20:00.0: BAR 2: [mem 0x85f200000000-0x85f201ffffff 64bit] (from Enhanced Allocation, properties 0x0)
[    1.061592] pci 0002:20:00.0: BAR 4: [mem 0x9fdd00000-0x9fe4fffff 64bit] (from Enhanced Allocation, properties 0x0)
[    1.061595] pci 0002:20:00.0: VF BAR 2: [mem 0x85f202000000-0x85f203ffffff 64bit] (from Enhanced Allocation, properties 0x4)
[    1.061598] pci 0002:20:00.0: VF BAR 4: [mem 0x9fe500000-0x9fe53ffff 64bit] (from Enhanced Allocation, properties 0x4)
[    1.061618] pci 0002:20:00.0: VF(n) BAR2 space: [mem 0x85f202000000-0x85f281ffffff 64bit] (contains BAR2 for 64 VFs)
[    1.061620] pci 0002:20:00.0: VF(n) BAR4 space: [mem 0x9fe500000-0x9ff4fffff 64bit] (contains BAR4 for 64 VFs)
[    1.061741] pci 0002:00:00.0: PCI bridge to [bus 01]
[    1.061744] pci 0002:00:01.0: PCI bridge to [bus 02]
[    1.061746] pci 0002:00:02.0: PCI bridge to [bus 03]
[    1.061749] pci 0002:00:03.0: PCI bridge to [bus 04]
[    1.061751] pci 0002:00:04.0: PCI bridge to [bus 05]
[    1.061753] pci 0002:00:05.0: PCI bridge to [bus 06]
[    1.061755] pci 0002:00:06.0: PCI bridge to [bus 07]
[    1.061757] pci 0002:00:07.0: PCI bridge to [bus 08]
[    1.061760] pci 0002:00:08.0: PCI bridge to [bus 09]
[    1.061762] pci 0002:00:09.0: PCI bridge to [bus 0a]
[    1.061764] pci 0002:00:0a.0: PCI bridge to [bus 0b]
[    1.061766] pci 0002:00:0b.0: PCI bridge to [bus 0c]
[    1.061768] pci 0002:00:0c.0: PCI bridge to [bus 0d]
[    1.061770] pci 0002:00:0d.0: PCI bridge to [bus 0e]
[    1.061773] pci 0002:00:0e.0: PCI bridge to [bus 0f]
[    1.061775] pci 0002:00:0f.0: PCI bridge to [bus 10]
[    1.061778] pci 0002:00:10.0: PCI bridge to [bus 11]
[    1.061780] pci 0002:00:11.0: PCI bridge to [bus 12]
[    1.061783] pci 0002:00:12.0: PCI bridge to [bus 13]
[    1.061786] pci 0002:00:13.0: PCI bridge to [bus 14]
[    1.061789] pci 0002:00:14.0: PCI bridge to [bus 15]
[    1.061792] pci 0002:00:15.0: PCI bridge to [bus 16]
[    1.061794] pci 0002:00:16.0: PCI bridge to [bus 17]
[    1.061797] pci 0002:00:17.0: PCI bridge to [bus 18]
[    1.061800] pci 0002:00:18.0: PCI bridge to [bus 19]
[    1.061803] pci 0002:00:19.0: PCI bridge to [bus 1a]
[    1.061806] pci 0002:00:1a.0: PCI bridge to [bus 1b]
[    1.061809] pci 0002:00:1b.0: PCI bridge to [bus 1c]
[    1.061813] pci 0002:00:1c.0: PCI bridge to [bus 1d]
[    1.061816] pci 0002:00:1d.0: PCI bridge to [bus 1e]
[    1.061820] pci 0002:00:1e.0: PCI bridge to [bus 1f]
[    1.061823] pci 0002:00:1f.0: PCI bridge to [bus 20]
[    1.061825] pci_bus 0002:00: resource 4 [mem 0x01000000-0x037fffff window]
[    1.061827] pci_bus 0002:00: resource 5 [mem 0x9fc000000-0x9feffffff window]
[    1.061828] pci_bus 0002:00: resource 6 [mem 0x840000000000-0x85f4ffffffff window]
[    1.061830] pci_bus 0002:00: resource 7 [mem 0x878020000000-0x87802fffffff window]
[    1.061929] ACPI: PCI Root Bridge [PEM0] (domain 0003 [bus 00-ff])
[    1.061935] acpi PNP0A08:03: _OSC: OS supports [ExtendedConfig ASPM ClockPM Segments MSI EDR HPX-Type3]
[    1.061964] acpi PNP0A08:03: _OSC: platform does not support [PCIeHotplug SHPCHotplug PME AER LTR DPC]
[    1.061989] acpi PNP0A08:03: _OSC: OS now controls [PCIeCapability]
[    1.062164] acpi PNP0A08:03: ECAM area [mem 0x878030000000-0x87803fffffff] reserved by PNP0A08:03
[    1.062174] acpi PNP0A08:03: ECAM at [mem 0x878030000000-0x87803fffffff] for [bus 00-ff]
[    1.062253] PCI host bridge to bus 0003:00
[    1.062256] pci_bus 0003:00: root bus resource [bus 00-ff]
[    1.062257] pci_bus 0003:00: root bus resource [mem 0x878030000000-0x87803fffffff window]
[    1.062259] pci_bus 0003:00: root bus resource [mem 0x8e0e00000000-0x8e0e000fffff window]
[    1.062261] pci_bus 0003:00: root bus resource [mem 0x882001000000-0x882fffffffff window] (bus address [0x01000000-0xfffffffff])
[    1.062263] pci_bus 0003:00: root bus resource [mem 0x886000000000-0x8860000fffff window] (bus address [0x00000000-0x000fffff])
[    1.062265] pci_bus 0003:00: root bus resource [mem 0x884000000000-0x884fffffffff pref window] (bus address [0x00000000-0xfffffffff])
[    1.062275] pci_bus 0003:00: resource 4 [mem 0x878030000000-0x87803fffffff window]
[    1.062277] pci_bus 0003:00: resource 5 [mem 0x8e0e00000000-0x8e0e000fffff window]
[    1.062279] pci_bus 0003:00: resource 6 [mem 0x882001000000-0x882fffffffff window]
[    1.062280] pci_bus 0003:00: resource 7 [mem 0x886000000000-0x8860000fffff window]
[    1.062282] pci_bus 0003:00: resource 8 [mem 0x884000000000-0x884fffffffff pref window]
[    1.062359] ACPI: PCI Root Bridge [PEM1] (domain 0004 [bus 00-ff])
[    1.062367] acpi PNP0A08:04: _OSC: OS supports [ExtendedConfig ASPM ClockPM Segments MSI EDR HPX-Type3]
[    1.062396] acpi PNP0A08:04: _OSC: platform does not support [PCIeHotplug SHPCHotplug PME AER LTR DPC]
[    1.062421] acpi PNP0A08:04: _OSC: OS now controls [PCIeCapability]
[    1.062643] acpi PNP0A08:04: ECAM area [mem 0x878040000000-0x87804fffffff] reserved by PNP0A08:04
[    1.062652] acpi PNP0A08:04: ECAM at [mem 0x878040000000-0x87804fffffff] for [bus 00-ff]
[    1.062726] PCI host bridge to bus 0004:00
[    1.062727] pci_bus 0004:00: root bus resource [bus 00-ff]
[    1.062729] pci_bus 0004:00: root bus resource [mem 0x878040000000-0x87804fffffff window]
[    1.062730] pci_bus 0004:00: root bus resource [mem 0x8e1e00000000-0x8e1e000fffff window]
[    1.062732] pci_bus 0004:00: root bus resource [mem 0x88a001000000-0x88afffffffff window] (bus address [0x01000000-0xfffffffff])
[    1.062734] pci_bus 0004:00: root bus resource [mem 0x88e000000000-0x88e0000fffff window] (bus address [0x00000000-0x000fffff])
[    1.062736] pci_bus 0004:00: root bus resource [mem 0x88c000000000-0x88cfffffffff pref window] (bus address [0x00000000-0xfffffffff])
[    1.062746] pci_bus 0004:00: resource 4 [mem 0x878040000000-0x87804fffffff window]
[    1.062748] pci_bus 0004:00: resource 5 [mem 0x8e1e00000000-0x8e1e000fffff window]
[    1.062750] pci_bus 0004:00: resource 6 [mem 0x88a001000000-0x88afffffffff window]
[    1.062751] pci_bus 0004:00: resource 7 [mem 0x88e000000000-0x88e0000fffff window]
[    1.062753] pci_bus 0004:00: resource 8 [mem 0x88c000000000-0x88cfffffffff pref window]
[    1.062819] ACPI: PCI Root Bridge [PEM2] (domain 0005 [bus 00-ff])
[    1.062825] acpi PNP0A08:05: _OSC: OS supports [ExtendedConfig ASPM ClockPM Segments MSI EDR HPX-Type3]
[    1.062851] acpi PNP0A08:05: _OSC: platform does not support [PCIeHotplug SHPCHotplug PME AER LTR DPC]
[    1.062876] acpi PNP0A08:05: _OSC: OS now controls [PCIeCapability]
[    1.063149] acpi PNP0A08:05: ECAM area [mem 0x878050000000-0x87805fffffff] reserved by PNP0A08:05
[    1.063156] acpi PNP0A08:05: ECAM at [mem 0x878050000000-0x87805fffffff] for [bus 00-ff]
[    1.063229] PCI host bridge to bus 0005:00
[    1.063230] pci_bus 0005:00: root bus resource [bus 00-ff]
[    1.063232] pci_bus 0005:00: root bus resource [mem 0x878050000000-0x87805fffffff window]
[    1.063234] pci_bus 0005:00: root bus resource [mem 0x8e2e00000000-0x8e2e000fffff window]
[    1.063235] pci_bus 0005:00: root bus resource [mem 0x892001000000-0x892fffffffff window] (bus address [0x01000000-0xfffffffff])
[    1.063237] pci_bus 0005:00: root bus resource [mem 0x896000000000-0x8960000fffff window] (bus address [0x00000000-0x000fffff])
[    1.063239] pci_bus 0005:00: root bus resource [mem 0x894000000000-0x894fffffffff pref window] (bus address [0x00000000-0xfffffffff])
[    1.063251] pci 0005:00:00.0: [177d:a02d] type 01 class 0x060400
[    1.063258] pci 0005:00:00.0: reg 0x38: [mem 0x8920fffff800-0x8920ffffffff pref]
[    1.063270] pci 0005:00:00.0: BAR 0: [mem 0x8e2e00000000-0x8e2e000fffff 64bit] (from Enhanced Allocation, properties 0x0)
[    1.063315] pci 0005:00:00.0: PTM enabled (root), 16ns granularity
[    1.063393] pci 0005:01:00.0: [1987:5013] type 00 class 0x010802
[    1.063407] pci 0005:01:00.0: reg 0x10: [mem 0x892001000000-0x892001003fff 64bit]
[    1.063558] pci 0005:01:00.0: 15.752 Gb/s available PCIe bandwidth, limited by 8.0 GT/s PCIe x2 link at 0005:00:00.0 (capable of 31.504 Gb/s with 8.0 GT/s PCIe x4 link)
[    1.072422] pci 0005:00:00.0: BAR 14: assigned [mem 0x892001000000-0x8920010fffff]
[    1.072425] pci 0005:00:00.0: BAR 6: assigned [mem 0x894000000000-0x8940000007ff pref]
[    1.072430] pci 0005:01:00.0: BAR 0: assigned [mem 0x892001000000-0x892001003fff 64bit]
[    1.072436] pci 0005:00:00.0: PCI bridge to [bus 01]
[    1.072439] pci 0005:00:00.0:   bridge window [mem 0x892001000000-0x8920010fffff]
[    1.072441] pci_bus 0005:00: resource 4 [mem 0x878050000000-0x87805fffffff window]
[    1.072443] pci_bus 0005:00: resource 5 [mem 0x8e2e00000000-0x8e2e000fffff window]
[    1.072445] pci_bus 0005:00: resource 6 [mem 0x892001000000-0x892fffffffff window]
[    1.072447] pci_bus 0005:00: resource 7 [mem 0x896000000000-0x8960000fffff window]
[    1.072450] pci_bus 0005:00: resource 8 [mem 0x894000000000-0x894fffffffff pref window]
[    1.072452] pci_bus 0005:01: resource 1 [mem 0x892001000000-0x8920010fffff]
[    1.072530] ACPI: PCI Root Bridge [PEM3] (domain 0006 [bus 00-ff])
[    1.072536] acpi PNP0A08:06: _OSC: OS supports [ExtendedConfig ASPM ClockPM Segments MSI EDR HPX-Type3]
[    1.072563] acpi PNP0A08:06: _OSC: platform does not support [PCIeHotplug SHPCHotplug PME AER LTR DPC]
[    1.072589] acpi PNP0A08:06: _OSC: OS now controls [PCIeCapability]
[    1.072916] acpi PNP0A08:06: ECAM area [mem 0x878060000000-0x87806fffffff] reserved by PNP0A08:06
[    1.072926] acpi PNP0A08:06: ECAM at [mem 0x878060000000-0x87806fffffff] for [bus 00-ff]
[    1.073000] PCI host bridge to bus 0006:00
[    1.073002] pci_bus 0006:00: root bus resource [bus 00-ff]
[    1.073003] pci_bus 0006:00: root bus resource [mem 0x878060000000-0x87806fffffff window]
[    1.073005] pci_bus 0006:00: root bus resource [mem 0x8e3e00000000-0x8e3e000fffff window]
[    1.073007] pci_bus 0006:00: root bus resource [mem 0x89a001000000-0x89afffffffff window] (bus address [0x01000000-0xfffffffff])
[    1.073009] pci_bus 0006:00: root bus resource [mem 0x89e000000000-0x89e0000fffff window] (bus address [0x00000000-0x000fffff])
[    1.073011] pci_bus 0006:00: root bus resource [mem 0x89c000000000-0x89cfffffffff pref window] (bus address [0x00000000-0xfffffffff])
[    1.073021] pci_bus 0006:00: resource 4 [mem 0x878060000000-0x87806fffffff window]
[    1.073023] pci_bus 0006:00: resource 5 [mem 0x8e3e00000000-0x8e3e000fffff window]
[    1.073024] pci_bus 0006:00: resource 6 [mem 0x89a001000000-0x89afffffffff window]
[    1.073026] pci_bus 0006:00: resource 7 [mem 0x89e000000000-0x89e0000fffff window]
[    1.073027] pci_bus 0006:00: resource 8 [mem 0x89c000000000-0x89cfffffffff pref window]
[    1.073095] ACPI: PCI Root Bridge [PEM4] (domain 0007 [bus 00-ff])
[    1.073101] acpi PNP0A08:07: _OSC: OS supports [ExtendedConfig ASPM ClockPM Segments MSI EDR HPX-Type3]
[    1.073127] acpi PNP0A08:07: _OSC: platform does not support [PCIeHotplug SHPCHotplug PME AER LTR DPC]
[    1.073152] acpi PNP0A08:07: _OSC: OS now controls [PCIeCapability]
[    1.073542] acpi PNP0A08:07: ECAM area [mem 0x878070000000-0x87807fffffff] reserved by PNP0A08:07
[    1.073549] acpi PNP0A08:07: ECAM at [mem 0x878070000000-0x87807fffffff] for [bus 00-ff]
[    1.073622] PCI host bridge to bus 0007:00
[    1.073624] pci_bus 0007:00: root bus resource [bus 00-ff]
[    1.073625] pci_bus 0007:00: root bus resource [mem 0x878070000000-0x87807fffffff window]
[    1.073627] pci_bus 0007:00: root bus resource [mem 0x8e4e00000000-0x8e4e000fffff window]
[    1.073629] pci_bus 0007:00: root bus resource [mem 0x8a2001000000-0x8a2fffffffff window] (bus address [0x01000000-0xfffffffff])
[    1.073631] pci_bus 0007:00: root bus resource [mem 0x8a6000000000-0x8a60000fffff window] (bus address [0x00000000-0x000fffff])
[    1.073632] pci_bus 0007:00: root bus resource [mem 0x8a4000000000-0x8a4fffffffff pref window] (bus address [0x00000000-0xfffffffff])
[    1.073643] pci_bus 0007:00: resource 4 [mem 0x878070000000-0x87807fffffff window]
[    1.073644] pci_bus 0007:00: resource 5 [mem 0x8e4e00000000-0x8e4e000fffff window]
[    1.073646] pci_bus 0007:00: resource 6 [mem 0x8a2001000000-0x8a2fffffffff window]
[    1.073647] pci_bus 0007:00: resource 7 [mem 0x8a6000000000-0x8a60000fffff window]
[    1.073649] pci_bus 0007:00: resource 8 [mem 0x8a4000000000-0x8a4fffffffff pref window]
[    1.073717] ACPI: PCI Root Bridge [PEM5] (domain 0008 [bus 00-ff])
[    1.073723] acpi PNP0A08:08: _OSC: OS supports [ExtendedConfig ASPM ClockPM Segments MSI EDR HPX-Type3]
[    1.073749] acpi PNP0A08:08: _OSC: platform does not support [PCIeHotplug SHPCHotplug PME AER LTR DPC]
[    1.073773] acpi PNP0A08:08: _OSC: OS now controls [PCIeCapability]
[    1.074197] acpi PNP0A08:08: ECAM area [mem 0x878080000000-0x87808fffffff] reserved by PNP0A08:08
[    1.074204] acpi PNP0A08:08: ECAM at [mem 0x878080000000-0x87808fffffff] for [bus 00-ff]
[    1.074276] PCI host bridge to bus 0008:00
[    1.074278] pci_bus 0008:00: root bus resource [bus 00-ff]
[    1.074279] pci_bus 0008:00: root bus resource [mem 0x878080000000-0x87808fffffff window]
[    1.074281] pci_bus 0008:00: root bus resource [mem 0x8e5e00000000-0x8e5e000fffff window]
[    1.074282] pci_bus 0008:00: root bus resource [mem 0x8aa001000000-0x8aafffffffff window] (bus address [0x01000000-0xfffffffff])
[    1.074284] pci_bus 0008:00: root bus resource [mem 0x8ae000000000-0x8ae0000fffff window] (bus address [0x00000000-0x000fffff])
[    1.074286] pci_bus 0008:00: root bus resource [mem 0x8ac000000000-0x8acfffffffff pref window] (bus address [0x00000000-0xfffffffff])
[    1.074296] pci_bus 0008:00: resource 4 [mem 0x878080000000-0x87808fffffff window]
[    1.074298] pci_bus 0008:00: resource 5 [mem 0x8e5e00000000-0x8e5e000fffff window]
[    1.074299] pci_bus 0008:00: resource 6 [mem 0x8aa001000000-0x8aafffffffff window]
[    1.074301] pci_bus 0008:00: resource 7 [mem 0x8ae000000000-0x8ae0000fffff window]
[    1.074302] pci_bus 0008:00: resource 8 [mem 0x8ac000000000-0x8acfffffffff pref window]
[    1.074384] ARMH0011:00: ttyAMA0 at MMIO 0x87e028000000 (irq = 13, base_baud = 0) is a SBSA
[    7.539194] printk: console [ttyAMA0] enabled
[    7.543721] ARMH0011:01: ttyAMA1 at MMIO 0x87e029000000 (irq = 14, base_baud = 0) is a SBSA
[    7.552417] iommu: Default domain type: Translated 
[    7.557281] iommu: DMA domain TLB invalidation policy: strict mode 
[    7.563696] SCSI subsystem initialized
[    7.567455] libata version 3.00 loaded.
[    7.567495] vgaarb: loaded
[    7.570207] ACPI: bus type USB registered
[    7.574212] usbcore: registered new interface driver usbfs
[    7.579684] usbcore: registered new interface driver hub
[    7.584984] usbcore: registered new device driver usb
[    7.590046] pps_core: LinuxPPS API ver. 1 registered
[    7.594993] pps_core: Software ver. 5.3.6 - Copyright 2005-2007 Rodolfo Giometti <giometti@linux.it>
[    7.604103] PTP clock support registered
[    7.608043] EDAC MC: Ver: 3.0.0
[    7.611346] Registered efivars operations
[    7.615688] NetLabel: Initializing
[    7.619074] NetLabel:  domain hash size = 128
[    7.623416] NetLabel:  protocols = UNLABELED CIPSOv4 CALIPSO
[    7.629067] NetLabel:  unlabeled traffic allowed by default
[    7.634696] sdei: SDEIv1.0 (0x0) detected in firmware.
[    7.640158] clocksource: Switched to clocksource arch_sys_counter
[    7.656289] VFS: Disk quotas dquot_6.6.0
[    7.660217] VFS: Dquot-cache hash table entries: 512 (order 0, 4096 bytes)
[    7.667194] AppArmor: AppArmor Filesystem Enabled
[    7.671897] pnp: PnP ACPI init
[    7.675053] pnp: PnP ACPI: found 0 devices
[    7.680297] NET: Registered PF_INET protocol family
[    7.685225] IP idents hash table entries: 262144 (order: 9, 2097152 bytes, linear)
[    7.695019] tcp_listen_portaddr_hash hash table entries: 32768 (order: 7, 524288 bytes, linear)
[    7.703844] TCP established hash table entries: 524288 (order: 10, 4194304 bytes, linear)
[    7.712425] TCP bind hash table entries: 65536 (order: 8, 1048576 bytes, linear)
[    7.719929] TCP: Hash tables configured (established 524288 bind 65536)
[    7.726636] MPTCP token hash table entries: 65536 (order: 8, 1572864 bytes, linear)
[    7.734444] UDP hash table entries: 32768 (order: 8, 1048576 bytes, linear)
[    7.741498] UDP-Lite hash table entries: 32768 (order: 8, 1048576 bytes, linear)
[    7.749008] NET: Registered PF_UNIX/PF_LOCAL protocol family
[    7.754655] NET: Registered PF_XDP protocol family
[    7.759558] PCI: CLS 0 bytes, default 64
[    7.763512] Trying to unpack rootfs image as initramfs...
[    7.773196] hw perfevents: enabled with armv8_pmuv3_0 PMU driver, 7 counters available
[    7.781103] kvm [1]: IPA Size Limit: 48 bits
[    7.785366] kvm [1]: GICv4 support disabled
[    7.789533] kvm [1]: GICv3: no GICV resource entry
[    7.794307] kvm [1]: disabling GICv2 emulation
[    7.798740] kvm [1]: GIC system register CPU interface enabled
[    7.804771] kvm [1]: vgic interrupt IRQ9
[    7.808976] kvm [1]: VHE mode initialized successfully
[    7.814528] Initialise system trusted keyrings
[    7.818969] Key type blacklist registered
[    7.822992] workingset: timestamp_bits=40 max_order=24 bucket_order=0
[    7.830327] zbud: loaded
[    7.833080] squashfs: version 4.0 (2009/01/31) Phillip Lougher
[    7.839006] fuse: init (API version 7.34)
[    7.843101] integrity: Platform Keyring initialized
[    7.861150] Key type asymmetric registered
[    7.865231] Asymmetric key parser 'x509' registered
[    7.870107] Block layer SCSI generic (bsg) driver version 0.4 loaded (major 242)
[    7.877515] io scheduler mq-deadline registered
[    7.882928] shpchp: Standard Hot Plug PCI Controller Driver version: 0.4
[    7.890260] EDAC MC0: Giving out device to module ghes_edac.c controller ghes_edac: DEV ghes (INTERRUPT)
[    7.900611] GHES: Failed to enable APEI firmware first mode.
[    7.906323] ACPI GTDT: found 1 SBSA generic Watchdog(s).
[    7.912547] Serial: 8250/16550 driver, 32 ports, IRQ sharing enabled
[    7.920122] msm_serial: driver initialized
[    7.924372] arm-smmu-v3 arm-smmu-v3.0.auto: option mask 0x0
[    7.929938] arm-smmu-v3 arm-smmu-v3.0.auto: ias 52-bit, oas 52-bit (features 0x0006d78d)
[    7.938381] arm-smmu-v3 arm-smmu-v3.0.auto: allocated 65536 entries for cmdq
[    7.945416] arm-smmu-v3 arm-smmu-v3.0.auto: allocated 128 entries for evtq
[    7.955765] loop: module loaded
[    7.958986] SPI driver altr_a10sr has no spi_device_id for altr,a10sr
[    7.965635] tun: Universal TUN/TAP device driver, 1.6
[    7.970758] PPP generic driver version 2.4.2
[    7.975049] ehci_hcd: USB 2.0 'Enhanced' Host Controller (EHCI) Driver
[    7.981561] ehci-pci: EHCI PCI platform driver
[    7.986012] ehci-orion: EHCI orion driver
[    7.990017] ohci_hcd: USB 1.1 'Open' Host Controller (OHCI) Driver
[    7.996179] ohci-pci: OHCI PCI platform driver
[    8.000620] uhci_hcd: USB Universal Host Controller Interface driver
[    8.007023] mousedev: PS/2 mouse device common for all mice
[    8.017357] rtc-efi rtc-efi.0: registered as rtc0
[    8.024407] rtc-efi rtc-efi.0: setting system clock to 1998-01-01T01:42:05 UTC (883618925)
[    8.032692] i2c_dev: i2c /dev entries driver
[    8.037087] device-mapper: core: CONFIG_IMA_DISABLE_HTABLE is disabled. Duplicate IMA measurements will not be recorded in the IMA log.
[    8.049262] device-mapper: uevent: version 1.0.3
[    8.053907] device-mapper: ioctl: 4.45.0-ioctl (2021-03-22) initialised: dm-devel@redhat.com
[    8.062638] ledtrig-cpu: registered to indicate activity on CPUs
[    8.068744] SMCCC: SOC_ID: ID = jep106:0369:00b9 Revision = 0x00000001
[    8.075384] drop_monitor: Initializing network drop monitor service
[    8.081761] NET: Registered PF_INET6 protocol family
[    8.384258] Freeing initrd memory: 101432K
[    8.393140] Segment Routing with IPv6
[    8.396795] In-situ OAM (IOAM) with IPv6
[    8.400717] NET: Registered PF_PACKET protocol family
[    8.405786] Key type dns_resolver registered
[    8.410359] registered taskstats version 1
[    8.414638] Loading compiled-in X.509 certificates
[    8.420040] Loaded X.509 cert 'Build time autogenerated kernel key: aa7977cbe3fc3aad9ad839489d6cfdc6690a2a64'
[    8.430470] Loaded X.509 cert 'Canonical Ltd. Live Patch Signing: 14df34d1a87cf37625abec039ef2bf521249b969'
[    8.440725] Loaded X.509 cert 'Canonical Ltd. Kernel Module Signing: 88f752e560a1e0737e31163a466ad7b70a850c19'
[    8.450702] blacklist: Loading compiled-in revocation X.509 certificates
[    8.457399] Loaded X.509 cert 'Canonical Ltd. Secure Boot Signing: 61482aa2830d0ab2ad5af10b7250da9033ddcef0'
[    8.467799] zswap: loaded using pool lzo/zbud
[    8.473103] Key type ._fscrypt registered
[    8.477101] Key type .fscrypt registered
[    8.481014] Key type fscrypt-provisioning registered
[    8.501896] cryptd: max_cpu_qlen set to 1000
[    8.513243] Key type encrypted registered
[    8.517241] AppArmor: AppArmor sha1 policy hashing enabled
[    8.522765] integrity: Loading X.509 certificate: UEFI:MokListRT (MOKvar table)
[    8.530292] integrity: Loaded X.509 cert 'Canonical Ltd. Master Certificate Authority: ad91990bc22ab1f517048c23b6655a268e345a63'
[    8.541831] ima: No TPM chip found, activating TPM-bypass!
[    8.547299] Loading compiled-in module X.509 certificates
[    8.553200] Loaded X.509 cert 'Build time autogenerated kernel key: aa7977cbe3fc3aad9ad839489d6cfdc6690a2a64'
[    8.563091] ima: Allocated hash algorithm: sha1
[    8.567612] ima: No architecture policies found
[    8.572135] evm: Initialising EVM extended attributes:
[    8.577255] evm: security.selinux
[    8.580555] evm: security.SMACK64
[    8.583853] evm: security.SMACK64EXEC
[    8.587499] evm: security.SMACK64TRANSMUTE
[    8.591579] evm: security.SMACK64MMAP
[    8.595225] evm: security.apparmor
[    8.598611] evm: security.ima
[    8.601564] evm: security.capability
[    8.605124] evm: HMAC attrs: 0x1
[    8.608796] pcieport 0000:00:01.0: Adding to iommu group 0
[    8.614421] pcieport 0000:00:0c.0: Adding to iommu group 1
[    8.620000] pcieport 0000:00:0d.0: Adding to iommu group 2
[    8.625569] pcieport 0000:00:0e.0: Adding to iommu group 3
[    8.631136] pcieport 0000:00:0f.0: Adding to iommu group 4
[    8.636703] pcieport 0000:00:14.0: Adding to iommu group 5
[    8.642326] pcieport 0002:00:00.0: Adding to iommu group 6
[    8.647909] pcieport 0002:00:01.0: Adding to iommu group 7
[    8.653479] pcieport 0002:00:02.0: Adding to iommu group 8
[    8.659046] pcieport 0002:00:03.0: Adding to iommu group 9
[    8.664619] pcieport 0002:00:04.0: Adding to iommu group 10
[    8.670271] pcieport 0002:00:05.0: Adding to iommu group 11
[    8.675922] pcieport 0002:00:06.0: Adding to iommu group 12
[    8.681577] pcieport 0002:00:07.0: Adding to iommu group 13
[    8.687234] pcieport 0002:00:08.0: Adding to iommu group 14
[    8.692891] pcieport 0002:00:09.0: Adding to iommu group 15
[    8.698543] pcieport 0002:00:0a.0: Adding to iommu group 16
[    8.704203] pcieport 0002:00:0b.0: Adding to iommu group 17
[    8.709860] pcieport 0002:00:0c.0: Adding to iommu group 18
[    8.715512] pcieport 0002:00:0d.0: Adding to iommu group 19
[    8.721168] pcieport 0002:00:0e.0: Adding to iommu group 20
[    8.726878] pcieport 0002:00:0f.0: Adding to iommu group 21
[    8.732537] pcieport 0002:00:10.0: Adding to iommu group 22
[    8.738193] pcieport 0002:00:11.0: Adding to iommu group 23
[    8.743848] pcieport 0002:00:12.0: Adding to iommu group 24
[    8.749501] pcieport 0002:00:13.0: Adding to iommu group 25
[    8.755155] pcieport 0002:00:14.0: Adding to iommu group 26
[    8.760812] pcieport 0002:00:15.0: Adding to iommu group 27
[    8.766478] pcieport 0002:00:16.0: Adding to iommu group 28
[    8.772137] pcieport 0002:00:17.0: Adding to iommu group 29
[    8.777794] pcieport 0002:00:18.0: Adding to iommu group 30
[    8.783451] pcieport 0002:00:19.0: Adding to iommu group 31
[    8.789110] pcieport 0002:00:1a.0: Adding to iommu group 32
[    8.794761] pcieport 0002:00:1b.0: Adding to iommu group 33
[    8.800413] pcieport 0002:00:1c.0: Adding to iommu group 34
[    8.806065] pcieport 0002:00:1d.0: Adding to iommu group 35
[    8.811721] pcieport 0002:00:1e.0: Adding to iommu group 36
[    8.817374] pcieport 0002:00:1f.0: Adding to iommu group 37
[    8.823086] pcieport 0005:00:00.0: Adding to iommu group 38
[    8.831243] Freeing unused kernel memory: 9600K
[    8.938189] Checked W+X mappings: passed, no W+X pages found
[    8.943845] Run /init as init process
[    8.947493]   with arguments:
[    8.947495]     /init
[    8.947496]   with environment:
[    8.947496]     HOME=/
[    8.947497]     TERM=linux
[    8.947498]     BOOT_IMAGE=/vmlinuz-5.15.0-43-generic
[    9.041016] mdio_thunder 0000:01:01.3: Adding to iommu group 39
[    9.041072] i2c-thunderx 0000:01:18.0: Adding to iommu group 40
[    9.053268] rvu_nicpf: Marvell RVU NIC Physical Function Driver
[    9.053303] gpio_thunderx 0000:00:11.0: Adding to iommu group 41
[    9.053360] rvu_af: Marvell OcteonTX2 RVU Admin Function Driver
[    9.053397] i2c-thunderx 0000:01:18.0: Probed. Set system clock to 700000000
[    9.053400] i2c-thunderx 0000:01:18.0: SMBUS alert not active on this bus
[    9.053430] Marvell-CGX/RPM 0000:01:10.0: Adding to iommu group 42
[    9.053456] i2c-thunderx 0000:01:18.1: Adding to iommu group 40
[    9.053617] i2c-thunderx 0000:01:18.1: Probed. Set system clock to 700000000
[    9.053618] i2c-thunderx 0000:01:18.1: SMBUS alert not active on this bus
[    9.053654] i2c-thunderx 0000:01:18.2: Adding to iommu group 40
[    9.053832] i2c-thunderx 0000:01:18.2: Probed. Set system clock to 700000000
[    9.053833] i2c-thunderx 0000:01:18.2: SMBUS alert not active on this bus
[    9.053869] i2c-thunderx 0000:01:18.4: Adding to iommu group 40
[    9.053999] i2c-thunderx 0000:01:18.4: Probed. Set system clock to 700000000
[    9.054000] i2c-thunderx 0000:01:18.4: SMBUS alert not active on this bus
[    9.054038] i2c-thunderx 0000:01:18.5: Adding to iommu group 40
[    9.054163] i2c-thunderx 0000:01:18.5: Probed. Set system clock to 700000000
[    9.054165] i2c-thunderx 0000:01:18.5: SMBUS alert not active on this bus
[    9.054197] i2c-thunderx 0000:01:18.6: Adding to iommu group 40
[    9.054313] i2c-thunderx 0000:01:18.6: Probed. Set system clock to 700000000
[    9.054314] i2c-thunderx 0000:01:18.6: SMBUS alert not active on this bus
[    9.054341] i2c-thunderx 0000:01:18.7: Adding to iommu group 40
[    9.054472] i2c-thunderx 0000:01:18.7: Probed. Set system clock to 700000000
[    9.054473] i2c-thunderx 0000:01:18.7: SMBUS alert not active on this bus
[    9.054546] i2c-thunderx 0000:01:19.0: Adding to iommu group 43
[    9.054795] i2c-thunderx 0000:01:19.0: Probed. Set system clock to 700000000
[    9.054797] i2c-thunderx 0000:01:19.0: SMBUS alert not active on this bus
[    9.054836] i2c-thunderx 0000:01:19.1: Adding to iommu group 43
[    9.054942] i2c-thunderx 0000:01:19.1: Probed. Set system clock to 700000000
[    9.054943] i2c-thunderx 0000:01:19.1: SMBUS alert not active on this bus
[    9.054972] i2c-thunderx 0000:01:19.2: Adding to iommu group 43
[    9.055076] i2c-thunderx 0000:01:19.2: Probed. Set system clock to 700000000
[    9.055077] i2c-thunderx 0000:01:19.2: SMBUS alert not active on this bus
[    9.055105] i2c-thunderx 0000:01:19.3: Adding to iommu group 43
[    9.055202] i2c-thunderx 0000:01:19.3: Probed. Set system clock to 700000000
[    9.055203] i2c-thunderx 0000:01:19.3: SMBUS alert not active on this bus
[    9.288073] rvu_nicpf 0002:02:00.0: Adding to iommu group 44
[    9.288788] gpio gpiochip0: (gpio_thunderx): missing irqdomain vital data
[    9.293826] xhci_hcd 0001:00:0c.0: Adding to iommu group 45
[    9.293866] rvu_nicpf 0002:02:00.0: AF is not initialized, deferring probe
[    9.300504] gpiochip_add_data_with_key: GPIOs 436..511 (gpio_thunderx) failed to register, -22
[    9.300507] gpio_thunderx: probe of 0000:00:11.0 failed with error -22
[    9.300575] nvme 0005:01:00.0: Adding to iommu group 46
[    9.306187] xhci_hcd 0001:00:0c.0: xHCI Host Controller
[    9.312981] rvu_nicpf 0002:03:00.0: Adding to iommu group 47
[    9.313136] nvme nvme0: pci function 0005:01:00.0
[    9.313242] rvu_nicpf 0002:02:00.0: AF is not initialized, deferring probe
[    9.321526] xhci_hcd 0001:00:0c.0: new USB bus registered, assigned bus number 1
[    9.328143] rvu_nicpf 0002:03:00.0: AF is not initialized, deferring probe
[    9.330321] nvme nvme0: missing or invalid SUBNQN field.
[    9.333343] xhci_hcd 0001:00:0c.0: hcc params 0x0110ffcd hci version 0x110 quirks 0x0000000000000010
[    9.338486] rvu_nicpf 0002:02:00.0: AF is not initialized, deferring probe
[    9.344220] usb usb1: New USB device found, idVendor=1d6b, idProduct=0002, bcdDevice= 5.15
[    9.348813] rvu_nicpf 0002:03:00.0: AF is not initialized, deferring probe
[    9.348848] rvu_nicpf 0002:04:00.0: Adding to iommu group 48
[    9.348972] rvu_nicpf 0002:04:00.0: AF is not initialized, deferring probe
[    9.354458] nvme nvme0: allocated 128 MiB host memory buffer.
[    9.355654] usb usb1: New USB device strings: Mfr=3, Product=2, SerialNumber=1
[    9.355656] usb usb1: Product: xHCI Host Controller
[    9.355657] usb usb1: Manufacturer: Linux 5.15.0-43-generic xhci-hcd
[    9.355658] usb usb1: SerialNumber: 0001:00:0c.0
[    9.355906] hub 1-0:1.0: USB hub found
[    9.358886] nvme nvme0: 8/0/0 default/read/poll queues
[    9.360205]  nvme0n1: p1 p2 p3
[    9.363100] rvu_nicpf 0002:05:00.0: Adding to iommu group 49
[    9.369897] hub 1-0:1.0: 1 port detected
[    9.375282] rvu_nicpf 0002:05:00.0: AF is not initialized, deferring probe
[    9.384358] rvu_nicpf 0002:02:00.0: AF is not initialized, deferring probe
[    9.384395] xhci_hcd 0001:00:0c.0: xHCI Host Controller
[    9.384398] xhci_hcd 0001:00:0c.0: new USB bus registered, assigned bus number 2
[    9.384402] xhci_hcd 0001:00:0c.0: Host supports USB 3.1 Enhanced SuperSpeed
[    9.384413] usb usb2: We don't know the algorithms for LPM for this host, disabling LPM.
[    9.384432] usb usb2: New USB device found, idVendor=1d6b, idProduct=0003, bcdDevice= 5.15
[    9.384433] usb usb2: New USB device strings: Mfr=3, Product=2, SerialNumber=1
[    9.384435] usb usb2: Product: xHCI Host Controller
[    9.384436] usb usb2: Manufacturer: Linux 5.15.0-43-generic xhci-hcd
[    9.384437] usb usb2: SerialNumber: 0001:00:0c.0
[    9.384502] hub 2-0:1.0: USB hub found
[    9.384506] hub 2-0:1.0: 1 port detected
[    9.384590] xhci_hcd 0001:00:0d.0: Adding to iommu group 50
[    9.384678] xhci_hcd 0001:00:0d.0: xHCI Host Controller
[    9.384682] xhci_hcd 0001:00:0d.0: new USB bus registered, assigned bus number 3
[    9.384775] xhci_hcd 0001:00:0d.0: hcc params 0x0110ffc5 hci version 0x110 quirks 0x0000000000000010
[    9.384876] usb usb3: New USB device found, idVendor=1d6b, idProduct=0002, bcdDevice= 5.15
[    9.384878] usb usb3: New USB device strings: Mfr=3, Product=2, SerialNumber=1
[    9.384879] usb usb3: Product: xHCI Host Controller
[    9.384880] usb usb3: Manufacturer: Linux 5.15.0-43-generic xhci-hcd
[    9.384881] usb usb3: SerialNumber: 0001:00:0d.0
[    9.384954] hub 3-0:1.0: USB hub found
[    9.384959] hub 3-0:1.0: 1 port detected
[    9.385034] xhci_hcd 0001:00:0d.0: xHCI Host Controller
[    9.385038] xhci_hcd 0001:00:0d.0: new USB bus registered, assigned bus number 4
[    9.385041] xhci_hcd 0001:00:0d.0: Host supports USB 3.1 Enhanced SuperSpeed
[    9.385053] usb usb4: We don't know the algorithms for LPM for this host, disabling LPM.
[    9.385074] usb usb4: New USB device found, idVendor=1d6b, idProduct=0003, bcdDevice= 5.15
[    9.385076] usb usb4: New USB device strings: Mfr=3, Product=2, SerialNumber=1
[    9.385078] usb usb4: Product: xHCI Host Controller
[    9.385079] usb usb4: Manufacturer: Linux 5.15.0-43-generic xhci-hcd
[    9.385080] usb usb4: SerialNumber: 0001:00:0d.0
[    9.385151] hub 4-0:1.0: USB hub found
[    9.385155] hub 4-0:1.0: 1 port detected
[    9.681860] rvu_nicpf 0002:04:00.0: AF is not initialized, deferring probe
[    9.681885] rvu_nicpf 0002:06:00.0: Adding to iommu group 51
[    9.688736] rvu_nicpf 0002:03:00.0: AF is not initialized, deferring probe
[    9.694436] rvu_nicpf 0002:06:00.0: AF is not initialized, deferring probe
[    9.701232] rvu_nicpf 0002:05:00.0: AF is not initialized, deferring probe
[    9.714942] rvu_nicpf 0002:02:00.0: AF is not initialized, deferring probe
[    9.721810] rvu_nicpf 0002:04:00.0: AF is not initialized, deferring probe
[    9.728681] rvu_nicpf 0002:03:00.0: AF is not initialized, deferring probe
[    9.735549] rvu_nicpf 0002:06:00.0: AF is not initialized, deferring probe
[    9.742419] rvu_nicpf 0002:05:00.0: AF is not initialized, deferring probe
[    9.940160] usb 1-1: new high-speed USB device number 2 using xhci_hcd
[   10.072163] usb 1-1: device descriptor read/64, error -71
[   10.312162] usb 1-1: device descriptor read/64, error -71
[   10.552158] usb 1-1: new high-speed USB device number 3 using xhci_hcd
[   10.684164] usb 1-1: device descriptor read/64, error -71
[   11.368188] rvu_nicpf 0002:02:00.0: AF is not initialized, deferring probe
[   11.368236] Marvell-CGX/RPM 0000:01:10.1: Adding to iommu group 52
[   11.375070] rvu_nicpf 0002:04:00.0: AF is not initialized, deferring probe
[   11.388079] rvu_nicpf 0002:03:00.0: AF is not initialized, deferring probe
[   11.394948] rvu_nicpf 0002:06:00.0: AF is not initialized, deferring probe
[   11.401817] rvu_nicpf 0002:05:00.0: AF is not initialized, deferring probe
[   11.616164] usb 1-1: device descriptor read/64, error -71
[   11.728179] usb usb1-port1: attempt power cycle
[   12.868158] usb 1-1: new high-speed USB device number 4 using xhci_hcd
[   12.874688] usb 1-1: Device not responding to setup address.
[   13.114587] usb 1-1: New USB device found, idVendor=0bda, idProduct=9210, bcdDevice=20.01
[   13.122743] usb 1-1: New USB device strings: Mfr=1, Product=2, SerialNumber=3
[   13.129858] usb 1-1: Product: Sabrent
[   13.133505] usb 1-1: Manufacturer: Sabrent
[   13.137587] usb 1-1: SerialNumber: 012345678930
[   13.157558] rvu_nicpf 0002:02:00.0: AF is not initialized, deferring probe
[   13.164431] rvu_nicpf 0002:04:00.0: AF is not initialized, deferring probe
[   13.165411] usb-storage 1-1:1.0: USB Mass Storage device detected
[   13.171303] rvu_nicpf 0002:03:00.0: AF is not initialized, deferring probe
[   13.177483] scsi host0: usb-storage 1-1:1.0
[   13.184234] rvu_nicpf 0002:06:00.0: AF is not initialized, deferring probe
[   13.188499] usbcore: registered new interface driver usb-storage
[   13.195266] rvu_nicpf 0002:05:00.0: AF is not initialized, deferring probe
[   13.208101] rvu_nicpf 0002:02:00.0: AF is not initialized, deferring probe
[   13.208437] usbcore: registered new interface driver uas
[   13.214973] rvu_nicpf 0002:04:00.0: AF is not initialized, deferring probe
[   13.227123] rvu_nicpf 0002:03:00.0: AF is not initialized, deferring probe
[   13.233994] rvu_nicpf 0002:06:00.0: AF is not initialized, deferring probe
[   13.324303] usb 1-1: USB disconnect, device number 4
[   13.672179] rvu_nicpf 0002:05:00.0: AF is not initialized, deferring probe
[   13.672250] Marvell PTP Driver 0000:00:08.0: Adding to iommu group 53
[   13.679058] rvu_nicpf 0002:02:00.0: AF is not initialized, deferring probe
[   13.692335] rvu_nicpf 0002:04:00.0: AF is not initialized, deferring probe
[   13.692368] rvu_af 0002:01:00.0: Adding to iommu group 54
[   13.699208] rvu_nicpf 0002:03:00.0: AF is not initialized, deferring probe
[   13.711445] rvu_nicpf 0002:06:00.0: AF is not initialized, deferring probe
[   13.718318] rvu_nicpf 0002:05:00.0: AF is not initialized, deferring probe
[   13.725184] rvu_nicpf 0002:02:00.0: AF is not initialized, deferring probe
[   13.928158] usb 1-1: new high-speed USB device number 5 using xhci_hcd
[   14.060164] usb 1-1: device descriptor read/64, error -71
[   14.300163] usb 1-1: device descriptor read/64, error -71
[   14.540159] usb 1-1: new high-speed USB device number 6 using xhci_hcd
[   15.364311] usb 1-1: Device not responding to setup address.
[   15.576182] usb 1-1: Device not responding to setup address.
[   15.788158] usb 1-1: device not accepting address 6, error -71
[   15.793991] usb usb1-port1: attempt power cycle
[   15.977239] rvu_af 0002:01:00.0: Using default mkex profile
[   15.985953] rvu_af 0002:01:00.0: SDP PF number:30
[   16.096172] pci 0002:01:00.1: [177d:a0f8] type 00 class 0x020000
[   16.102255] pci 0002:01:00.2: [177d:a0f8] type 00 class 0x020000
[   16.108305] pci 0002:01:00.3: [177d:a0f8] type 00 class 0x020000
[   16.108374] rvu_nicvf: Marvell RVU NIC Virtual Function Driver
[   16.114409] pci 0002:01:00.4: [177d:a0f8] type 00 class 0x020000
[   16.120187] rvu_nicvf 0002:01:00.1: Adding to iommu group 55
[   16.126242] rvu_nicvf 0002:01:00.4: Adding to iommu group 56
[   16.131820] rvu_nicvf 0002:01:00.1: enabling device (0000 -> 0002)
[   16.137453] rvu_nicvf 0002:01:00.4: enabling device (0000 -> 0002)
[   16.156239] rvu_nicvf 0002:01:00.2: Adding to iommu group 57
[   16.161096] cma: cma_alloc: reserved: alloc failed, req-size: 25 pages, ret: -16
[   16.161983] rvu_nicvf 0002:01:00.2: enabling device (0000 -> 0002)
[   16.165331] pci 0002:01:00.5: [177d:a0f8] type 00 class 0x020000
[   16.165481] rvu_nicvf 0002:01:00.5: Adding to iommu group 58
[   16.165552] rvu_nicvf 0002:01:00.5: enabling device (0000 -> 0002)
[   16.177985] rvu_nicpf 0002:04:00.0 enP2p4s0: renamed from eth0
[   16.190309] cma: cma_alloc: reserved: alloc failed, req-size: 25 pages, ret: -16
[   16.230131] pci 0002:01:00.6: [177d:a0f8] type 00 class 0x020000
[   16.232600] rvu_nicvf 0002:01:00.3: Adding to iommu group 59
[   16.236336] rvu_nicvf 0002:01:00.6: Adding to iommu group 60
[   16.239338] rvu_nicpf 0002:03:00.0 enP2p3s0: renamed from eth0
[   16.241857] rvu_nicvf 0002:01:00.3: enabling device (0000 -> 0002)
[   16.247502] rvu_nicvf 0002:01:00.6: enabling device (0000 -> 0002)
[   16.285779] pci 0002:01:00.7: [177d:a0f8] type 00 class 0x020000
[   16.285912] rvu_nicpf 0002:06:00.0 enP2p6s0: renamed from eth0
[   16.291972] rvu_nicvf 0002:01:00.7: Adding to iommu group 61
[   16.303368] rvu_nicvf 0002:01:00.7: enabling device (0000 -> 0002)
[   16.315197] rvu_af 0002:01:00.0: cgx 0: lmac 0 Link status DOWN
[   16.436117] pci 0002:01:01.0: [177d:a0f8] type 00 class 0x020000
[   16.436201] rvu_nicvf 0002:01:00.1 enP2p1s0v0: renamed from lbk0
[   16.442281] rvu_nicvf 0002:01:01.0: Adding to iommu group 62
[   16.453826] rvu_nicvf 0002:01:01.0: enabling device (0000 -> 0002)
[   16.460162] usb 1-1: new high-speed USB device number 7 using xhci_hcd
[   16.466886] usb 1-1: Device not responding to setup address.
[   16.476274] rvu_nicvf 0002:01:00.2 enP2p1s0v1: renamed from lbk1
[   16.540253] rvu_nicvf 0002:01:00.5 enP2p1s0v4: renamed from lbk4
[   16.584278] rvu_nicvf 0002:01:00.6 enP2p1s0v5: renamed from lbk5
[   16.615124] rvu_nicvf 0002:01:00.4 enP2p1s0v3: renamed from lbk3
[   16.615555] pci 0002:01:01.1: [177d:a0f8] type 00 class 0x020000
[   16.627240] rvu_nicvf 0002:01:01.1: Adding to iommu group 63
[   16.632960] rvu_nicvf 0002:01:01.1: enabling device (0000 -> 0002)
[   16.676279] rvu_nicvf 0002:01:00.3 enP2p1s0v2: renamed from lbk2
[   16.684187] usb 1-1: Device not responding to setup address.
[   16.727047] pci 0002:01:01.2: [177d:a0f8] type 00 class 0x020000
[   16.727322] rvu_nicvf 0002:01:00.7 enP2p1s0v6: renamed from lbk6
[   16.733228] rvu_nicvf 0002:01:01.2: Adding to iommu group 64
[   16.744754] rvu_nicvf 0002:01:01.2: enabling device (0000 -> 0002)
[   16.780236] rvu_nicpf 0002:05:00.0 enP2p5s0: renamed from eth0
[   16.835047] rvu_nicpf 0002:02:00.0 enP2p2s0: renamed from eth1
[   16.835200] pci 0002:01:01.3: [177d:a0f8] type 00 class 0x020000
[   16.846989] rvu_nicvf 0002:01:01.3: Adding to iommu group 65
[   16.852903] rvu_nicvf 0002:01:01.3: enabling device (0000 -> 0002)
[   16.880329] rvu_nicvf 0002:01:01.0 enP2p1s0v7: renamed from lbk7
[   16.896160] usb 1-1: device not accepting address 7, error -71
